11-19 18:51:47.211 W/TwcDateParser(13533): (TwcGeneral) Unparseable date: "2015-11-21T05:00:00-0500" (at offset 19) :DateFormatter used: yyyy-MM-dd'T'HH:mm:ss.SSSZZ
11-19 18:51:47.211 W/TwcDateParser(13533): (TwcGeneral) Unparseable date: "2015-11-21T06:00:00-0500" (at offset 19) :DateFormatter used: yyyy-MM-dd'T'HH:mm:ss.SSSZZ
11-19 18:51:47.211 W/TwcDateParser(13533): (TwcGeneral) Unparseable date: "2015-11-19T18:30:00+0530" (at offset 19) :DateFormatter used: yyyy-MM-dd'T'HH:mm:ss.SSSZZ
11-19 18:51:47.211 W/TwcDateParser(13533): (TwcGeneral) Unparseable date: "2015-11-21T07:00:00-0500" (at offset 19) :DateFormatter used: yyyy-MM-dd'T'HH:mm:ss.SSSZZ
11-19 18:51:47.211 W/TwcDateParser(13533): (TwcGeneral) Unparseable date: "2015-11-19T19:45:00+0530" (at offset 19) :DateFormatter used: yyyy-MM-dd'T'HH:mm:ss.SSSZZ
11-19 18:51:47.211 W/TwcDateParser(13533): (TwcGeneral) Unparseable date: "2015-11-21T08:00:00-0500" (at offset 19) :DateFormatter used: yyyy-MM-dd'T'HH:mm:ss.SSSZZ
11-19 18:51:47.211 W/TwcDateParser(13533): (TwcGeneral) Unparseable date: "2015-11-19T08:05:00-0500" (at offset 19) :DateFormatter used: yyyy-MM-dd'T'HH:mm:ss.SSSZZ
11-19 18:51:47.211 W/TwcDateParser(13533): (TwcGeneral) Unparseable date: "2015-11-19T08:00:00-0500" (at offset 19) :DateFormatter used: yyyy-MM-dd'T'HH:mm:ss.SSSZZ
11-19 18:51:47.211 W/TwcDateParser(13533): (TwcGeneral) Unparseable date: "2015-11-19T19:45:00+0530" (at offset 19) :DateFormatter used: yyyy-MM-dd'T'HH:mm:ss.SSSZZ
11-19 18:51:47.211 W/TwcDateParser(13533): (TwcGeneral) Unparseable date: "2015-11-19T12:30:00-0500" (at offset 19) :DateFormatter used: yyyy-MM-dd'T'HH:mm:ss.SSSZZ
11-19 18:51:47.211 W/TwcDateParser(13533): (TwcGeneral) Unparseable date: "2015-11-19T23:30:00+0530" (at offset 19) :DateFormatter used: yyyy-MM-dd'T'HH:mm:ss.SSSZZ
11-19 18:51:47.211 W/TwcDateParser(13533): (TwcGeneral) Unparseable date: "2015-11-20T02:00:00+0530" (at offset 19) :DateFormatter used: yyyy-MM-dd'T'HH:mm:ss.SSSZZ
11-19 18:51:47.211 W/TwcDateParser(13533): (TwcGeneral) Unparseable date: "2015-11-20T00:00:00-05:00" (at offset 19) :DateFormatter used: yyyy-MM-dd'T'HH:mm:ss.SSSZZ
11-19 18:51:47.211 W/TwcDateParser(13533): (TwcGeneral) Unparseable date: "2015-11-19T19:00:00+0530" (at offset 19) :DateFormatter used: yyyy-MM-dd'T'HH:mm:ss.SSSZZ
11-19 18:51:47.211 W/TwcDateParser(13533): (TwcGeneral) Unparseable date: "2015-11-19T03:43:27-05:00" (at offset 19) :DateFormatter used: yyyy-MM-dd'T'HH:mm:ss.SSSZZ
11-19 18:51:47.211 W/TwcDateParser(13533): (TwcGeneral) Unparseable date: "2015-11-19T19:45:00+0530" (at offset 19) :DateFormatter used: yyyy-MM-dd'T'HH:mm:ss.SSSZZ
11-19 18:51:47.211 W/TwcDateParser(13533): (TwcGeneral) Unparseable date: "2015-11-19T06:00:00-05:00" (at offset 19) :DateFormatter used: yyyy-MM-dd'T'HH:mm:ss.SSSZZ
11-19 18:51:47.211 W/TwcDateParser(13533): (TwcGeneral) Unparseable date: "2015-11-19T23:30:00+0530" (at offset 19) :DateFormatter used: yyyy-MM-dd'T'HH:mm:ss.SSSZZ
11-19 18:51:47.221 W/TwcDateParser(13533): (TwcGeneral) Unparseable date: "2015-11-19T12:30:00-0500" (at offset 19) :DateFormatter used: yyyy-MM-dd'T'HH:mm:ss.SSSZZ
11-19 18:51:47.221 W/TwcDateParser(13533): (TwcGeneral) Unparseable date: "2015-11-19T13:00:00-0500" (at offset 19) :DateFormatter used: yyyy-MM-dd'T'HH:mm:ss.SSSZZ
11-19 18:51:47.221 W/TwcDateParser(13533): (TwcGeneral) Unparseable date: "2015-11-19T13:30:00-0500" (at offset 19) :DateFormatter used: yyyy-MM-dd'T'HH:mm:ss.SSSZZ
11-19 18:51:47.221 W/TwcDateParser(13533): (TwcGeneral) Unparseable date: "2015-11-19T15:30:00-0500" (at offset 19) :DateFormatter used: yyyy-MM-dd'T'HH:mm:ss.SSSZZ
11-19 18:51:47.221 W/TwcDateParser(13533): (TwcGeneral) Unparseable date: "2015-11-19T08:30:00-0500" (at offset 19) :DateFormatter used: yyyy-MM-dd'T'HH:mm:ss.SSSZZ
11-19 18:51:47.221 W/TwcDateParser(13533): (TwcGeneral) Unparseable date: "2015-11-19T12:30:00-0500" (at offset 19) :DateFormatter used: yyyy-MM-dd'T'HH:mm:ss.SSSZZ
11-19 18:51:47.221 W/TwcDateParser(13533): (TwcGeneral) Unparseable date: "2015-11-19T13:00:00-0500" (at offset 19) :DateFormatter used: yyyy-MM-dd'T'HH:mm:ss.SSSZZ
11-19 18:51:47.221 W/TwcDateParser(13533): (TwcGeneral) Unparseable date: "2015-11-19T13:30:00-0500" (at offset 19) :DateFormatter used: yyyy-MM-dd'T'HH:mm:ss.SSSZZ
11-19 18:51:47.221 D/PhoneWindow(13533): *FMB* isFloatingMenuEnabled mFloatingMenuBtn : null
11-19 18:51:47.221 D/PhoneWindow(13533): *FMB* isFloatingMenuEnabled return false
11-19 18:51:47.231 D/EnterpriseController( 2967): mIsMarkChainAdded is 0 mIsBlockChainAdded is 0 netId is 0
11-19 18:51:47.231 D/Netd    ( 2967): getNetworkForDns: using netid 505 for uid 10225
11-19 18:51:47.231 D/EnterpriseController( 2967): mIsMarkChainAdded is 0 mIsBlockChainAdded is 0 netId is 0
11-19 18:51:47.231 D/Netd    ( 2967): getNetworkForDns: using netid 505 for uid 10225
11-19 18:51:47.231 I/SurfaceFlinger( 2952): id=469 createSurf (1x1),1 flag=404, TplashScree
11-19 18:51:47.241 V/MediaPlayerService( 2976): Create new media retriever from pid 3956
11-19 18:51:47.241 I/qtaguid (13533): Tagging socket 50 with tag d00000000000{53248,0} uid -1, pid: 13533, getuid(): 10225
11-19 18:51:47.241 W/SavsMetadataRetriever( 2976): SavsMetadataRetriever::setDataSource CreateFromFD(48) offset= 0,  length=82871
11-19 18:51:47.251 D/InputDispatcher( 3532): Focus entered window: 13533
11-19 18:51:47.251 I/qtaguid (13533): Tagging socket 66 with tag d00000000000{53248,0} uid -1, pid: 13533, getuid(): 10225
11-19 18:51:47.251 D/PointerIcon( 3532): setMouseIconStyle1 pointerType: 1001 iconType:101 flag:0 pid:3532 uid:1000
11-19 18:51:47.251 D/PointerIcon( 3532): setMouseCustomIcon IconType is same.101
11-19 18:51:47.251 D/SRIB_DCS(13533): log_dcs ThreadedRenderer::initialize entered! 
11-19 18:51:47.261 I/iu.UploadsManager( 5073): End new media; added: 0, uploading: 0, time: 78 ms
11-19 18:51:47.271 D/libEGL  (13533): loaded /vendor/lib64/egl/libGLES_mali.so
11-19 18:51:47.281 I/SoundUtil(13533): Scanned /storage/emulated/0/Notifications/My Severe Weather.mp3, uri=content://media/external/audio/media/32
11-19 18:51:47.281 I/SoundUtil(13533): SEVERE_ALERT_SOUND was already set to content://media/external/audio/media/32
11-19 18:51:47.281 D/MediaScanner( 3956): Constructor set externalStorageSdPath : null
11-19 18:51:47.281 D/MediaScanner( 3956): scanSingleFile : 7klwibgf7fvntblfd7(7Uwlrercblrwuk7Vz Ofblpfi5vh+
11-19 18:51:47.291 D/MediaScanner( 3956): Prescan. DB items number : 184 DB_FILES_NUMBER_CACHING_LIMITATION : 7000  Caching mode : true
11-19 18:51:47.291 I/OpenGLRenderer(13533): Initialized EGL, version 1.4
11-19 18:51:47.291 V/MediaPlayerService( 2976): Create new media retriever from pid 3956
11-19 18:51:47.301 W/SavsMetadataRetriever( 2976): SavsMetadataRetriever::setDataSource CreateFromFD(48) offset= 0,  length=55903
11-19 18:51:47.301 I/qtaguid (13533): Untagging socket 27
11-19 18:51:47.301 I/ConfigManager(13533): Updated config for configStoreKey=CONFIG_FILE_CONFIG from http://mobile.aws.weather.com/mobile.prod.twc/android/config/phone/6.0.0/config_files.json
11-19 18:51:47.301 I/OpenGLRenderer(13533): HWUI protection enabled for context ,  &this =0x7fb0ac3e80 ,&mEglDisplay = 1 , &mEglConfig = -1747594576 
11-19 18:51:47.301 D/OpenGLRenderer(13533): Get maximum texture size. GL_MAX_TEXTURE_SIZE is 8192
11-19 18:51:47.301 D/OpenGLRenderer(13533): Enabling debug mode 0
11-19 18:51:47.311 D/mali_winsys(13533): new_window_surface returns 0x3000,  [1440x2560]-format:1
11-19 18:51:47.311 I/ConfigManager(13533): Updated config for configStoreKey=HURRICANE_MODULE_CONFIG from http://mobile.aws.weather.com/mobile.prod.twc/android/config/phone/6.0.0/hurricane_modules_config.json
11-19 18:51:47.311 I/qtaguid (13533): Untagging socket 25
11-19 18:51:47.311 I/ConfigManager(13533): Updated config for configStoreKey=ALLERGY_MODULE_CONFIG from http://mobile.aws.weather.com/mobile.prod.twc/android/config/phone/6.0.0/allergy_modules_config.json
11-19 18:51:47.311 I/ConfigManager(13533): Updated config for configStoreKey=MODULE_CONFIG from http://mobile.aws.weather.com/mobile.prod.twc/android/config/phone/6.0.0/en_us/modules_config.json
11-19 18:51:47.311 I/ConfigManager(13533): Updated config for configStoreKey=COLD_FLU_MODULE_CONFIG from http://mobile.aws.weather.com/mobile.prod.twc/android/config/phone/6.0.0/cold_flu_modules_config.json
11-19 18:51:47.311 I/SoundUtil(13533): Scanned /storage/emulated/0/Notifications/My Weather.mp3, uri=content://media/external/audio/media/31
11-19 18:51:47.311 I/SoundUtil(13533): POLLEN_ALERT_SOUND was already set to content://media/external/audio/media/31
11-19 18:51:47.311 I/ConfigManager(13533): Updated config for configStoreKey=APP_RATING_CONFIG from http://mobile.aws.weather.com/mobile.prod.twc/android/config/phone/6.0.0/properties_app_ratings_v5.properties
11-19 18:51:47.311 D/MediaScanner( 3956): Constructor set externalStorageSdPath : null
11-19 18:51:47.311 I/ConfigManager(13533): Updated config for configStoreKey=AD_CONFIG from http://mobile.aws.weather.com/mobile.prod.twc/android/config/phone/6.0.0/android_ads_prod_phone_600.json
11-19 18:51:47.311 I/ConfigManager(13533): Updated config for configStoreKey=AD_TEST_CONFIG from http://mobile.aws.weather.com/mobile.prod.twc/android/config/phone/6.0.0/android_ads_test_phone_600.json
11-19 18:51:47.311 D/MediaScanner( 3956): scanSingleFile : 7klwibgf7fvntblfd7(7Uwlrercblrwuk7Vz Ofblpfi5vh+
11-19 18:51:47.321 I/ConfigManager(13533): Updated config for configStoreKey=DAL_CONFIG from http://mobile.aws.weather.com/mobile.prod.twc/android/config/phone/6.0.0/dal_config.json
11-19 18:51:47.321 I/ConfigManager(13533): No remote config loaded, no remoteResourceLocation for configStoreKey=LAYERS_CONFIG
11-19 18:51:47.321 D/BeaconParameters(13533): (TwcAd) encountered unknown beacon parameter:ArticleName
11-19 18:51:47.321 D/BeaconParameters(13533): (TwcAd) encountered unknown beacon parameter:ArticleName
11-19 18:51:47.321 D/BeaconParameters(13533): (TwcAd) encountered unknown beacon parameter:Video
11-19 18:51:47.321 D/BeaconParameters(13533): (TwcAd) encountered unknown beacon parameter:VideoID
11-19 18:51:47.321 D/BeaconParameters(13533): (TwcAd) encountered unknown beacon parameter:Video
11-19 18:51:47.321 D/BeaconParameters(13533): (TwcAd) encountered unknown beacon parameter:VideoID
11-19 18:51:47.321 D/BeaconParameters(13533): (TwcAd) encountered unknown beacon parameter:Video
11-19 18:51:47.321 D/BeaconParameters(13533): (TwcAd) encountered unknown beacon parameter:VideoID
11-19 18:51:47.321 D/BeaconParameters(13533): (TwcAd) encountered unknown beacon parameter:Units
11-19 18:51:47.321 D/BeaconParameters(13533): (TwcAd) encountered unknown beacon parameter:Source
11-19 18:51:47.321 D/BeaconParameters(13533): (TwcAd) encountered unknown beacon parameter:DeepLinkUri
11-19 18:51:47.321 D/BeaconParameters(13533): (TwcAd) encountered unknown beacon parameter:DeepLinkLanding
11-19 18:51:47.321 D/BeaconParameters(13533): (TwcAd) encountered unknown beacon parameter:PreloadPartner
11-19 18:51:47.321 D/BeaconParameters(13533): (TwcAd) encountered unknown beacon parameter:LaunchPartner
11-19 18:51:47.321 D/BeaconParameters(13533): (TwcAd) encountered unknown beacon parameter:WidgetType
11-19 18:51:47.321 D/BeaconParameters(13533): (TwcAd) encountered unknown beacon parameter:WidgetType
11-19 18:51:47.321 D/BeaconParameters(13533): (TwcAd) encountered unknown beacon parameter:map_layer
11-19 18:51:47.321 D/BeaconParameters(13533): (TwcAd) encountered unknown beacon parameter:Video
11-19 18:51:47.321 D/BeaconParameters(13533): (TwcAd) encountered unknown beacon parameter:VideoID
11-19 18:51:47.321 D/BeaconParameters(13533): (TwcAd) encountered unknown beacon parameter:TabName
11-19 18:51:47.321 D/BeaconParameters(13533): (TwcAd) encountered unknown beacon parameter:Video
11-19 18:51:47.321 D/BeaconParameters(13533): (TwcAd) encountered unknown beacon parameter:VideoID
11-19 18:51:47.321 D/BeaconParameters(13533): (TwcAd) encountered unknown beacon parameter:Video
11-19 18:51:47.321 D/BeaconParameters(13533): (TwcAd) encountered unknown beacon parameter:VideoID
11-19 18:51:47.321 D/BeaconParameters(13533): (TwcAd) encountered unknown beacon parameter:Video
11-19 18:51:47.321 D/BeaconParameters(13533): (TwcAd) encountered unknown beacon parameter:VideoID
11-19 18:51:47.321 D/BeaconParameters(13533): (TwcAd) encountered unknown beacon parameter:sev
11-19 18:51:47.321 D/BeaconParameters(13533): (TwcAd) encountered unknown beacon parameter:CardPosition
11-19 18:51:47.321 D/BeaconParameters(13533): (TwcAd) encountered unknown beacon parameter:CurrentLocation
11-19 18:51:47.321 D/BeaconParameters(13533): (TwcAd) encountered unknown beacon parameter:ver
11-19 18:51:47.321 D/BeaconParameters(13533): (TwcAd) encountered unknown beacon parameter:locale
11-19 18:51:47.321 D/BeaconParameters(13533): (TwcAd) encountered unknown beacon parameter:ppid
11-19 18:51:47.321 D/BeaconParameters(13533): (TwcAd) encountered unknown beacon parameter:connection
11-19 18:51:47.321 I/ConfigManager(13533): Updated config for configStoreKey=BEACON_CONFIG from http://mobile.aws.weather.com/mobile.prod.twc/android/config/phone/6.0.0/beacon_config.json
11-19 18:51:47.321 D/MediaScanner( 3956): Prescan. DB items number : 184 DB_FILES_NUMBER_CACHING_LIMITATION : 7000  Caching mode : true
11-19 18:51:47.321 I/System.out(13533): (HTTPLog)-Static: isSBSettingEnabled false
11-19 18:51:47.321 I/System.out(13533): KnoxVpnUidStorageknoxVpnSupported API value returned is false
11-19 18:51:47.321 D/EnterpriseController( 2967): mIsMarkChainAdded is 0 mIsBlockChainAdded is 0 netId is 0
11-19 18:51:47.321 D/Netd    ( 2967): getNetworkForDns: using netid 505 for uid 10225
11-19 18:51:47.321 I/System.out(13533): KnoxVpnUidStorageknoxVpnSupported API value returned is false
11-19 18:51:47.331 V/MediaPlayerService( 2976): Create new media retriever from pid 3956
11-19 18:51:47.331 W/SavsMetadataRetriever( 2976): SavsMetadataRetriever::setDataSource CreateFromFD(48) offset= 0,  length=55903
11-19 18:51:47.331 I/art     (13533): Background partial concurrent mark sweep GC freed 22743(1227KB) AllocSpace objects, 13(424KB) LOS objects, 20% free, 62MB/78MB, paused 7.461ms total 45.992ms
11-19 18:51:47.341 I/InjectionManager(13533): dispatchCreateOptionsMenu :com.weather.Weather.app.SplashScreenActivity
11-19 18:51:47.341 I/InjectionManager(13533): dispatchPrepareOptionsMenu :com.weather.Weather.app.SplashScreenActivity
11-19 18:51:47.341 E/SQLiteLog(13533): (284) automatic index on marketing_ruleevent(event_name)
11-19 18:51:47.341 D/InputMethodManagerService( 3532): windowGainedFocus mCurrentFocusedUserId - 0 and mSecureKeypadEnabled-false
11-19 18:51:47.351 I/SoundUtil(13533): Scanned /storage/emulated/0/Notifications/My Weather.mp3, uri=content://media/external/audio/media/31
11-19 18:51:47.351 I/SoundUtil(13533): BREAKING_NEWS_ALERT_SOUND was already set to content://media/external/audio/media/31
11-19 18:51:47.351 D/SamsungIME( 4820): onStartInput: No inputType, No imeOption, isInputViewShown = false, isExtractViewShown = false, isShowInputRequested = false, isConfigChanged = false
11-19 18:51:47.351 D/PanelView( 3916): There is/are notification(s) 
11-19 18:51:47.361 D/MediaScanner( 3956): Constructor set externalStorageSdPath : null
11-19 18:51:47.361 D/MediaScanner( 3956): scanSingleFile : 7klwibgf7fvntblfd7(7Uwlrercblrwuk7Vz Ofblpfi5vh+
11-19 18:51:47.361 I/SVG     (13533): Parsing complete in 7 millis.
11-19 18:51:47.361 D/WxIconBitmapCache.LruCache(13533): cache.create: resource key=2131099669, bm=android.graphics.Bitmap@3b454e6f
11-19 18:51:47.371 D/MediaScanner( 3956): Prescan. DB items number : 184 DB_FILES_NUMBER_CACHING_LIMITATION : 7000  Caching mode : true
11-19 18:51:47.381 V/MediaPlayerService( 2976): Create new media retriever from pid 3956
11-19 18:51:47.381 D/ApplicationPolicy( 3532): isStatusBarNotificationAllowedAsUser: packageName = com.weather.Weather,userId = 0
11-19 18:51:47.381 V/ApplicationPolicy( 3532): isApplicationStateBlocked userId 0 pkgname com.weather.Weather
11-19 18:51:47.381 W/SavsMetadataRetriever( 2976): SavsMetadataRetriever::setDataSource CreateFromFD(48) offset= 0,  length=55903
11-19 18:51:47.391 D/ApplicationPolicy( 3532): isStatusBarNotificationAllowedAsUser: packageName = com.weather.Weather,userId = 0
11-19 18:51:47.391 V/ApplicationPolicy( 3532): isApplicationStateBlocked userId 0 pkgname com.weather.Weather
11-19 18:51:47.401 D/KnoxNotification( 3916): ----- inflateViews : modified publicViewLocal -----
11-19 18:51:47.401 I/SoundUtil(13533): Scanned /storage/emulated/0/Notifications/My Weather.mp3, uri=content://media/external/audio/media/31
11-19 18:51:47.401 I/SoundUtil(13533): RAIN_SNOW_ALERT_SOUND was already set to content://media/external/audio/media/31
11-19 18:51:47.401 D/MediaScanner( 3956): Constructor set externalStorageSdPath : null
11-19 18:51:47.411 D/MediaScanner( 3956): scanSingleFile : 7klwibgf7fvntblfd7(7Uwlrercblrwuk7Vz Ofblpfi5vh+
11-19 18:51:47.411 D/KnoxNotification( 3916): ----- inflateViews : modified KnoxViewLocal -----
11-19 18:51:47.411 D/MediaScanner( 3956): Prescan. DB items number : 184 DB_FILES_NUMBER_CACHING_LIMITATION : 7000  Caching mode : true
11-19 18:51:47.411 D/PanelView( 3916): There is/are notification(s) 
11-19 18:51:47.411 D/PanelView( 3916): kidsfalse mQsExpansionEnabled:true
11-19 18:51:47.421 V/MediaPlayerService( 2976): Create new media retriever from pid 3956
11-19 18:51:47.421 D/PanelView( 3916): There is/are notification(s) 
11-19 18:51:47.421 D/PanelView( 3916): kidsfalse mQsExpansionEnabled:true
11-19 18:51:47.421 W/SavsMetadataRetriever( 2976): SavsMetadataRetriever::setDataSource CreateFromFD(48) offset= 0,  length=55903
11-19 18:51:47.421 D/StatusBar( 3916): ----- contentsUnchanged : true, bigContentsUnchanged - true, headsUpContentsUnchanged - true , publicUnchanged true
11-19 18:51:47.421 D/PanelView( 3916): There is/are notification(s) 
11-19 18:51:47.421 D/PanelView( 3916): kidsfalse mQsExpansionEnabled:true
11-19 18:51:47.431 D/PanelView( 3916): There is/are notification(s) 
11-19 18:51:47.431 D/PanelView( 3916): kidsfalse mQsExpansionEnabled:true
11-19 18:51:47.441 I/SoundUtil(13533): Scanned /storage/emulated/0/Notifications/My Weather.mp3, uri=content://media/external/audio/media/31
11-19 18:51:47.441 I/SoundUtil(13533): REAL_TIME_RAIN_ALERT_SOUND was already set to content://media/external/audio/media/31
11-19 18:51:47.441 D/MediaScanner( 3956): Constructor set externalStorageSdPath : null
11-19 18:51:47.441 D/MediaScanner( 3956): scanSingleFile : 7klwibgf7fvntblfd7(7Uwlrercblrwuk7Vz Ofblpfi5vh+
11-19 18:51:47.441 I/ActivityManager( 3532): Displayed Component not be shown by security: +842ms
11-19 18:51:47.451 D/MediaScanner( 3956): Prescan. DB items number : 184 DB_FILES_NUMBER_CACHING_LIMITATION : 7000  Caching mode : true
11-19 18:51:47.451 I/Timeline( 3532): Timeline: Activity_windows_visible id: ActivityRecord{18d87309 u0 com.weather.Weather/.app.SplashScreenActivity t72} time:25360630
11-19 18:51:47.451 D/LocationManagerService( 3532): getProviders()=[passive, gps, network]
11-19 18:51:47.461 V/MediaPlayerService( 2976): Create new media retriever from pid 3956
11-19 18:51:47.461 I/Timeline(13533): Timeline: Activity_idle id: android.os.BinderProxy@13a202c7 time:25360642
11-19 18:51:47.461 W/SavsMetadataRetriever( 2976): SavsMetadataRetriever::setDataSource CreateFromFD(48) offset= 0,  length=55903
11-19 18:51:47.461 D/HomeFragment( 4350): onStop()
11-19 18:51:47.461 D/SurfaceWidgetView( 4350): Visibility changed to:4
11-19 18:51:47.461 D/DragAndDrop( 4350): dragCancel(false)
11-19 18:51:47.461 D/NativeApp( 4350): detachRootView: -192299392 this com.sec.daliviews.views.NativeApp@1f4f1d30Peer-190936720
11-19 18:51:47.461 I/DALI-LIFECYCLE( 4350): void NativeViews::NativeApp::OnStop()
11-19 18:51:47.461 I/DALI-LIFECYCLE( 4350): void NativeViews::NativeApp::DetachRootView(NativeViews::ContainerViewBase*)
11-19 18:51:47.461 D/LauncherActivity( 4350): onStop() com.sec.android.app.launcher.activities.LauncherActivity@188c61d4
11-19 18:51:47.461 D/SurfaceWidgetClient$ISurfaceWidgetStub( 4918): [237392/18] Surface widget visibility changed visibility = false on instance = 1
11-19 18:51:47.461 I/LauncherActivity( 4350): setEnableHotWord : false
11-19 18:51:47.471 D/LauncherActivity( 4350): onTrimMemory. Level: 20
11-19 18:51:47.471 I/qtaguid (13533): Untagging socket 26
11-19 18:51:47.471 D/LotameConnectionV2(13533): (TwcAd) response from server is {"Profile": {"tpid":"f4355273cfd8b6fead669478d5908d79","pid":"Ma92e44b32625496ac384bb4b28df51ea0916e984","Audiences": {"Audience":[{"id":"21177","abbr":"all"},{"id":"93284","abbr":"A788"}]}}}
11-19 18:51:47.481 V/MultiWindowTrayService(12792): onForegroundActivitiesChanged  /arrangeState : 0
11-19 18:51:47.481 D/LotameConnectionV2(13533): (TwcAd) Parameter update {LOTAME=21177,93284, TPID=f4355273cfd8b6fead669478d5908d79, LPID=Ma92e44b32625496ac384bb4b28df51ea0916e984}
11-19 18:51:47.481 D/LocationManagerService( 3532): getLastLocation: Request[POWER_LOW network requested=0 fastest=0 num=1]
11-19 18:51:47.491 D/PanelView( 3916): mClearAll.setVisibility - mIsFullyOpened : false isShade : true mHasNotification : true mIsUpwardFling : false mQsFullyExpanded : false isShadeLocked : false mClearAllVisible : false
11-19 18:51:47.491 I/SoundUtil(13533): Scanned /storage/emulated/0/Notifications/My Weather.mp3, uri=content://media/external/audio/media/31
11-19 18:51:47.491 I/SoundUtil(13533): LIGHTNING_ALERT_SOUND was already set to content://media/external/audio/media/31
11-19 18:51:47.491 D/MediaScanner( 3956): Constructor set externalStorageSdPath : null
11-19 18:51:47.491 D/PanelView( 3916): mClearAll.setVisibility - mIsFullyOpened : false isShade : true mHasNotification : true mIsUpwardFling : false mQsFullyExpanded : false isShadeLocked : false mClearAllVisible : false
11-19 18:51:47.501 D/MediaScanner( 3956): scanSingleFile : 7klwibgf7fvntblfd7(7Uwlrercblrwuk7Vz Ofblpfi5vh+
11-19 18:51:47.501 D/PanelView( 3916): mClearAll.setVisibility - mIsFullyOpened : false isShade : true mHasNotification : true mIsUpwardFling : false mQsFullyExpanded : false isShadeLocked : false mClearAllVisible : false
11-19 18:51:47.511 D/MediaScanner( 3956): Prescan. DB items number : 184 DB_FILES_NUMBER_CACHING_LIMITATION : 7000  Caching mode : true
11-19 18:51:47.521 V/MediaPlayerService( 2976): Create new media retriever from pid 3956
11-19 18:51:47.521 W/SavsMetadataRetriever( 2976): SavsMetadataRetriever::setDataSource CreateFromFD(48) offset= 0,  length=55903
11-19 18:51:47.541 I/WebViewFactory(13533): Loading com.google.android.webview version 46.0.2490.76 (code 249007650)
11-19 18:51:47.541 I/InjectionManager(13533): Inside getClassLibPath caller 
11-19 18:51:47.541 I/SoundUtil(13533): Scanned /storage/emulated/0/Notifications/My Weather.mp3, uri=content://media/external/audio/media/31
11-19 18:51:47.541 I/SoundUtil(13533): SIGNIFICANT_WEATHER_FORECAST_ALERTS_SOUND was already set to content://media/external/audio/media/31
11-19 18:51:47.541 I/cr.library_loader(13533): Time to load native libraries: 1 ms (timestamps 725-726)
11-19 18:51:47.541 I/cr.library_loader(13533): Expected native library version number "46.0.2490.76", actual native library version number "46.0.2490.76"
11-19 18:51:47.551 E/WifiStateMachine( 3532): WifiStateMachine CMD_START_SCAN source 10011 txSuccessRate=24.49 rxSuccessRate=19.23 targetRoamBSSID=a0:63:91:0d:40:04 RSSI=-58
11-19 18:51:47.551 I/wpa_supplicant( 3850): wlan0: Setting scan request: 0 sec 0 usec
11-19 18:51:47.551 I/wpa_supplicant( 3850): P2P: Current p2p state = IDLE
11-19 18:51:47.551 I/wpa_supplicant( 3850): Scan requested (ret=0) - scan timeout 30 seconds
11-19 18:51:47.551 I/System.out(13533): (HTTPLog)-Static: isSBSettingEnabled false
11-19 18:51:47.551 I/System.out(13533): KnoxVpnUidStorageknoxVpnSupported API value returned is false
11-19 18:51:47.551 D/EnterpriseController( 2967): mIsMarkChainAdded is 0 mIsBlockChainAdded is 0 netId is 0
11-19 18:51:47.551 D/Netd    ( 2967): getNetworkForDns: using netid 505 for uid 10225
11-19 18:51:47.551 I/System.out(13533): KnoxVpnUidStorageknoxVpnSupported API value returned is false
11-19 18:51:47.641 I/SurfaceFlinger( 2952): id=468 Removed Xeather (7/9)
11-19 18:51:47.641 I/SurfaceFlinger( 2952): id=468 Removed Xeather (-2/9)
11-19 18:51:47.651 D/KeepAlive(13533): cancel()
11-19 18:51:47.651 D/KeepAlive(13533): reset:86400000
11-19 18:51:47.651 D/KeepAlive(13533): cancel()
11-19 18:51:47.651 D/KeepAlive(13533): start(0)
11-19 18:51:47.651 I/qtaguid (13533): Untagging socket 29
11-19 18:51:47.651 D/WeatherFxConnection(13533): (TwcAd) response from server is {"wfxtg":{"current":[],"dailyForecast":[{"day":1,"trigger":[]},{"day":2,"trigger":[]},{"day":3,"trigger":[]}],"scatterSegs":[{"zcs":[{"zip":"nl","error":"key does not exist"}]},{"hzcs":[{"zip":"500005","error":"key does not exist"}]},{"nzcs":[{"zip":"nl","error":"key does not exist"}]}]}}
11-19 18:51:47.651 D/WeatherFxResponse(13533): (TwcAd) {"wfxtg":{"current":[],"dailyForecast":[{"day":1,"trigger":[]},{"day":2,"trigger":[]},{"day":3,"trigger":[]}],"scatterSegs":[{"zcs":[{"zip":"nl","error":"key does not exist"}]},{"hzcs":[{"zip":"500005","error":"key does not exist"}]},{"nzcs":[{"zip":"nl","error":"key does not exist"}]}]}}
11-19 18:51:47.651 D/WeatherFxConnection(13533): (TwcAd) Parameter update {WEATHERFX=nl, HZCS=nl}
11-19 18:51:47.781 I/qtaguid (13533): Untagging socket 30
11-19 18:51:47.791 E/ConfigManager(13533): Error retrieving configuration from remote location=http://mobile.aws.weather.com/mobile.prod.twc/android/config/phone/6.0.0/flagship_config.json
11-19 18:51:47.791 E/ConfigManager(13533): com.weather.util.config.ConfigException: Invalid flagship config
11-19 18:51:47.791 E/ConfigManager(13533): 	at com.weather.commons.config.FlagshipConfigParser.parse(FlagshipConfigParser.java:29)
11-19 18:51:47.791 E/ConfigManager(13533): 	at com.weather.commons.config.FlagshipConfigParser.parse(FlagshipConfigParser.java:16)
11-19 18:51:47.791 E/ConfigManager(13533): 	at com.weather.util.config.ConfigManager.updateConfig(ConfigManager.java:93)
11-19 18:51:47.791 E/ConfigManager(13533): 	at com.weather.commons.config.ConfigurationManagers$1.run(ConfigurationManagers.java:374)
11-19 18:51:47.791 E/ConfigManager(13533): 	at java.util.concurrent.Executors$RunnableAdapter.call(Executors.java:422)
11-19 18:51:47.791 E/ConfigManager(13533): 	at java.util.concurrent.FutureTask.run(FutureTask.java:237)
11-19 18:51:47.791 E/ConfigManager(13533): 	at java.util.concurrent.ScheduledThreadPoolExecutor$ScheduledFutureTask.access$201(ScheduledThreadPoolExecutor.java:152)
11-19 18:51:47.791 E/ConfigManager(13533): 	at java.util.concurrent.ScheduledThreadPoolExecutor$ScheduledFutureTask.run(ScheduledThreadPoolExecutor.java:265)
11-19 18:51:47.791 E/ConfigManager(13533): 	at java.util.concurrent.ThreadPoolExecutor.runWorker(ThreadPoolExecutor.java:1112)
11-19 18:51:47.791 E/ConfigManager(13533): 	at java.util.concurrent.ThreadPoolExecutor$Worker.run(ThreadPoolExecutor.java:587)
11-19 18:51:47.791 E/ConfigManager(13533): 	at java.lang.Thread.run(Thread.java:818)
11-19 18:51:47.791 E/ConfigManager(13533): Caused by: org.json.JSONException: No value for mustSeeVideoFeedUrl
11-19 18:51:47.791 E/ConfigManager(13533): 	at org.json.JSONObject.get(JSONObject.java:389)
11-19 18:51:47.791 E/ConfigManager(13533): 	at org.json.JSONObject.getString(JSONObject.java:550)
11-19 18:51:47.791 E/ConfigManager(13533): 	at com.weather.commons.config.FlagshipConfig.<init>(FlagshipConfig.java:366)
11-19 18:51:47.791 E/ConfigManager(13533): 	at com.weather.commons.config.FlagshipConfigParser.parse(FlagshipConfigParser.java:27)
11-19 18:51:47.791 E/ConfigManager(13533): 	... 10 more
11-19 18:51:48.051 I/qtaguid (13533): Untagging socket 66
11-19 18:51:48.081 W/TwcDateParser(13533): (TwcGeneral) Unparseable date: "2015-11-19T07:00:00-0500" (at offset 19) :DateFormatter used: yyyy-MM-dd'T'HH:mm:ss.SSSZZ
11-19 18:51:48.081 W/TwcDateParser(13533): (TwcGeneral) Unparseable date: "2015-11-20T07:00:00-0500" (at offset 19) :DateFormatter used: yyyy-MM-dd'T'HH:mm:ss.SSSZZ
11-19 18:51:48.081 W/TwcDateParser(13533): (TwcGeneral) Unparseable date: "2015-11-21T07:00:00-0500" (at offset 19) :DateFormatter used: yyyy-MM-dd'T'HH:mm:ss.SSSZZ
11-19 18:51:48.081 W/TwcDateParser(13533): (TwcGeneral) Unparseable date: "2015-11-22T07:00:00-0500" (at offset 19) :DateFormatter used: yyyy-MM-dd'T'HH:mm:ss.SSSZZ
11-19 18:51:48.081 W/TwcDateParser(13533): (TwcGeneral) Unparseable date: "2015-11-23T07:00:00-0500" (at offset 19) :DateFormatter used: yyyy-MM-dd'T'HH:mm:ss.SSSZZ
11-19 18:51:48.081 W/TwcDateParser(13533): (TwcGeneral) Unparseable date: "2015-11-24T07:00:00-0500" (at offset 19) :DateFormatter used: yyyy-MM-dd'T'HH:mm:ss.SSSZZ
11-19 18:51:48.081 W/TwcDateParser(13533): (TwcGeneral) Unparseable date: "2015-11-25T07:00:00-0500" (at offset 19) :DateFormatter used: yyyy-MM-dd'T'HH:mm:ss.SSSZZ
11-19 18:51:48.091 W/TwcDateParser(13533): (TwcGeneral) Unparseable date: "2015-11-26T07:00:00-0500" (at offset 19) :DateFormatter used: yyyy-MM-dd'T'HH:mm:ss.SSSZZ
11-19 18:51:48.091 W/TwcDateParser(13533): (TwcGeneral) Unparseable date: "2015-11-27T07:00:00-0500" (at offset 19) :DateFormatter used: yyyy-MM-dd'T'HH:mm:ss.SSSZZ
11-19 18:51:48.091 W/TwcDateParser(13533): (TwcGeneral) Unparseable date: "2015-11-28T07:00:00-0500" (at offset 19) :DateFormatter used: yyyy-MM-dd'T'HH:mm:ss.SSSZZ
11-19 18:51:48.091 W/TwcDateParser(13533): (TwcGeneral) Unparseable date: "2015-11-29T07:00:00-0500" (at offset 19) :DateFormatter used: yyyy-MM-dd'T'HH:mm:ss.SSSZZ
11-19 18:51:48.091 W/TwcDateParser(13533): (TwcGeneral) Unparseable date: "2015-11-30T07:00:00-0500" (at offset 19) :DateFormatter used: yyyy-MM-dd'T'HH:mm:ss.SSSZZ
11-19 18:51:48.091 W/TwcDateParser(13533): (TwcGeneral) Unparseable date: "2015-12-01T07:00:00-0500" (at offset 19) :DateFormatter used: yyyy-MM-dd'T'HH:mm:ss.SSSZZ
11-19 18:51:48.091 W/TwcDateParser(13533): (TwcGeneral) Unparseable date: "2015-12-02T07:00:00-0500" (at offset 19) :DateFormatter used: yyyy-MM-dd'T'HH:mm:ss.SSSZZ
11-19 18:51:48.091 W/TwcDateParser(13533): (TwcGeneral) Unparseable date: "2015-12-03T07:00:00-0500" (at offset 19) :DateFormatter used: yyyy-MM-dd'T'HH:mm:ss.SSSZZ
11-19 18:51:48.101 W/TwcDateParser(13533): (TwcGeneral) Unparseable date: "2015-11-19T06:47:31-0500" (at offset 19) :DateFormatter used: yyyy-MM-dd'T'HH:mm:ss.SSSZZ
11-19 18:51:48.101 W/TwcDateParser(13533): (TwcGeneral) Unparseable date: "2015-11-20T06:48:40-0500" (at offset 19) :DateFormatter used: yyyy-MM-dd'T'HH:mm:ss.SSSZZ
11-19 18:51:48.101 W/TwcDateParser(13533): (TwcGeneral) Unparseable date: "2015-11-21T06:49:48-0500" (at offset 19) :DateFormatter used: yyyy-MM-dd'T'HH:mm:ss.SSSZZ
11-19 18:51:48.101 W/TwcDateParser(13533): (TwcGeneral) Unparseable date: "2015-11-22T06:50:55-0500" (at offset 19) :DateFormatter used: yyyy-MM-dd'T'HH:mm:ss.SSSZZ
11-19 18:51:48.101 W/TwcDateParser(13533): (TwcGeneral) Unparseable date: "2015-11-23T06:52:02-0500" (at offset 19) :DateFormatter used: yyyy-MM-dd'T'HH:mm:ss.SSSZZ
11-19 18:51:48.101 W/TwcDateParser(13533): (TwcGeneral) Unparseable date: "2015-11-24T06:53:09-0500" (at offset 19) :DateFormatter used: yyyy-MM-dd'T'HH:mm:ss.SSSZZ
11-19 18:51:48.101 W/TwcDateParser(13533): (TwcGeneral) Unparseable date: "2015-11-25T06:54:15-0500" (at offset 19) :DateFormatter used: yyyy-MM-dd'T'HH:mm:ss.SSSZZ
11-19 18:51:48.101 W/TwcDateParser(13533): (TwcGeneral) Unparseable date: "2015-11-26T06:55:20-0500" (at offset 19) :DateFormatter used: yyyy-MM-dd'T'HH:mm:ss.SSSZZ
11-19 18:51:48.111 W/TwcDateParser(13533): (TwcGeneral) Unparseable date: "2015-11-27T06:56:24-0500" (at offset 19) :DateFormatter used: yyyy-MM-dd'T'HH:mm:ss.SSSZZ
11-19 18:51:48.111 W/TwcDateParser(13533): (TwcGeneral) Unparseable date: "2015-11-28T06:57:27-0500" (at offset 19) :DateFormatter used: yyyy-MM-dd'T'HH:mm:ss.SSSZZ
11-19 18:51:48.111 W/TwcDateParser(13533): (TwcGeneral) Unparseable date: "2015-11-29T06:58:30-0500" (at offset 19) :DateFormatter used: yyyy-MM-dd'T'HH:mm:ss.SSSZZ
11-19 18:51:48.111 W/TwcDateParser(13533): (TwcGeneral) Unparseable date: "2015-11-30T06:59:31-0500" (at offset 19) :DateFormatter used: yyyy-MM-dd'T'HH:mm:ss.SSSZZ
11-19 18:51:48.111 W/TwcDateParser(13533): (TwcGeneral) Unparseable date: "2015-12-01T07:00:32-0500" (at offset 19) :DateFormatter used: yyyy-MM-dd'T'HH:mm:ss.SSSZZ
11-19 18:51:48.111 W/TwcDateParser(13533): (TwcGeneral) Unparseable date: "2015-12-02T07:01:32-0500" (at offset 19) :DateFormatter used: yyyy-MM-dd'T'HH:mm:ss.SSSZZ
11-19 18:51:48.111 W/TwcDateParser(13533): (TwcGeneral) Unparseable date: "2015-12-03T07:02:31-0500" (at offset 19) :DateFormatter used: yyyy-MM-dd'T'HH:mm:ss.SSSZZ
11-19 18:51:48.111 W/TwcDateParser(13533): (TwcGeneral) Unparseable date: "2015-11-19T16:35:05-0500" (at offset 19) :DateFormatter used: yyyy-MM-dd'T'HH:mm:ss.SSSZZ
11-19 18:51:48.111 W/TwcDateParser(13533): (TwcGeneral) Unparseable date: "2015-11-20T16:34:24-0500" (at offset 19) :DateFormatter used: yyyy-MM-dd'T'HH:mm:ss.SSSZZ
11-19 18:51:48.111 W/TwcDateParser(13533): (TwcGeneral) Unparseable date: "2015-11-21T16:33:45-0500" (at offset 19) :DateFormatter used: yyyy-MM-dd'T'HH:mm:ss.SSSZZ
11-19 18:51:48.111 W/TwcDateParser(13533): (TwcGeneral) Unparseable date: "2015-11-22T16:33:08-0500" (at offset 19) :DateFormatter used: yyyy-MM-dd'T'HH:mm:ss.SSSZZ
11-19 18:51:48.121 W/TwcDateParser(13533): (TwcGeneral) Unparseable date: "2015-11-23T16:32:33-0500" (at offset 19) :DateFormatter used: yyyy-MM-dd'T'HH:mm:ss.SSSZZ
11-19 18:51:48.121 W/TwcDateParser(13533): (TwcGeneral) Unparseable date: "2015-11-24T16:32:01-0500" (at offset 19) :DateFormatter used: yyyy-MM-dd'T'HH:mm:ss.SSSZZ
11-19 18:51:48.121 W/TwcDateParser(13533): (TwcGeneral) Unparseable date: "2015-11-25T16:31:30-0500" (at offset 19) :DateFormatter used: yyyy-MM-dd'T'HH:mm:ss.SSSZZ
11-19 18:51:48.121 W/TwcDateParser(13533): (TwcGeneral) Unparseable date: "2015-11-26T16:31:02-0500" (at offset 19) :DateFormatter used: yyyy-MM-dd'T'HH:mm:ss.SSSZZ
11-19 18:51:48.121 W/TwcDateParser(13533): (TwcGeneral) Unparseable date: "2015-11-27T16:30:36-0500" (at offset 19) :DateFormatter used: yyyy-MM-dd'T'HH:mm:ss.SSSZZ
11-19 18:51:48.121 W/TwcDateParser(13533): (TwcGeneral) Unparseable date: "2015-11-28T16:30:12-0500" (at offset 19) :DateFormatter used: yyyy-MM-dd'T'HH:mm:ss.SSSZZ
11-19 18:51:48.121 W/TwcDateParser(13533): (TwcGeneral) Unparseable date: "2015-11-29T16:29:50-0500" (at offset 19) :DateFormatter used: yyyy-MM-dd'T'HH:mm:ss.SSSZZ
11-19 18:51:48.121 W/TwcDateParser(13533): (TwcGeneral) Unparseable date: "2015-11-30T16:29:30-0500" (at offset 19) :DateFormatter used: yyyy-MM-dd'T'HH:mm:ss.SSSZZ
11-19 18:51:48.121 W/TwcDateParser(13533): (TwcGeneral) Unparseable date: "2015-12-01T16:29:13-0500" (at offset 19) :DateFormatter used: yyyy-MM-dd'T'HH:mm:ss.SSSZZ
11-19 18:51:48.121 W/TwcDateParser(13533): (TwcGeneral) Unparseable date: "2015-12-02T16:28:58-0500" (at offset 19) :DateFormatter used: yyyy-MM-dd'T'HH:mm:ss.SSSZZ
11-19 18:51:48.121 W/TwcDateParser(13533): (TwcGeneral) Unparseable date: "2015-12-03T16:28:45-0500" (at offset 19) :DateFormatter used: yyyy-MM-dd'T'HH:mm:ss.SSSZZ
11-19 18:51:48.121 W/TwcDateParser(13533): (TwcGeneral) Unparseable date: "2015-11-19T12:48:45-0500" (at offset 19) :DateFormatter used: yyyy-MM-dd'T'HH:mm:ss.SSSZZ
11-19 18:51:48.121 W/TwcDateParser(13533): (TwcGeneral) Unparseable date: "2015-11-20T13:24:51-0500" (at offset 19) :DateFormatter used: yyyy-MM-dd'T'HH:mm:ss.SSSZZ
11-19 18:51:48.121 W/TwcDateParser(13533): (TwcGeneral) Unparseable date: "2015-11-21T14:01:16-0500" (at offset 19) :DateFormatter used: yyyy-MM-dd'T'HH:mm:ss.SSSZZ
11-19 18:51:48.121 W/TwcDateParser(13533): (TwcGeneral) Unparseable date: "2015-11-22T14:38:30-0500" (at offset 19) :DateFormatter used: yyyy-MM-dd'T'HH:mm:ss.SSSZZ
11-19 18:51:48.121 W/TwcDateParser(13533): (TwcGeneral) Unparseable date: "2015-11-23T15:17:12-0500" (at offset 19) :DateFormatter used: yyyy-MM-dd'T'HH:mm:ss.SSSZZ
11-19 18:51:48.121 W/TwcDateParser(13533): (TwcGeneral) Unparseable date: "2015-11-24T15:59:56-0500" (at offset 19) :DateFormatter used: yyyy-MM-dd'T'HH:mm:ss.SSSZZ
11-19 18:51:48.121 W/TwcDateParser(13533): (TwcGeneral) Unparseable date: "2015-11-25T16:46:54-0500" (at offset 19) :DateFormatter used: yyyy-MM-dd'T'HH:mm:ss.SSSZZ
11-19 18:51:48.121 W/TwcDateParser(13533): (TwcGeneral) Unparseable date: "2015-11-26T17:37:57-0500" (at offset 19) :DateFormatter used: yyyy-MM-dd'T'HH:mm:ss.SSSZZ
11-19 18:51:48.121 W/TwcDateParser(13533): (TwcGeneral) Unparseable date: "2015-11-27T18:33:58-0500" (at offset 19) :DateFormatter used: yyyy-MM-dd'T'HH:mm:ss.SSSZZ
11-19 18:51:48.121 W/TwcDateParser(13533): (TwcGeneral) Unparseable date: "2015-11-28T19:31:57-0500" (at offset 19) :DateFormatter used: yyyy-MM-dd'T'HH:mm:ss.SSSZZ
11-19 18:51:48.121 W/TwcDateParser(13533): (TwcGeneral) Unparseable date: "2015-11-29T20:32:09-0500" (at offset 19) :DateFormatter used: yyyy-MM-dd'T'HH:mm:ss.SSSZZ
11-19 18:51:48.131 W/TwcDateParser(13533): (TwcGeneral) Unparseable date: "2015-11-30T21:31:15-0500" (at offset 19) :DateFormatter used: yyyy-MM-dd'T'HH:mm:ss.SSSZZ
11-19 18:51:48.131 W/TwcDateParser(13533): (TwcGeneral) Unparseable date: "2015-12-01T22:30:21-0500" (at offset 19) :DateFormatter used: yyyy-MM-dd'T'HH:mm:ss.SSSZZ
11-19 18:51:48.131 W/TwcDateParser(13533): (TwcGeneral) Unparseable date: "2015-12-02T23:27:18-0500" (at offset 19) :DateFormatter used: yyyy-MM-dd'T'HH:mm:ss.SSSZZ
11-19 18:51:48.131 W/TwcDateParser(13533): (TwcGeneral) Unparseable date: "2015-11-20T00:20:52-0500" (at offset 19) :DateFormatter used: yyyy-MM-dd'T'HH:mm:ss.SSSZZ
11-19 18:51:48.131 W/TwcDateParser(13533): (TwcGeneral) Unparseable date: "2015-11-21T01:29:18-0500" (at offset 19) :DateFormatter used: yyyy-MM-dd'T'HH:mm:ss.SSSZZ
11-19 18:51:48.131 W/TwcDateParser(13533): (TwcGeneral) Unparseable date: "2015-11-22T02:40:04-0500" (at offset 19) :DateFormatter used: yyyy-MM-dd'T'HH:mm:ss.SSSZZ
11-19 18:51:48.131 W/TwcDateParser(13533): (TwcGeneral) Unparseable date: "2015-11-23T03:51:04-0500" (at offset 19) :DateFormatter used: yyyy-MM-dd'T'HH:mm:ss.SSSZZ
11-19 18:51:48.131 W/TwcDateParser(13533): (TwcGeneral) Unparseable date: "2015-11-24T05:02:40-0500" (at offset 19) :DateFormatter used: yyyy-MM-dd'T'HH:mm:ss.SSSZZ
11-19 18:51:48.131 W/TwcDateParser(13533): (TwcGeneral) Unparseable date: "2015-11-25T06:13:12-0500" (at offset 19) :DateFormatter used: yyyy-MM-dd'T'HH:mm:ss.SSSZZ
11-19 18:51:48.131 W/TwcDateParser(13533): (TwcGeneral) Unparseable date: "2015-11-26T07:19:59-0500" (at offset 19) :DateFormatter used: yyyy-MM-dd'T'HH:mm:ss.SSSZZ
11-19 18:51:48.131 W/TwcDateParser(13533): (TwcGeneral) Unparseable date: "2015-11-27T08:22:18-0500" (at offset 19) :DateFormatter used: yyyy-MM-dd'T'HH:mm:ss.SSSZZ
11-19 18:51:48.131 W/TwcDateParser(13533): (TwcGeneral) Unparseable date: "2015-11-28T09:17:09-0500" (at offset 19) :DateFormatter used: yyyy-MM-dd'T'HH:mm:ss.SSSZZ
11-19 18:51:48.131 W/TwcDateParser(13533): (TwcGeneral) Unparseable date: "2015-11-29T10:05:44-0500" (at offset 19) :DateFormatter used: yyyy-MM-dd'T'HH:mm:ss.SSSZZ
11-19 18:51:48.131 W/TwcDateParser(13533): (TwcGeneral) Unparseable date: "2015-11-30T10:47:50-0500" (at offset 19) :DateFormatter used: yyyy-MM-dd'T'HH:mm:ss.SSSZZ
11-19 18:51:48.131 W/TwcDateParser(13533): (TwcGeneral) Unparseable date: "2015-12-01T11:24:13-0500" (at offset 19) :DateFormatter used: yyyy-MM-dd'T'HH:mm:ss.SSSZZ
11-19 18:51:48.131 W/TwcDateParser(13533): (TwcGeneral) Unparseable date: "2015-12-02T11:57:25-0500" (at offset 19) :DateFormatter used: yyyy-MM-dd'T'HH:mm:ss.SSSZZ
11-19 18:51:48.131 W/TwcDateParser(13533): (TwcGeneral) Unparseable date: "2015-12-03T12:28:06-0500" (at offset 19) :DateFormatter used: yyyy-MM-dd'T'HH:mm:ss.SSSZZ
11-19 18:51:48.131 W/TwcDateParser(13533): (TwcGeneral) Unparseable date: "2015-10-30T20:00:00-0400" (at offset 19) :DateFormatter used: yyyy-MM-dd'T'HH:mm:ss.SSSZZ
11-19 18:51:48.131 W/TwcDateParser(13533): (TwcGeneral) Unparseable date: "2015-11-19T09:00:00-0500" (at offset 19) :DateFormatter used: yyyy-MM-dd'T'HH:mm:ss.SSSZZ
11-19 18:51:48.131 W/TwcDateParser(13533): (TwcGeneral) Unparseable date: "2015-11-19T10:00:00-0500" (at offset 19) :DateFormatter used: yyyy-MM-dd'T'HH:mm:ss.SSSZZ
11-19 18:51:48.131 W/TwcDateParser(13533): (TwcGeneral) Unparseable date: "2015-11-19T11:00:00-0500" (at offset 19) :DateFormatter used: yyyy-MM-dd'T'HH:mm:ss.SSSZZ
11-19 18:51:48.141 W/TwcDateParser(13533): (TwcGeneral) Unparseable date: "2015-11-19T12:00:00-0500" (at offset 19) :DateFormatter used: yyyy-MM-dd'T'HH:mm:ss.SSSZZ
11-19 18:51:48.141 W/TwcDateParser(13533): (TwcGeneral) Unparseable date: "2015-11-19T13:00:00-0500" (at offset 19) :DateFormatter used: yyyy-MM-dd'T'HH:mm:ss.SSSZZ
11-19 18:51:48.141 W/TwcDateParser(13533): (TwcGeneral) Unparseable date: "2015-11-19T14:00:00-0500" (at offset 19) :DateFormatter used: yyyy-MM-dd'T'HH:mm:ss.SSSZZ
11-19 18:51:48.141 W/TwcDateParser(13533): (TwcGeneral) Unparseable date: "2015-11-19T15:00:00-0500" (at offset 19) :DateFormatter used: yyyy-MM-dd'T'HH:mm:ss.SSSZZ
11-19 18:51:48.141 W/TwcDateParser(13533): (TwcGeneral) Unparseable date: "2015-11-19T16:00:00-0500" (at offset 19) :DateFormatter used: yyyy-MM-dd'T'HH:mm:ss.SSSZZ
11-19 18:51:48.141 W/TwcDateParser(13533): (TwcGeneral) Unparseable date: "2015-11-19T17:00:00-0500" (at offset 19) :DateFormatter used: yyyy-MM-dd'T'HH:mm:ss.SSSZZ
11-19 18:51:48.141 W/TwcDateParser(13533): (TwcGeneral) Unparseable date: "2015-11-19T18:00:00-0500" (at offset 19) :DateFormatter used: yyyy-MM-dd'T'HH:mm:ss.SSSZZ
11-19 18:51:48.141 W/TwcDateParser(13533): (TwcGeneral) Unparseable date: "2015-11-19T19:00:00-0500" (at offset 19) :DateFormatter used: yyyy-MM-dd'T'HH:mm:ss.SSSZZ
11-19 18:51:48.141 W/TwcDateParser(13533): (TwcGeneral) Unparseable date: "2015-11-19T20:00:00-0500" (at offset 19) :DateFormatter used: yyyy-MM-dd'T'HH:mm:ss.SSSZZ
11-19 18:51:48.141 W/TwcDateParser(13533): (TwcGeneral) Unparseable date: "2015-11-19T21:00:00-0500" (at offset 19) :DateFormatter used: yyyy-MM-dd'T'HH:mm:ss.SSSZZ
11-19 18:51:48.141 W/TwcDateParser(13533): (TwcGeneral) Unparseable date: "2015-11-19T22:00:00-0500" (at offset 19) :DateFormatter used: yyyy-MM-dd'T'HH:mm:ss.SSSZZ
11-19 18:51:48.141 W/TwcDateParser(13533): (TwcGeneral) Unparseable date: "2015-11-19T23:00:00-0500" (at offset 19) :DateFormatter used: yyyy-MM-dd'T'HH:mm:ss.SSSZZ
11-19 18:51:48.141 W/TwcDateParser(13533): (TwcGeneral) Unparseable date: "2015-11-20T00:00:00-0500" (at offset 19) :DateFormatter used: yyyy-MM-dd'T'HH:mm:ss.SSSZZ
11-19 18:51:48.141 W/TwcDateParser(13533): (TwcGeneral) Unparseable date: "2015-11-20T01:00:00-0500" (at offset 19) :DateFormatter used: yyyy-MM-dd'T'HH:mm:ss.SSSZZ
11-19 18:51:48.141 W/TwcDateParser(13533): (TwcGeneral) Unparseable date: "2015-11-20T02:00:00-0500" (at offset 19) :DateFormatter used: yyyy-MM-dd'T'HH:mm:ss.SSSZZ
11-19 18:51:48.141 W/TwcDateParser(13533): (TwcGeneral) Unparseable date: "2015-11-20T03:00:00-0500" (at offset 19) :DateFormatter used: yyyy-MM-dd'T'HH:mm:ss.SSSZZ
11-19 18:51:48.141 W/TwcDateParser(13533): (TwcGeneral) Unparseable date: "2015-11-20T04:00:00-0500" (at offset 19) :DateFormatter used: yyyy-MM-dd'T'HH:mm:ss.SSSZZ
11-19 18:51:48.141 W/TwcDateParser(13533): (TwcGeneral) Unparseable date: "2015-11-20T05:00:00-0500" (at offset 19) :DateFormatter used: yyyy-MM-dd'T'HH:mm:ss.SSSZZ
11-19 18:51:48.141 W/TwcDateParser(13533): (TwcGeneral) Unparseable date: "2015-11-20T06:00:00-0500" (at offset 19) :DateFormatter used: yyyy-MM-dd'T'HH:mm:ss.SSSZZ
11-19 18:51:48.141 W/TwcDateParser(13533): (TwcGeneral) Unparseable date: "2015-11-20T07:00:00-0500" (at offset 19) :DateFormatter used: yyyy-MM-dd'T'HH:mm:ss.SSSZZ
11-19 18:51:48.141 W/TwcDateParser(13533): (TwcGeneral) Unparseable date: "2015-11-20T08:00:00-0500" (at offset 19) :DateFormatter used: yyyy-MM-dd'T'HH:mm:ss.SSSZZ
11-19 18:51:48.141 W/TwcDateParser(13533): (TwcGeneral) Unparseable date: "2015-11-20T09:00:00-0500" (at offset 19) :DateFormatter used: yyyy-MM-dd'T'HH:mm:ss.SSSZZ
11-19 18:51:48.141 W/TwcDateParser(13533): (TwcGeneral) Unparseable date: "2015-11-20T10:00:00-0500" (at offset 19) :DateFormatter used: yyyy-MM-dd'T'HH:mm:ss.SSSZZ
11-19 18:51:48.141 W/TwcDateParser(13533): (TwcGeneral) Unparseable date: "2015-11-20T11:00:00-0500" (at offset 19) :DateFormatter used: yyyy-MM-dd'T'HH:mm:ss.SSSZZ
11-19 18:51:48.141 W/TwcDateParser(13533): (TwcGeneral) Unparseable date: "2015-11-20T12:00:00-0500" (at offset 19) :DateFormatter used: yyyy-MM-dd'T'HH:mm:ss.SSSZZ
11-19 18:51:48.141 W/TwcDateParser(13533): (TwcGeneral) Unparseable date: "2015-11-20T13:00:00-0500" (at offset 19) :DateFormatter used: yyyy-MM-dd'T'HH:mm:ss.SSSZZ
11-19 18:51:48.141 W/TwcDateParser(13533): (TwcGeneral) Unparseable date: "2015-11-20T14:00:00-0500" (at offset 19) :DateFormatter used: yyyy-MM-dd'T'HH:mm:ss.SSSZZ
11-19 18:51:48.141 W/TwcDateParser(13533): (TwcGeneral) Unparseable date: "2015-11-20T15:00:00-0500" (at offset 19) :DateFormatter used: yyyy-MM-dd'T'HH:mm:ss.SSSZZ
11-19 18:51:48.141 W/TwcDateParser(13533): (TwcGeneral) Unparseable date: "2015-11-20T16:00:00-0500" (at offset 19) :DateFormatter used: yyyy-MM-dd'T'HH:mm:ss.SSSZZ
11-19 18:51:48.141 W/TwcDateParser(13533): (TwcGeneral) Unparseable date: "2015-11-20T17:00:00-0500" (at offset 19) :DateFormatter used: yyyy-MM-dd'T'HH:mm:ss.SSSZZ
11-19 18:51:48.141 W/TwcDateParser(13533): (TwcGeneral) Unparseable date: "2015-11-20T18:00:00-0500" (at offset 19) :DateFormatter used: yyyy-MM-dd'T'HH:mm:ss.SSSZZ
11-19 18:51:48.151 W/TwcDateParser(13533): (TwcGeneral) Unparseable date: "2015-11-20T19:00:00-0500" (at offset 19) :DateFormatter used: yyyy-MM-dd'T'HH:mm:ss.SSSZZ
11-19 18:51:48.151 W/TwcDateParser(13533): (TwcGeneral) Unparseable date: "2015-11-20T20:00:00-0500" (at offset 19) :DateFormatter used: yyyy-MM-dd'T'HH:mm:ss.SSSZZ
11-19 18:51:48.151 W/TwcDateParser(13533): (TwcGeneral) Unparseable date: "2015-11-20T21:00:00-0500" (at offset 19) :DateFormatter used: yyyy-MM-dd'T'HH:mm:ss.SSSZZ
11-19 18:51:48.151 W/TwcDateParser(13533): (TwcGeneral) Unparseable date: "2015-11-20T22:00:00-0500" (at offset 19) :DateFormatter used: yyyy-MM-dd'T'HH:mm:ss.SSSZZ
11-19 18:51:48.151 W/TwcDateParser(13533): (TwcGeneral) Unparseable date: "2015-11-20T23:00:00-0500" (at offset 19) :DateFormatter used: yyyy-MM-dd'T'HH:mm:ss.SSSZZ
11-19 18:51:48.151 W/TwcDateParser(13533): (TwcGeneral) Unparseable date: "2015-11-21T00:00:00-0500" (at offset 19) :DateFormatter used: yyyy-MM-dd'T'HH:mm:ss.SSSZZ
11-19 18:51:48.151 W/TwcDateParser(13533): (TwcGeneral) Unparseable date: "2015-11-21T01:00:00-0500" (at offset 19) :DateFormatter used: yyyy-MM-dd'T'HH:mm:ss.SSSZZ
11-19 18:51:48.151 W/TwcDateParser(13533): (TwcGeneral) Unparseable date: "2015-11-21T02:00:00-0500" (at offset 19) :DateFormatter used: yyyy-MM-dd'T'HH:mm:ss.SSSZZ
11-19 18:51:48.151 W/TwcDateParser(13533): (TwcGeneral) Unparseable date: "2015-11-21T03:00:00-0500" (at offset 19) :DateFormatter used: yyyy-MM-dd'T'HH:mm:ss.SSSZZ
11-19 18:51:48.151 W/TwcDateParser(13533): (TwcGeneral) Unparseable date: "2015-11-21T04:00:00-0500" (at offset 19) :DateFormatter used: yyyy-MM-dd'T'HH:mm:ss.SSSZZ
11-19 18:51:48.151 W/TwcDateParser(13533): (TwcGeneral) Unparseable date: "2015-11-21T05:00:00-0500" (at offset 19) :DateFormatter used: yyyy-MM-dd'T'HH:mm:ss.SSSZZ
11-19 18:51:48.151 W/TwcDateParser(13533): (TwcGeneral) Unparseable date: "2015-11-21T06:00:00-0500" (at offset 19) :DateFormatter used: yyyy-MM-dd'T'HH:mm:ss.SSSZZ
11-19 18:51:48.151 W/TwcDateParser(13533): (TwcGeneral) Unparseable date: "2015-11-21T07:00:00-0500" (at offset 19) :DateFormatter used: yyyy-MM-dd'T'HH:mm:ss.SSSZZ
11-19 18:51:48.151 W/TwcDateParser(13533): (TwcGeneral) Unparseable date: "2015-11-21T08:00:00-0500" (at offset 19) :DateFormatter used: yyyy-MM-dd'T'HH:mm:ss.SSSZZ
11-19 18:51:48.151 W/TwcDateParser(13533): (TwcGeneral) Unparseable date: "2015-11-19T08:05:00-0500" (at offset 19) :DateFormatter used: yyyy-MM-dd'T'HH:mm:ss.SSSZZ
11-19 18:51:48.151 W/TwcDateParser(13533): (TwcGeneral) Unparseable date: "2015-11-19T08:00:00-0500" (at offset 19) :DateFormatter used: yyyy-MM-dd'T'HH:mm:ss.SSSZZ
11-19 18:51:48.151 W/TwcDateParser(13533): (TwcGeneral) Unparseable date: "2015-11-19T12:30:00-0500" (at offset 19) :DateFormatter used: yyyy-MM-dd'T'HH:mm:ss.SSSZZ
11-19 18:51:48.151 W/TwcDateParser(13533): (TwcGeneral) Unparseable date: "2015-11-20T00:00:00-05:00" (at offset 19) :DateFormatter used: yyyy-MM-dd'T'HH:mm:ss.SSSZZ
11-19 18:51:48.151 W/TwcDateParser(13533): (TwcGeneral) Unparseable date: "2015-11-19T03:43:27-05:00" (at offset 19) :DateFormatter used: yyyy-MM-dd'T'HH:mm:ss.SSSZZ
11-19 18:51:48.151 W/TwcDateParser(13533): (TwcGeneral) Unparseable date: "2015-11-19T06:00:00-05:00" (at offset 19) :DateFormatter used: yyyy-MM-dd'T'HH:mm:ss.SSSZZ
11-19 18:51:48.161 W/TwcDateParser(13533): (TwcGeneral) Unparseable date: "2015-11-19T12:30:00-0500" (at offset 19) :DateFormatter used: yyyy-MM-dd'T'HH:mm:ss.SSSZZ
11-19 18:51:48.161 W/TwcDateParser(13533): (TwcGeneral) Unparseable date: "2015-11-19T13:00:00-0500" (at offset 19) :DateFormatter used: yyyy-MM-dd'T'HH:mm:ss.SSSZZ
11-19 18:51:48.161 W/TwcDateParser(13533): (TwcGeneral) Unparseable date: "2015-11-19T13:30:00-0500" (at offset 19) :DateFormatter used: yyyy-MM-dd'T'HH:mm:ss.SSSZZ
11-19 18:51:48.161 W/TwcDateParser(13533): (TwcGeneral) Unparseable date: "2015-11-19T15:30:00-0500" (at offset 19) :DateFormatter used: yyyy-MM-dd'T'HH:mm:ss.SSSZZ
11-19 18:51:48.161 W/TwcDateParser(13533): (TwcGeneral) Unparseable date: "2015-11-19T08:30:00-0500" (at offset 19) :DateFormatter used: yyyy-MM-dd'T'HH:mm:ss.SSSZZ
