11-26 21:16:31.664 I/ExynosCameraBufferManager( 2976): [CAM_ID(0)][3A1_BUF]-INFO(dumpBufferInfo[1244]):[m_buffer[2].fd[0]=55] .addr=0x0 .size=4096 .position=0 .permission=1]
11-26 21:16:31.664 I/ExynosCameraBufferManager( 2976): [CAM_ID(0)][3A1_BUF]-INFO(dumpBufferInfo[1244]):[m_buffer[2].fd[1]=63] .addr=0xee930000 .size=32768 .position=0 .permission=1]
11-26 21:16:31.664 I/ExynosCameraBufferManager( 2976): [CAM_ID(0)][3A1_BUF]-INFO(dumpBufferInfo[1244]):[m_buffer[3].fd[0]=56] .addr=0x0 .size=4096 .position=0 .permission=1]
11-26 21:16:31.664 I/ExynosCameraBufferManager( 2976): [CAM_ID(0)][3A1_BUF]-INFO(dumpBufferInfo[1244]):[m_buffer[3].fd[1]=64] .addr=0xee928000 .size=32768 .position=0 .permission=1]
11-26 21:16:31.664 I/ExynosCameraBufferManager( 2976): [CAM_ID(0)][3A1_BUF]-INFO(dumpBufferInfo[1244]):[m_buffer[4].fd[0]=57] .addr=0x0 .size=4096 .position=0 .permission=1]
11-26 21:16:31.664 I/ExynosCameraBufferManager( 2976): [CAM_ID(0)][3A1_BUF]-INFO(dumpBufferInfo[1244]):[m_buffer[4].fd[1]=65] .addr=0xee920000 .size=32768 .position=0 .permission=1]
11-26 21:16:31.664 I/ExynosCameraBufferManager( 2976): [CAM_ID(0)][3A1_BUF]-INFO(dumpBufferInfo[1244]):[m_buffer[5].fd[0]=58] .addr=0x0 .size=4096 .position=0 .permission=1]
11-26 21:16:31.664 I/ExynosCameraBufferManager( 2976): [CAM_ID(0)][3A1_BUF]-INFO(dumpBufferInfo[1244]):[m_buffer[5].fd[1]=66] .addr=0xee918000 .size=32768 .position=0 .permission=1]
11-26 21:16:31.664 I/ExynosCameraBufferManager( 2976): [CAM_ID(0)][3A1_BUF]-INFO(dumpBufferInfo[1244]):[m_buffer[6].fd[0]=59] .addr=0x0 .size=4096 .position=0 .permission=1]
11-26 21:16:31.664 I/ExynosCameraBufferManager( 2976): [CAM_ID(0)][3A1_BUF]-INFO(dumpBufferInfo[1244]):[m_buffer[6].fd[1]=67] .addr=0xee5fa000 .size=32768 .position=0 .permission=1]
11-26 21:16:31.664 I/ExynosCameraBufferManager( 2976): [CAM_ID(0)][3A1_BUF]-INFO(dumpBufferInfo[1244]):[m_buffer[7].fd[0]=60] .addr=0x0 .size=4096 .position=0 .permission=1]
11-26 21:16:31.664 I/ExynosCameraBufferManager( 2976): [CAM_ID(0)][3A1_BUF]-INFO(dumpBufferInfo[1244]):[m_buffer[7].fd[1]=68] .addr=0xee4b9000 .size=32768 .position=0 .permission=1]
11-26 21:16:31.664 D/ExynosCameraBufferManager( 2976): [CAM_ID(0)][3A1_BUF]-DEBUG(printBufferQState[1205]):bufferIndex=0
11-26 21:16:31.664 D/ExynosCameraBufferManager( 2976): [CAM_ID(0)][3A1_BUF]-DEBUG(printBufferQState[1205]):bufferIndex=1
11-26 21:16:31.664 D/ExynosCameraBufferManager( 2976): [CAM_ID(0)][3A1_BUF]-DEBUG(printBufferQState[1205]):bufferIndex=2
11-26 21:16:31.664 D/ExynosCameraBufferManager( 2976): [CAM_ID(0)][3A1_BUF]-DEBUG(printBufferQState[1205]):bufferIndex=3
11-26 21:16:31.664 D/ExynosCameraBufferManager( 2976): [CAM_ID(0)][3A1_BUF]-DEBUG(printBufferQState[1205]):bufferIndex=4
11-26 21:16:31.664 D/ExynosCameraBufferManager( 2976): [CAM_ID(0)][3A1_BUF]-DEBUG(printBufferQState[1205]):bufferIndex=5
11-26 21:16:31.664 D/ExynosCameraBufferManager( 2976): [CAM_ID(0)][3A1_BUF]-DEBUG(printBufferQState[1205]):bufferIndex=6
11-26 21:16:31.664 D/ExynosCameraBufferManager( 2976): [CAM_ID(0)][3A1_BUF]-DEBUG(printBufferQState[1205]):bufferIndex=7
11-26 21:16:31.664 D/ExynosCameraBufferManager( 2976): [CAM_ID(0)][3A1_BUF]-DEBUG(m_free[255]):------------------------------------------------------
11-26 21:16:31.664 D/ExynosCameraBufferManager( 2976): [CAM_ID(0)][3A1_BUF]-DEBUG(m_free[282]):Free the buffer succeeded (m_allocatedBufCount=0)
11-26 21:16:31.664 D/ExynosCameraPipeJpeg( 2976): DEBUG:duration time(    1 msec):(m_free)
11-26 21:16:31.664 D/ExynosCameraBufferManager( 2976): [CAM_ID(0)][3A1_BUF]-DEBUG(deinit[141]):OUT..
11-26 21:16:31.664 D/ExynosCameraBufferManager( 2976): [CAM_ID(0)][ISP_BUF]-DEBUG(deinit[116]):IN..
11-26 21:16:31.664 I/ExynosCameraBufferManager( 2976): [CAM_ID(0)][ISP_BUF]-INFO(deinit[119]:OUT.. Buffer is not allocated
11-26 21:16:31.664 D/ExynosCameraBufferManager( 2976): [CAM_ID(0)][HW_DIS_BUF]-DEBUG(deinit[116]):IN..
11-26 21:16:31.664 I/ExynosCameraBufferManager( 2976): [CAM_ID(0)][HW_DIS_BUF]-INFO(deinit[119]:OUT.. Buffer is not allocated
11-26 21:16:31.664 D/ExynosCameraBufferManager( 2976): [CAM_ID(0)][SCP_BUF]-DEBUG(deinit[116]):IN..
11-26 21:16:31.664 I/ExynosCameraBufferManager( 2976): [CAM_ID(0)][SCP_BUF]-INFO(deinit[119]:OUT.. Buffer is not allocated
11-26 21:16:31.664 D/ExynosCameraBufferManager( 2976): [CAM_ID(0)][ISP_RE_BUF]-DEBUG(deinit[116]):IN..
11-26 21:16:31.664 I/ExynosCameraBufferManager( 2976): [CAM_ID(0)][ISP_RE_BUF]-INFO(deinit[119]:OUT.. Buffer is not allocated
11-26 21:16:31.664 D/ExynosCameraBufferManager( 2976): [CAM_ID(0)][SCC_RE_BUF]-DEBUG(deinit[116]):IN..
11-26 21:16:31.664 I/ExynosCameraBufferManager( 2976): [CAM_ID(0)][SCC_RE_BUF]-INFO(putBuffer[554]):bufIndex=0 is already in (available state)
11-26 21:16:31.664 D/ExynosCameraBufferManager( 2976): [CAM_ID(0)][SCC_RE_BUF]-DEBUG(m_free[252]):Free the buffer (m_allocatedBufCount=1) --- dumpBufferInfo ---
11-26 21:16:31.664 I/ExynosCameraBufferManager( 2976): [CAM_ID(0)][SCC_RE_BUF]-INFO(dumpBufferInfo[1244]):[m_buffer[0].fd[0]=122] .addr=0x0 .size=31787008 .position=0 .permission=1]
11-26 21:16:31.664 I/ExynosCameraBufferManager( 2976): [CAM_ID(0)][SCC_RE_BUF]-INFO(dumpBufferInfo[1244]):[m_buffer[0].fd[1]=123] .addr=0xee403000 .size=32768 .position=0 .permission=1]
11-26 21:16:31.664 D/ExynosCameraBufferManager( 2976): [CAM_ID(0)][SCC_RE_BUF]-DEBUG(printBufferQState[1205]):bufferIndex=0
11-26 21:16:31.664 D/ExynosCameraBufferManager( 2976): [CAM_ID(0)][SCC_RE_BUF]-DEBUG(m_free[255]):------------------------------------------------------
11-26 21:16:31.664 D/ExynosCameraBufferManager( 2976): [CAM_ID(0)][SCC_RE_BUF]-DEBUG(m_free[282]):Free the buffer succeeded (m_allocatedBufCount=0)
11-26 21:16:31.664 D/ExynosCameraPipeJpeg( 2976): DEBUG:duration time(    0 msec):(m_free)
11-26 21:16:31.664 D/ExynosCameraBufferManager( 2976): [CAM_ID(0)][SCC_RE_BUF]-DEBUG(deinit[141]):OUT..
11-26 21:16:31.664 D/ExynosCameraBufferManager( 2976): [CAM_ID(0)][SCC_BUF]-DEBUG(deinit[116]):IN..
11-26 21:16:31.664 I/ExynosCameraBufferManager( 2976): [CAM_ID(0)][SCC_BUF]-INFO(deinit[119]:OUT.. Buffer is not allocated
11-26 21:16:31.664 D/ExynosCameraBufferManager( 2976): [CAM_ID(0)][GSC_BUF]-DEBUG(deinit[116]):IN..
11-26 21:16:31.664 I/ExynosCameraBufferManager( 2976): [CAM_ID(0)][GSC_BUF]-INFO(putBuffer[554]):bufIndex=0 is already in (available state)
11-26 21:16:31.664 D/ExynosCameraBufferManager( 2976): [CAM_ID(0)][GSC_BUF]-DEBUG(m_free[252]):Free the buffer (m_allocatedBufCount=1) --- dumpBufferInfo ---
11-26 21:16:31.664 I/ExynosCameraBufferManager( 2976): [CAM_ID(0)][GSC_BUF]-INFO(dumpBufferInfo[1244]):[m_buffer[0].fd[0]=128] .addr=0x0 .size=31744512 .position=0 .permission=1]
11-26 21:16:31.664 D/ExynosCameraBufferManager( 2976): [CAM_ID(0)][GSC_BUF]-DEBUG(printBufferQState[1205]):bufferIndex=0
11-26 21:16:31.664 D/ExynosCameraBufferManager( 2976): [CAM_ID(0)][GSC_BUF]-DEBUG(m_free[255]):------------------------------------------------------
11-26 21:16:31.664 D/ExynosCameraBufferManager( 2976): [CAM_ID(0)][GSC_BUF]-DEBUG(m_free[282]):Free the buffer succeeded (m_allocatedBufCount=0)
11-26 21:16:31.664 D/ExynosCameraPipeJpeg( 2976): DEBUG:duration time(    0 msec):(m_free)
11-26 21:16:31.664 D/ExynosCameraBufferManager( 2976): [CAM_ID(0)][GSC_BUF]-DEBUG(deinit[141]):OUT..
11-26 21:16:31.664 D/ExynosCameraBufferManager( 2976): [CAM_ID(0)][MAGIC_GSC_BUF]-DEBUG(deinit[116]):IN..
11-26 21:16:31.664 I/ExynosCameraBufferManager( 2976): [CAM_ID(0)][MAGIC_GSC_BUF]-INFO(deinit[119]:OUT.. Buffer is not allocated
11-26 21:16:31.664 D/ExynosCameraBufferManager( 2976): [CAM_ID(0)][THUMBNAIL_GSC_BUF]-DEBUG(deinit[116]):IN..
11-26 21:16:31.664 I/ExynosCameraBufferManager( 2976): [CAM_ID(0)][THUMBNAIL_GSC_BUF]-INFO(deinit[119]:OUT.. Buffer is not allocated
11-26 21:16:31.664 D/ExynosCameraBufferManager( 2976): [CAM_ID(0)][LBP_BUF]-DEBUG(deinit[116]):IN..
11-26 21:16:31.664 I/ExynosCameraBufferManager( 2976): [CAM_ID(0)][LBP_BUF]-INFO(deinit[119]:OUT.. Buffer is not allocated
11-26 21:16:31.664 D/ExynosCameraBufferManager( 2976): [CAM_ID(0)][JPEG_BUF]-DEBUG(deinit[116]):IN..
11-26 21:16:31.664 I/ExynosCameraBufferManager( 2976): [CAM_ID(0)][JPEG_BUF]-INFO(deinit[119]:OUT.. Buffer is not allocated
11-26 21:16:31.664 D/ExynosCameraBufferManager( 2976): [CAM_ID(0)][REC_BUF]-DEBUG(deinit[116]):IN..
11-26 21:16:31.664 I/ExynosCameraBufferManager( 2976): [CAM_ID(0)][REC_BUF]-INFO(deinit[119]:OUT.. Buffer is not allocated
11-26 21:16:31.664 D/ExynosCameraBufferManager( 2976): [CAM_ID(0)][PREVIEW_CB_BUF]-DEBUG(deinit[116]):IN..
11-26 21:16:31.664 I/ExynosCameraBufferManager( 2976): [CAM_ID(0)][PREVIEW_CB_BUF]-INFO(deinit[119]:OUT.. Buffer is not allocated
11-26 21:16:31.664 D/ExynosCameraBufferManager( 2976): [CAM_ID(0)][HIGH_RESOLUTION_CB_BUF]-DEBUG(deinit[116]):IN..
11-26 21:16:31.664 I/ExynosCameraBufferManager( 2976): [CAM_ID(0)][HIGH_RESOLUTION_CB_BUF]-INFO(deinit[119]:OUT.. Buffer is not allocated
11-26 21:16:31.664 D/ExynosCameraBufferManager( 2976): [CAM_ID(0)][VDIS_BUF]-DEBUG(deinit[116]):IN..
11-26 21:16:31.664 I/ExynosCameraBufferManager( 2976): [CAM_ID(0)][VDIS_BUF]-INFO(deinit[119]:OUT.. Buffer is not allocated
11-26 21:16:31.664 I/ExynosCamera( 2976): [CAM_ID(0)][]-INFO(m_releaseBuffers[14757]):free buffer done
11-26 21:16:31.664 D/ExynosCamera( 2976): [CAM_ID(0)][]-DEBUG(release):FrameFactoryQ destroyed
11-26 21:16:31.664 D/ExynosCameraBufferManager( 2976): [CAM_ID(0)][BAYER_BUF]-DEBUG(deinit[116]):IN..
11-26 21:16:31.664 I/ExynosCameraBufferManager( 2976): [CAM_ID(0)][BAYER_BUF]-INFO(deinit[119]:OUT.. Buffer is not allocated
11-26 21:16:31.664 D/ExynosCameraBufferManager( 2976): [CAM_ID(0)][BAYER_BUF]-DEBUG(deinit[116]):IN..
11-26 21:16:31.664 I/ExynosCameraBufferManager( 2976): [CAM_ID(0)][BAYER_BUF]-INFO(deinit[119]:OUT.. Buffer is not allocated
11-26 21:16:31.664 D/ExynosCamera( 2976): [CAM_ID(0)][]-DEBUG(release):BufferManager(bayerBufferMgr) destroyed
11-26 21:16:31.664 D/ExynosCameraBufferManager( 2976): [CAM_ID(0)][3A1_BUF]-DEBUG(deinit[116]):IN..
11-26 21:16:31.664 I/ExynosCameraBufferManager( 2976): [CAM_ID(0)][3A1_BUF]-INFO(deinit[119]:OUT.. Buffer is not allocated
11-26 21:16:31.664 D/ExynosCameraBufferManager( 2976): [CAM_ID(0)][3A1_BUF]-DEBUG(deinit[116]):IN..
11-26 21:16:31.664 I/ExynosCameraBufferManager( 2976): [CAM_ID(0)][3A1_BUF]-INFO(deinit[119]:OUT.. Buffer is not allocated
11-26 21:16:31.664 D/ExynosCamera( 2976): [CAM_ID(0)][]-DEBUG(release):BufferManager(3aaBufferMgr) destroyed
11-26 21:16:31.664 D/ExynosCameraBufferManager( 2976): [CAM_ID(0)][ISP_BUF]-DEBUG(deinit[116]):IN..
11-26 21:16:31.664 I/ExynosCameraBufferManager( 2976): [CAM_ID(0)][ISP_BUF]-INFO(deinit[119]:OUT.. Buffer is not allocated
11-26 21:16:31.664 D/ExynosCameraBufferManager( 2976): [CAM_ID(0)][ISP_BUF]-DEBUG(deinit[116]):IN..
11-26 21:16:31.664 I/ExynosCameraBufferManager( 2976): [CAM_ID(0)][ISP_BUF]-INFO(deinit[119]:OUT.. Buffer is not allocated
11-26 21:16:31.664 D/ExynosCamera( 2976): [CAM_ID(0)][]-DEBUG(release):BufferManager(ispBufferMgr) destroyed
11-26 21:16:31.664 D/ExynosCameraBufferManager( 2976): [CAM_ID(0)][HW_DIS_BUF]-DEBUG(deinit[116]):IN..
11-26 21:16:31.664 I/ExynosCameraBufferManager( 2976): [CAM_ID(0)][HW_DIS_BUF]-INFO(deinit[119]:OUT.. Buffer is not allocated
11-26 21:16:31.664 D/ExynosCameraBufferManager( 2976): [CAM_ID(0)][HW_DIS_BUF]-DEBUG(deinit[116]):IN..
11-26 21:16:31.664 I/ExynosCameraBufferManager( 2976): [CAM_ID(0)][HW_DIS_BUF]-INFO(deinit[119]:OUT.. Buffer is not allocated
11-26 21:16:31.664 D/ExynosCamera( 2976): [CAM_ID(0)][]-DEBUG(release):BufferManager(m_hwDisBufferMgr) destroyed
11-26 21:16:31.664 D/ExynosCameraBufferManager( 2976): [CAM_ID(0)][SCP_BUF]-DEBUG(deinit[116]):IN..
11-26 21:16:31.664 I/ExynosCameraBufferManager( 2976): [CAM_ID(0)][SCP_BUF]-INFO(deinit[119]:OUT.. Buffer is not allocated
11-26 21:16:31.664 D/ExynosCameraBufferManager( 2976): [CAM_ID(0)][SCP_BUF]-DEBUG(deinit[116]):IN..
11-26 21:16:31.664 I/ExynosCameraBufferManager( 2976): [CAM_ID(0)][SCP_BUF]-INFO(deinit[119]:OUT.. Buffer is not allocated
11-26 21:16:31.664 D/ExynosCamera( 2976): [CAM_ID(0)][]-DEBUG(release):BufferManager(scpBufferMgr) destroyed
11-26 21:16:31.664 D/ExynosCameraBufferManager( 2976): [CAM_ID(0)][DZOOM_SCALER_BUF]-DEBUG(deinit[116]):IN..
11-26 21:16:31.664 I/ExynosCameraBufferManager( 2976): [CAM_ID(0)][DZOOM_SCALER_BUF]-INFO(deinit[119]:OUT.. Buffer is not allocated
11-26 21:16:31.664 D/ExynosCameraBufferManager( 2976): [CAM_ID(0)][DZOOM_SCALER_BUF]-DEBUG(deinit[116]):IN..
11-26 21:16:31.664 I/ExynosCameraBufferManager( 2976): [CAM_ID(0)][DZOOM_SCALER_BUF]-INFO(deinit[119]:OUT.. Buffer is not allocated
11-26 21:16:31.664 D/ExynosCamera( 2976): [CAM_ID(0)][]-DEBUG(release):BufferManager(m_zoomScalerBufferMgr) destroyed
11-26 21:16:31.664 D/ExynosCameraBufferManager( 2976): [CAM_ID(0)][ISP_RE_BUF]-DEBUG(deinit[116]):IN..
11-26 21:16:31.664 I/ExynosCameraBufferManager( 2976): [CAM_ID(0)][ISP_RE_BUF]-INFO(deinit[119]:OUT.. Buffer is not allocated
11-26 21:16:31.664 D/ExynosCameraBufferManager( 2976): [CAM_ID(0)][ISP_RE_BUF]-DEBUG(deinit[116]):IN..
11-26 21:16:31.664 I/ExynosCameraBufferManager( 2976): [CAM_ID(0)][ISP_RE_BUF]-INFO(deinit[119]:OUT.. Buffer is not allocated
11-26 21:16:31.664 D/ExynosCamera( 2976): [CAM_ID(0)][]-DEBUG(release):BufferManager(ispReprocessingBufferMgr) destroyed
11-26 21:16:31.664 D/ExynosCameraBufferManager( 2976): [CAM_ID(0)][SCC_RE_BUF]-DEBUG(deinit[116]):IN..
11-26 21:16:31.664 I/ExynosCameraBufferManager( 2976): [CAM_ID(0)][SCC_RE_BUF]-INFO(deinit[119]:OUT.. Buffer is not allocated
11-26 21:16:31.664 D/ExynosCameraBufferManager( 2976): [CAM_ID(0)][SCC_RE_BUF]-DEBUG(deinit[116]):IN..
11-26 21:16:31.664 I/ExynosCameraBufferManager( 2976): [CAM_ID(0)][SCC_RE_BUF]-INFO(deinit[119]:OUT.. Buffer is not allocated
11-26 21:16:31.664 D/ExynosCamera( 2976): [CAM_ID(0)][]-DEBUG(release):BufferManager(sccReprocessingBufferMgr) destroyed
11-26 21:16:31.664 D/ExynosCameraBufferManager( 2976): [CAM_ID(0)][SCC_BUF]-DEBUG(deinit[116]):IN..
11-26 21:16:31.664 I/ExynosCameraBufferManager( 2976): [CAM_ID(0)][SCC_BUF]-INFO(deinit[119]:OUT.. Buffer is not allocated
11-26 21:16:31.664 D/ExynosCameraBufferManager( 2976): [CAM_ID(0)][SCC_BUF]-DEBUG(deinit[116]):IN..
11-26 21:16:31.664 I/ExynosCameraBufferManager( 2976): [CAM_ID(0)][SCC_BUF]-INFO(deinit[119]:OUT.. Buffer is not allocated
11-26 21:16:31.664 D/ExynosCamera( 2976): [CAM_ID(0)][]-DEBUG(release):BufferManager(sccBufferMgr) destroyed
11-26 21:16:31.664 D/ExynosCameraBufferManager( 2976): [CAM_ID(0)][GSC_BUF]-DEBUG(deinit[116]):IN..
11-26 21:16:31.664 I/ExynosCameraBufferManager( 2976): [CAM_ID(0)][GSC_BUF]-INFO(deinit[119]:OUT.. Buffer is not allocated
11-26 21:16:31.664 D/ExynosCameraBufferManager( 2976): [CAM_ID(0)][GSC_BUF]-DEBUG(deinit[116]):IN..
11-26 21:16:31.664 I/ExynosCameraBufferManager( 2976): [CAM_ID(0)][GSC_BUF]-INFO(deinit[119]:OUT.. Buffer is not allocated
11-26 21:16:31.664 D/ExynosCamera( 2976): [CAM_ID(0)][]-DEBUG(release):BufferManager(gscBufferMgr) destroyed
11-26 21:16:31.664 D/ExynosCameraBufferManager( 2976): [CAM_ID(0)][MAGIC_GSC_BUF]-DEBUG(deinit[116]):IN..
11-26 21:16:31.664 I/ExynosCameraBufferManager( 2976): [CAM_ID(0)][MAGIC_GSC_BUF]-INFO(deinit[119]:OUT.. Buffer is not allocated
11-26 21:16:31.664 D/ExynosCameraBufferManager( 2976): [CAM_ID(0)][MAGIC_GSC_BUF]-DEBUG(deinit[116]):IN..
11-26 21:16:31.664 I/ExynosCameraBufferManager( 2976): [CAM_ID(0)][MAGIC_GSC_BUF]-INFO(deinit[119]:OUT.. Buffer is not allocated
11-26 21:16:31.664 D/ExynosCamera( 2976): [CAM_ID(0)][]-DEBUG(release):BufferManager(magicGscBufferMgr) destroyed
11-26 21:16:31.664 D/ExynosCameraBufferManager( 2976): [CAM_ID(0)][THUMBNAIL_GSC_BUF]-DEBUG(deinit[116]):IN..
11-26 21:16:31.664 I/ExynosCameraBufferManager( 2976): [CAM_ID(0)][THUMBNAIL_GSC_BUF]-INFO(deinit[119]:OUT.. Buffer is not allocated
11-26 21:16:31.664 D/ExynosCameraBufferManager( 2976): [CAM_ID(0)][THUMBNAIL_GSC_BUF]-DEBUG(deinit[116]):IN..
11-26 21:16:31.664 I/ExynosCameraBufferManager( 2976): [CAM_ID(0)][THUMBNAIL_GSC_BUF]-INFO(deinit[119]:OUT.. Buffer is not allocated
11-26 21:16:31.664 D/ExynosCamera( 2976): [CAM_ID(0)][]-DEBUG(release):BufferManager(m_thumbnailGscBufferMgr) destroyed
11-26 21:16:31.664 D/ExynosCameraBufferManager( 2976): [CAM_ID(0)][LBP_BUF]-DEBUG(deinit[116]):IN..
11-26 21:16:31.664 I/ExynosCameraBufferManager( 2976): [CAM_ID(0)][LBP_BUF]-INFO(deinit[119]:OUT.. Buffer is not allocated
11-26 21:16:31.664 D/ExynosCameraBufferManager( 2976): [CAM_ID(0)][LBP_BUF]-DEBUG(deinit[116]):IN..
11-26 21:16:31.664 I/ExynosCameraBufferManager( 2976): [CAM_ID(0)][LBP_BUF]-INFO(deinit[119]:OUT.. Buffer is not allocated
11-26 21:16:31.664 D/ExynosCamera( 2976): [CAM_ID(0)][]-DEBUG(release):BufferManager(lbpBufferMgr) destroyed
11-26 21:16:31.664 D/ExynosCameraBufferManager( 2976): [CAM_ID(0)][JPEG_BUF]-DEBUG(deinit[116]):IN..
11-26 21:16:31.664 I/ExynosCameraBufferManager( 2976): [CAM_ID(0)][JPEG_BUF]-INFO(deinit[119]:OUT.. Buffer is not allocated
11-26 21:16:31.664 D/ExynosCameraBufferManager( 2976): [CAM_ID(0)][JPEG_BUF]-DEBUG(deinit[116]):IN..
11-26 21:16:31.664 I/ExynosCameraBufferManager( 2976): [CAM_ID(0)][JPEG_BUF]-INFO(deinit[119]:OUT.. Buffer is not allocated
11-26 21:16:31.664 D/ExynosCamera( 2976): [CAM_ID(0)][]-DEBUG(release):BufferManager(jpegBufferMgr) destroyed
11-26 21:16:31.664 D/ExynosCameraBufferManager( 2976): [CAM_ID(0)][PREVIEW_CB_BUF]-DEBUG(deinit[116]):IN..
11-26 21:16:31.664 I/ExynosCameraBufferManager( 2976): [CAM_ID(0)][PREVIEW_CB_BUF]-INFO(deinit[119]:OUT.. Buffer is not allocated
11-26 21:16:31.664 D/ExynosCameraBufferManager( 2976): [CAM_ID(0)][PREVIEW_CB_BUF]-DEBUG(deinit[116]):IN..
11-26 21:16:31.664 I/ExynosCameraBufferManager( 2976): [CAM_ID(0)][PREVIEW_CB_BUF]-INFO(deinit[119]:OUT.. Buffer is not allocated
11-26 21:16:31.664 E/SQLiteLog( 7305): (284) automatic index on conversation_participants_view(conversation_id)
11-26 21:16:31.664 D/ExynosCamera( 2976): [CAM_ID(0)][]-DEBUG(release):BufferManager(previewCallbackBufferMgr) destroyed
11-26 21:16:31.664 D/ExynosCameraBufferManager( 2976): [CAM_ID(0)][HIGH_RESOLUTION_CB_BUF]-DEBUG(deinit[116]):IN..
11-26 21:16:31.664 I/ExynosCameraBufferManager( 2976): [CAM_ID(0)][HIGH_RESOLUTION_CB_BUF]-INFO(deinit[119]:OUT.. Buffer is not allocated
11-26 21:16:31.664 D/ExynosCameraBufferManager( 2976): [CAM_ID(0)][HIGH_RESOLUTION_CB_BUF]-DEBUG(deinit[116]):IN..
11-26 21:16:31.664 I/ExynosCameraBufferManager( 2976): [CAM_ID(0)][HIGH_RESOLUTION_CB_BUF]-INFO(deinit[119]:OUT.. Buffer is not allocated
11-26 21:16:31.664 D/ExynosCamera( 2976): [CAM_ID(0)][]-DEBUG(release):BufferManager(m_highResolutionCallbackBufferMgr) destroyed
11-26 21:16:31.664 D/ExynosCameraBufferManager( 2976): [CAM_ID(0)][REC_BUF]-DEBUG(deinit[116]):IN..
11-26 21:16:31.664 I/ExynosCameraBufferManager( 2976): [CAM_ID(0)][REC_BUF]-INFO(deinit[119]:OUT.. Buffer is not allocated
11-26 21:16:31.664 D/ExynosCameraBufferManager( 2976): [CAM_ID(0)][REC_BUF]-DEBUG(deinit[116]):IN..
11-26 21:16:31.664 I/ExynosCameraBufferManager( 2976): [CAM_ID(0)][REC_BUF]-INFO(deinit[119]:OUT.. Buffer is not allocated
11-26 21:16:31.664 D/ExynosCamera( 2976): [CAM_ID(0)][]-DEBUG(release):BufferManager(recordingBufferMgr) destroyed
11-26 21:16:31.664 D/ExynosCameraBufferManager( 2976): [CAM_ID(0)][VDIS_BUF]-DEBUG(deinit[116]):IN..
11-26 21:16:31.664 I/ExynosCameraBufferManager( 2976): [CAM_ID(0)][VDIS_BUF]-INFO(deinit[119]:OUT.. Buffer is not allocated
11-26 21:16:31.664 D/ExynosCameraBufferManager( 2976): [CAM_ID(0)][VDIS_BUF]-DEBUG(deinit[116]):IN..
11-26 21:16:31.664 I/ExynosCameraBufferManager( 2976): [CAM_ID(0)][VDIS_BUF]-INFO(deinit[119]:OUT.. Buffer is not allocated
11-26 21:16:31.664 D/ExynosCamera( 2976): VDIS_HAL(release):BufferManager(m_swVDIS_BufferMgr) destroyed
11-26 21:16:31.664 D/UniPlugin( 2976): uni_plugin_unload is called!
11-26 21:16:31.664 D/UniPlugin( 2976): __uni_plugin_unload is called!
11-26 21:16:31.664 D/UniPlugin( 2976): temp->name:LLVplugin
11-26 21:16:31.664 D/UniPlugin( 2976): ~UniPlugin is called!
11-26 21:16:31.664 D/UniPlugin( 2976): uni_plugin_unload is called!
11-26 21:16:31.664 D/UniPlugin( 2976): __uni_plugin_unload is called!
11-26 21:16:31.664 D/UniPlugin( 2976): temp->name:SmartFocusplugin
11-26 21:16:31.664 D/UniPlugin( 2976): ~UniPlugin is called!
11-26 21:16:31.664 D/UniPlugin( 2976): uni_plugin_unload is called!
11-26 21:16:31.664 D/UniPlugin( 2976): __uni_plugin_unload is called!
11-26 21:16:31.664 D/UniPlugin( 2976): temp->name:BESTPHOTOplugin
11-26 21:16:31.664 D/UniPlugin( 2976): ~UniPlugin is called!
11-26 21:16:31.664 I/InjectionManager( 7617): Constructor com.google.android.partnersetup, Feature store :{}
11-26 21:16:31.664 I/InjectionManager( 7617): featureStore :{}
11-26 21:16:31.664 D/ExynosCameraFrameManager( 2976): [CAM_ID(0)][FRAME MANAGER]-DEBUG(~ExynosCameraFrameManager): FrameManager DELETE(name(FRAME MANAGER) cameraid(0) mode(2)
11-26 21:16:31.664 D/ExynosCameraFrameManager( 2976): [CAM_ID(0)][CREATE FRAME WORKER]-DEBUG(~CreateWorker): Worker DELETE(name(CREATE FRAME WORKER) cameraid(0) mode(2) 
11-26 21:16:31.664 D/ExynosCameraFrameManager( 2976): [CAM_ID(0)][DELETE FRAME WORKER]-DEBUG(~DeleteWorker): Worker DELETE(name(DELETE FRAME WORKER) cameraid(0) mode(2) 
11-26 21:16:31.664 D/ExynosCameraFrameManager( 2976): [CAM_ID(0)][FRAME MANAGER]-DEBUG(m_deinit[961]): delete m_lock
11-26 21:16:31.664 D/ExynosCameraFrameManager( 2976): [CAM_ID(0)][FRAME MANAGER]-DEBUG(m_deinit[966]): delete m_keybox
11-26 21:16:31.664 I/ExynosCamera( 2976): [CAM_ID(0)][]-INFO(release[1202]): -OUT-
11-26 21:16:31.664 I/ExynosCamera3Interface( 2976): INFO(HAL_camera_device_release[859]):camera(0) out from release()
11-26 21:16:31.664 I/ExynosCamera3Interface( 2976): INFO(HAL_camera_device_release[863]):camera(0) unlocked..
11-26 21:16:31.664 I/ExynosCamera3Interface( 2976): INFO(HAL_camera_device_release[868]):camera(0) out
11-26 21:16:31.664 D/ExynosCamera3Interface( 2976): DEBUG:duration time(  103 msec):(HAL_camera_device_release)
11-26 21:16:31.664 D/SecCameraCoreManager( 2976): SecCameraCoreManager destroyed: pid=2976
11-26 21:16:31.664 I/ShotSingle( 2976): ShotSingle destroyed: pid=2976
11-26 21:16:31.664 I/ShotSingle( 2976): Wait for compressed image callback to be done.
11-26 21:16:31.664 I/ShotSingle( 2976): Wait done. (0s. 0ms.) with [0, 22]
11-26 21:16:31.664 I/ShotCommon( 2976): ShotCommon destroyed: pid=2976
11-26 21:16:31.664 D/SecCameraCoreManager( 2976): SecCameraCoreManager destroyed: before mHardware.clear()
11-26 21:16:31.664 I/SecCameraCoreManager( 2976): Destroying camera 0
11-26 21:16:31.664 I/ExynosCamera3Interface( 2976): INFO(HAL_camera_device_close[467]): in
11-26 21:16:31.664 I/ExynosCamera3Interface( 2976): INFO(HAL_camera_device_close[473]):camera(0)
11-26 21:16:31.664 D/ExynosCamera3Interface( 2976): DEBUG(check_camera_state):camera(0) state(3) checking...
11-26 21:16:31.664 D/ExynosCamera3Interface( 2976): DEBUG(check_camera_state):camera(0) state(2:RELEASED->3:CLOSED) is valid
11-26 21:16:31.664 I/ExynosCamera3Interface( 2976): INFO(HAL_camera_device_close[483]):camera(0) locked..
11-26 21:16:31.664 I/ExynosCamera3Interface( 2976): INFO(HAL_camera_device_close[486]):camera(0) unlocked..
11-26 21:16:31.664 I/ExynosCamera( 2976): [CAM_ID(0)][]-INFO(release[850]): -IN-
11-26 21:16:31.664 I/ExynosCamera( 2976): [CAM_ID(0)][]-INFO(release[855]): wait m_fastenAeThread
11-26 21:16:31.664 I/ExynosCamera( 2976): [CAM_ID(0)][]-INFO(release[857]): wait m_fastenAeThread end
11-26 21:16:31.664 I/ExynosCamera( 2976): [CAM_ID(0)][]-INFO(m_stopCompanion[16532]): wait m_companionThread
11-26 21:16:31.664 I/ExynosCamera( 2976): [CAM_ID(0)][]-INFO(m_stopCompanion[16534]): wait m_companionThread end
11-26 21:16:31.664 I/ExynosCamera( 2976): [CAM_ID(0)][]-INFO(m_deinitFrameFactory[783]): -IN-
11-26 21:16:31.664 I/ExynosCamera( 2976): [CAM_ID(0)][]-INFO(m_deinitFrameFactory[819]): -OUT-
11-26 21:16:31.664 D/ExynosCameraPipeJpeg( 2976): DEBUG:duration time(    0 msec):(m_deinitFrameFactory)
11-26 21:16:31.664 I/ExynosCamera( 2976): [CAM_ID(0)][]-INFO(m_releaseBuffers[14694]):release buffer
11-26 21:16:31.664 I/ExynosCamera( 2976): [CAM_ID(0)][]-INFO(m_releaseBuffers[14757]):free buffer done
11-26 21:16:31.664 I/ExynosCamera( 2976): [CAM_ID(0)][]-INFO(release[1202]): -OUT-
11-26 21:16:31.664 D/SecCameraPreviewFrameScheduler( 2976): (m_release[168] m_vsyncPeriod=0, Drop Count 0)
11-26 21:16:31.664 I/ExynosCamera3Interface( 2976): INFO(HAL_camera_device_close[494]):camera(0)
11-26 21:16:31.664 I/ExynosCamera3Interface( 2976): INFO(HAL_camera_device_close[497]): out
11-26 21:16:31.664 D/ExynosCamera3Interface( 2976): DEBUG:duration time(    0 msec):(HAL_camera_device_close)
11-26 21:16:31.664 D/SecCameraCoreManager( 2976): SecCameraCoreManager destroyed: after mHardware.clear()
11-26 21:16:31.664 V/CameraService( 2976): Client::disconnect
11-26 21:16:31.664 V/CameraService( 2976): BasicClient::disconnect
11-26 21:16:31.664 V/CameraService( 2976): updateStatus: Status has changed for camera ID 0 from 0x80000000 to 0x1
11-26 21:16:31.674 V/CameraService( 2976): setCameraFree cameraId=0
11-26 21:16:31.674 I/SA      ( 7552): [TPMU]  strSIMState 	:SIM_STATE_ABSENT
11-26 21:16:31.674 I/SA      ( 7552): [ODM] queryOpenData(key= GEO_IP )
11-26 21:16:31.674 V/CameraService( 2976): ~Client
11-26 21:16:31.674 V/MediaPlayer( 2976): disconnect
11-26 21:16:31.674 V/MediaPlayerService( 2976): disconnect(2) from pid 2976
11-26 21:16:31.674 D/NuPlayerDriver( 2976): reset(0xeff108e0)
11-26 21:16:31.674 V/CameraService( 2976): Client::disconnect
11-26 21:16:31.674 V/CameraService( 2976): BasicClient::disconnect
11-26 21:16:31.674 V/NuPlayer( 2976): kWhatReset
11-26 21:16:31.674 V/NuPlayer( 2976): performReset
11-26 21:16:31.674 V/GenericSource( 2976): stop()
11-26 21:16:31.674 V/GenericSource( 2976): PREPARE_CANCELLED set to true
11-26 21:16:31.674 V/GenericSource( 2976): [Flag] set 0x40 -> mFlags = 0x48
11-26 21:16:31.674 V/GenericSource( 2976): [Flag] clear 0x8 -> mFlags = 0x40
11-26 21:16:31.674 V/GenericSource( 2976): stop() end
11-26 21:16:31.674 V/GenericSource( 2976): ~GenericSource()
11-26 21:16:31.674 I/OggExtractor( 2976): OggSource::stop() mExtractor ref count = 2
11-26 21:16:31.674 I/OggExtractor( 2976): ~OggSource --
11-26 21:16:31.674 D/NuPlayerDriver( 2976): notifyResetComplete(0xeff108e0)
11-26 21:16:31.674 V/NuPlayerDriver( 2976): ~NuPlayerDriver(0xeff108e0)
11-26 21:16:31.674 I/OggExtractor( 2976): ~OggExtractor ++
11-26 21:16:31.674 I/OggExtractor( 2976): ~MyVorbisExtractor ++ 
11-26 21:16:31.674 I/OggExtractor( 2976): ~MyVorbisExtractor --
11-26 21:16:31.674 I/OggExtractor( 2976): ~OggExtractor --
11-26 21:16:31.674 V/MediaPlayerService( 2976): Client(2) destructor pid = 2976
11-26 21:16:31.674 V/MediaPlayerService( 2976): MediaFader destructor++
11-26 21:16:31.674 V/MediaPlayerService( 2976): MediaFader kill++
11-26 21:16:31.674 V/MediaPlayerService( 2976): MediaFader IDLE after wait me->mState=0
11-26 21:16:31.674 D/MediaPlayerService( 2976): MediaFader stopped
11-26 21:16:31.674 V/MediaPlayerService( 2976): MediaFader kill--
11-26 21:16:31.674 V/MediaPlayerService( 2976): MediaFader destructor--
11-26 21:16:31.674 V/AudioSink( 2976): +++ close
11-26 21:16:31.674 D/TimaKeyStoreProvider( 7641): TimaSignature is unavailable
11-26 21:16:31.674 V/AudioSink( 2976): --- close
11-26 21:16:31.674 V/MediaPlayerService( 2976): disconnect(2) from pid 2976
11-26 21:16:31.674 V/MediaPlayer( 2976): destructor
11-26 21:16:31.674 V/MediaPlayer( 2976): disconnect
11-26 21:16:31.674 V/MediaPlayer( 2976): disconnect
11-26 21:16:31.674 V/MediaPlayerService( 2976): disconnect(3) from pid 2976
11-26 21:16:31.674 D/NuPlayerDriver( 2976): reset(0xeff10a20)
11-26 21:16:31.674 D/ActivityThread( 7641): Added TimaKeyStore provider
11-26 21:16:31.674 V/NuPlayer( 2976): kWhatReset
11-26 21:16:31.674 V/NuPlayer( 2976): performReset
11-26 21:16:31.674 V/GenericSource( 2976): stop()
11-26 21:16:31.674 V/GenericSource( 2976): PREPARE_CANCELLED set to true
11-26 21:16:31.674 V/GenericSource( 2976): [Flag] set 0x40 -> mFlags = 0x48
11-26 21:16:31.674 V/GenericSource( 2976): [Flag] clear 0x8 -> mFlags = 0x40
11-26 21:16:31.674 V/GenericSource( 2976): stop() end
11-26 21:16:31.674 V/GenericSource( 2976): ~GenericSource()
11-26 21:16:31.674 I/OggExtractor( 2976): OggSource::stop() mExtractor ref count = 2
11-26 21:16:31.674 I/OggExtractor( 2976): ~OggSource --
11-26 21:16:31.674 D/NuPlayerDriver( 2976): notifyResetComplete(0xeff10a20)
11-26 21:16:31.674 V/NuPlayerDriver( 2976): ~NuPlayerDriver(0xeff10a20)
11-26 21:16:31.674 I/OggExtractor( 2976): ~OggExtractor ++
11-26 21:16:31.674 I/OggExtractor( 2976): ~MyVorbisExtractor ++ 
11-26 21:16:31.674 I/OggExtractor( 2976): ~MyVorbisExtractor --
11-26 21:16:31.674 I/OggExtractor( 2976): ~OggExtractor --
11-26 21:16:31.674 V/MediaPlayerService( 2976): Client(3) destructor pid = 2976
11-26 21:16:31.674 V/MediaPlayerService( 2976): MediaFader destructor++
11-26 21:16:31.674 V/MediaPlayerService( 2976): MediaFader kill++
11-26 21:16:31.674 V/MediaPlayerService( 2976): MediaFader IDLE after wait me->mState=0
11-26 21:16:31.674 D/MediaPlayerService( 2976): MediaFader stopped
11-26 21:16:31.674 V/MediaPlayerService( 2976): MediaFader kill--
11-26 21:16:31.674 V/MediaPlayerService( 2976): MediaFader destructor--
11-26 21:16:31.674 V/AudioSink( 2976): +++ close
11-26 21:16:31.674 V/AudioSink( 2976): --- close
11-26 21:16:31.674 V/MediaPlayerService( 2976): disconnect(3) from pid 2976
11-26 21:16:31.674 V/MediaPlayer( 2976): destructor
11-26 21:16:31.674 V/MediaPlayer( 2976): disconnect
11-26 21:16:31.674 V/MediaPlayer( 2976): disconnect
11-26 21:16:31.674 V/MediaPlayerService( 2976): disconnect(4) from pid 2976
11-26 21:16:31.674 D/NuPlayerDriver( 2976): reset(0xeff11060)
11-26 21:16:31.674 V/NuPlayer( 2976): kWhatReset
11-26 21:16:31.674 V/NuPlayer( 2976): performReset
11-26 21:16:31.674 V/GenericSource( 2976): stop()
11-26 21:16:31.674 V/GenericSource( 2976): PREPARE_CANCELLED set to true
11-26 21:16:31.674 V/GenericSource( 2976): [Flag] set 0x40 -> mFlags = 0x48
11-26 21:16:31.674 V/GenericSource( 2976): [Flag] clear 0x8 -> mFlags = 0x40
11-26 21:16:31.674 V/GenericSource( 2976): stop() end
11-26 21:16:31.674 V/GenericSource( 2976): ~GenericSource()
11-26 21:16:31.684 I/OggExtractor( 2976): OggSource::stop() mExtractor ref count = 2
11-26 21:16:31.684 I/OggExtractor( 2976): ~OggSource --
11-26 21:16:31.684 D/NuPlayerDriver( 2976): notifyResetComplete(0xeff11060)
11-26 21:16:31.684 V/NuPlayerDriver( 2976): ~NuPlayerDriver(0xeff11060)
11-26 21:16:31.684 I/OggExtractor( 2976): ~OggExtractor ++
11-26 21:16:31.684 I/OggExtractor( 2976): ~MyVorbisExtractor ++ 
11-26 21:16:31.684 D/Finsky  ( 7535): [1] FinskyApp.onCreate: Initializing network with DFE https://android.clients.google.com/fdfe/
11-26 21:16:31.684 I/OggExtractor( 2976): ~MyVorbisExtractor --
11-26 21:16:31.684 I/OggExtractor( 2976): ~OggExtractor --
11-26 21:16:31.684 V/MediaPlayerService( 2976): Client(4) destructor pid = 2976
11-26 21:16:31.684 V/MediaPlayerService( 2976): MediaFader destructor++
11-26 21:16:31.684 V/MediaPlayerService( 2976): MediaFader kill++
11-26 21:16:31.684 V/MediaPlayerService( 2976): MediaFader IDLE after wait me->mState=0
11-26 21:16:31.684 D/MediaPlayerService( 2976): MediaFader stopped
11-26 21:16:31.684 V/MediaPlayerService( 2976): MediaFader kill--
11-26 21:16:31.684 V/MediaPlayerService( 2976): MediaFader destructor--
11-26 21:16:31.684 V/AudioSink( 2976): +++ close
11-26 21:16:31.684 V/AudioSink( 2976): --- close
11-26 21:16:31.684 V/MediaPlayerService( 2976): disconnect(4) from pid 2976
11-26 21:16:31.684 V/MediaPlayer( 2976): destructor
11-26 21:16:31.684 V/MediaPlayer( 2976): disconnect
11-26 21:16:31.684 V/CameraService( 2976): setCameraFree cameraId=0
11-26 21:16:31.684 V/CameraService( 2976): ~BasicClient
11-26 21:16:31.684 I/SA      ( 7552): getMccForGalaxyJpn step2 GEO_IP MCC : 405
11-26 21:16:31.684 I/SA      ( 7552): [LBE] REF_JPN : true
11-26 21:16:31.684 I/SA      ( 7552): [BDC] create
11-26 21:16:31.694 E/Zygote  ( 7659): MountEmulatedStorage()
11-26 21:16:31.694 E/Zygote  ( 7659): v2
11-26 21:16:31.694 I/SELinux ( 7659): Function: selinux_compare_spd_ram , priority [2] , priority version is VE=SEPF_SM-G920I_5.1.1_0039
11-26 21:16:31.694 E/Zygote  ( 7659): accessInfo : 0
11-26 21:16:31.694 E/SELinux ( 7659): [DEBUG] get_category: variable seinfo: platform sensitivity: NULL, cateogry: NULL
11-26 21:16:31.714 V/JNIHelp ( 7305): Registering com/google/android/gms/org/conscrypt/NativeCrypto's 241 native methods...
11-26 21:16:31.714 D/TimaKeyStoreProvider( 7659): TimaSignature is unavailable
11-26 21:16:31.724 D/ActivityThread( 7659): Added TimaKeyStore provider
11-26 21:16:31.724 I/SA      ( 7552): [DBMV2] getEmailID
11-26 21:16:31.724 I/SA      ( 7552): [DBMV2] getDataV02ForItems
11-26 21:16:31.724 I/SA      ( 7552): [SSP] query invoked
11-26 21:16:31.734 I/SA      ( 7552): [SCU] get signed id from samsung account2.0 DB.
11-26 21:16:31.734 I/InjectionManager( 7641): Inside getClassLibPath + mLibMap{0=, 1=}
11-26 21:16:31.734 W/VideoCapabilities( 7305): Unrecognized profile 2130706433 for video/avc
11-26 21:16:31.734 W/VideoCapabilities( 7305): Unrecognized profile 2130706433 for video/avc
11-26 21:16:31.734 W/VideoCapabilities( 7305): Unrecognized profile 2130706433 for video/avc
11-26 21:16:31.734 W/VideoCapabilities( 7305): Unrecognized profile 2130706433 for video/avc
11-26 21:16:31.734 W/VideoCapabilities( 7305): Unrecognized profile 2130706433 for video/avc
11-26 21:16:31.734 W/VideoCapabilities( 7305): Unrecognized profile 2130706433 for video/avc
11-26 21:16:31.734 W/VideoCapabilities( 7305): Unrecognized profile 2130706433 for video/avc
11-26 21:16:31.734 W/VideoCapabilities( 7305): Unrecognized profile 2130706433 for video/avc
11-26 21:16:31.734 W/VideoCapabilities( 7305): Unrecognized profile 2130706433 for video/avc
11-26 21:16:31.734 W/VideoCapabilities( 7305): Unrecognized profile 2130706433 for video/avc
11-26 21:16:31.734 W/VideoCapabilities( 7305): Unrecognized profile 2130706433 for video/avc
11-26 21:16:31.734 W/VideoCapabilities( 7305): Unrecognized profile 2130706433 for video/avc
11-26 21:16:31.734 W/VideoCapabilities( 7305): Unrecognized profile 2130706433 for video/avc
11-26 21:16:31.734 W/VideoCapabilities( 7305): Unrecognized profile 2130706433 for video/avc
11-26 21:16:31.734 W/VideoCapabilities( 7305): Unrecognized profile 2130706433 for video/avc
11-26 21:16:31.734 W/VideoCapabilities( 7305): Unrecognized profile 2130706433 for video/avc
11-26 21:16:31.734 W/VideoCapabilities( 7305): Unrecognized profile 2130706434 for video/avc
11-26 21:16:31.734 W/VideoCapabilities( 7305): Unrecognized profile 2130706434 for video/avc
11-26 21:16:31.734 W/VideoCapabilities( 7305): Unrecognized profile 2130706434 for video/avc
11-26 21:16:31.734 W/VideoCapabilities( 7305): Unrecognized profile 2130706434 for video/avc
11-26 21:16:31.734 W/VideoCapabilities( 7305): Unrecognized profile 2130706434 for video/avc
11-26 21:16:31.734 W/VideoCapabilities( 7305): Unrecognized profile 2130706434 for video/avc
11-26 21:16:31.734 W/VideoCapabilities( 7305): Unrecognized profile 2130706434 for video/avc
11-26 21:16:31.734 W/VideoCapabilities( 7305): Unrecognized profile 2130706434 for video/avc
11-26 21:16:31.734 W/VideoCapabilities( 7305): Unrecognized profile 2130706434 for video/avc
11-26 21:16:31.734 W/VideoCapabilities( 7305): Unrecognized profile 2130706434 for video/avc
11-26 21:16:31.734 W/VideoCapabilities( 7305): Unrecognized profile 2130706434 for video/avc
11-26 21:16:31.734 W/VideoCapabilities( 7305): Unrecognized profile 2130706434 for video/avc
11-26 21:16:31.734 W/VideoCapabilities( 7305): Unrecognized profile 2130706434 for video/avc
11-26 21:16:31.734 W/VideoCapabilities( 7305): Unrecognized profile 2130706434 for video/avc
11-26 21:16:31.734 W/VideoCapabilities( 7305): Unrecognized profile 2130706434 for video/avc
11-26 21:16:31.734 W/VideoCapabilities( 7305): Unrecognized profile 2130706434 for video/avc
11-26 21:16:31.734 W/VideoCapabilities( 7305): Unrecognized profile 2130706433 for video/avc
11-26 21:16:31.734 W/VideoCapabilities( 7305): Unrecognized profile 2130706433 for video/avc
11-26 21:16:31.734 W/VideoCapabilities( 7305): Unrecognized profile 2130706433 for video/avc
11-26 21:16:31.734 W/VideoCapabilities( 7305): Unrecognized profile 2130706433 for video/avc
11-26 21:16:31.734 W/VideoCapabilities( 7305): Unrecognized profile 2130706433 for video/avc
11-26 21:16:31.734 W/VideoCapabilities( 7305): Unrecognized profile 2130706433 for video/avc
11-26 21:16:31.734 W/VideoCapabilities( 7305): Unrecognized profile 2130706433 for video/avc
11-26 21:16:31.734 W/VideoCapabilities( 7305): Unrecognized profile 2130706433 for video/avc
11-26 21:16:31.734 W/VideoCapabilities( 7305): Unrecognized profile 2130706433 for video/avc
11-26 21:16:31.734 W/VideoCapabilities( 7305): Unrecognized profile 2130706433 for video/avc
11-26 21:16:31.734 W/VideoCapabilities( 7305): Unrecognized profile 2130706433 for video/avc
11-26 21:16:31.734 W/VideoCapabilities( 7305): Unrecognized profile 2130706433 for video/avc
11-26 21:16:31.734 W/VideoCapabilities( 7305): Unrecognized profile 2130706433 for video/avc
11-26 21:16:31.734 W/VideoCapabilities( 7305): Unrecognized profile 2130706433 for video/avc
11-26 21:16:31.734 W/VideoCapabilities( 7305): Unrecognized profile 2130706433 for video/avc
11-26 21:16:31.734 W/VideoCapabilities( 7305): Unrecognized profile 2130706433 for video/avc
11-26 21:16:31.734 W/VideoCapabilities( 7305): Unrecognized profile 2130706434 for video/avc
11-26 21:16:31.734 W/VideoCapabilities( 7305): Unrecognized profile 2130706434 for video/avc
11-26 21:16:31.734 W/VideoCapabilities( 7305): Unrecognized profile 2130706434 for video/avc
11-26 21:16:31.734 W/VideoCapabilities( 7305): Unrecognized profile 2130706434 for video/avc
11-26 21:16:31.734 W/VideoCapabilities( 7305): Unrecognized profile 2130706434 for video/avc
11-26 21:16:31.734 W/VideoCapabilities( 7305): Unrecognized profile 2130706434 for video/avc
11-26 21:16:31.734 W/VideoCapabilities( 7305): Unrecognized profile 2130706434 for video/avc
11-26 21:16:31.734 W/VideoCapabilities( 7305): Unrecognized profile 2130706434 for video/avc
11-26 21:16:31.734 W/VideoCapabilities( 7305): Unrecognized profile 2130706434 for video/avc
11-26 21:16:31.734 W/VideoCapabilities( 7305): Unrecognized profile 2130706434 for video/avc
11-26 21:16:31.734 W/VideoCapabilities( 7305): Unrecognized profile 2130706434 for video/avc
11-26 21:16:31.734 W/VideoCapabilities( 7305): Unrecognized profile 2130706434 for video/avc
11-26 21:16:31.734 W/VideoCapabilities( 7305): Unrecognized profile 2130706434 for video/avc
11-26 21:16:31.734 W/VideoCapabilities( 7305): Unrecognized profile 2130706434 for video/avc
11-26 21:16:31.734 W/VideoCapabilities( 7305): Unrecognized profile 2130706434 for video/avc
11-26 21:16:31.734 W/VideoCapabilities( 7305): Unrecognized profile 2130706434 for video/avc
11-26 21:16:31.734 W/VideoCapabilities( 7305): Unrecognized profile 2130706433 for video/avc
11-26 21:16:31.734 W/VideoCapabilities( 7305): Unrecognized profile 2130706433 for video/avc
11-26 21:16:31.734 W/VideoCapabilities( 7305): Unrecognized profile 2130706433 for video/avc
11-26 21:16:31.734 W/VideoCapabilities( 7305): Unrecognized profile 2130706433 for video/avc
11-26 21:16:31.734 W/VideoCapabilities( 7305): Unrecognized profile 2130706433 for video/avc
11-26 21:16:31.734 W/VideoCapabilities( 7305): Unrecognized profile 2130706433 for video/avc
11-26 21:16:31.744 W/VideoCapabilities( 7305): Unrecognized profile 2130706433 for video/avc
11-26 21:16:31.744 W/VideoCapabilities( 7305): Unrecognized profile 2130706433 for video/avc
11-26 21:16:31.744 W/VideoCapabilities( 7305): Unrecognized profile 2130706433 for video/avc
11-26 21:16:31.744 W/VideoCapabilities( 7305): Unrecognized profile 2130706433 for video/avc
11-26 21:16:31.744 W/VideoCapabilities( 7305): Unrecognized profile 2130706433 for video/avc
11-26 21:16:31.744 W/VideoCapabilities( 7305): Unrecognized profile 2130706433 for video/avc
11-26 21:16:31.744 W/VideoCapabilities( 7305): Unrecognized profile 2130706433 for video/avc
11-26 21:16:31.744 W/VideoCapabilities( 7305): Unrecognized profile 2130706433 for video/avc
11-26 21:16:31.744 W/VideoCapabilities( 7305): Unrecognized profile 2130706433 for video/avc
11-26 21:16:31.744 W/VideoCapabilities( 7305): Unrecognized profile 2130706433 for video/avc
11-26 21:16:31.744 W/VideoCapabilities( 7305): Unrecognized profile 2130706434 for video/avc
11-26 21:16:31.744 W/VideoCapabilities( 7305): Unrecognized profile 2130706434 for video/avc
11-26 21:16:31.744 W/VideoCapabilities( 7305): Unrecognized profile 2130706434 for video/avc
11-26 21:16:31.744 W/VideoCapabilities( 7305): Unrecognized profile 2130706434 for video/avc
11-26 21:16:31.744 W/VideoCapabilities( 7305): Unrecognized profile 2130706434 for video/avc
11-26 21:16:31.744 W/VideoCapabilities( 7305): Unrecognized profile 2130706434 for video/avc
11-26 21:16:31.744 W/VideoCapabilities( 7305): Unrecognized profile 2130706434 for video/avc
11-26 21:16:31.744 W/VideoCapabilities( 7305): Unrecognized profile 2130706434 for video/avc
11-26 21:16:31.744 W/VideoCapabilities( 7305): Unrecognized profile 2130706434 for video/avc
11-26 21:16:31.744 W/VideoCapabilities( 7305): Unrecognized profile 2130706434 for video/avc
11-26 21:16:31.744 W/VideoCapabilities( 7305): Unrecognized profile 2130706434 for video/avc
11-26 21:16:31.744 W/VideoCapabilities( 7305): Unrecognized profile 2130706434 for video/avc
11-26 21:16:31.744 W/VideoCapabilities( 7305): Unrecognized profile 2130706434 for video/avc
11-26 21:16:31.744 W/VideoCapabilities( 7305): Unrecognized profile 2130706434 for video/avc
11-26 21:16:31.744 W/VideoCapabilities( 7305): Unrecognized profile 2130706434 for video/avc
11-26 21:16:31.744 W/VideoCapabilities( 7305): Unrecognized profile 2130706434 for video/avc
11-26 21:16:31.744 W/VideoCapabilities( 7305): Unrecognized profile 2130706433 for video/avc
11-26 21:16:31.744 W/VideoCapabilities( 7305): Unrecognized profile 2130706433 for video/avc
11-26 21:16:31.744 W/VideoCapabilities( 7305): Unrecognized profile 2130706433 for video/avc
11-26 21:16:31.744 W/VideoCapabilities( 7305): Unrecognized profile 2130706433 for video/avc
11-26 21:16:31.744 W/VideoCapabilities( 7305): Unrecognized profile 2130706433 for video/avc
11-26 21:16:31.744 W/VideoCapabilities( 7305): Unrecognized profile 2130706433 for video/avc
11-26 21:16:31.744 W/VideoCapabilities( 7305): Unrecognized profile 2130706433 for video/avc
11-26 21:16:31.744 W/VideoCapabilities( 7305): Unrecognized profile 2130706433 for video/avc
11-26 21:16:31.744 W/VideoCapabilities( 7305): Unrecognized profile 2130706433 for video/avc
11-26 21:16:31.744 W/VideoCapabilities( 7305): Unrecognized profile 2130706433 for video/avc
11-26 21:16:31.744 W/VideoCapabilities( 7305): Unrecognized profile 2130706433 for video/avc
11-26 21:16:31.744 W/VideoCapabilities( 7305): Unrecognized profile 2130706433 for video/avc
11-26 21:16:31.744 W/VideoCapabilities( 7305): Unrecognized profile 2130706433 for video/avc
11-26 21:16:31.744 W/VideoCapabilities( 7305): Unrecognized profile 2130706433 for video/avc
11-26 21:16:31.744 W/VideoCapabilities( 7305): Unrecognized profile 2130706433 for video/avc
11-26 21:16:31.744 W/VideoCapabilities( 7305): Unrecognized profile 2130706433 for video/avc
11-26 21:16:31.744 W/VideoCapabilities( 7305): Unrecognized profile 2130706434 for video/avc
11-26 21:16:31.744 W/VideoCapabilities( 7305): Unrecognized profile 2130706434 for video/avc
11-26 21:16:31.744 W/VideoCapabilities( 7305): Unrecognized profile 2130706434 for video/avc
11-26 21:16:31.744 W/VideoCapabilities( 7305): Unrecognized profile 2130706434 for video/avc
11-26 21:16:31.744 W/VideoCapabilities( 7305): Unrecognized profile 2130706434 for video/avc
11-26 21:16:31.744 W/VideoCapabilities( 7305): Unrecognized profile 2130706434 for video/avc
11-26 21:16:31.744 W/VideoCapabilities( 7305): Unrecognized profile 2130706434 for video/avc
11-26 21:16:31.744 W/VideoCapabilities( 7305): Unrecognized profile 2130706434 for video/avc
11-26 21:16:31.744 W/VideoCapabilities( 7305): Unrecognized profile 2130706434 for video/avc
11-26 21:16:31.744 W/VideoCapabilities( 7305): Unrecognized profile 2130706434 for video/avc
11-26 21:16:31.744 W/VideoCapabilities( 7305): Unrecognized profile 2130706434 for video/avc
11-26 21:16:31.744 W/VideoCapabilities( 7305): Unrecognized profile 2130706434 for video/avc
11-26 21:16:31.744 W/VideoCapabilities( 7305): Unrecognized profile 2130706434 for video/avc
11-26 21:16:31.744 W/VideoCapabilities( 7305): Unrecognized profile 2130706434 for video/avc
11-26 21:16:31.744 W/VideoCapabilities( 7305): Unrecognized profile 2130706434 for video/avc
11-26 21:16:31.744 W/VideoCapabilities( 7305): Unrecognized profile 2130706434 for video/avc
11-26 21:16:31.744 W/VideoCapabilities( 7305): Unrecognized profile 2130706433 for video/avc
11-26 21:16:31.744 W/VideoCapabilities( 7305): Unrecognized profile 2130706433 for video/avc
11-26 21:16:31.744 W/VideoCapabilities( 7305): Unrecognized profile 2130706433 for video/avc
11-26 21:16:31.744 W/VideoCapabilities( 7305): Unrecognized profile 2130706433 for video/avc
11-26 21:16:31.744 W/VideoCapabilities( 7305): Unrecognized profile 2130706433 for video/avc
11-26 21:16:31.744 W/VideoCapabilities( 7305): Unrecognized profile 2130706433 for video/avc
11-26 21:16:31.744 W/VideoCapabilities( 7305): Unrecognized profile 2130706433 for video/avc
11-26 21:16:31.744 W/VideoCapabilities( 7305): Unrecognized profile 2130706433 for video/avc
11-26 21:16:31.744 W/VideoCapabilities( 7305): Unrecognized profile 2130706433 for video/avc
11-26 21:16:31.744 W/VideoCapabilities( 7305): Unrecognized profile 2130706433 for video/avc
11-26 21:16:31.744 W/VideoCapabilities( 7305): Unrecognized profile 2130706433 for video/avc
11-26 21:16:31.744 W/VideoCapabilities( 7305): Unrecognized profile 2130706433 for video/avc
11-26 21:16:31.744 W/VideoCapabilities( 7305): Unrecognized profile 2130706433 for video/avc
11-26 21:16:31.744 W/VideoCapabilities( 7305): Unrecognized profile 2130706433 for video/avc
11-26 21:16:31.744 W/VideoCapabilities( 7305): Unrecognized profile 2130706433 for video/avc
11-26 21:16:31.744 W/VideoCapabilities( 7305): Unrecognized profile 2130706433 for video/avc
11-26 21:16:31.744 W/VideoCapabilities( 7305): Unrecognized profile 2130706434 for video/avc
11-26 21:16:31.744 W/VideoCapabilities( 7305): Unrecognized profile 2130706434 for video/avc
11-26 21:16:31.744 W/VideoCapabilities( 7305): Unrecognized profile 2130706434 for video/avc
11-26 21:16:31.744 W/VideoCapabilities( 7305): Unrecognized profile 2130706434 for video/avc
11-26 21:16:31.744 W/VideoCapabilities( 7305): Unrecognized profile 2130706434 for video/avc
11-26 21:16:31.744 W/VideoCapabilities( 7305): Unrecognized profile 2130706434 for video/avc
11-26 21:16:31.744 W/VideoCapabilities( 7305): Unrecognized profile 2130706434 for video/avc
11-26 21:16:31.744 W/VideoCapabilities( 7305): Unrecognized profile 2130706434 for video/avc
11-26 21:16:31.744 W/VideoCapabilities( 7305): Unrecognized profile 2130706434 for video/avc
11-26 21:16:31.744 W/VideoCapabilities( 7305): Unrecognized profile 2130706434 for video/avc
11-26 21:16:31.744 W/VideoCapabilities( 7305): Unrecognized profile 2130706434 for video/avc
11-26 21:16:31.744 W/VideoCapabilities( 7305): Unrecognized profile 2130706434 for video/avc
11-26 21:16:31.744 W/VideoCapabilities( 7305): Unrecognized profile 2130706434 for video/avc
11-26 21:16:31.744 W/VideoCapabilities( 7305): Unrecognized profile 2130706434 for video/avc
11-26 21:16:31.744 W/VideoCapabilities( 7305): Unrecognized profile 2130706434 for video/avc
11-26 21:16:31.744 W/VideoCapabilities( 7305): Unrecognized profile 2130706434 for video/avc
11-26 21:16:31.744 I/SA      ( 7552): [SCU] get signed id from samsung account1.0 DB.
11-26 21:16:31.744 E/SQLiteLog( 7305): (284) automatic index on conversation_participants_view(conversation_id)
11-26 21:16:31.754 I/SA      ( 7552): [BDC] destroy
11-26 21:16:31.754 I/InjectionManager( 7659): Inside getClassLibPath + mLibMap{0=, 1=}
11-26 21:16:31.764 E/SQLiteLog( 7305): (284) automatic index on conversation_participants_view(conversation_id)
11-26 21:16:31.764 I/InjectionManager( 7641): Inside getClassLibPath caller 
11-26 21:16:31.764 D/InjectionManager( 7641): InjectionManager
11-26 21:16:31.764 D/InjectionManager( 7641): fillFeatureStoreMap com.samsung.android.app.accesscontrol
11-26 21:16:31.774 I/InjectionManager( 7659): Inside getClassLibPath caller 
11-26 21:16:31.774 I/InjectionManager( 7641): Constructor com.samsung.android.app.accesscontrol, Feature store :{}
11-26 21:16:31.774 I/InjectionManager( 7641): featureStore :{}
11-26 21:16:31.774 I/ProviderInstaller( 7305): Installed default security provider GmsCore_OpenSSL
11-26 21:16:31.784 D/InjectionManager( 7659): InjectionManager
11-26 21:16:31.784 D/InjectionManager( 7659): fillFeatureStoreMap com.samsung.android.securitylogagent
11-26 21:16:31.784 I/InjectionManager( 7659): Constructor com.samsung.android.securitylogagent, Feature store :{}
11-26 21:16:31.784 I/InjectionManager( 7659): featureStore :{}
11-26 21:16:31.804 E/Zygote  ( 7698): MountEmulatedStorage()
11-26 21:16:31.804 E/Zygote  ( 7698): v2
11-26 21:16:31.804 I/SELinux ( 7698): Function: selinux_compare_spd_ram , priority [2] , priority version is VE=SEPF_SM-G920I_5.1.1_0039
11-26 21:16:31.804 E/Zygote  ( 7698): accessInfo : 0
11-26 21:16:31.804 E/SELinux ( 7698): [DEBUG] get_category: variable seinfo: media sensitivity: NULL, cateogry: NULL
11-26 21:16:31.804 D/Finsky  ( 7535): [1] DailyHygiene.goMakeHygieneIfDirty: No need to run daily hygiene.
11-26 21:16:31.804 D/SettingsProvider( 3518): name = access_control_enabled
