11-19 18:52:12.861 D/LauncherActivity( 4350): onStop() com.sec.android.app.launcher.activities.LauncherActivity@188c61d4
11-19 18:52:12.861 D/SurfaceWidgetClient$ISurfaceWidgetStub( 4918): [237392/18] Surface widget visibility changed visibility = false on instance = 1
11-19 18:52:12.861 I/LauncherActivity( 4350): setEnableHotWord : false
11-19 18:52:12.871 D/LauncherActivity( 4350): onTrimMemory. Level: 20
11-19 18:52:12.871 V/MultiWindowTrayService(12792): onForegroundActivitiesChanged  /arrangeState : 0
11-19 18:52:12.881 V/MediaPlayerService( 2976): Create new media retriever from pid 3956
11-19 18:52:12.881 W/SavsMetadataRetriever( 2976): SavsMetadataRetriever::setDataSource CreateFromFD(48) offset= 0,  length=55903
11-19 18:52:12.881 D/PanelView( 3916): mClearAll.setVisibility - mIsFullyOpened : false isShade : true mHasNotification : true mIsUpwardFling : false mQsFullyExpanded : false isShadeLocked : false mClearAllVisible : false
11-19 18:52:12.891 D/LocationManagerService( 3532): getLastLocation: Request[POWER_LOW network requested=0 fastest=0 num=1]
11-19 18:52:12.891 D/PanelView( 3916): mClearAll.setVisibility - mIsFullyOpened : false isShade : true mHasNotification : true mIsUpwardFling : false mQsFullyExpanded : false isShadeLocked : false mClearAllVisible : false
11-19 18:52:12.901 D/PanelView( 3916): mClearAll.setVisibility - mIsFullyOpened : false isShade : true mHasNotification : true mIsUpwardFling : false mQsFullyExpanded : false isShadeLocked : false mClearAllVisible : false
11-19 18:52:12.911 I/SoundUtil(13907): Scanned /storage/emulated/0/Notifications/My Weather.mp3, uri=content://media/external/audio/media/31
11-19 18:52:12.911 I/SoundUtil(13907): LIGHTNING_ALERT_SOUND was already set to content://media/external/audio/media/31
11-19 18:52:12.921 D/MediaScanner( 3956): Constructor set externalStorageSdPath : null
11-19 18:52:12.921 I/qtaguid (13907): Untagging socket 25
11-19 18:52:12.921 D/LotameConnectionV2(13907): (TwcAd) response from server is {"Profile": {"tpid":"f4355273cfd8b6fead669478d5908d79","pid":"Ma92e44b32625496ac384bb4b28df51ea0916e984","Audiences": {"Audience":[{"id":"93284","abbr":"A788"},{"id":"21177","abbr":"all"}]}}}
11-19 18:52:12.921 D/MediaScanner( 3956): scanSingleFile : 7klwibgf7fvntblfd7(7Uwlrercblrwuk7Vz Ofblpfi5vh+
11-19 18:52:12.921 D/LotameConnectionV2(13907): (TwcAd) Parameter update {LOTAME=93284,21177, TPID=f4355273cfd8b6fead669478d5908d79, LPID=Ma92e44b32625496ac384bb4b28df51ea0916e984}
11-19 18:52:12.931 D/MediaScanner( 3956): Prescan. DB items number : 184 DB_FILES_NUMBER_CACHING_LIMITATION : 7000  Caching mode : true
11-19 18:52:12.951 V/MediaPlayerService( 2976): Create new media retriever from pid 3956
11-19 18:52:12.951 W/SavsMetadataRetriever( 2976): SavsMetadataRetriever::setDataSource CreateFromFD(48) offset= 0,  length=55903
11-19 18:52:12.951 E/WifiStateMachine( 3532): WifiStateMachine CMD_START_SCAN source 10011 txSuccessRate=41.12 rxSuccessRate=29.05 targetRoamBSSID=a0:63:91:0d:40:04 RSSI=-58
11-19 18:52:12.951 I/wpa_supplicant( 3850): wlan0: Setting scan request: 0 sec 0 usec
11-19 18:52:12.951 I/wpa_supplicant( 3850): P2P: Current p2p state = IDLE
11-19 18:52:12.951 I/WebViewFactory(13907): Loading com.google.android.webview version 46.0.2490.76 (code 249007650)
11-19 18:52:12.951 I/wpa_supplicant( 3850): Scan requested (ret=0) - scan timeout 30 seconds
11-19 18:52:12.951 I/InjectionManager(13907): Inside getClassLibPath caller 
11-19 18:52:12.961 I/cr.library_loader(13907): Time to load native libraries: 1 ms (timestamps 6143-6144)
11-19 18:52:12.961 I/cr.library_loader(13907): Expected native library version number "46.0.2490.76", actual native library version number "46.0.2490.76"
11-19 18:52:12.971 I/System.out(13907): (HTTPLog)-Static: isSBSettingEnabled false
11-19 18:52:12.971 I/System.out(13907): KnoxVpnUidStorageknoxVpnSupported API value returned is false
11-19 18:52:12.971 D/EnterpriseController( 2967): mIsMarkChainAdded is 0 mIsBlockChainAdded is 0 netId is 0
11-19 18:52:12.971 D/Netd    ( 2967): getNetworkForDns: using netid 505 for uid 10225
11-19 18:52:12.971 I/SoundUtil(13907): Scanned /storage/emulated/0/Notifications/My Weather.mp3, uri=content://media/external/audio/media/31
11-19 18:52:12.971 I/SoundUtil(13907): SIGNIFICANT_WEATHER_FORECAST_ALERTS_SOUND was already set to content://media/external/audio/media/31
11-19 18:52:13.011 D/StatusBar.NetworkController( 3916): refreshViews connected={ wifi } level=4 combinedSignalIconId=0x7f020561/com.android.systemui:drawable/stat_sys_wifi_signal_4 mobileLabel=Emergency calls only wifiLabel="QA" emergencyOnly=true combinedLabel="QA" mAirplaneMode=false mDataActivity=0 mPhoneSignalIconId=0x7f0204e2/com.android.systemui:drawable/stat_sys_signal_4_auto_rotate mQSPhoneSignalIconId=0x7f020115/com.android.systemui:drawable/ic_qs_signal_4 mDataDirectionIconId=0x0/(null) mDataSignalIconId=0x7f0204e2/com.android.systemui:drawable/stat_sys_signal_4_auto_rotate mDataTypeIconId=0x0/(null) mQSDataTypeIconId=0x0/(null) mNoSimIconId=0x0/(null) mWifiIconId=0x7f020561/com.android.systemui:drawable/stat_sys_wifi_signal_4 mQSWifiIconId=0x7f02012b/com.android.systemui:drawable/ic_qs_wifi_4 mWifiActivityIconId=0x7f020515/com.android.systemui:drawable/stat_sys_signal_inout mBluetoothTetherIconId=0x7f02053e/com.android.systemui:drawable/stat_sys_tether_bluetooth
11-19 18:52:13.011 D/STATUSBAR-WifiTile( 3916): onWifiSignalChanged enabled=true enabledDesc:"QA"
11-19 18:52:13.011 D/StatusBar.NetworkController( 3916): refreshNwBoosterIndicator - setNWBoosterIndicators(false)
11-19 18:52:13.011 D/StatusBar.NetworkController( 3916): refreshNwBoosterIndicator - setNWBoosterIndicators(false)
11-19 18:52:13.011 D/StatusBar.NetworkController( 3916): refreshNwBoosterIndicator - setNWBoosterIndicators(false)
11-19 18:52:13.011 D/StatusBar.NetworkController( 3916): refreshNwBoosterIndicator - setNWBoosterIndicators(false)
11-19 18:52:13.041 I/SurfaceFlinger( 2952): id=473 Removed Xeather (7/9)
11-19 18:52:13.041 I/SurfaceFlinger( 2952): id=473 Removed Xeather (-2/9)
11-19 18:52:13.051 D/KeepAlive(13907): cancel()
11-19 18:52:13.051 D/KeepAlive(13907): reset:86400000
11-19 18:52:13.051 D/KeepAlive(13907): cancel()
11-19 18:52:13.051 D/KeepAlive(13907): start(0)
11-19 18:52:13.451 I/qtaguid (13907): Untagging socket 29
11-19 18:52:13.451 D/WeatherFxConnection(13907): (TwcAd) response from server is {"wfxtg":{"current":[],"dailyForecast":[{"day":1,"trigger":[]},{"day":2,"trigger":[]},{"day":3,"trigger":[]}],"scatterSegs":[{"zcs":[{"zip":"nl","error":"key does not exist"}]},{"hzcs":[{"zip":"500005","error":"key does not exist"}]},{"nzcs":[{"zip":"nl","error":"key does not exist"}]}]}}
11-19 18:52:13.461 D/WeatherFxResponse(13907): (TwcAd) {"wfxtg":{"current":[],"dailyForecast":[{"day":1,"trigger":[]},{"day":2,"trigger":[]},{"day":3,"trigger":[]}],"scatterSegs":[{"zcs":[{"zip":"nl","error":"key does not exist"}]},{"hzcs":[{"zip":"500005","error":"key does not exist"}]},{"nzcs":[{"zip":"nl","error":"key does not exist"}]}]}}
11-19 18:52:13.471 D/WeatherFxConnection(13907): (TwcAd) Parameter update {WEATHERFX=nl, HZCS=nl}
11-19 18:52:13.481 I/qtaguid (13907): Untagging socket 67
11-19 18:52:13.501 W/TwcDateParser(13907): (TwcGeneral) Unparseable date: "2015-11-19T07:00:00+0530" (at offset 19) :DateFormatter used: yyyy-MM-dd'T'HH:mm:ss.SSSZZ
11-19 18:52:13.501 W/TwcDateParser(13907): (TwcGeneral) Unparseable date: "2015-11-20T07:00:00+0530" (at offset 19) :DateFormatter used: yyyy-MM-dd'T'HH:mm:ss.SSSZZ
11-19 18:52:13.501 W/TwcDateParser(13907): (TwcGeneral) Unparseable date: "2015-11-21T07:00:00+0530" (at offset 19) :DateFormatter used: yyyy-MM-dd'T'HH:mm:ss.SSSZZ
11-19 18:52:13.501 W/TwcDateParser(13907): (TwcGeneral) Unparseable date: "2015-11-22T07:00:00+0530" (at offset 19) :DateFormatter used: yyyy-MM-dd'T'HH:mm:ss.SSSZZ
11-19 18:52:13.501 W/TwcDateParser(13907): (TwcGeneral) Unparseable date: "2015-11-23T07:00:00+0530" (at offset 19) :DateFormatter used: yyyy-MM-dd'T'HH:mm:ss.SSSZZ
11-19 18:52:13.511 W/TwcDateParser(13907): (TwcGeneral) Unparseable date: "2015-11-24T07:00:00+0530" (at offset 19) :DateFormatter used: yyyy-MM-dd'T'HH:mm:ss.SSSZZ
11-19 18:52:13.511 W/TwcDateParser(13907): (TwcGeneral) Unparseable date: "2015-11-25T07:00:00+0530" (at offset 19) :DateFormatter used: yyyy-MM-dd'T'HH:mm:ss.SSSZZ
11-19 18:52:13.511 W/TwcDateParser(13907): (TwcGeneral) Unparseable date: "2015-11-26T07:00:00+0530" (at offset 19) :DateFormatter used: yyyy-MM-dd'T'HH:mm:ss.SSSZZ
11-19 18:52:13.511 W/TwcDateParser(13907): (TwcGeneral) Unparseable date: "2015-11-27T07:00:00+0530" (at offset 19) :DateFormatter used: yyyy-MM-dd'T'HH:mm:ss.SSSZZ
11-19 18:52:13.511 W/TwcDateParser(13907): (TwcGeneral) Unparseable date: "2015-11-28T07:00:00+0530" (at offset 19) :DateFormatter used: yyyy-MM-dd'T'HH:mm:ss.SSSZZ
11-19 18:52:13.511 W/TwcDateParser(13907): (TwcGeneral) Unparseable date: "2015-11-29T07:00:00+0530" (at offset 19) :DateFormatter used: yyyy-MM-dd'T'HH:mm:ss.SSSZZ
11-19 18:52:13.511 W/TwcDateParser(13907): (TwcGeneral) Unparseable date: "2015-11-30T07:00:00+0530" (at offset 19) :DateFormatter used: yyyy-MM-dd'T'HH:mm:ss.SSSZZ
11-19 18:52:13.521 W/TwcDateParser(13907): (TwcGeneral) Unparseable date: "2015-12-01T07:00:00+0530" (at offset 19) :DateFormatter used: yyyy-MM-dd'T'HH:mm:ss.SSSZZ
11-19 18:52:13.521 W/TwcDateParser(13907): (TwcGeneral) Unparseable date: "2015-12-02T07:00:00+0530" (at offset 19) :DateFormatter used: yyyy-MM-dd'T'HH:mm:ss.SSSZZ
11-19 18:52:13.521 W/TwcDateParser(13907): (TwcGeneral) Unparseable date: "2015-12-03T07:00:00+0530" (at offset 19) :DateFormatter used: yyyy-MM-dd'T'HH:mm:ss.SSSZZ
11-19 18:52:13.521 W/TwcDateParser(13907): (TwcGeneral) Unparseable date: "2015-11-19T06:23:15+0530" (at offset 19) :DateFormatter used: yyyy-MM-dd'T'HH:mm:ss.SSSZZ
11-19 18:52:13.521 W/TwcDateParser(13907): (TwcGeneral) Unparseable date: "2015-11-20T06:23:49+0530" (at offset 19) :DateFormatter used: yyyy-MM-dd'T'HH:mm:ss.SSSZZ
11-19 18:52:13.521 W/TwcDateParser(13907): (TwcGeneral) Unparseable date: "2015-11-21T06:24:22+0530" (at offset 19) :DateFormatter used: yyyy-MM-dd'T'HH:mm:ss.SSSZZ
11-19 18:52:13.521 W/TwcDateParser(13907): (TwcGeneral) Unparseable date: "2015-11-22T06:24:56+0530" (at offset 19) :DateFormatter used: yyyy-MM-dd'T'HH:mm:ss.SSSZZ
11-19 18:52:13.521 W/TwcDateParser(13907): (TwcGeneral) Unparseable date: "2015-11-23T06:25:31+0530" (at offset 19) :DateFormatter used: yyyy-MM-dd'T'HH:mm:ss.SSSZZ
11-19 18:52:13.531 W/TwcDateParser(13907): (TwcGeneral) Unparseable date: "2015-11-24T06:26:05+0530" (at offset 19) :DateFormatter used: yyyy-MM-dd'T'HH:mm:ss.SSSZZ
11-19 18:52:13.531 W/TwcDateParser(13907): (TwcGeneral) Unparseable date: "2015-11-25T06:26:40+0530" (at offset 19) :DateFormatter used: yyyy-MM-dd'T'HH:mm:ss.SSSZZ
11-19 18:52:13.531 W/TwcDateParser(13907): (TwcGeneral) Unparseable date: "2015-11-26T06:27:15+0530" (at offset 19) :DateFormatter used: yyyy-MM-dd'T'HH:mm:ss.SSSZZ
11-19 18:52:13.531 W/TwcDateParser(13907): (TwcGeneral) Unparseable date: "2015-11-27T06:27:51+0530" (at offset 19) :DateFormatter used: yyyy-MM-dd'T'HH:mm:ss.SSSZZ
11-19 18:52:13.531 W/TwcDateParser(13907): (TwcGeneral) Unparseable date: "2015-11-28T06:28:26+0530" (at offset 19) :DateFormatter used: yyyy-MM-dd'T'HH:mm:ss.SSSZZ
11-19 18:52:13.531 W/TwcDateParser(13907): (TwcGeneral) Unparseable date: "2015-11-29T06:29:02+0530" (at offset 19) :DateFormatter used: yyyy-MM-dd'T'HH:mm:ss.SSSZZ
11-19 18:52:13.531 W/TwcDateParser(13907): (TwcGeneral) Unparseable date: "2015-11-30T06:29:38+0530" (at offset 19) :DateFormatter used: yyyy-MM-dd'T'HH:mm:ss.SSSZZ
11-19 18:52:13.531 W/TwcDateParser(13907): (TwcGeneral) Unparseable date: "2015-12-01T06:30:14+0530" (at offset 19) :DateFormatter used: yyyy-MM-dd'T'HH:mm:ss.SSSZZ
11-19 18:52:13.531 W/TwcDateParser(13907): (TwcGeneral) Unparseable date: "2015-12-02T06:30:50+0530" (at offset 19) :DateFormatter used: yyyy-MM-dd'T'HH:mm:ss.SSSZZ
11-19 18:52:13.541 W/TwcDateParser(13907): (TwcGeneral) Unparseable date: "2015-12-03T06:31:27+0530" (at offset 19) :DateFormatter used: yyyy-MM-dd'T'HH:mm:ss.SSSZZ
11-19 18:52:13.541 W/TwcDateParser(13907): (TwcGeneral) Unparseable date: "2015-11-19T17:39:53+0530" (at offset 19) :DateFormatter used: yyyy-MM-dd'T'HH:mm:ss.SSSZZ
11-19 18:52:13.541 W/TwcDateParser(13907): (TwcGeneral) Unparseable date: "2015-11-20T17:39:47+0530" (at offset 19) :DateFormatter used: yyyy-MM-dd'T'HH:mm:ss.SSSZZ
11-19 18:52:13.541 W/TwcDateParser(13907): (TwcGeneral) Unparseable date: "2015-11-21T17:39:43+0530" (at offset 19) :DateFormatter used: yyyy-MM-dd'T'HH:mm:ss.SSSZZ
11-19 18:52:13.541 W/TwcDateParser(13907): (TwcGeneral) Unparseable date: "2015-11-22T17:39:40+0530" (at offset 19) :DateFormatter used: yyyy-MM-dd'T'HH:mm:ss.SSSZZ
11-19 18:52:13.541 W/TwcDateParser(13907): (TwcGeneral) Unparseable date: "2015-11-23T17:39:38+0530" (at offset 19) :DateFormatter used: yyyy-MM-dd'T'HH:mm:ss.SSSZZ
11-19 18:52:13.541 W/TwcDateParser(13907): (TwcGeneral) Unparseable date: "2015-11-24T17:39:38+0530" (at offset 19) :DateFormatter used: yyyy-MM-dd'T'HH:mm:ss.SSSZZ
11-19 18:52:13.541 W/TwcDateParser(13907): (TwcGeneral) Unparseable date: "2015-11-25T17:39:38+0530" (at offset 19) :DateFormatter used: yyyy-MM-dd'T'HH:mm:ss.SSSZZ
11-19 18:52:13.541 W/TwcDateParser(13907): (TwcGeneral) Unparseable date: "2015-11-26T17:39:40+0530" (at offset 19) :DateFormatter used: yyyy-MM-dd'T'HH:mm:ss.SSSZZ
11-19 18:52:13.551 W/TwcDateParser(13907): (TwcGeneral) Unparseable date: "2015-11-27T17:39:44+0530" (at offset 19) :DateFormatter used: yyyy-MM-dd'T'HH:mm:ss.SSSZZ
11-19 18:52:13.551 W/TwcDateParser(13907): (TwcGeneral) Unparseable date: "2015-11-28T17:39:48+0530" (at offset 19) :DateFormatter used: yyyy-MM-dd'T'HH:mm:ss.SSSZZ
11-19 18:52:13.551 W/TwcDateParser(13907): (TwcGeneral) Unparseable date: "2015-11-29T17:39:54+0530" (at offset 19) :DateFormatter used: yyyy-MM-dd'T'HH:mm:ss.SSSZZ
11-19 18:52:13.551 W/TwcDateParser(13907): (TwcGeneral) Unparseable date: "2015-11-30T17:40:01+0530" (at offset 19) :DateFormatter used: yyyy-MM-dd'T'HH:mm:ss.SSSZZ
11-19 18:52:13.551 W/TwcDateParser(13907): (TwcGeneral) Unparseable date: "2015-12-01T17:40:09+0530" (at offset 19) :DateFormatter used: yyyy-MM-dd'T'HH:mm:ss.SSSZZ
11-19 18:52:13.551 W/TwcDateParser(13907): (TwcGeneral) Unparseable date: "2015-12-02T17:40:18+0530" (at offset 19) :DateFormatter used: yyyy-MM-dd'T'HH:mm:ss.SSSZZ
11-19 18:52:13.551 W/TwcDateParser(13907): (TwcGeneral) Unparseable date: "2015-12-03T17:40:29+0530" (at offset 19) :DateFormatter used: yyyy-MM-dd'T'HH:mm:ss.SSSZZ
11-19 18:52:13.551 W/TwcDateParser(13907): (TwcGeneral) Unparseable date: "2015-11-19T12:30:20+0530" (at offset 19) :DateFormatter used: yyyy-MM-dd'T'HH:mm:ss.SSSZZ
11-19 18:52:13.551 W/TwcDateParser(13907): (TwcGeneral) Unparseable date: "2015-11-20T13:17:07+0530" (at offset 19) :DateFormatter used: yyyy-MM-dd'T'HH:mm:ss.SSSZZ
11-19 18:52:13.551 W/TwcDateParser(13907): (TwcGeneral) Unparseable date: "2015-11-21T14:03:09+0530" (at offset 19) :DateFormatter used: yyyy-MM-dd'T'HH:mm:ss.SSSZZ
11-19 18:52:13.551 W/TwcDateParser(13907): (TwcGeneral) Unparseable date: "2015-11-22T14:50:41+0530" (at offset 19) :DateFormatter used: yyyy-MM-dd'T'HH:mm:ss.SSSZZ
11-19 18:52:13.551 W/TwcDateParser(13907): (TwcGeneral) Unparseable date: "2015-11-23T15:38:53+0530" (at offset 19) :DateFormatter used: yyyy-MM-dd'T'HH:mm:ss.SSSZZ
11-19 18:52:13.551 W/TwcDateParser(13907): (TwcGeneral) Unparseable date: "2015-11-24T16:29:40+0530" (at offset 19) :DateFormatter used: yyyy-MM-dd'T'HH:mm:ss.SSSZZ
11-19 18:52:13.551 W/TwcDateParser(13907): (TwcGeneral) Unparseable date: "2015-11-25T17:22:49+0530" (at offset 19) :DateFormatter used: yyyy-MM-dd'T'HH:mm:ss.SSSZZ
11-19 18:52:13.551 W/TwcDateParser(13907): (TwcGeneral) Unparseable date: "2015-11-26T18:17:46+0530" (at offset 19) :DateFormatter used: yyyy-MM-dd'T'HH:mm:ss.SSSZZ
11-19 18:52:13.551 W/TwcDateParser(13907): (TwcGeneral) Unparseable date: "2015-11-27T19:14:39+0530" (at offset 19) :DateFormatter used: yyyy-MM-dd'T'HH:mm:ss.SSSZZ
11-19 18:52:13.551 W/TwcDateParser(13907): (TwcGeneral) Unparseable date: "2015-11-28T20:11:01+0530" (at offset 19) :DateFormatter used: yyyy-MM-dd'T'HH:mm:ss.SSSZZ
11-19 18:52:13.551 W/TwcDateParser(13907): (TwcGeneral) Unparseable date: "2015-11-29T21:07:11+0530" (at offset 19) :DateFormatter used: yyyy-MM-dd'T'HH:mm:ss.SSSZZ
11-19 18:52:13.551 W/TwcDateParser(13907): (TwcGeneral) Unparseable date: "2015-11-30T22:00:39+0530" (at offset 19) :DateFormatter used: yyyy-MM-dd'T'HH:mm:ss.SSSZZ
11-19 18:52:13.551 W/TwcDateParser(13907): (TwcGeneral) Unparseable date: "2015-12-01T22:52:53+0530" (at offset 19) :DateFormatter used: yyyy-MM-dd'T'HH:mm:ss.SSSZZ
11-19 18:52:13.551 W/TwcDateParser(13907): (TwcGeneral) Unparseable date: "2015-12-02T23:42:18+0530" (at offset 19) :DateFormatter used: yyyy-MM-dd'T'HH:mm:ss.SSSZZ
11-19 18:52:13.551 W/TwcDateParser(13907): (TwcGeneral) Unparseable date: "2015-11-20T00:31:30+0530" (at offset 19) :DateFormatter used: yyyy-MM-dd'T'HH:mm:ss.SSSZZ
11-19 18:52:13.561 W/TwcDateParser(13907): (TwcGeneral) Unparseable date: "2015-11-21T01:29:26+0530" (at offset 19) :DateFormatter used: yyyy-MM-dd'T'HH:mm:ss.SSSZZ
11-19 18:52:13.561 W/TwcDateParser(13907): (TwcGeneral) Unparseable date: "2015-11-22T02:28:18+0530" (at offset 19) :DateFormatter used: yyyy-MM-dd'T'HH:mm:ss.SSSZZ
11-19 18:52:13.561 W/TwcDateParser(13907): (TwcGeneral) Unparseable date: "2015-11-23T03:28:23+0530" (at offset 19) :DateFormatter used: yyyy-MM-dd'T'HH:mm:ss.SSSZZ
11-19 18:52:13.561 W/TwcDateParser(13907): (TwcGeneral) Unparseable date: "2015-11-24T04:29:32+0530" (at offset 19) :DateFormatter used: yyyy-MM-dd'T'HH:mm:ss.SSSZZ
11-19 18:52:13.561 W/TwcDateParser(13907): (TwcGeneral) Unparseable date: "2015-11-25T05:31:28+0530" (at offset 19) :DateFormatter used: yyyy-MM-dd'T'HH:mm:ss.SSSZZ
11-19 18:52:13.561 W/TwcDateParser(13907): (TwcGeneral) Unparseable date: "2015-11-26T06:33:23+0530" (at offset 19) :DateFormatter used: yyyy-MM-dd'T'HH:mm:ss.SSSZZ
11-19 18:52:13.561 W/TwcDateParser(13907): (TwcGeneral) Unparseable date: "2015-11-27T07:33:42+0530" (at offset 19) :DateFormatter used: yyyy-MM-dd'T'HH:mm:ss.SSSZZ
11-19 18:52:13.561 W/TwcDateParser(13907): (TwcGeneral) Unparseable date: "2015-11-28T08:31:25+0530" (at offset 19) :DateFormatter used: yyyy-MM-dd'T'HH:mm:ss.SSSZZ
11-19 18:52:13.561 W/TwcDateParser(13907): (TwcGeneral) Unparseable date: "2015-11-29T09:25:16+0530" (at offset 19) :DateFormatter used: yyyy-MM-dd'T'HH:mm:ss.SSSZZ
11-19 18:52:13.561 W/TwcDateParser(13907): (TwcGeneral) Unparseable date: "2015-11-30T10:14:34+0530" (at offset 19) :DateFormatter used: yyyy-MM-dd'T'HH:mm:ss.SSSZZ
11-19 18:52:13.561 W/TwcDateParser(13907): (TwcGeneral) Unparseable date: "2015-12-01T11:00:28+0530" (at offset 19) :DateFormatter used: yyyy-MM-dd'T'HH:mm:ss.SSSZZ
11-19 18:52:13.561 W/TwcDateParser(13907): (TwcGeneral) Unparseable date: "2015-12-02T11:42:09+0530" (at offset 19) :DateFormatter used: yyyy-MM-dd'T'HH:mm:ss.SSSZZ
11-19 18:52:13.561 W/TwcDateParser(13907): (TwcGeneral) Unparseable date: "2015-12-03T12:21:49+0530" (at offset 19) :DateFormatter used: yyyy-MM-dd'T'HH:mm:ss.SSSZZ
11-19 18:52:13.561 W/TwcDateParser(13907): (TwcGeneral) Unparseable date: "2015-11-19T19:30:00+0530" (at offset 19) :DateFormatter used: yyyy-MM-dd'T'HH:mm:ss.SSSZZ
11-19 18:52:13.561 W/TwcDateParser(13907): (TwcGeneral) Unparseable date: "2015-11-19T20:30:00+0530" (at offset 19) :DateFormatter used: yyyy-MM-dd'T'HH:mm:ss.SSSZZ
11-19 18:52:13.561 W/TwcDateParser(13907): (TwcGeneral) Unparseable date: "2015-11-19T21:30:00+0530" (at offset 19) :DateFormatter used: yyyy-MM-dd'T'HH:mm:ss.SSSZZ
11-19 18:52:13.561 W/TwcDateParser(13907): (TwcGeneral) Unparseable date: "2015-11-19T22:30:00+0530" (at offset 19) :DateFormatter used: yyyy-MM-dd'T'HH:mm:ss.SSSZZ
11-19 18:52:13.561 W/TwcDateParser(13907): (TwcGeneral) Unparseable date: "2015-11-19T23:30:00+0530" (at offset 19) :DateFormatter used: yyyy-MM-dd'T'HH:mm:ss.SSSZZ
11-19 18:52:13.561 W/TwcDateParser(13907): (TwcGeneral) Unparseable date: "2015-11-20T00:30:00+0530" (at offset 19) :DateFormatter used: yyyy-MM-dd'T'HH:mm:ss.SSSZZ
11-19 18:52:13.561 W/TwcDateParser(13907): (TwcGeneral) Unparseable date: "2015-11-20T01:30:00+0530" (at offset 19) :DateFormatter used: yyyy-MM-dd'T'HH:mm:ss.SSSZZ
11-19 18:52:13.561 W/TwcDateParser(13907): (TwcGeneral) Unparseable date: "2015-11-20T02:30:00+0530" (at offset 19) :DateFormatter used: yyyy-MM-dd'T'HH:mm:ss.SSSZZ
11-19 18:52:13.561 W/TwcDateParser(13907): (TwcGeneral) Unparseable date: "2015-11-20T03:30:00+0530" (at offset 19) :DateFormatter used: yyyy-MM-dd'T'HH:mm:ss.SSSZZ
11-19 18:52:13.571 W/TwcDateParser(13907): (TwcGeneral) Unparseable date: "2015-11-20T04:30:00+0530" (at offset 19) :DateFormatter used: yyyy-MM-dd'T'HH:mm:ss.SSSZZ
11-19 18:52:13.571 W/TwcDateParser(13907): (TwcGeneral) Unparseable date: "2015-11-20T05:30:00+0530" (at offset 19) :DateFormatter used: yyyy-MM-dd'T'HH:mm:ss.SSSZZ
11-19 18:52:13.571 W/TwcDateParser(13907): (TwcGeneral) Unparseable date: "2015-11-20T06:30:00+0530" (at offset 19) :DateFormatter used: yyyy-MM-dd'T'HH:mm:ss.SSSZZ
11-19 18:52:13.571 W/TwcDateParser(13907): (TwcGeneral) Unparseable date: "2015-11-20T07:30:00+0530" (at offset 19) :DateFormatter used: yyyy-MM-dd'T'HH:mm:ss.SSSZZ
11-19 18:52:13.571 W/TwcDateParser(13907): (TwcGeneral) Unparseable date: "2015-11-20T08:30:00+0530" (at offset 19) :DateFormatter used: yyyy-MM-dd'T'HH:mm:ss.SSSZZ
11-19 18:52:13.571 W/TwcDateParser(13907): (TwcGeneral) Unparseable date: "2015-11-20T09:30:00+0530" (at offset 19) :DateFormatter used: yyyy-MM-dd'T'HH:mm:ss.SSSZZ
11-19 18:52:13.571 W/TwcDateParser(13907): (TwcGeneral) Unparseable date: "2015-11-20T10:30:00+0530" (at offset 19) :DateFormatter used: yyyy-MM-dd'T'HH:mm:ss.SSSZZ
11-19 18:52:13.571 W/TwcDateParser(13907): (TwcGeneral) Unparseable date: "2015-11-20T11:30:00+0530" (at offset 19) :DateFormatter used: yyyy-MM-dd'T'HH:mm:ss.SSSZZ
11-19 18:52:13.571 W/TwcDateParser(13907): (TwcGeneral) Unparseable date: "2015-11-20T12:30:00+0530" (at offset 19) :DateFormatter used: yyyy-MM-dd'T'HH:mm:ss.SSSZZ
11-19 18:52:13.571 W/TwcDateParser(13907): (TwcGeneral) Unparseable date: "2015-11-20T13:30:00+0530" (at offset 19) :DateFormatter used: yyyy-MM-dd'T'HH:mm:ss.SSSZZ
11-19 18:52:13.571 W/TwcDateParser(13907): (TwcGeneral) Unparseable date: "2015-11-20T14:30:00+0530" (at offset 19) :DateFormatter used: yyyy-MM-dd'T'HH:mm:ss.SSSZZ
11-19 18:52:13.571 W/TwcDateParser(13907): (TwcGeneral) Unparseable date: "2015-11-20T15:30:00+0530" (at offset 19) :DateFormatter used: yyyy-MM-dd'T'HH:mm:ss.SSSZZ
11-19 18:52:13.571 W/TwcDateParser(13907): (TwcGeneral) Unparseable date: "2015-11-20T16:30:00+0530" (at offset 19) :DateFormatter used: yyyy-MM-dd'T'HH:mm:ss.SSSZZ
11-19 18:52:13.571 W/TwcDateParser(13907): (TwcGeneral) Unparseable date: "2015-11-20T17:30:00+0530" (at offset 19) :DateFormatter used: yyyy-MM-dd'T'HH:mm:ss.SSSZZ
11-19 18:52:13.571 W/TwcDateParser(13907): (TwcGeneral) Unparseable date: "2015-11-20T18:30:00+0530" (at offset 19) :DateFormatter used: yyyy-MM-dd'T'HH:mm:ss.SSSZZ
11-19 18:52:13.571 W/TwcDateParser(13907): (TwcGeneral) Unparseable date: "2015-11-20T19:30:00+0530" (at offset 19) :DateFormatter used: yyyy-MM-dd'T'HH:mm:ss.SSSZZ
11-19 18:52:13.571 W/TwcDateParser(13907): (TwcGeneral) Unparseable date: "2015-11-20T20:30:00+0530" (at offset 19) :DateFormatter used: yyyy-MM-dd'T'HH:mm:ss.SSSZZ
11-19 18:52:13.571 W/TwcDateParser(13907): (TwcGeneral) Unparseable date: "2015-11-20T21:30:00+0530" (at offset 19) :DateFormatter used: yyyy-MM-dd'T'HH:mm:ss.SSSZZ
11-19 18:52:13.571 W/TwcDateParser(13907): (TwcGeneral) Unparseable date: "2015-11-20T22:30:00+0530" (at offset 19) :DateFormatter used: yyyy-MM-dd'T'HH:mm:ss.SSSZZ
11-19 18:52:13.571 W/TwcDateParser(13907): (TwcGeneral) Unparseable date: "2015-11-20T23:30:00+0530" (at offset 19) :DateFormatter used: yyyy-MM-dd'T'HH:mm:ss.SSSZZ
11-19 18:52:13.571 W/TwcDateParser(13907): (TwcGeneral) Unparseable date: "2015-11-21T00:30:00+0530" (at offset 19) :DateFormatter used: yyyy-MM-dd'T'HH:mm:ss.SSSZZ
11-19 18:52:13.571 W/TwcDateParser(13907): (TwcGeneral) Unparseable date: "2015-11-21T01:30:00+0530" (at offset 19) :DateFormatter used: yyyy-MM-dd'T'HH:mm:ss.SSSZZ
11-19 18:52:13.571 W/TwcDateParser(13907): (TwcGeneral) Unparseable date: "2015-11-21T02:30:00+0530" (at offset 19) :DateFormatter used: yyyy-MM-dd'T'HH:mm:ss.SSSZZ
11-19 18:52:13.571 W/TwcDateParser(13907): (TwcGeneral) Unparseable date: "2015-11-21T03:30:00+0530" (at offset 19) :DateFormatter used: yyyy-MM-dd'T'HH:mm:ss.SSSZZ
11-19 18:52:13.571 W/TwcDateParser(13907): (TwcGeneral) Unparseable date: "2015-11-21T04:30:00+0530" (at offset 19) :DateFormatter used: yyyy-MM-dd'T'HH:mm:ss.SSSZZ
11-19 18:52:13.571 W/TwcDateParser(13907): (TwcGeneral) Unparseable date: "2015-11-21T05:30:00+0530" (at offset 19) :DateFormatter used: yyyy-MM-dd'T'HH:mm:ss.SSSZZ
11-19 18:52:13.571 W/TwcDateParser(13907): (TwcGeneral) Unparseable date: "2015-11-21T06:30:00+0530" (at offset 19) :DateFormatter used: yyyy-MM-dd'T'HH:mm:ss.SSSZZ
11-19 18:52:13.571 W/TwcDateParser(13907): (TwcGeneral) Unparseable date: "2015-11-21T07:30:00+0530" (at offset 19) :DateFormatter used: yyyy-MM-dd'T'HH:mm:ss.SSSZZ
11-19 18:52:13.571 W/TwcDateParser(13907): (TwcGeneral) Unparseable date: "2015-11-21T08:30:00+0530" (at offset 19) :DateFormatter used: yyyy-MM-dd'T'HH:mm:ss.SSSZZ
11-19 18:52:13.571 W/TwcDateParser(13907): (TwcGeneral) Unparseable date: "2015-11-21T09:30:00+0530" (at offset 19) :DateFormatter used: yyyy-MM-dd'T'HH:mm:ss.SSSZZ
11-19 18:52:13.571 W/TwcDateParser(13907): (TwcGeneral) Unparseable date: "2015-11-21T10:30:00+0530" (at offset 19) :DateFormatter used: yyyy-MM-dd'T'HH:mm:ss.SSSZZ
11-19 18:52:13.571 W/TwcDateParser(13907): (TwcGeneral) Unparseable date: "2015-11-21T11:30:00+0530" (at offset 19) :DateFormatter used: yyyy-MM-dd'T'HH:mm:ss.SSSZZ
11-19 18:52:13.581 W/TwcDateParser(13907): (TwcGeneral) Unparseable date: "2015-11-21T12:30:00+0530" (at offset 19) :DateFormatter used: yyyy-MM-dd'T'HH:mm:ss.SSSZZ
11-19 18:52:13.581 W/TwcDateParser(13907): (TwcGeneral) Unparseable date: "2015-11-21T13:30:00+0530" (at offset 19) :DateFormatter used: yyyy-MM-dd'T'HH:mm:ss.SSSZZ
11-19 18:52:13.581 W/TwcDateParser(13907): (TwcGeneral) Unparseable date: "2015-11-21T14:30:00+0530" (at offset 19) :DateFormatter used: yyyy-MM-dd'T'HH:mm:ss.SSSZZ
11-19 18:52:13.581 W/TwcDateParser(13907): (TwcGeneral) Unparseable date: "2015-11-21T15:30:00+0530" (at offset 19) :DateFormatter used: yyyy-MM-dd'T'HH:mm:ss.SSSZZ
11-19 18:52:13.581 W/TwcDateParser(13907): (TwcGeneral) Unparseable date: "2015-11-21T16:30:00+0530" (at offset 19) :DateFormatter used: yyyy-MM-dd'T'HH:mm:ss.SSSZZ
11-19 18:52:13.581 W/TwcDateParser(13907): (TwcGeneral) Unparseable date: "2015-11-21T17:30:00+0530" (at offset 19) :DateFormatter used: yyyy-MM-dd'T'HH:mm:ss.SSSZZ
11-19 18:52:13.581 W/TwcDateParser(13907): (TwcGeneral) Unparseable date: "2015-11-21T18:30:00+0530" (at offset 19) :DateFormatter used: yyyy-MM-dd'T'HH:mm:ss.SSSZZ
11-19 18:52:13.581 W/TwcDateParser(13907): (TwcGeneral) Unparseable date: "2015-11-19T18:30:00+0530" (at offset 19) :DateFormatter used: yyyy-MM-dd'T'HH:mm:ss.SSSZZ
11-19 18:52:13.581 W/TwcDateParser(13907): (TwcGeneral) Unparseable date: "2015-11-19T18:30:00+0530" (at offset 19) :DateFormatter used: yyyy-MM-dd'T'HH:mm:ss.SSSZZ
11-19 18:52:13.581 W/TwcDateParser(13907): (TwcGeneral) Unparseable date: "2015-11-19T19:45:00+0530" (at offset 19) :DateFormatter used: yyyy-MM-dd'T'HH:mm:ss.SSSZZ
11-19 18:52:13.581 W/TwcDateParser(13907): (TwcGeneral) Unparseable date: "2015-11-19T19:45:00+0530" (at offset 19) :DateFormatter used: yyyy-MM-dd'T'HH:mm:ss.SSSZZ
11-19 18:52:13.581 W/TwcDateParser(13907): (TwcGeneral) Unparseable date: "2015-11-19T23:30:00+0530" (at offset 19) :DateFormatter used: yyyy-MM-dd'T'HH:mm:ss.SSSZZ
11-19 18:52:13.581 W/TwcDateParser(13907): (TwcGeneral) Unparseable date: "2015-11-20T02:00:00+0530" (at offset 19) :DateFormatter used: yyyy-MM-dd'T'HH:mm:ss.SSSZZ
11-19 18:52:13.581 W/TwcDateParser(13907): (TwcGeneral) Unparseable date: "2015-11-19T19:00:00+0530" (at offset 19) :DateFormatter used: yyyy-MM-dd'T'HH:mm:ss.SSSZZ
11-19 18:52:13.581 W/TwcDateParser(13907): (TwcGeneral) Unparseable date: "2015-11-19T19:45:00+0530" (at offset 19) :DateFormatter used: yyyy-MM-dd'T'HH:mm:ss.SSSZZ
11-19 18:52:13.581 W/TwcDateParser(13907): (TwcGeneral) Unparseable date: "2015-11-19T23:30:00+0530" (at offset 19) :DateFormatter used: yyyy-MM-dd'T'HH:mm:ss.SSSZZ
11-19 18:52:13.591 D/AdRefreshGenerator(13907): (TwcAd) Requesting ad refresh due to weather change
11-19 18:52:13.591 D/AdRefreshGenerator(13907): (TwcAd) location=SavedLocation{presentationName='Kothaguda, India', nickname='Kothaguda, India', keyTypeCountry='INXX7243:1:IN'}, allowBranded=true
11-19 18:52:13.651 D/ApplicationPolicy( 3532): isStatusBarNotificationAllowedAsUser: packageName = com.weather.Weather,userId = 0
11-19 18:52:13.651 V/ApplicationPolicy( 3532): isApplicationStateBlocked userId 0 pkgname com.weather.Weather
11-19 18:52:13.661 D/StatusBar( 3916): ----- contentsUnchanged : true, bigContentsUnchanged - true, headsUpContentsUnchanged - true , publicUnchanged true
11-19 18:52:13.661 I/System.out(13907): KnoxVpnUidStorageknoxVpnSupported API value returned is false
11-19 18:52:13.671 D/PanelView( 3916): There is/are notification(s) 
11-19 18:52:13.671 D/PanelView( 3916): kidsfalse mQsExpansionEnabled:true
11-19 18:52:13.681 D/PanelView( 3916): There is/are notification(s) 
11-19 18:52:13.681 D/PanelView( 3916): kidsfalse mQsExpansionEnabled:true
11-19 18:52:13.751 D/PanelView( 3916): mClearAll.setVisibility - mIsFullyOpened : false isShade : true mHasNotification : true mIsUpwardFling : false mQsFullyExpanded : false isShadeLocked : false mClearAllVisible : false
11-19 18:52:13.851 I/Timeline(13907): Timeline: Activity_launch_request id:com.weather.Weather time:25387033
11-19 18:52:13.851 I/PersonaManagerService( 3532): Failed to execute isKioskModeEnabled. java.lang.SecurityException: You need MANAGE_USERS permission to: query user
11-19 18:52:13.851 I/ActivityManager( 3532): do not start freezing screen for locked container getKeyguardshowstate = false
11-19 18:52:13.871 V/ApplicationPolicy( 3532): isApplicationStateBlocked userId 0 pkgname com.weather.Weather
11-19 18:52:13.871 V/ApplicationPolicy( 3532): isApplicationStateBlocked userId 0 pkgname com.weather.Weather
11-19 18:52:13.871 D/InputDispatcher( 3532): Focused application set to: xxxx
11-19 18:52:13.871 D/InputDispatcher( 3532): Focus left window: 13907
11-19 18:52:13.871 D/PointerIcon( 3532): setMouseIconStyle1 pointerType: 1001 iconType:101 flag:0 pid:3532 uid:1000
11-19 18:52:13.871 D/PointerIcon( 3532): setMouseCustomIcon IconType is same.101
11-19 18:52:13.891 D/PhoneWindow(13907): *FMB* installDecor mIsFloating : false
11-19 18:52:13.891 D/PhoneWindow(13907): *FMB* installDecor flags : -2139029248
11-19 18:52:14.021 D/AbsListView(13907): Get MotionRecognitionManager
11-19 18:52:14.061 D/AdRefreshGenerator(13907): (TwcAd) onChange: [ACTIVE] loc:SavedLocation{presentationName='New York, NY (10035)', nickname='New York, NY (10035)', keyTypeCountry='10035:4:US'}
11-19 18:52:14.061 D/AdRefreshGenerator(13907): (TwcAd) Current location has changed
11-19 18:52:14.061 D/AdRefreshGenerator(13907): (TwcAd) Requesting ad refresh due to current location change
11-19 18:52:14.061 D/AdRefreshGenerator(13907): (TwcAd) location=SavedLocation{presentationName='New York, NY (10035)', nickname='New York, NY (10035)', keyTypeCountry='10035:4:US'}, allowBranded=true
11-19 18:52:14.081 D/WeatherFxConnection(13907): (TwcAd) LocationBaseServiceChange
11-19 18:52:14.091 D/LocationManagerService( 3532): getProviders()=[passive, gps, network]
11-19 18:52:14.091 W/NpsAppRater(13907): Continuing. versionCodes in props file is missing or empty
11-19 18:52:14.091 I/NpsAppRater(13907): Not enough time to prompt user for the first time
11-19 18:52:14.091 I/NpsAppRater(13907): NPS Checks
11-19 18:52:14.091 W/NpsAppRater(13907): Continuing. versionCodes in props file is missing or empty
11-19 18:52:14.091 I/NpsAppRater(13907): Exiting because random value is not in range.
11-19 18:52:14.101 D/DfpAdViewGenerator(13907): (TwcAd) Creating ad for /7646/app_android_us/display/feed/feed_0 with sizes [320x50_as, 320x80_as]
11-19 18:52:14.101 D/AdHolder(13907): (TwcAd) setVisible visibility changed, newVisible=false for AdHolder@667969229{ adGenerator=com.weather.ads2.branded.background.BrandedBackgroundAd@29c6b82, adRequestPending=false, paused=true, visible=true, adSlotName='weather.cc'}
11-19 18:52:14.101 D/AdHolder(13907): (TwcAd) setVisible visibility changed, newVisible=true for AdHolder@667969229{ adGenerator=com.weather.ads2.branded.background.BrandedBackgroundAd@29c6b82, adRequestPending=false, paused=true, visible=false, adSlotName='weather.cc'}
11-19 18:52:14.101 D/Activity(13907): performCreate Call Injection manager
11-19 18:52:14.101 D/HockeyApp(13907): Looking for exceptions in: /data/data/com.weather.Weather/files
11-19 18:52:14.101 W/System.err(13907): mkdir failed: EEXIST (File exists) : /data/data/com.weather.Weather/files
11-19 18:52:14.101 D/HockeyApp(13907): Current handler class = net.hockeyapp.android.ExceptionHandler
11-19 18:52:14.111 I/InjectionManager(13907): dispatchOnViewCreated > Target : com.weather.Weather.app.WeatherController isFragment :false
11-19 18:52:14.111 D/LocationManagerService( 3532): getProviders()=[passive, gps, network]
11-19 18:52:14.111 D/EnterpriseController( 2967): mIsMarkChainAdded is 0 mIsBlockChainAdded is 0 netId is 0
11-19 18:52:14.111 D/Netd    ( 2967): getNetworkForDns: using netid 505 for uid 10225
11-19 18:52:14.121 I/System.out(13907): (HTTPLog)-Static: isSBSettingEnabled false
11-19 18:52:14.121 I/System.out(13907): KnoxVpnUidStorageknoxVpnSupported API value returned is false
11-19 18:52:14.121 D/EnterpriseController( 2967): mIsMarkChainAdded is 0 mIsBlockChainAdded is 0 netId is 0
11-19 18:52:14.121 D/Netd    ( 2967): getNetworkForDns: using netid 505 for uid 10225
11-19 18:52:14.121 I/qtaguid (13907): Tagging socket 82 with tag d00000000000{53248,0} uid -1, pid: 13907, getuid(): 10225
11-19 18:52:14.131 D/AdHolder(13907): (TwcAd) setVisible visibility changed, newVisible=false for AdHolder@308754046{ adGenerator=DfpAd{initializeState=NONE, resizeAdOnLoad=true, adSlotName='null', shouldShow=false, adGenerator=com.weather.ads2.ui.NullAdRefreshable@2c00c7df, showOnLoad=false}, adRequestPending=false, paused=true, visible=true, adSlotName='null'}
11-19 18:52:14.131 D/AdHolder(13907): (TwcAd) setVisible visibility changed, newVisible=false for AdHolder@783629356{ adGenerator=DfpAd{initializeState=NONE, resizeAdOnLoad=true, adSlotName='null', shouldShow=false, adGenerator=com.weather.ads2.ui.NullAdRefreshable@2c00c7df, showOnLoad=false}, adRequestPending=false, paused=true, visible=true, adSlotName='null'}
11-19 18:52:14.131 D/AdHolder(13907): (TwcAd) setVisible visibility changed, newVisible=false for AdHolder@294139637{ adGenerator=DfpAd{initializeState=NONE, resizeAdOnLoad=true, adSlotName='null', shouldShow=false, adGenerator=com.weather.ads2.ui.NullAdRefreshable@2c00c7df, showOnLoad=false}, adRequestPending=false, paused=true, visible=true, adSlotName='null'}
11-19 18:52:14.131 D/AdHolder(13907): (TwcAd) setVisible visibility changed, newVisible=false for AdHolder@775699594{ adGenerator=DfpAd{initializeState=NONE, resizeAdOnLoad=true, adSlotName='null', shouldShow=false, adGenerator=com.weather.ads2.ui.NullAdRefreshable@2c00c7df, showOnLoad=false}, adRequestPending=false, paused=true, visible=true, adSlotName='null'}
11-19 18:52:14.131 D/AdHolder(13907): (TwcAd) setVisible visibility changed, newVisible=false for AdHolder@651428603{ adGenerator=DfpAd{initializeState=NONE, resizeAdOnLoad=true, adSlotName='null', shouldShow=false, adGenerator=com.weather.ads2.ui.NullAdRefreshable@2c00c7df, showOnLoad=false}, adRequestPending=false, paused=true, visible=true, adSlotName='null'}
11-19 18:52:14.131 D/AdHolder(13907): (TwcAd) setVisible visibility changed, newVisible=false for AdHolder@709881624{ adGenerator=DfpAd{initializeState=NONE, resizeAdOnLoad=true, adSlotName='null', shouldShow=false, adGenerator=com.weather.ads2.ui.NullAdRefreshable@2c00c7df, showOnLoad=false}, adRequestPending=false, paused=true, visible=true, adSlotName='null'}
11-19 18:52:14.131 D/AdHolder(13907): (TwcAd) setVisible visibility changed, newVisible=false for AdHolder@594693489{ adGenerator=DfpAd{initializeState=NONE, resizeAdOnLoad=true, adSlotName='null', shouldShow=false, adGenerator=com.weather.ads2.ui.NullAdRefreshable@2c00c7df, showOnLoad=false}, adRequestPending=false, paused=true, visible=true, adSlotName='null'}
11-19 18:52:14.131 D/AdHolder(13907): (TwcAd) setVisible visibility changed, newVisible=false for AdHolder@27891542{ adGenerator=DfpAd{initializeState=NONE, resizeAdOnLoad=true, adSlotName='null', shouldShow=false, adGenerator=com.weather.ads2.ui.NullAdRefreshable@2c00c7df, showOnLoad=false}, adRequestPending=false, paused=true, visible=true, adSlotName='null'}
11-19 18:52:14.141 D/DfpAdViewGenerator(13907): (TwcAd) Creating ad for /7646/app_android_us/display/feed/feed_1 with sizes [300x250_as, 320x300_as]
11-19 18:52:14.151 D/DfpAdViewGenerator(13907): (TwcAd) Creating ad for /7646/app_android_us/display/feed/feed_2 with sizes [320x50_as, 320x80_as]
11-19 18:52:14.151 D/DfpAdViewGenerator(13907): (TwcAd) Creating ad for /7646/app_android_us/display/feed/feed_3 with sizes [300x250_as, 320x300_as]
11-19 18:52:14.151 D/DfpAdViewGenerator(13907): (TwcAd) Creating ad for /7646/app_android_us/display/feed/feed_4 with sizes [320x50_as, 320x80_as]
11-19 18:52:14.151 D/DfpAdViewGenerator(13907): (TwcAd) Creating ad for /7646/app_android_us/display/feed/feed_5 with sizes [320x50_as, 320x80_as]
11-19 18:52:14.151 D/LocationManagerService( 3532): getProviders()=[passive, gps, network]
11-19 18:52:14.161 I/System.out(13907): KnoxVpnUidStorageknoxVpnSupported API value returned is false
11-19 18:52:14.171 D/LocationManagerService( 3532): getProviders()=[passive, gps, network]
11-19 18:52:14.171 I/SVG     (13907): Parsing complete in 2 millis.
11-19 18:52:14.171 D/WxIconBitmapCache.LruCache(13907): cache.create: resource key=2131099673, bm=android.graphics.Bitmap@341f5851
11-19 18:52:14.181 I/SVG     (13907): Parsing complete in 4 millis.
11-19 18:52:14.181 D/WxIconBitmapCache.LruCache(13907): cache.create: resource key=2131099686, bm=android.graphics.Bitmap@25961524
11-19 18:52:14.181 D/ActivityManager( 3532): post active user change for 0 fullscreen true record.isFloatingActivity() false
11-19 18:52:14.181 D/KnoxTimeoutHandler( 3532): postActiveUserChange for user 0
11-19 18:52:14.181 I/KnoxTimeoutHandler( 3532): postActiveUserChange, showWhenLocked: false
11-19 18:52:14.181 D/KnoxTimeoutHandler( 3532): handleActiveUserChange for user 0
11-19 18:52:14.191 D/AdHolder(13907): (TwcAd) doRefresh: Not refreshing ad AdHolder@308754046{ adGenerator=DfpAd{initializeState=FULL, resizeAdOnLoad=true, adSlotName='weather.feed1', shouldShow=true, adGenerator=com.weather.ads2.ui.DfpAdViewGenerator@1a44ac87, showOnLoad=false}, adRequestPending=false, paused=false, visible=false, adSlotName='weather.feed1'}: ad not visible or not initialized
11-19 18:52:14.191 D/AdHolder(13907): (TwcAd) doRefresh: Not refreshing ad AdHolder@783629356{ adGenerator=DfpAd{initializeState=FULL, resizeAdOnLoad=true, adSlotName='weather.feed2', shouldShow=true, adGenerator=com.weather.ads2.ui.DfpAdViewGenerator@1338c7b4, showOnLoad=false}, adRequestPending=false, paused=false, visible=false, adSlotName='weather.feed2'}: ad not visible or not initialized
11-19 18:52:14.191 D/AdHolder(13907): (TwcAd) doRefresh: Not refreshing ad AdHolder@294139637{ adGenerator=DfpAd{initializeState=FULL, resizeAdOnLoad=true, adSlotName='weather.feed3', shouldShow=true, adGenerator=com.weather.ads2.ui.DfpAdViewGenerator@253e0fdd, showOnLoad=false}, adRequestPending=false, paused=false, visible=false, adSlotName='weather.feed3'}: ad not visible or not initialized
11-19 18:52:14.191 D/AdHolder(13907): (TwcAd) doRefresh: Not refreshing ad AdHolder@775699594{ adGenerator=DfpAd{initializeState=FULL, resizeAdOnLoad=true, adSlotName='weather.feed4', shouldShow=true, adGenerator=com.weather.ads2.ui.DfpAdViewGenerator@26304752, showOnLoad=false}, adRequestPending=false, paused=false, visible=false, adSlotName='weather.feed4'}: ad not visible or not initialized
11-19 18:52:14.191 D/AdHolder(13907): (TwcAd) doRefresh: Not refreshing ad AdHolder@651428603{ adGenerator=DfpAd{initializeState=FULL, resizeAdOnLoad=true, adSlotName='weather.feed5', shouldShow=true, adGenerator=com.weather.ads2.ui.DfpAdViewGenerator@33b58a23, showOnLoad=false}, adRequestPending=false, paused=false, visible=false, adSlotName='weather.feed5'}: ad not visible or not initialized
11-19 18:52:14.191 D/AdHolder(13907): (TwcAd) doRefresh: Not refreshing ad AdHolder@709881624{ adGenerator=DfpAd{initializeState=NONE, resizeAdOnLoad=true, adSlotName='null', shouldShow=false, adGenerator=com.weather.ads2.ui.NullAdRefreshable@2c00c7df, showOnLoad=false}, adRequestPending=false, paused=false, visible=false, adSlotName='null'}: ad not visible or not initialized
11-19 18:52:14.191 D/AdHolder(13907): (TwcAd) doRefresh: Not refreshing ad AdHolder@594693489{ adGenerator=DfpAd{initializeState=NONE, resizeAdOnLoad=true, adSlotName='null', shouldShow=false, adGenerator=com.weather.ads2.ui.NullAdRefreshable@2c00c7df, showOnLoad=false}, adRequestPending=false, paused=false, visible=false, adSlotName='null'}: ad not visible or not initialized
11-19 18:52:14.191 D/AdHolder(13907): (TwcAd) doRefresh: Not refreshing ad AdHolder@27891542{ adGenerator=DfpAd{initializeState=NONE, resizeAdOnLoad=true, adSlotName='null', shouldShow=false, adGenerator=com.weather.ads2.ui.NullAdRefreshable@2c00c7df, showOnLoad=false}, adRequestPending=false, paused=false, visible=false, adSlotName='null'}: ad not visible or not initialized
11-19 18:52:14.201 D/PhoneWindow(13907): *FMB* isFloatingMenuEnabled mFloatingMenuBtn : null
11-19 18:52:14.201 I/qtaguid (13907): Tagging socket 93 with tag f00100000000{61441,0} uid -1, pid: 13907, getuid(): 10225
11-19 18:52:14.201 D/PhoneWindow(13907): *FMB* isFloatingMenuEnabled return false
11-19 18:52:14.201 D/LocationManagerService( 3532): getProviders()=[passive, gps, network]
11-19 18:52:14.201 D/LocationManagerService( 3532): getProviders()=[passive, gps, network]
11-19 18:52:14.211 D/LocationManagerService( 3532): getProviders()=[passive, gps, network]
11-19 18:52:14.211 D/LocationManagerService( 3532): getProviders()=[passive, gps, network]
11-19 18:52:14.211 D/LocationManagerService( 3532): getProviders()=[passive, gps, network]
11-19 18:52:14.211 D/LocationManagerService( 3532): getProviders()=[passive, gps, network]
11-19 18:52:14.211 D/LocationManagerService( 3532): getProviders()=[passive, gps, network]
11-19 18:52:14.211 D/LocationManagerService( 3532): getProviders()=[passive, gps, network]
11-19 18:52:14.211 D/LocationManagerService( 3532): getProviders()=[passive, gps, network]
11-19 18:52:14.211 D/LocationManagerService( 3532): getProviders()=[passive, gps, network]
11-19 18:52:14.211 I/SurfaceFlinger( 2952): id=475 createSurf (1x1),1 flag=404, XeatherCont
11-19 18:52:14.221 D/InputDispatcher( 3532): Focus entered window: 13907
11-19 18:52:14.221 D/SRIB_DCS(13907): log_dcs ThreadedRenderer::initialize entered! 
11-19 18:52:14.221 D/PointerIcon( 3532): setMouseIconStyle1 pointerType: 1001 iconType:101 flag:0 pid:3532 uid:1000
11-19 18:52:14.221 D/PointerIcon( 3532): setMouseCustomIcon IconType is same.101
11-19 18:52:14.221 D/mali_winsys(13907): new_window_surface returns 0x3000,  [1440x2560]-format:1
11-19 18:52:14.231 D/LocationManagerService( 3532): getProviders()=[passive, gps, network]
11-19 18:52:14.261 D/AdHolder(13907): (TwcAd) doRefresh: Refreshing ad AdHolder@667969229{ adGenerator=com.weather.ads2.branded.background.BrandedBackgroundAd@29c6b82, adRequestPending=false, paused=false, visible=true, adSlotName='weather.cc'}
11-19 18:52:14.261 D/BrandedBackgroundAd(13907): (TwcAd) Refreshing branded background
11-19 18:52:14.261 D/BackgroundFetcher(13907): (TwcAd) updateTargeting URL=https://pubads.g.doubleclick.net/gampad/adx?iu=%2F7646%2Fapp_android_us%2Fdisplay%2Fbb&sz=320x50&mob=js&m=text/oml&c=9497327718&t=cnd%3Dcld%26sev%3Doth%26ftl%3Dnl%26hlzip%3Dnl%26h2o%3Dnodata%26tmp%3D60l%26tmpr%3Dcool%26wind%3Dlo%26hmid%3Dhi%26uv%3Dnl%26plln%3Dlo%26cc%3DUS%26st%3DNY%26zip%3D10035%26dma%3D501%26ct%3DNEW%20YORK%26locale%3Den_US%26layer%3Dnl%26ver%3DAndroid_6_0_0%26ord%3D9497327718%26rmid%3Da92e44b32625496ac384bb4b28df51ea0916e984%26tile%3D1%26vw%3Dnl%26aid%3Dv1126s0d39i73o6urr0q%26pos%3Dtop300%26sg%3D93284,21177%26wfxtg%3Dnl%26faud%3Dnl%26fgeo%3Dnl%26bn%3Dn%26a%3Dnl%26g%3Dnl%26ppid%3Dnl%26plat%3Dwx_droid_phone%26preload_partner%3Dnl%26launch_partner%3Dnl%26zcs%3Dnl%26hzcs%3Dnl%26nzcs%3Dnl%26tpid%3Df4355273cfd8b6fead669478d5908d79%26fhic%3D18%26floc%3D9%26fltmpc%3D16%26tmpc%3D16%26lang%3Den
11-19 18:52:14.261 D/EnterpriseController( 2967): mIsMarkChainAdded is 0 mIsBlockChainAdded is 0 netId is 0
11-19 18:52:14.261 D/Netd    ( 2967): getNetworkForDns: using netid 505 for uid 10225
11-19 18:52:14.261 I/qtaguid (13907): Tagging socket 80 with tag a00000000000{40960,0} uid -1, pid: 13907, getuid(): 10225
11-19 18:52:14.281 I/InjectionManager(13907): dispatchCreateOptionsMenu :com.weather.Weather.app.WeatherController
11-19 18:52:14.281 I/InjectionManager(13907): dispatchPrepareOptionsMenu :com.weather.Weather.app.WeatherController
11-19 18:52:14.281 D/LocationManagerService( 3532): getProviders()=[passive, gps, network]
11-19 18:52:14.281 D/LocationManagerService( 3532): getProviders()=[passive, gps, network]
11-19 18:52:14.281 D/LocationManagerService( 3532): getProviders()=[passive, gps, network]
11-19 18:52:14.281 D/LocationManagerService( 3532): getProviders()=[passive, gps, network]
11-19 18:52:14.281 D/LocationManagerService( 3532): getProviders()=[passive, gps, network]
11-19 18:52:14.291 D/LocationManagerService( 3532): getProviders()=[passive, gps, network]
11-19 18:52:14.291 D/LocationManagerService( 3532): getProviders()=[passive, gps, network]
11-19 18:52:14.291 D/LocationManagerService( 3532): getProviders()=[passive, gps, network]
11-19 18:52:14.291 D/LocationManagerService( 3532): getProviders()=[passive, gps, network]
11-19 18:52:14.291 D/ListView(13907): change accessibility focus position = 0
11-19 18:52:14.351 D/InputMethodManagerService( 3532): windowGainedFocus mCurrentFocusedUserId - 0 and mSecureKeypadEnabled-false
11-19 18:52:14.351 I/ActivityManager( 3532): Displayed Component not be shown by security: +477ms
11-19 18:52:14.351 D/SamsungIME( 4820): onStartInput: No inputType, No imeOption, isInputViewShown = false, isExtractViewShown = false, isShowInputRequested = false, isConfigChanged = false
11-19 18:52:14.351 D/LocationManagerService( 3532): getProviders()=[passive, gps, network]
11-19 18:52:14.361 D/LocationManagerService( 3532): getProviders()=[passive, gps, network]
11-19 18:52:14.361 D/LocationManagerService( 3532): getProviders()=[passive, gps, network]
11-19 18:52:14.361 D/LocationManagerService( 3532): getProviders()=[passive, gps, network]
11-19 18:52:14.361 D/LocationManagerService( 3532): getProviders()=[passive, gps, network]
11-19 18:52:14.361 D/LocationManagerService( 3532): getProviders()=[passive, gps, network]
11-19 18:52:14.361 D/LocationManagerService( 3532): getProviders()=[passive, gps, network]
11-19 18:52:14.361 D/LocationManagerService( 3532): getProviders()=[passive, gps, network]
11-19 18:52:14.371 D/LocationManagerService( 3532): getProviders()=[passive, gps, network]
11-19 18:52:14.371 D/LocationManagerService( 3532): getProviders()=[passive, gps, network]
11-19 18:52:14.391 I/Timeline(13907): Timeline: Activity_idle id: android.os.BinderProxy@46aae94 time:25387577
11-19 18:52:14.401 E/BackgroundManager(13907): Imagecutting returned different image size: requested: w:1440, h:2236, received: w: 1542, h: 2604
11-19 18:52:14.501 I/qtaguid (13907): Untagging socket 82
11-19 18:52:14.501 I/qtaguid (13907): Tagging socket 82 with tag d00000000000{53248,0} uid -1, pid: 13907, getuid(): 10225
11-19 18:52:14.501 I/qtaguid (13907): Untagging socket 82
11-19 18:52:14.501 I/qtaguid (13907): Tagging socket 76 with tag d00000000000{53248,0} uid -1, pid: 13907, getuid(): 10225
11-19 18:52:14.631 I/Timeline( 3532): Timeline: Activity_windows_visible id: ActivityRecord{1db6589f u0 com.weather.Weather/.app.WeatherController t73} time:25387814
11-19 18:52:14.641 I/SurfaceFlinger( 2952): id=474 Removed TplashScree (5/9)
11-19 18:52:14.641 I/SurfaceFlinger( 2952): id=474 Removed TplashScree (-2/9)
11-19 18:52:14.661 I/qtaguid (13907): Untagging socket 93
11-19 18:52:14.671 I/qtaguid (13907): Untagging socket 50
11-19 18:52:14.671 W/TwcDateParser(13907): (TwcGeneral) Unparseable date: "2015-11-19T07:00:00-0500" (at offset 19) :DateFormatter used: yyyy-MM-dd'T'HH:mm:ss.SSSZZ
11-19 18:52:14.671 W/TwcDateParser(13907): (TwcGeneral) Unparseable date: "2015-11-20T07:00:00-0500" (at offset 19) :DateFormatter used: yyyy-MM-dd'T'HH:mm:ss.SSSZZ
11-19 18:52:14.671 W/TwcDateParser(13907): (TwcGeneral) Unparseable date: "2015-11-21T07:00:00-0500" (at offset 19) :DateFormatter used: yyyy-MM-dd'T'HH:mm:ss.SSSZZ
11-19 18:52:14.671 W/TwcDateParser(13907): (TwcGeneral) Unparseable date: "2015-11-22T07:00:00-0500" (at offset 19) :DateFormatter used: yyyy-MM-dd'T'HH:mm:ss.SSSZZ
11-19 18:52:14.671 W/TwcDateParser(13907): (TwcGeneral) Unparseable date: "2015-11-23T07:00:00-0500" (at offset 19) :DateFormatter used: yyyy-MM-dd'T'HH:mm:ss.SSSZZ
