11-19 18:52:12.591 W/TwcDateParser(13907): (TwcGeneral) Unparseable date: "2015-11-20T00:31:30+0530" (at offset 19) :DateFormatter used: yyyy-MM-dd'T'HH:mm:ss.SSSZZ
11-19 18:52:12.591 W/TwcDateParser(13907): (TwcGeneral) Unparseable date: "2015-11-21T01:29:26+0530" (at offset 19) :DateFormatter used: yyyy-MM-dd'T'HH:mm:ss.SSSZZ
11-19 18:52:12.591 W/TwcDateParser(13907): (TwcGeneral) Unparseable date: "2015-11-22T02:28:18+0530" (at offset 19) :DateFormatter used: yyyy-MM-dd'T'HH:mm:ss.SSSZZ
11-19 18:52:12.591 W/TwcDateParser(13907): (TwcGeneral) Unparseable date: "2015-11-23T03:28:23+0530" (at offset 19) :DateFormatter used: yyyy-MM-dd'T'HH:mm:ss.SSSZZ
11-19 18:52:12.591 W/TwcDateParser(13907): (TwcGeneral) Unparseable date: "2015-12-03T07:00:00-0500" (at offset 19) :DateFormatter used: yyyy-MM-dd'T'HH:mm:ss.SSSZZ
11-19 18:52:12.591 W/TwcDateParser(13907): (TwcGeneral) Unparseable date: "2015-11-24T04:29:32+0530" (at offset 19) :DateFormatter used: yyyy-MM-dd'T'HH:mm:ss.SSSZZ
11-19 18:52:12.591 W/TwcDateParser(13907): (TwcGeneral) Unparseable date: "2015-11-25T05:31:28+0530" (at offset 19) :DateFormatter used: yyyy-MM-dd'T'HH:mm:ss.SSSZZ
11-19 18:52:12.601 W/TwcDateParser(13907): (TwcGeneral) Unparseable date: "2015-11-19T06:47:31-0500" (at offset 19) :DateFormatter used: yyyy-MM-dd'T'HH:mm:ss.SSSZZ
11-19 18:52:12.601 W/TwcDateParser(13907): (TwcGeneral) Unparseable date: "2015-11-26T06:33:23+0530" (at offset 19) :DateFormatter used: yyyy-MM-dd'T'HH:mm:ss.SSSZZ
11-19 18:52:12.601 W/TwcDateParser(13907): (TwcGeneral) Unparseable date: "2015-11-27T07:33:42+0530" (at offset 19) :DateFormatter used: yyyy-MM-dd'T'HH:mm:ss.SSSZZ
11-19 18:52:12.601 W/TwcDateParser(13907): (TwcGeneral) Unparseable date: "2015-11-20T06:48:40-0500" (at offset 19) :DateFormatter used: yyyy-MM-dd'T'HH:mm:ss.SSSZZ
11-19 18:52:12.601 W/TwcDateParser(13907): (TwcGeneral) Unparseable date: "2015-11-28T08:31:25+0530" (at offset 19) :DateFormatter used: yyyy-MM-dd'T'HH:mm:ss.SSSZZ
11-19 18:52:12.601 W/TwcDateParser(13907): (TwcGeneral) Unparseable date: "2015-11-21T06:49:48-0500" (at offset 19) :DateFormatter used: yyyy-MM-dd'T'HH:mm:ss.SSSZZ
11-19 18:52:12.601 W/TwcDateParser(13907): (TwcGeneral) Unparseable date: "2015-11-29T09:25:16+0530" (at offset 19) :DateFormatter used: yyyy-MM-dd'T'HH:mm:ss.SSSZZ
11-19 18:52:12.601 W/TwcDateParser(13907): (TwcGeneral) Unparseable date: "2015-11-22T06:50:55-0500" (at offset 19) :DateFormatter used: yyyy-MM-dd'T'HH:mm:ss.SSSZZ
11-19 18:52:12.601 W/TwcDateParser(13907): (TwcGeneral) Unparseable date: "2015-11-30T10:14:34+0530" (at offset 19) :DateFormatter used: yyyy-MM-dd'T'HH:mm:ss.SSSZZ
11-19 18:52:12.601 W/TwcDateParser(13907): (TwcGeneral) Unparseable date: "2015-11-23T06:52:02-0500" (at offset 19) :DateFormatter used: yyyy-MM-dd'T'HH:mm:ss.SSSZZ
11-19 18:52:12.601 W/TwcDateParser(13907): (TwcGeneral) Unparseable date: "2015-12-01T11:00:28+0530" (at offset 19) :DateFormatter used: yyyy-MM-dd'T'HH:mm:ss.SSSZZ
11-19 18:52:12.601 W/TwcDateParser(13907): (TwcGeneral) Unparseable date: "2015-11-24T06:53:09-0500" (at offset 19) :DateFormatter used: yyyy-MM-dd'T'HH:mm:ss.SSSZZ
11-19 18:52:12.601 W/TwcDateParser(13907): (TwcGeneral) Unparseable date: "2015-12-02T11:42:09+0530" (at offset 19) :DateFormatter used: yyyy-MM-dd'T'HH:mm:ss.SSSZZ
11-19 18:52:12.601 W/TwcDateParser(13907): (TwcGeneral) Unparseable date: "2015-12-03T12:21:49+0530" (at offset 19) :DateFormatter used: yyyy-MM-dd'T'HH:mm:ss.SSSZZ
11-19 18:52:12.601 W/TwcDateParser(13907): (TwcGeneral) Unparseable date: "2015-11-25T06:54:15-0500" (at offset 19) :DateFormatter used: yyyy-MM-dd'T'HH:mm:ss.SSSZZ
11-19 18:52:12.601 W/TwcDateParser(13907): (TwcGeneral) Unparseable date: "2015-11-26T06:55:20-0500" (at offset 19) :DateFormatter used: yyyy-MM-dd'T'HH:mm:ss.SSSZZ
11-19 18:52:12.601 W/TwcDateParser(13907): (TwcGeneral) Unparseable date: "2015-11-27T06:56:24-0500" (at offset 19) :DateFormatter used: yyyy-MM-dd'T'HH:mm:ss.SSSZZ
11-19 18:52:12.601 W/TwcDateParser(13907): (TwcGeneral) Unparseable date: "2015-11-28T06:57:27-0500" (at offset 19) :DateFormatter used: yyyy-MM-dd'T'HH:mm:ss.SSSZZ
11-19 18:52:12.601 W/TwcDateParser(13907): (TwcGeneral) Unparseable date: "2015-11-29T06:58:30-0500" (at offset 19) :DateFormatter used: yyyy-MM-dd'T'HH:mm:ss.SSSZZ
11-19 18:52:12.601 W/TwcDateParser(13907): (TwcGeneral) Unparseable date: "2015-11-30T06:59:31-0500" (at offset 19) :DateFormatter used: yyyy-MM-dd'T'HH:mm:ss.SSSZZ
11-19 18:52:12.601 W/TwcDateParser(13907): (TwcGeneral) Unparseable date: "2015-12-01T07:00:32-0500" (at offset 19) :DateFormatter used: yyyy-MM-dd'T'HH:mm:ss.SSSZZ
11-19 18:52:12.601 W/TwcDateParser(13907): (TwcGeneral) Unparseable date: "2015-12-02T07:01:32-0500" (at offset 19) :DateFormatter used: yyyy-MM-dd'T'HH:mm:ss.SSSZZ
11-19 18:52:12.601 D/MediaScanner( 3956): scanSingleFile : 7klwibgf7fvntblfd7(7Uwlrercblrwuk7Vz Ofblpfi5vh+
11-19 18:52:12.601 W/TwcDateParser(13907): (TwcGeneral) Unparseable date: "2015-12-03T07:02:31-0500" (at offset 19) :DateFormatter used: yyyy-MM-dd'T'HH:mm:ss.SSSZZ
11-19 18:52:12.601 W/TwcDateParser(13907): (TwcGeneral) Unparseable date: "2015-11-19T16:35:05-0500" (at offset 19) :DateFormatter used: yyyy-MM-dd'T'HH:mm:ss.SSSZZ
11-19 18:52:12.601 W/TwcDateParser(13907): (TwcGeneral) Unparseable date: "2015-11-20T16:34:24-0500" (at offset 19) :DateFormatter used: yyyy-MM-dd'T'HH:mm:ss.SSSZZ
11-19 18:52:12.601 W/TwcDateParser(13907): (TwcGeneral) Unparseable date: "2015-11-21T16:33:45-0500" (at offset 19) :DateFormatter used: yyyy-MM-dd'T'HH:mm:ss.SSSZZ
11-19 18:52:12.601 W/TwcDateParser(13907): (TwcGeneral) Unparseable date: "2015-11-22T16:33:08-0500" (at offset 19) :DateFormatter used: yyyy-MM-dd'T'HH:mm:ss.SSSZZ
11-19 18:52:12.601 W/TwcDateParser(13907): (TwcGeneral) Unparseable date: "2015-11-23T16:32:33-0500" (at offset 19) :DateFormatter used: yyyy-MM-dd'T'HH:mm:ss.SSSZZ
11-19 18:52:12.601 W/TwcDateParser(13907): (TwcGeneral) Unparseable date: "2015-11-24T16:32:01-0500" (at offset 19) :DateFormatter used: yyyy-MM-dd'T'HH:mm:ss.SSSZZ
11-19 18:52:12.601 W/TwcDateParser(13907): (TwcGeneral) Unparseable date: "2015-11-25T16:31:30-0500" (at offset 19) :DateFormatter used: yyyy-MM-dd'T'HH:mm:ss.SSSZZ
11-19 18:52:12.601 W/TwcDateParser(13907): (TwcGeneral) Unparseable date: "2015-11-26T16:31:02-0500" (at offset 19) :DateFormatter used: yyyy-MM-dd'T'HH:mm:ss.SSSZZ
11-19 18:52:12.601 W/TwcDateParser(13907): (TwcGeneral) Unparseable date: "2015-11-27T16:30:36-0500" (at offset 19) :DateFormatter used: yyyy-MM-dd'T'HH:mm:ss.SSSZZ
11-19 18:52:12.601 W/TwcDateParser(13907): (TwcGeneral) Unparseable date: "2015-11-28T16:30:12-0500" (at offset 19) :DateFormatter used: yyyy-MM-dd'T'HH:mm:ss.SSSZZ
11-19 18:52:12.601 W/TwcDateParser(13907): (TwcGeneral) Unparseable date: "2015-11-29T16:29:50-0500" (at offset 19) :DateFormatter used: yyyy-MM-dd'T'HH:mm:ss.SSSZZ
11-19 18:52:12.601 W/TwcDateParser(13907): (TwcGeneral) Unparseable date: "2015-11-30T16:29:30-0500" (at offset 19) :DateFormatter used: yyyy-MM-dd'T'HH:mm:ss.SSSZZ
11-19 18:52:12.601 W/TwcDateParser(13907): (TwcGeneral) Unparseable date: "2015-12-01T16:29:13-0500" (at offset 19) :DateFormatter used: yyyy-MM-dd'T'HH:mm:ss.SSSZZ
11-19 18:52:12.601 W/TwcDateParser(13907): (TwcGeneral) Unparseable date: "2015-12-02T16:28:58-0500" (at offset 19) :DateFormatter used: yyyy-MM-dd'T'HH:mm:ss.SSSZZ
11-19 18:52:12.601 W/TwcDateParser(13907): (TwcGeneral) Unparseable date: "2015-11-19T19:30:00+0530" (at offset 19) :DateFormatter used: yyyy-MM-dd'T'HH:mm:ss.SSSZZ
11-19 18:52:12.601 W/TwcDateParser(13907): (TwcGeneral) Unparseable date: "2015-11-19T20:30:00+0530" (at offset 19) :DateFormatter used: yyyy-MM-dd'T'HH:mm:ss.SSSZZ
11-19 18:52:12.601 W/TwcDateParser(13907): (TwcGeneral) Unparseable date: "2015-12-03T16:28:45-0500" (at offset 19) :DateFormatter used: yyyy-MM-dd'T'HH:mm:ss.SSSZZ
11-19 18:52:12.601 W/TwcDateParser(13907): (TwcGeneral) Unparseable date: "2015-11-19T21:30:00+0530" (at offset 19) :DateFormatter used: yyyy-MM-dd'T'HH:mm:ss.SSSZZ
11-19 18:52:12.601 W/TwcDateParser(13907): (TwcGeneral) Unparseable date: "2015-11-19T22:30:00+0530" (at offset 19) :DateFormatter used: yyyy-MM-dd'T'HH:mm:ss.SSSZZ
11-19 18:52:12.601 W/TwcDateParser(13907): (TwcGeneral) Unparseable date: "2015-11-19T23:30:00+0530" (at offset 19) :DateFormatter used: yyyy-MM-dd'T'HH:mm:ss.SSSZZ
11-19 18:52:12.601 W/TwcDateParser(13907): (TwcGeneral) Unparseable date: "2015-11-19T12:48:45-0500" (at offset 19) :DateFormatter used: yyyy-MM-dd'T'HH:mm:ss.SSSZZ
11-19 18:52:12.601 W/TwcDateParser(13907): (TwcGeneral) Unparseable date: "2015-11-20T00:30:00+0530" (at offset 19) :DateFormatter used: yyyy-MM-dd'T'HH:mm:ss.SSSZZ
11-19 18:52:12.601 W/TwcDateParser(13907): (TwcGeneral) Unparseable date: "2015-11-20T13:24:51-0500" (at offset 19) :DateFormatter used: yyyy-MM-dd'T'HH:mm:ss.SSSZZ
11-19 18:52:12.601 W/TwcDateParser(13907): (TwcGeneral) Unparseable date: "2015-11-20T01:30:00+0530" (at offset 19) :DateFormatter used: yyyy-MM-dd'T'HH:mm:ss.SSSZZ
11-19 18:52:12.601 W/TwcDateParser(13907): (TwcGeneral) Unparseable date: "2015-11-20T02:30:00+0530" (at offset 19) :DateFormatter used: yyyy-MM-dd'T'HH:mm:ss.SSSZZ
11-19 18:52:12.601 W/TwcDateParser(13907): (TwcGeneral) Unparseable date: "2015-11-21T14:01:16-0500" (at offset 19) :DateFormatter used: yyyy-MM-dd'T'HH:mm:ss.SSSZZ
11-19 18:52:12.601 W/TwcDateParser(13907): (TwcGeneral) Unparseable date: "2015-11-20T03:30:00+0530" (at offset 19) :DateFormatter used: yyyy-MM-dd'T'HH:mm:ss.SSSZZ
11-19 18:52:12.601 W/TwcDateParser(13907): (TwcGeneral) Unparseable date: "2015-11-20T04:30:00+0530" (at offset 19) :DateFormatter used: yyyy-MM-dd'T'HH:mm:ss.SSSZZ
11-19 18:52:12.611 W/TwcDateParser(13907): (TwcGeneral) Unparseable date: "2015-11-22T14:38:30-0500" (at offset 19) :DateFormatter used: yyyy-MM-dd'T'HH:mm:ss.SSSZZ
11-19 18:52:12.611 W/TwcDateParser(13907): (TwcGeneral) Unparseable date: "2015-11-20T05:30:00+0530" (at offset 19) :DateFormatter used: yyyy-MM-dd'T'HH:mm:ss.SSSZZ
11-19 18:52:12.611 W/TwcDateParser(13907): (TwcGeneral) Unparseable date: "2015-11-20T06:30:00+0530" (at offset 19) :DateFormatter used: yyyy-MM-dd'T'HH:mm:ss.SSSZZ
11-19 18:52:12.611 W/TwcDateParser(13907): (TwcGeneral) Unparseable date: "2015-11-23T15:17:12-0500" (at offset 19) :DateFormatter used: yyyy-MM-dd'T'HH:mm:ss.SSSZZ
11-19 18:52:12.611 W/TwcDateParser(13907): (TwcGeneral) Unparseable date: "2015-11-20T07:30:00+0530" (at offset 19) :DateFormatter used: yyyy-MM-dd'T'HH:mm:ss.SSSZZ
11-19 18:52:12.611 W/TwcDateParser(13907): (TwcGeneral) Unparseable date: "2015-11-20T08:30:00+0530" (at offset 19) :DateFormatter used: yyyy-MM-dd'T'HH:mm:ss.SSSZZ
11-19 18:52:12.611 W/TwcDateParser(13907): (TwcGeneral) Unparseable date: "2015-11-24T15:59:56-0500" (at offset 19) :DateFormatter used: yyyy-MM-dd'T'HH:mm:ss.SSSZZ
11-19 18:52:12.611 W/TwcDateParser(13907): (TwcGeneral) Unparseable date: "2015-11-20T09:30:00+0530" (at offset 19) :DateFormatter used: yyyy-MM-dd'T'HH:mm:ss.SSSZZ
11-19 18:52:12.611 W/TwcDateParser(13907): (TwcGeneral) Unparseable date: "2015-11-20T10:30:00+0530" (at offset 19) :DateFormatter used: yyyy-MM-dd'T'HH:mm:ss.SSSZZ
11-19 18:52:12.611 W/TwcDateParser(13907): (TwcGeneral) Unparseable date: "2015-11-20T11:30:00+0530" (at offset 19) :DateFormatter used: yyyy-MM-dd'T'HH:mm:ss.SSSZZ
11-19 18:52:12.611 W/TwcDateParser(13907): (TwcGeneral) Unparseable date: "2015-11-20T12:30:00+0530" (at offset 19) :DateFormatter used: yyyy-MM-dd'T'HH:mm:ss.SSSZZ
11-19 18:52:12.611 E/QueryController(13877): Got null root node from accessibility - Retrying...
11-19 18:52:12.611 W/TwcDateParser(13907): (TwcGeneral) Unparseable date: "2015-11-20T13:30:00+0530" (at offset 19) :DateFormatter used: yyyy-MM-dd'T'HH:mm:ss.SSSZZ
11-19 18:52:12.611 W/TwcDateParser(13907): (TwcGeneral) Unparseable date: "2015-11-25T16:46:54-0500" (at offset 19) :DateFormatter used: yyyy-MM-dd'T'HH:mm:ss.SSSZZ
11-19 18:52:12.611 W/TwcDateParser(13907): (TwcGeneral) Unparseable date: "2015-11-20T14:30:00+0530" (at offset 19) :DateFormatter used: yyyy-MM-dd'T'HH:mm:ss.SSSZZ
11-19 18:52:12.611 W/TwcDateParser(13907): (TwcGeneral) Unparseable date: "2015-11-26T17:37:57-0500" (at offset 19) :DateFormatter used: yyyy-MM-dd'T'HH:mm:ss.SSSZZ
11-19 18:52:12.611 W/TwcDateParser(13907): (TwcGeneral) Unparseable date: "2015-11-20T15:30:00+0530" (at offset 19) :DateFormatter used: yyyy-MM-dd'T'HH:mm:ss.SSSZZ
11-19 18:52:12.611 W/TwcDateParser(13907): (TwcGeneral) Unparseable date: "2015-11-27T18:33:58-0500" (at offset 19) :DateFormatter used: yyyy-MM-dd'T'HH:mm:ss.SSSZZ
11-19 18:52:12.611 W/TwcDateParser(13907): (TwcGeneral) Unparseable date: "2015-11-20T16:30:00+0530" (at offset 19) :DateFormatter used: yyyy-MM-dd'T'HH:mm:ss.SSSZZ
11-19 18:52:12.611 W/TwcDateParser(13907): (TwcGeneral) Unparseable date: "2015-11-28T19:31:57-0500" (at offset 19) :DateFormatter used: yyyy-MM-dd'T'HH:mm:ss.SSSZZ
11-19 18:52:12.611 W/TwcDateParser(13907): (TwcGeneral) Unparseable date: "2015-11-20T17:30:00+0530" (at offset 19) :DateFormatter used: yyyy-MM-dd'T'HH:mm:ss.SSSZZ
11-19 18:52:12.611 W/TwcDateParser(13907): (TwcGeneral) Unparseable date: "2015-11-29T20:32:09-0500" (at offset 19) :DateFormatter used: yyyy-MM-dd'T'HH:mm:ss.SSSZZ
11-19 18:52:12.611 W/TwcDateParser(13907): (TwcGeneral) Unparseable date: "2015-11-20T18:30:00+0530" (at offset 19) :DateFormatter used: yyyy-MM-dd'T'HH:mm:ss.SSSZZ
11-19 18:52:12.611 W/TwcDateParser(13907): (TwcGeneral) Unparseable date: "2015-11-30T21:31:15-0500" (at offset 19) :DateFormatter used: yyyy-MM-dd'T'HH:mm:ss.SSSZZ
11-19 18:52:12.611 W/TwcDateParser(13907): (TwcGeneral) Unparseable date: "2015-11-20T19:30:00+0530" (at offset 19) :DateFormatter used: yyyy-MM-dd'T'HH:mm:ss.SSSZZ
11-19 18:52:12.611 W/TwcDateParser(13907): (TwcGeneral) Unparseable date: "2015-11-20T20:30:00+0530" (at offset 19) :DateFormatter used: yyyy-MM-dd'T'HH:mm:ss.SSSZZ
11-19 18:52:12.611 W/TwcDateParser(13907): (TwcGeneral) Unparseable date: "2015-12-01T22:30:21-0500" (at offset 19) :DateFormatter used: yyyy-MM-dd'T'HH:mm:ss.SSSZZ
11-19 18:52:12.611 W/TwcDateParser(13907): (TwcGeneral) Unparseable date: "2015-12-02T23:27:18-0500" (at offset 19) :DateFormatter used: yyyy-MM-dd'T'HH:mm:ss.SSSZZ
11-19 18:52:12.611 D/MediaScanner( 3956): Prescan. DB items number : 184 DB_FILES_NUMBER_CACHING_LIMITATION : 7000  Caching mode : true
11-19 18:52:12.611 W/TwcDateParser(13907): (TwcGeneral) Unparseable date: "2015-11-20T21:30:00+0530" (at offset 19) :DateFormatter used: yyyy-MM-dd'T'HH:mm:ss.SSSZZ
11-19 18:52:12.611 W/TwcDateParser(13907): (TwcGeneral) Unparseable date: "2015-11-20T00:20:52-0500" (at offset 19) :DateFormatter used: yyyy-MM-dd'T'HH:mm:ss.SSSZZ
11-19 18:52:12.611 W/TwcDateParser(13907): (TwcGeneral) Unparseable date: "2015-11-20T22:30:00+0530" (at offset 19) :DateFormatter used: yyyy-MM-dd'T'HH:mm:ss.SSSZZ
11-19 18:52:12.611 W/TwcDateParser(13907): (TwcGeneral) Unparseable date: "2015-11-21T01:29:18-0500" (at offset 19) :DateFormatter used: yyyy-MM-dd'T'HH:mm:ss.SSSZZ
11-19 18:52:12.611 W/TwcDateParser(13907): (TwcGeneral) Unparseable date: "2015-11-22T02:40:04-0500" (at offset 19) :DateFormatter used: yyyy-MM-dd'T'HH:mm:ss.SSSZZ
11-19 18:52:12.611 W/TwcDateParser(13907): (TwcGeneral) Unparseable date: "2015-11-20T23:30:00+0530" (at offset 19) :DateFormatter used: yyyy-MM-dd'T'HH:mm:ss.SSSZZ
11-19 18:52:12.611 W/TwcDateParser(13907): (TwcGeneral) Unparseable date: "2015-11-21T00:30:00+0530" (at offset 19) :DateFormatter used: yyyy-MM-dd'T'HH:mm:ss.SSSZZ
11-19 18:52:12.611 W/TwcDateParser(13907): (TwcGeneral) Unparseable date: "2015-11-23T03:51:04-0500" (at offset 19) :DateFormatter used: yyyy-MM-dd'T'HH:mm:ss.SSSZZ
11-19 18:52:12.611 W/TwcDateParser(13907): (TwcGeneral) Unparseable date: "2015-11-21T01:30:00+0530" (at offset 19) :DateFormatter used: yyyy-MM-dd'T'HH:mm:ss.SSSZZ
11-19 18:52:12.611 W/TwcDateParser(13907): (TwcGeneral) Unparseable date: "2015-11-24T05:02:40-0500" (at offset 19) :DateFormatter used: yyyy-MM-dd'T'HH:mm:ss.SSSZZ
11-19 18:52:12.611 W/TwcDateParser(13907): (TwcGeneral) Unparseable date: "2015-11-21T02:30:00+0530" (at offset 19) :DateFormatter used: yyyy-MM-dd'T'HH:mm:ss.SSSZZ
11-19 18:52:12.611 W/TwcDateParser(13907): (TwcGeneral) Unparseable date: "2015-11-21T03:30:00+0530" (at offset 19) :DateFormatter used: yyyy-MM-dd'T'HH:mm:ss.SSSZZ
11-19 18:52:12.611 W/TwcDateParser(13907): (TwcGeneral) Unparseable date: "2015-11-21T04:30:00+0530" (at offset 19) :DateFormatter used: yyyy-MM-dd'T'HH:mm:ss.SSSZZ
11-19 18:52:12.611 W/TwcDateParser(13907): (TwcGeneral) Unparseable date: "2015-11-25T06:13:12-0500" (at offset 19) :DateFormatter used: yyyy-MM-dd'T'HH:mm:ss.SSSZZ
11-19 18:52:12.611 W/TwcDateParser(13907): (TwcGeneral) Unparseable date: "2015-11-21T05:30:00+0530" (at offset 19) :DateFormatter used: yyyy-MM-dd'T'HH:mm:ss.SSSZZ
11-19 18:52:12.611 W/TwcDateParser(13907): (TwcGeneral) Unparseable date: "2015-11-26T07:19:59-0500" (at offset 19) :DateFormatter used: yyyy-MM-dd'T'HH:mm:ss.SSSZZ
11-19 18:52:12.611 W/TwcDateParser(13907): (TwcGeneral) Unparseable date: "2015-11-21T06:30:00+0530" (at offset 19) :DateFormatter used: yyyy-MM-dd'T'HH:mm:ss.SSSZZ
11-19 18:52:12.611 W/TwcDateParser(13907): (TwcGeneral) Unparseable date: "2015-11-27T08:22:18-0500" (at offset 19) :DateFormatter used: yyyy-MM-dd'T'HH:mm:ss.SSSZZ
11-19 18:52:12.611 W/TwcDateParser(13907): (TwcGeneral) Unparseable date: "2015-11-28T09:17:09-0500" (at offset 19) :DateFormatter used: yyyy-MM-dd'T'HH:mm:ss.SSSZZ
11-19 18:52:12.611 W/TwcDateParser(13907): (TwcGeneral) Unparseable date: "2015-11-21T07:30:00+0530" (at offset 19) :DateFormatter used: yyyy-MM-dd'T'HH:mm:ss.SSSZZ
11-19 18:52:12.611 W/TwcDateParser(13907): (TwcGeneral) Unparseable date: "2015-11-29T10:05:44-0500" (at offset 19) :DateFormatter used: yyyy-MM-dd'T'HH:mm:ss.SSSZZ
11-19 18:52:12.611 W/TwcDateParser(13907): (TwcGeneral) Unparseable date: "2015-11-21T08:30:00+0530" (at offset 19) :DateFormatter used: yyyy-MM-dd'T'HH:mm:ss.SSSZZ
11-19 18:52:12.611 W/TwcDateParser(13907): (TwcGeneral) Unparseable date: "2015-11-30T10:47:50-0500" (at offset 19) :DateFormatter used: yyyy-MM-dd'T'HH:mm:ss.SSSZZ
11-19 18:52:12.611 W/TwcDateParser(13907): (TwcGeneral) Unparseable date: "2015-11-21T09:30:00+0530" (at offset 19) :DateFormatter used: yyyy-MM-dd'T'HH:mm:ss.SSSZZ
11-19 18:52:12.611 W/TwcDateParser(13907): (TwcGeneral) Unparseable date: "2015-12-01T11:24:13-0500" (at offset 19) :DateFormatter used: yyyy-MM-dd'T'HH:mm:ss.SSSZZ
11-19 18:52:12.611 W/TwcDateParser(13907): (TwcGeneral) Unparseable date: "2015-12-02T11:57:25-0500" (at offset 19) :DateFormatter used: yyyy-MM-dd'T'HH:mm:ss.SSSZZ
11-19 18:52:12.611 W/TwcDateParser(13907): (TwcGeneral) Unparseable date: "2015-11-21T10:30:00+0530" (at offset 19) :DateFormatter used: yyyy-MM-dd'T'HH:mm:ss.SSSZZ
11-19 18:52:12.611 W/TwcDateParser(13907): (TwcGeneral) Unparseable date: "2015-12-03T12:28:06-0500" (at offset 19) :DateFormatter used: yyyy-MM-dd'T'HH:mm:ss.SSSZZ
11-19 18:52:12.611 W/TwcDateParser(13907): (TwcGeneral) Unparseable date: "2015-11-21T11:30:00+0530" (at offset 19) :DateFormatter used: yyyy-MM-dd'T'HH:mm:ss.SSSZZ
11-19 18:52:12.611 W/TwcDateParser(13907): (TwcGeneral) Unparseable date: "2015-11-21T12:30:00+0530" (at offset 19) :DateFormatter used: yyyy-MM-dd'T'HH:mm:ss.SSSZZ
11-19 18:52:12.611 W/TwcDateParser(13907): (TwcGeneral) Unparseable date: "2015-11-21T13:30:00+0530" (at offset 19) :DateFormatter used: yyyy-MM-dd'T'HH:mm:ss.SSSZZ
11-19 18:52:12.611 W/TwcDateParser(13907): (TwcGeneral) Unparseable date: "2015-10-30T20:00:00-0400" (at offset 19) :DateFormatter used: yyyy-MM-dd'T'HH:mm:ss.SSSZZ
11-19 18:52:12.611 W/TwcDateParser(13907): (TwcGeneral) Unparseable date: "2015-11-21T14:30:00+0530" (at offset 19) :DateFormatter used: yyyy-MM-dd'T'HH:mm:ss.SSSZZ
11-19 18:52:12.611 W/TwcDateParser(13907): (TwcGeneral) Unparseable date: "2015-11-21T15:30:00+0530" (at offset 19) :DateFormatter used: yyyy-MM-dd'T'HH:mm:ss.SSSZZ
11-19 18:52:12.611 W/TwcDateParser(13907): (TwcGeneral) Unparseable date: "2015-11-19T09:00:00-0500" (at offset 19) :DateFormatter used: yyyy-MM-dd'T'HH:mm:ss.SSSZZ
11-19 18:52:12.611 W/TwcDateParser(13907): (TwcGeneral) Unparseable date: "2015-11-21T16:30:00+0530" (at offset 19) :DateFormatter used: yyyy-MM-dd'T'HH:mm:ss.SSSZZ
11-19 18:52:12.611 W/TwcDateParser(13907): (TwcGeneral) Unparseable date: "2015-11-19T10:00:00-0500" (at offset 19) :DateFormatter used: yyyy-MM-dd'T'HH:mm:ss.SSSZZ
11-19 18:52:12.611 W/TwcDateParser(13907): (TwcGeneral) Unparseable date: "2015-11-19T11:00:00-0500" (at offset 19) :DateFormatter used: yyyy-MM-dd'T'HH:mm:ss.SSSZZ
11-19 18:52:12.611 W/TwcDateParser(13907): (TwcGeneral) Unparseable date: "2015-11-21T17:30:00+0530" (at offset 19) :DateFormatter used: yyyy-MM-dd'T'HH:mm:ss.SSSZZ
11-19 18:52:12.611 W/TwcDateParser(13907): (TwcGeneral) Unparseable date: "2015-11-19T12:00:00-0500" (at offset 19) :DateFormatter used: yyyy-MM-dd'T'HH:mm:ss.SSSZZ
11-19 18:52:12.611 W/TwcDateParser(13907): (TwcGeneral) Unparseable date: "2015-11-21T18:30:00+0530" (at offset 19) :DateFormatter used: yyyy-MM-dd'T'HH:mm:ss.SSSZZ
11-19 18:52:12.611 W/TwcDateParser(13907): (TwcGeneral) Unparseable date: "2015-11-19T13:00:00-0500" (at offset 19) :DateFormatter used: yyyy-MM-dd'T'HH:mm:ss.SSSZZ
11-19 18:52:12.611 W/TwcDateParser(13907): (TwcGeneral) Unparseable date: "2015-11-19T14:00:00-0500" (at offset 19) :DateFormatter used: yyyy-MM-dd'T'HH:mm:ss.SSSZZ
11-19 18:52:12.611 W/TwcDateParser(13907): (TwcGeneral) Unparseable date: "2015-11-19T18:30:00+0530" (at offset 19) :DateFormatter used: yyyy-MM-dd'T'HH:mm:ss.SSSZZ
11-19 18:52:12.611 W/TwcDateParser(13907): (TwcGeneral) Unparseable date: "2015-11-19T15:00:00-0500" (at offset 19) :DateFormatter used: yyyy-MM-dd'T'HH:mm:ss.SSSZZ
11-19 18:52:12.611 W/TwcDateParser(13907): (TwcGeneral) Unparseable date: "2015-11-19T16:00:00-0500" (at offset 19) :DateFormatter used: yyyy-MM-dd'T'HH:mm:ss.SSSZZ
11-19 18:52:12.611 D/PhoneWindow(13907): *FMB* isFloatingMenuEnabled mFloatingMenuBtn : null
11-19 18:52:12.611 W/TwcDateParser(13907): (TwcGeneral) Unparseable date: "2015-11-19T18:30:00+0530" (at offset 19) :DateFormatter used: yyyy-MM-dd'T'HH:mm:ss.SSSZZ
11-19 18:52:12.611 D/PhoneWindow(13907): *FMB* isFloatingMenuEnabled return false
11-19 18:52:12.611 W/TwcDateParser(13907): (TwcGeneral) Unparseable date: "2015-11-19T17:00:00-0500" (at offset 19) :DateFormatter used: yyyy-MM-dd'T'HH:mm:ss.SSSZZ
11-19 18:52:12.611 W/TwcDateParser(13907): (TwcGeneral) Unparseable date: "2015-11-19T19:45:00+0530" (at offset 19) :DateFormatter used: yyyy-MM-dd'T'HH:mm:ss.SSSZZ
11-19 18:52:12.611 W/TwcDateParser(13907): (TwcGeneral) Unparseable date: "2015-11-19T18:00:00-0500" (at offset 19) :DateFormatter used: yyyy-MM-dd'T'HH:mm:ss.SSSZZ
11-19 18:52:12.611 W/TwcDateParser(13907): (TwcGeneral) Unparseable date: "2015-11-19T19:00:00-0500" (at offset 19) :DateFormatter used: yyyy-MM-dd'T'HH:mm:ss.SSSZZ
11-19 18:52:12.611 W/TwcDateParser(13907): (TwcGeneral) Unparseable date: "2015-11-19T20:00:00-0500" (at offset 19) :DateFormatter used: yyyy-MM-dd'T'HH:mm:ss.SSSZZ
11-19 18:52:12.621 W/TwcDateParser(13907): (TwcGeneral) Unparseable date: "2015-11-19T21:00:00-0500" (at offset 19) :DateFormatter used: yyyy-MM-dd'T'HH:mm:ss.SSSZZ
11-19 18:52:12.621 W/TwcDateParser(13907): (TwcGeneral) Unparseable date: "2015-11-19T22:00:00-0500" (at offset 19) :DateFormatter used: yyyy-MM-dd'T'HH:mm:ss.SSSZZ
11-19 18:52:12.621 W/TwcDateParser(13907): (TwcGeneral) Unparseable date: "2015-11-19T23:00:00-0500" (at offset 19) :DateFormatter used: yyyy-MM-dd'T'HH:mm:ss.SSSZZ
11-19 18:52:12.621 W/TwcDateParser(13907): (TwcGeneral) Unparseable date: "2015-11-19T19:45:00+0530" (at offset 19) :DateFormatter used: yyyy-MM-dd'T'HH:mm:ss.SSSZZ
11-19 18:52:12.621 W/TwcDateParser(13907): (TwcGeneral) Unparseable date: "2015-11-20T00:00:00-0500" (at offset 19) :DateFormatter used: yyyy-MM-dd'T'HH:mm:ss.SSSZZ
11-19 18:52:12.621 W/TwcDateParser(13907): (TwcGeneral) Unparseable date: "2015-11-19T23:30:00+0530" (at offset 19) :DateFormatter used: yyyy-MM-dd'T'HH:mm:ss.SSSZZ
11-19 18:52:12.621 W/TwcDateParser(13907): (TwcGeneral) Unparseable date: "2015-11-20T01:00:00-0500" (at offset 19) :DateFormatter used: yyyy-MM-dd'T'HH:mm:ss.SSSZZ
11-19 18:52:12.621 W/TwcDateParser(13907): (TwcGeneral) Unparseable date: "2015-11-20T02:00:00+0530" (at offset 19) :DateFormatter used: yyyy-MM-dd'T'HH:mm:ss.SSSZZ
11-19 18:52:12.621 W/TwcDateParser(13907): (TwcGeneral) Unparseable date: "2015-11-20T02:00:00-0500" (at offset 19) :DateFormatter used: yyyy-MM-dd'T'HH:mm:ss.SSSZZ
11-19 18:52:12.621 W/TwcDateParser(13907): (TwcGeneral) Unparseable date: "2015-11-19T19:00:00+0530" (at offset 19) :DateFormatter used: yyyy-MM-dd'T'HH:mm:ss.SSSZZ
11-19 18:52:12.621 W/TwcDateParser(13907): (TwcGeneral) Unparseable date: "2015-11-20T03:00:00-0500" (at offset 19) :DateFormatter used: yyyy-MM-dd'T'HH:mm:ss.SSSZZ
11-19 18:52:12.621 W/TwcDateParser(13907): (TwcGeneral) Unparseable date: "2015-11-19T19:45:00+0530" (at offset 19) :DateFormatter used: yyyy-MM-dd'T'HH:mm:ss.SSSZZ
11-19 18:52:12.621 W/TwcDateParser(13907): (TwcGeneral) Unparseable date: "2015-11-20T04:00:00-0500" (at offset 19) :DateFormatter used: yyyy-MM-dd'T'HH:mm:ss.SSSZZ
11-19 18:52:12.621 W/TwcDateParser(13907): (TwcGeneral) Unparseable date: "2015-11-19T23:30:00+0530" (at offset 19) :DateFormatter used: yyyy-MM-dd'T'HH:mm:ss.SSSZZ
11-19 18:52:12.621 W/TwcDateParser(13907): (TwcGeneral) Unparseable date: "2015-11-20T05:00:00-0500" (at offset 19) :DateFormatter used: yyyy-MM-dd'T'HH:mm:ss.SSSZZ
11-19 18:52:12.621 W/TwcDateParser(13907): (TwcGeneral) Unparseable date: "2015-11-20T06:00:00-0500" (at offset 19) :DateFormatter used: yyyy-MM-dd'T'HH:mm:ss.SSSZZ
11-19 18:52:12.621 W/TwcDateParser(13907): (TwcGeneral) Unparseable date: "2015-11-20T07:00:00-0500" (at offset 19) :DateFormatter used: yyyy-MM-dd'T'HH:mm:ss.SSSZZ
11-19 18:52:12.621 W/TwcDateParser(13907): (TwcGeneral) Unparseable date: "2015-11-20T08:00:00-0500" (at offset 19) :DateFormatter used: yyyy-MM-dd'T'HH:mm:ss.SSSZZ
11-19 18:52:12.621 W/TwcDateParser(13907): (TwcGeneral) Unparseable date: "2015-11-20T09:00:00-0500" (at offset 19) :DateFormatter used: yyyy-MM-dd'T'HH:mm:ss.SSSZZ
11-19 18:52:12.621 W/TwcDateParser(13907): (TwcGeneral) Unparseable date: "2015-11-20T10:00:00-0500" (at offset 19) :DateFormatter used: yyyy-MM-dd'T'HH:mm:ss.SSSZZ
11-19 18:52:12.621 W/TwcDateParser(13907): (TwcGeneral) Unparseable date: "2015-11-20T11:00:00-0500" (at offset 19) :DateFormatter used: yyyy-MM-dd'T'HH:mm:ss.SSSZZ
11-19 18:52:12.621 W/TwcDateParser(13907): (TwcGeneral) Unparseable date: "2015-11-20T12:00:00-0500" (at offset 19) :DateFormatter used: yyyy-MM-dd'T'HH:mm:ss.SSSZZ
11-19 18:52:12.621 W/TwcDateParser(13907): (TwcGeneral) Unparseable date: "2015-11-20T13:00:00-0500" (at offset 19) :DateFormatter used: yyyy-MM-dd'T'HH:mm:ss.SSSZZ
11-19 18:52:12.621 I/SurfaceFlinger( 2952): id=474 createSurf (1x1),1 flag=404, TplashScree
11-19 18:52:12.621 V/MediaPlayerService( 2976): Create new media retriever from pid 3956
11-19 18:52:12.631 W/TwcDateParser(13907): (TwcGeneral) Unparseable date: "2015-11-20T14:00:00-0500" (at offset 19) :DateFormatter used: yyyy-MM-dd'T'HH:mm:ss.SSSZZ
11-19 18:52:12.631 W/TwcDateParser(13907): (TwcGeneral) Unparseable date: "2015-11-20T15:00:00-0500" (at offset 19) :DateFormatter used: yyyy-MM-dd'T'HH:mm:ss.SSSZZ
11-19 18:52:12.631 W/TwcDateParser(13907): (TwcGeneral) Unparseable date: "2015-11-20T16:00:00-0500" (at offset 19) :DateFormatter used: yyyy-MM-dd'T'HH:mm:ss.SSSZZ
11-19 18:52:12.631 W/TwcDateParser(13907): (TwcGeneral) Unparseable date: "2015-11-20T17:00:00-0500" (at offset 19) :DateFormatter used: yyyy-MM-dd'T'HH:mm:ss.SSSZZ
11-19 18:52:12.631 W/TwcDateParser(13907): (TwcGeneral) Unparseable date: "2015-11-20T18:00:00-0500" (at offset 19) :DateFormatter used: yyyy-MM-dd'T'HH:mm:ss.SSSZZ
11-19 18:52:12.631 W/TwcDateParser(13907): (TwcGeneral) Unparseable date: "2015-11-20T19:00:00-0500" (at offset 19) :DateFormatter used: yyyy-MM-dd'T'HH:mm:ss.SSSZZ
11-19 18:52:12.631 W/TwcDateParser(13907): (TwcGeneral) Unparseable date: "2015-11-20T20:00:00-0500" (at offset 19) :DateFormatter used: yyyy-MM-dd'T'HH:mm:ss.SSSZZ
11-19 18:52:12.631 W/TwcDateParser(13907): (TwcGeneral) Unparseable date: "2015-11-20T21:00:00-0500" (at offset 19) :DateFormatter used: yyyy-MM-dd'T'HH:mm:ss.SSSZZ
11-19 18:52:12.631 W/TwcDateParser(13907): (TwcGeneral) Unparseable date: "2015-11-20T22:00:00-0500" (at offset 19) :DateFormatter used: yyyy-MM-dd'T'HH:mm:ss.SSSZZ
11-19 18:52:12.631 W/TwcDateParser(13907): (TwcGeneral) Unparseable date: "2015-11-20T23:00:00-0500" (at offset 19) :DateFormatter used: yyyy-MM-dd'T'HH:mm:ss.SSSZZ
11-19 18:52:12.631 W/TwcDateParser(13907): (TwcGeneral) Unparseable date: "2015-11-21T00:00:00-0500" (at offset 19) :DateFormatter used: yyyy-MM-dd'T'HH:mm:ss.SSSZZ
11-19 18:52:12.631 W/TwcDateParser(13907): (TwcGeneral) Unparseable date: "2015-11-21T01:00:00-0500" (at offset 19) :DateFormatter used: yyyy-MM-dd'T'HH:mm:ss.SSSZZ
11-19 18:52:12.631 W/TwcDateParser(13907): (TwcGeneral) Unparseable date: "2015-11-21T02:00:00-0500" (at offset 19) :DateFormatter used: yyyy-MM-dd'T'HH:mm:ss.SSSZZ
11-19 18:52:12.631 W/TwcDateParser(13907): (TwcGeneral) Unparseable date: "2015-11-21T03:00:00-0500" (at offset 19) :DateFormatter used: yyyy-MM-dd'T'HH:mm:ss.SSSZZ
11-19 18:52:12.631 W/TwcDateParser(13907): (TwcGeneral) Unparseable date: "2015-11-21T04:00:00-0500" (at offset 19) :DateFormatter used: yyyy-MM-dd'T'HH:mm:ss.SSSZZ
11-19 18:52:12.631 D/InputDispatcher( 3532): Focus entered window: 13907
11-19 18:52:12.631 W/TwcDateParser(13907): (TwcGeneral) Unparseable date: "2015-11-21T05:00:00-0500" (at offset 19) :DateFormatter used: yyyy-MM-dd'T'HH:mm:ss.SSSZZ
11-19 18:52:12.631 W/TwcDateParser(13907): (TwcGeneral) Unparseable date: "2015-11-21T06:00:00-0500" (at offset 19) :DateFormatter used: yyyy-MM-dd'T'HH:mm:ss.SSSZZ
11-19 18:52:12.631 W/SavsMetadataRetriever( 2976): SavsMetadataRetriever::setDataSource CreateFromFD(48) offset= 0,  length=55903
11-19 18:52:12.631 W/TwcDateParser(13907): (TwcGeneral) Unparseable date: "2015-11-21T07:00:00-0500" (at offset 19) :DateFormatter used: yyyy-MM-dd'T'HH:mm:ss.SSSZZ
11-19 18:52:12.631 W/TwcDateParser(13907): (TwcGeneral) Unparseable date: "2015-11-21T08:00:00-0500" (at offset 19) :DateFormatter used: yyyy-MM-dd'T'HH:mm:ss.SSSZZ
11-19 18:52:12.631 W/TwcDateParser(13907): (TwcGeneral) Unparseable date: "2015-11-19T08:05:00-0500" (at offset 19) :DateFormatter used: yyyy-MM-dd'T'HH:mm:ss.SSSZZ
11-19 18:52:12.631 W/TwcDateParser(13907): (TwcGeneral) Unparseable date: "2015-11-19T08:00:00-0500" (at offset 19) :DateFormatter used: yyyy-MM-dd'T'HH:mm:ss.SSSZZ
11-19 18:52:12.631 W/TwcDateParser(13907): (TwcGeneral) Unparseable date: "2015-11-19T12:30:00-0500" (at offset 19) :DateFormatter used: yyyy-MM-dd'T'HH:mm:ss.SSSZZ
11-19 18:52:12.631 W/TwcDateParser(13907): (TwcGeneral) Unparseable date: "2015-11-20T00:00:00-05:00" (at offset 19) :DateFormatter used: yyyy-MM-dd'T'HH:mm:ss.SSSZZ
11-19 18:52:12.631 D/EnterpriseController( 2967): mIsMarkChainAdded is 0 mIsBlockChainAdded is 0 netId is 0
11-19 18:52:12.631 D/Netd    ( 2967): getNetworkForDns: using netid 505 for uid 10225
11-19 18:52:12.631 W/TwcDateParser(13907): (TwcGeneral) Unparseable date: "2015-11-19T03:43:27-05:00" (at offset 19) :DateFormatter used: yyyy-MM-dd'T'HH:mm:ss.SSSZZ
11-19 18:52:12.631 W/TwcDateParser(13907): (TwcGeneral) Unparseable date: "2015-11-19T06:00:00-05:00" (at offset 19) :DateFormatter used: yyyy-MM-dd'T'HH:mm:ss.SSSZZ
11-19 18:52:12.631 D/PointerIcon( 3532): setMouseIconStyle1 pointerType: 1001 iconType:101 flag:0 pid:3532 uid:1000
11-19 18:52:12.631 D/PointerIcon( 3532): setMouseCustomIcon IconType is same.101
11-19 18:52:12.641 W/TwcDateParser(13907): (TwcGeneral) Unparseable date: "2015-11-19T12:30:00-0500" (at offset 19) :DateFormatter used: yyyy-MM-dd'T'HH:mm:ss.SSSZZ
11-19 18:52:12.641 W/TwcDateParser(13907): (TwcGeneral) Unparseable date: "2015-11-19T13:00:00-0500" (at offset 19) :DateFormatter used: yyyy-MM-dd'T'HH:mm:ss.SSSZZ
11-19 18:52:12.641 W/TwcDateParser(13907): (TwcGeneral) Unparseable date: "2015-11-19T13:30:00-0500" (at offset 19) :DateFormatter used: yyyy-MM-dd'T'HH:mm:ss.SSSZZ
11-19 18:52:12.641 W/TwcDateParser(13907): (TwcGeneral) Unparseable date: "2015-11-19T15:30:00-0500" (at offset 19) :DateFormatter used: yyyy-MM-dd'T'HH:mm:ss.SSSZZ
11-19 18:52:12.641 W/TwcDateParser(13907): (TwcGeneral) Unparseable date: "2015-11-19T08:30:00-0500" (at offset 19) :DateFormatter used: yyyy-MM-dd'T'HH:mm:ss.SSSZZ
11-19 18:52:12.641 W/TwcDateParser(13907): (TwcGeneral) Unparseable date: "2015-11-19T12:30:00-0500" (at offset 19) :DateFormatter used: yyyy-MM-dd'T'HH:mm:ss.SSSZZ
11-19 18:52:12.641 W/TwcDateParser(13907): (TwcGeneral) Unparseable date: "2015-11-19T13:00:00-0500" (at offset 19) :DateFormatter used: yyyy-MM-dd'T'HH:mm:ss.SSSZZ
11-19 18:52:12.641 W/TwcDateParser(13907): (TwcGeneral) Unparseable date: "2015-11-19T13:30:00-0500" (at offset 19) :DateFormatter used: yyyy-MM-dd'T'HH:mm:ss.SSSZZ
11-19 18:52:12.641 D/EnterpriseController( 2967): mIsMarkChainAdded is 0 mIsBlockChainAdded is 0 netId is 0
11-19 18:52:12.641 D/Netd    ( 2967): getNetworkForDns: using netid 505 for uid 10225
11-19 18:52:12.641 D/SRIB_DCS(13907): log_dcs ThreadedRenderer::initialize entered! 
11-19 18:52:12.641 I/qtaguid (13907): Tagging socket 67 with tag d00000000000{53248,0} uid -1, pid: 13907, getuid(): 10225
11-19 18:52:12.651 I/qtaguid (13907): Tagging socket 50 with tag d00000000000{53248,0} uid -1, pid: 13907, getuid(): 10225
11-19 18:52:12.661 I/SoundUtil(13907): Scanned /storage/emulated/0/Notifications/My Weather.mp3, uri=content://media/external/audio/media/31
11-19 18:52:12.661 I/SoundUtil(13907): POLLEN_ALERT_SOUND was already set to content://media/external/audio/media/31
11-19 18:52:12.661 D/MediaScanner( 3956): Constructor set externalStorageSdPath : null
11-19 18:52:12.661 D/libEGL  (13907): loaded /vendor/lib64/egl/libGLES_mali.so
11-19 18:52:12.661 D/MediaScanner( 3956): scanSingleFile : 7klwibgf7fvntblfd7(7Uwlrercblrwuk7Vz Ofblpfi5vh+
11-19 18:52:12.661 D/MediaScanner( 3956): Prescan. DB items number : 184 DB_FILES_NUMBER_CACHING_LIMITATION : 7000  Caching mode : true
11-19 18:52:12.671 V/MediaPlayerService( 2976): Create new media retriever from pid 3956
11-19 18:52:12.671 W/SavsMetadataRetriever( 2976): SavsMetadataRetriever::setDataSource CreateFromFD(48) offset= 0,  length=55903
11-19 18:52:12.671 I/OpenGLRenderer(13907): Initialized EGL, version 1.4
11-19 18:52:12.681 I/OpenGLRenderer(13907): HWUI protection enabled for context ,  &this =0x7f9802f560 ,&mEglDisplay = 1 , &mEglConfig = -1743752528 
11-19 18:52:12.681 D/OpenGLRenderer(13907): Get maximum texture size. GL_MAX_TEXTURE_SIZE is 8192
11-19 18:52:12.681 I/SoundUtil(13907): Scanned /storage/emulated/0/Notifications/My Weather.mp3, uri=content://media/external/audio/media/31
11-19 18:52:12.681 D/OpenGLRenderer(13907): Enabling debug mode 0
11-19 18:52:12.681 I/SoundUtil(13907): BREAKING_NEWS_ALERT_SOUND was already set to content://media/external/audio/media/31
11-19 18:52:12.681 D/mali_winsys(13907): new_window_surface returns 0x3000,  [1440x2560]-format:1
11-19 18:52:12.681 D/MediaScanner( 3956): Constructor set externalStorageSdPath : null
11-19 18:52:12.681 D/MediaScanner( 3956): scanSingleFile : 7klwibgf7fvntblfd7(7Uwlrercblrwuk7Vz Kfmfif Ofblpfi5vh+
11-19 18:52:12.691 I/System.out(13907): (HTTPLog)-Static: isSBSettingEnabled false
11-19 18:52:12.691 I/System.out(13907): KnoxVpnUidStorageknoxVpnSupported API value returned is false
11-19 18:52:12.691 D/EnterpriseController( 2967): mIsMarkChainAdded is 0 mIsBlockChainAdded is 0 netId is 0
11-19 18:52:12.691 D/Netd    ( 2967): getNetworkForDns: using netid 505 for uid 10225
11-19 18:52:12.691 I/System.out(13907): KnoxVpnUidStorageknoxVpnSupported API value returned is false
11-19 18:52:12.691 D/MediaScanner( 3956): Prescan. DB items number : 184 DB_FILES_NUMBER_CACHING_LIMITATION : 7000  Caching mode : true
11-19 18:52:12.701 I/InjectionManager(13907): dispatchCreateOptionsMenu :com.weather.Weather.app.SplashScreenActivity
11-19 18:52:12.701 I/InjectionManager(13907): dispatchPrepareOptionsMenu :com.weather.Weather.app.SplashScreenActivity
11-19 18:52:12.701 E/SQLiteLog(13907): (284) automatic index on marketing_ruleevent(event_name)
11-19 18:52:12.701 I/art     (15655): Explicit concurrent mark sweep GC freed 10016(435KB) AllocSpace objects, 0(0B) LOS objects, 35% free, 28MB/44MB, paused 220us total 16.310ms
11-19 18:52:12.701 I/qtaguid (13907): Untagging socket 26
11-19 18:52:12.711 I/qtaguid (13907): Untagging socket 30
11-19 18:52:12.711 I/ConfigManager(13907): Updated config for configStoreKey=CONFIG_FILE_CONFIG from http://mobile.aws.weather.com/mobile.prod.twc/android/config/phone/6.0.0/config_files.json
11-19 18:52:12.711 D/InputMethodManagerService( 3532): windowGainedFocus mCurrentFocusedUserId - 0 and mSecureKeypadEnabled-false
11-19 18:52:12.711 E/ConfigManager(13907): Error retrieving configuration from remote location=http://mobile.aws.weather.com/mobile.prod.twc/android/config/phone/6.0.0/flagship_config.json
11-19 18:52:12.711 E/ConfigManager(13907): com.weather.util.config.ConfigException: Invalid flagship config
11-19 18:52:12.711 E/ConfigManager(13907): 	at com.weather.commons.config.FlagshipConfigParser.parse(FlagshipConfigParser.java:29)
11-19 18:52:12.711 E/ConfigManager(13907): 	at com.weather.commons.config.FlagshipConfigParser.parse(FlagshipConfigParser.java:16)
11-19 18:52:12.711 E/ConfigManager(13907): 	at com.weather.util.config.ConfigManager.updateConfig(ConfigManager.java:93)
11-19 18:52:12.711 E/ConfigManager(13907): 	at com.weather.commons.config.ConfigurationManagers$1.run(ConfigurationManagers.java:374)
11-19 18:52:12.711 E/ConfigManager(13907): 	at java.util.concurrent.Executors$RunnableAdapter.call(Executors.java:422)
11-19 18:52:12.711 E/ConfigManager(13907): 	at java.util.concurrent.FutureTask.run(FutureTask.java:237)
11-19 18:52:12.711 E/ConfigManager(13907): 	at java.util.concurrent.ScheduledThreadPoolExecutor$ScheduledFutureTask.access$201(ScheduledThreadPoolExecutor.java:152)
11-19 18:52:12.711 E/ConfigManager(13907): 	at java.util.concurrent.ScheduledThreadPoolExecutor$ScheduledFutureTask.run(ScheduledThreadPoolExecutor.java:265)
11-19 18:52:12.711 E/ConfigManager(13907): 	at java.util.concurrent.ThreadPoolExecutor.runWorker(ThreadPoolExecutor.java:1112)
11-19 18:52:12.711 E/ConfigManager(13907): 	at java.util.concurrent.ThreadPoolExecutor$Worker.run(ThreadPoolExecutor.java:587)
11-19 18:52:12.711 E/ConfigManager(13907): 	at java.lang.Thread.run(Thread.java:818)
11-19 18:52:12.711 E/ConfigManager(13907): Caused by: org.json.JSONException: No value for mustSeeVideoFeedUrl
11-19 18:52:12.711 E/ConfigManager(13907): 	at org.json.JSONObject.get(JSONObject.java:389)
11-19 18:52:12.711 E/ConfigManager(13907): 	at org.json.JSONObject.getString(JSONObject.java:550)
11-19 18:52:12.711 E/ConfigManager(13907): 	at com.weather.commons.config.FlagshipConfig.<init>(FlagshipConfig.java:366)
11-19 18:52:12.711 E/ConfigManager(13907): 	at com.weather.commons.config.FlagshipConfigParser.parse(FlagshipConfigParser.java:27)
11-19 18:52:12.711 E/ConfigManager(13907): 	... 10 more
11-19 18:52:12.711 I/ConfigManager(13907): Updated config for configStoreKey=HURRICANE_MODULE_CONFIG from http://mobile.aws.weather.com/mobile.prod.twc/android/config/phone/6.0.0/hurricane_modules_config.json
11-19 18:52:12.711 I/ConfigManager(13907): Updated config for configStoreKey=COLD_FLU_MODULE_CONFIG from http://mobile.aws.weather.com/mobile.prod.twc/android/config/phone/6.0.0/cold_flu_modules_config.json
11-19 18:52:12.711 I/ConfigManager(13907): Updated config for configStoreKey=APP_RATING_CONFIG from http://mobile.aws.weather.com/mobile.prod.twc/android/config/phone/6.0.0/properties_app_ratings_v5.properties
11-19 18:52:12.711 I/ConfigManager(13907): Updated config for configStoreKey=ALLERGY_MODULE_CONFIG from http://mobile.aws.weather.com/mobile.prod.twc/android/config/phone/6.0.0/allergy_modules_config.json
11-19 18:52:12.721 I/ConfigManager(13907): Updated config for configStoreKey=AD_CONFIG from http://mobile.aws.weather.com/mobile.prod.twc/android/config/phone/6.0.0/android_ads_prod_phone_600.json
11-19 18:52:12.721 I/qtaguid (13907): Untagging socket 27
11-19 18:52:12.721 D/SamsungIME( 4820): onStartInput: No inputType, No imeOption, isInputViewShown = false, isExtractViewShown = false, isShowInputRequested = false, isConfigChanged = false
11-19 18:52:12.721 I/ConfigManager(13907): Updated config for configStoreKey=AD_TEST_CONFIG from http://mobile.aws.weather.com/mobile.prod.twc/android/config/phone/6.0.0/android_ads_test_phone_600.json
11-19 18:52:12.721 I/ConfigManager(13907): Updated config for configStoreKey=MODULE_CONFIG from http://mobile.aws.weather.com/mobile.prod.twc/android/config/phone/6.0.0/en_us/modules_config.json
11-19 18:52:12.721 I/ConfigManager(13907): No remote config loaded, no remoteResourceLocation for configStoreKey=LAYERS_CONFIG
11-19 18:52:12.721 I/ConfigManager(13907): Updated config for configStoreKey=DAL_CONFIG from http://mobile.aws.weather.com/mobile.prod.twc/android/config/phone/6.0.0/dal_config.json
11-19 18:52:12.721 D/BeaconParameters(13907): (TwcAd) encountered unknown beacon parameter:ArticleName
11-19 18:52:12.721 D/BeaconParameters(13907): (TwcAd) encountered unknown beacon parameter:ArticleName
11-19 18:52:12.721 D/BeaconParameters(13907): (TwcAd) encountered unknown beacon parameter:Video
11-19 18:52:12.721 D/BeaconParameters(13907): (TwcAd) encountered unknown beacon parameter:VideoID
11-19 18:52:12.721 D/BeaconParameters(13907): (TwcAd) encountered unknown beacon parameter:Video
11-19 18:52:12.721 D/BeaconParameters(13907): (TwcAd) encountered unknown beacon parameter:VideoID
11-19 18:52:12.721 D/BeaconParameters(13907): (TwcAd) encountered unknown beacon parameter:Video
11-19 18:52:12.721 D/BeaconParameters(13907): (TwcAd) encountered unknown beacon parameter:VideoID
11-19 18:52:12.721 D/BeaconParameters(13907): (TwcAd) encountered unknown beacon parameter:Units
11-19 18:52:12.721 D/BeaconParameters(13907): (TwcAd) encountered unknown beacon parameter:Source
11-19 18:52:12.721 D/BeaconParameters(13907): (TwcAd) encountered unknown beacon parameter:DeepLinkUri
11-19 18:52:12.721 D/BeaconParameters(13907): (TwcAd) encountered unknown beacon parameter:DeepLinkLanding
11-19 18:52:12.721 D/BeaconParameters(13907): (TwcAd) encountered unknown beacon parameter:PreloadPartner
11-19 18:52:12.721 D/BeaconParameters(13907): (TwcAd) encountered unknown beacon parameter:LaunchPartner
11-19 18:52:12.721 D/BeaconParameters(13907): (TwcAd) encountered unknown beacon parameter:WidgetType
11-19 18:52:12.721 D/BeaconParameters(13907): (TwcAd) encountered unknown beacon parameter:WidgetType
11-19 18:52:12.721 D/BeaconParameters(13907): (TwcAd) encountered unknown beacon parameter:map_layer
11-19 18:52:12.721 D/BeaconParameters(13907): (TwcAd) encountered unknown beacon parameter:Video
11-19 18:52:12.721 D/BeaconParameters(13907): (TwcAd) encountered unknown beacon parameter:VideoID
11-19 18:52:12.721 D/BeaconParameters(13907): (TwcAd) encountered unknown beacon parameter:TabName
11-19 18:52:12.721 D/BeaconParameters(13907): (TwcAd) encountered unknown beacon parameter:Video
11-19 18:52:12.721 D/BeaconParameters(13907): (TwcAd) encountered unknown beacon parameter:VideoID
11-19 18:52:12.721 D/BeaconParameters(13907): (TwcAd) encountered unknown beacon parameter:Video
11-19 18:52:12.721 D/BeaconParameters(13907): (TwcAd) encountered unknown beacon parameter:VideoID
11-19 18:52:12.721 D/BeaconParameters(13907): (TwcAd) encountered unknown beacon parameter:Video
11-19 18:52:12.721 D/BeaconParameters(13907): (TwcAd) encountered unknown beacon parameter:VideoID
11-19 18:52:12.721 D/BeaconParameters(13907): (TwcAd) encountered unknown beacon parameter:sev
11-19 18:52:12.721 D/BeaconParameters(13907): (TwcAd) encountered unknown beacon parameter:CardPosition
11-19 18:52:12.721 D/BeaconParameters(13907): (TwcAd) encountered unknown beacon parameter:CurrentLocation
11-19 18:52:12.721 D/BeaconParameters(13907): (TwcAd) encountered unknown beacon parameter:ver
11-19 18:52:12.721 D/BeaconParameters(13907): (TwcAd) encountered unknown beacon parameter:locale
11-19 18:52:12.721 D/BeaconParameters(13907): (TwcAd) encountered unknown beacon parameter:ppid
11-19 18:52:12.721 D/BeaconParameters(13907): (TwcAd) encountered unknown beacon parameter:connection
11-19 18:52:12.721 I/ConfigManager(13907): Updated config for configStoreKey=BEACON_CONFIG from http://mobile.aws.weather.com/mobile.prod.twc/android/config/phone/6.0.0/beacon_config.json
11-19 18:52:12.731 V/MediaPlayerService( 2976): Create new media retriever from pid 3956
11-19 18:52:12.731 W/SavsMetadataRetriever( 2976): SavsMetadataRetriever::setDataSource CreateFromFD(48) offset= 0,  length=82871
11-19 18:52:12.731 D/PanelView( 3916): There is/are notification(s) 
11-19 18:52:12.751 I/SVG     (13907): Parsing complete in 6 millis.
11-19 18:52:12.751 D/WxIconBitmapCache.LruCache(13907): cache.create: resource key=2131099669, bm=android.graphics.Bitmap@31fe5c8f
11-19 18:52:12.751 I/SoundUtil(13907): Scanned /storage/emulated/0/Notifications/My Severe Weather.mp3, uri=content://media/external/audio/media/32
11-19 18:52:12.751 I/SoundUtil(13907): SEVERE_ALERT_SOUND was already set to content://media/external/audio/media/32
11-19 18:52:12.761 D/MediaScanner( 3956): Constructor set externalStorageSdPath : null
11-19 18:52:12.761 D/MediaScanner( 3956): scanSingleFile : 7klwibgf7fvntblfd7(7Uwlrercblrwuk7Vz Ofblpfi5vh+
11-19 18:52:12.771 D/MediaScanner( 3956): Prescan. DB items number : 184 DB_FILES_NUMBER_CACHING_LIMITATION : 7000  Caching mode : true
11-19 18:52:12.771 D/ApplicationPolicy( 3532): isStatusBarNotificationAllowedAsUser: packageName = com.weather.Weather,userId = 0
11-19 18:52:12.771 V/ApplicationPolicy( 3532): isApplicationStateBlocked userId 0 pkgname com.weather.Weather
11-19 18:52:12.771 D/ApplicationPolicy( 3532): isStatusBarNotificationAllowedAsUser: packageName = com.weather.Weather,userId = 0
11-19 18:52:12.771 V/ApplicationPolicy( 3532): isApplicationStateBlocked userId 0 pkgname com.weather.Weather
11-19 18:52:12.781 V/MediaPlayerService( 2976): Create new media retriever from pid 3956
11-19 18:52:12.781 W/SavsMetadataRetriever( 2976): SavsMetadataRetriever::setDataSource CreateFromFD(48) offset= 0,  length=55903
11-19 18:52:12.791 D/KnoxNotification( 3916): ----- inflateViews : modified publicViewLocal -----
11-19 18:52:12.791 D/KnoxNotification( 3916): ----- inflateViews : modified KnoxViewLocal -----
11-19 18:52:12.801 I/SoundUtil(13907): Scanned /storage/emulated/0/Notifications/My Weather.mp3, uri=content://media/external/audio/media/31
11-19 18:52:12.801 I/SoundUtil(13907): RAIN_SNOW_ALERT_SOUND was already set to content://media/external/audio/media/31
11-19 18:52:12.801 D/MediaScanner( 3956): Constructor set externalStorageSdPath : null
11-19 18:52:12.801 D/MediaScanner( 3956): scanSingleFile : 7klwibgf7fvntblfd7(7Uwlrercblrwuk7Vz Ofblpfi5vh+
11-19 18:52:12.811 D/MediaScanner( 3956): Prescan. DB items number : 184 DB_FILES_NUMBER_CACHING_LIMITATION : 7000  Caching mode : true
11-19 18:52:12.811 D/PanelView( 3916): There is/are notification(s) 
11-19 18:52:12.811 D/PanelView( 3916): kidsfalse mQsExpansionEnabled:true
11-19 18:52:12.811 D/PanelView( 3916): There is/are notification(s) 
11-19 18:52:12.811 D/PanelView( 3916): kidsfalse mQsExpansionEnabled:true
11-19 18:52:12.811 D/StatusBar( 3916): ----- contentsUnchanged : true, bigContentsUnchanged - true, headsUpContentsUnchanged - true , publicUnchanged true
11-19 18:52:12.821 V/MediaPlayerService( 2976): Create new media retriever from pid 3956
11-19 18:52:12.821 W/SavsMetadataRetriever( 2976): SavsMetadataRetriever::setDataSource CreateFromFD(48) offset= 0,  length=55903
11-19 18:52:12.821 D/PanelView( 3916): There is/are notification(s) 
11-19 18:52:12.821 D/PanelView( 3916): kidsfalse mQsExpansionEnabled:true
11-19 18:52:12.821 D/PanelView( 3916): There is/are notification(s) 
11-19 18:52:12.821 D/PanelView( 3916): kidsfalse mQsExpansionEnabled:true
11-19 18:52:12.841 I/SoundUtil(13907): Scanned /storage/emulated/0/Notifications/My Weather.mp3, uri=content://media/external/audio/media/31
11-19 18:52:12.841 I/SoundUtil(13907): REAL_TIME_RAIN_ALERT_SOUND was already set to content://media/external/audio/media/31
11-19 18:52:12.841 D/MediaScanner( 3956): Constructor set externalStorageSdPath : null
11-19 18:52:12.841 I/ActivityManager( 3532): Displayed Component not be shown by security: +860ms
11-19 18:52:12.841 D/MediaScanner( 3956): scanSingleFile : 7klwibgf7fvntblfd7(7Uwlrercblrwuk7Vz Ofblpfi5vh+
11-19 18:52:12.841 I/Timeline( 3532): Timeline: Activity_windows_visible id: ActivityRecord{3719415d u0 com.weather.Weather/.app.SplashScreenActivity t73} time:25386028
11-19 18:52:12.851 D/LocationManagerService( 3532): getProviders()=[passive, gps, network]
11-19 18:52:12.851 D/MediaScanner( 3956): Prescan. DB items number : 184 DB_FILES_NUMBER_CACHING_LIMITATION : 7000  Caching mode : true
11-19 18:52:12.861 I/Timeline(13907): Timeline: Activity_idle id: android.os.BinderProxy@26e8f01d time:25386041
11-19 18:52:12.861 D/HomeFragment( 4350): onStop()
11-19 18:52:12.861 D/SurfaceWidgetView( 4350): Visibility changed to:4
11-19 18:52:12.861 D/DragAndDrop( 4350): dragCancel(false)
11-19 18:52:12.861 I/DALI-LIFECYCLE( 4350): void NativeViews::NativeApp::OnStop()
11-19 18:52:12.861 D/NativeApp( 4350): detachRootView: -192299392 this com.sec.daliviews.views.NativeApp@1f4f1d30Peer-190936720
11-19 18:52:12.861 I/DALI-LIFECYCLE( 4350): void NativeViews::NativeApp::DetachRootView(NativeViews::ContainerViewBase*)
