11-26 21:16:31.284 E/SELinux ( 7513): [DEBUG] get_category: variable seinfo: platform sensitivity: NULL, cateogry: NULL
11-26 21:16:31.284 I/ExynosCameraMCPipe( 2976): [CAM_ID(0)][PIPE_3AA]-INFO(instantOff[866]):instantOff() is succeed, Pipe(1)
11-26 21:16:31.284 D/ExynosCameraMCPipe( 2976): [CAM_ID(0)][PIPE_ISP]-DEBUG(stop[278])
11-26 21:16:31.284 D/ExynosCameraMCPipe( 2976): [CAM_ID(0)][PIPE_ISP]-DEBUG(m_stopNode[2720])
11-26 21:16:31.284 D/ExynosCameraMCPipe( 2976): [CAM_ID(0)][PIPE_ISP]-DEBUG(stop[290]):Thread exited
11-26 21:16:31.284 I/ExynosCameraMCPipe( 2976): [CAM_ID(0)][PIPE_ISP]-INFO(stop[311]):stop() is succeed, Pipe(4)
11-26 21:16:31.284 I/ExynosCameraFrameFactoryPreview( 2976): [CAM_ID(0)][ExynosCameraFrameFactory3aaIspM2M]-INFO(fastenAeStable[820]:set framerate (denominator=120)
11-26 21:16:31.284 D/ExynosCameraPipe( 2976): [CAM_ID(0)][PIPE_FLITE]-DEBUG(setParam[504])
11-26 21:16:31.284 I/ExynosCameraFrameFactoryPreview( 2976): [CAM_ID(0)][ExynosCameraFrameFactory3aaIspM2M]-INFO(fastenAeStable[848]): Done
11-26 21:16:31.284 D/ExynosCameraBufferManager( 2976): [CAM_ID(0)][SKIP_BUF]-DEBUG(deinit[116]):IN..
11-26 21:16:31.284 D/ExynosCameraBufferManager( 2976): [CAM_ID(0)][SKIP_BUF]-DEBUG(m_free[252]):Free the buffer (m_allocatedBufCount=6) --- dumpBufferInfo ---
11-26 21:16:31.284 I/ExynosCameraBufferManager( 2976): [CAM_ID(0)][SKIP_BUF]-INFO(dumpBufferInfo[1244]):[m_buffer[0].fd[0]=122] .addr=0x0 .size=4096 .position=0 .permission=1]
11-26 21:16:31.284 I/ExynosCameraBufferManager( 2976): [CAM_ID(0)][SKIP_BUF]-INFO(dumpBufferInfo[1244]):[m_buffer[0].fd[1]=128] .addr=0xee411000 .size=32768 .position=0 .permission=1]
11-26 21:16:31.284 I/ExynosCameraBufferManager( 2976): [CAM_ID(0)][SKIP_BUF]-INFO(dumpBufferInfo[1244]):[m_buffer[1].fd[0]=123] .addr=0x0 .size=4096 .position=0 .permission=1]
11-26 21:16:31.284 I/ExynosCameraBufferManager( 2976): [CAM_ID(0)][SKIP_BUF]-INFO(dumpBufferInfo[1244]):[m_buffer[1].fd[1]=129] .addr=0xee409000 .size=32768 .position=0 .permission=1]
11-26 21:16:31.284 I/ExynosCameraBufferManager( 2976): [CAM_ID(0)][SKIP_BUF]-INFO(dumpBufferInfo[1244]):[m_buffer[2].fd[0]=124] .addr=0x0 .size=4096 .position=0 .permission=1]
11-26 21:16:31.284 I/ExynosCameraBufferManager( 2976): [CAM_ID(0)][SKIP_BUF]-INFO(dumpBufferInfo[1244]):[m_buffer[2].fd[1]=130] .addr=0xee401000 .size=32768 .position=0 .permission=1]
11-26 21:16:31.284 I/ExynosCameraBufferManager( 2976): [CAM_ID(0)][SKIP_BUF]-INFO(dumpBufferInfo[1244]):[m_buffer[3].fd[0]=125] .addr=0x0 .size=4096 .position=0 .permission=1]
11-26 21:16:31.284 I/ExynosCameraBufferManager( 2976): [CAM_ID(0)][SKIP_BUF]-INFO(dumpBufferInfo[1244]):[m_buffer[3].fd[1]=131] .addr=0xec400000 .size=32768 .position=0 .permission=1]
11-26 21:16:31.284 I/ExynosCameraBufferManager( 2976): [CAM_ID(0)][SKIP_BUF]-INFO(dumpBufferInfo[1244]):[m_buffer[4].fd[0]=126] .addr=0x0 .size=4096 .position=0 .permission=1]
11-26 21:16:31.284 I/ExynosCameraBufferManager( 2976): [CAM_ID(0)][SKIP_BUF]-INFO(dumpBufferInfo[1244]):[m_buffer[4].fd[1]=132] .addr=0xe93f8000 .size=32768 .position=0 .permission=1]
11-26 21:16:31.284 I/ExynosCameraBufferManager( 2976): [CAM_ID(0)][SKIP_BUF]-INFO(dumpBufferInfo[1244]):[m_buffer[5].fd[0]=127] .addr=0x0 .size=4096 .position=0 .permission=1]
11-26 21:16:31.284 I/ExynosCameraBufferManager( 2976): [CAM_ID(0)][SKIP_BUF]-INFO(dumpBufferInfo[1244]):[m_buffer[5].fd[1]=133] .addr=0xe93f0000 .size=32768 .position=0 .permission=1]
11-26 21:16:31.284 D/ExynosCameraBufferManager( 2976): [CAM_ID(0)][SKIP_BUF]-DEBUG(printBufferQState[1205]):bufferIndex=0
11-26 21:16:31.284 D/ExynosCameraBufferManager( 2976): [CAM_ID(0)][SKIP_BUF]-DEBUG(printBufferQState[1205]):bufferIndex=1
11-26 21:16:31.284 D/ExynosCameraBufferManager( 2976): [CAM_ID(0)][SKIP_BUF]-DEBUG(printBufferQState[1205]):bufferIndex=2
11-26 21:16:31.284 D/ExynosCameraBufferManager( 2976): [CAM_ID(0)][SKIP_BUF]-DEBUG(printBufferQState[1205]):bufferIndex=3
11-26 21:16:31.284 D/ExynosCameraBufferManager( 2976): [CAM_ID(0)][SKIP_BUF]-DEBUG(printBufferQState[1205]):bufferIndex=4
11-26 21:16:31.284 D/ExynosCameraBufferManager( 2976): [CAM_ID(0)][SKIP_BUF]-DEBUG(printBufferQState[1205]):bufferIndex=5
11-26 21:16:31.284 D/ExynosCameraBufferManager( 2976): [CAM_ID(0)][SKIP_BUF]-DEBUG(m_free[255]):------------------------------------------------------
11-26 21:16:31.284 D/ExynosCameraBufferManager( 2976): [CAM_ID(0)][SKIP_BUF]-DEBUG(m_free[282]):Free the buffer succeeded (m_allocatedBufCount=0)
11-26 21:16:31.284 D/ExynosCameraPipeJpeg( 2976): DEBUG:duration time(    1 msec):(m_free)
11-26 21:16:31.284 D/ExynosCameraBufferManager( 2976): [CAM_ID(0)][SKIP_BUF]-DEBUG(deinit[141]):OUT..
11-26 21:16:31.284 D/ExynosCameraBufferManager( 2976): [CAM_ID(0)][SKIP_BUF]-DEBUG(deinit[116]):IN..
11-26 21:16:31.284 I/ExynosCameraBufferManager( 2976): [CAM_ID(0)][SKIP_BUF]-INFO(deinit[119]:OUT.. Buffer is not allocated
11-26 21:16:31.284 D/ExynosCameraBufferManager( 2976): [CAM_ID(0)][SKIP_BUF]-DEBUG(deinit[116]):IN..
11-26 21:16:31.284 I/ExynosCameraBufferManager( 2976): [CAM_ID(0)][SKIP_BUF]-INFO(deinit[119]:OUT.. Buffer is not allocated
11-26 21:16:31.284 D/ExynosCameraPipeJpeg( 2976): DEBUG:duration time(  632 msec):(m_fastenAeThreadFunc)
11-26 21:16:31.284 D/ExynosCamera( 2976): [CAM_ID(0)][]-DEBUG(m_waitFastenAeThreadEnd[5337]):fastenAeThread waiting time : duration time(  544 msec)
11-26 21:16:31.284 D/ExynosCamera( 2976): [CAM_ID(0)][]-DEBUG(m_waitFastenAeThreadEnd[5338]):fastenAeThread join
11-26 21:16:31.284 I/ExynosCamera( 2976): [CAM_ID(0)][]-DEBUG(m_startPreviewInternal[5348]):IN
11-26 21:16:31.284 D/ExynosCamera( 2976): [CAM_ID(0)][]-DEBUG(m_startPreviewInternal[5416]): Use REPROCESSING_BAYER_MODE_DIRTY_ALWAYS_ON
11-26 21:16:31.284 D/ExynosCameraMCPipe( 2976): [CAM_ID(0)][PIPE_3AA]-DEBUG(setBufferManager[998])
11-26 21:16:31.284 D/ExynosCameraMCPipe( 2976): [CAM_ID(0)][PIPE_ISP]-DEBUG(setBufferManager[998])
11-26 21:16:31.284 I/ExynosCameraFrameFactoryPreview( 2976): [CAM_ID(0)][ExynosCameraFrameFactory3aaIspM2M]-INFO(initPipes[1076])
11-26 21:16:31.284 I/ExynosCameraFrameFactory( 2976): [CAM_ID(0)][ExynosCameraFrameFactory3aaIspM2M]-INFO(m_initFlitePipe[729])
11-26 21:16:31.284 I/ExynosCameraFrameFactory( 2976): [CAM_ID(0)][ExynosCameraFrameFactory3aaIspM2M]-INFO(m_initFlitePipe[750]): MaxSensorSize(5328x3000), HWSensorSize(5328x3000)
11-26 21:16:31.284 I/ExynosCameraFrameFactory( 2976): [CAM_ID(0)][ExynosCameraFrameFactory3aaIspM2M]-INFO(m_initFlitePipe[771]:set framerate (denominator=30)
11-26 21:16:31.284 D/ExynosCameraPipe( 2976): [CAM_ID(0)][PIPE_FLITE]-DEBUG(setParam[504])
11-26 21:16:31.284 D/ExynosCameraPipeFlite( 2976): [CAM_ID(0)][PIPE_FLITE]-DEBUG(setupPipe[218])
11-26 21:16:31.284 D/ExynosCameraPipeFlite( 2976): [CAM_ID(0)][PIPE_FLITE]-DEBUG(setupPipe[227]):set new sensorIds
11-26 21:16:31.284 D/ExynosCameraPipeFlite( 2976): [CAM_ID(0)][PIPE_FLITE]-DEBUG(m_setPipeInfo[192])
11-26 21:16:31.284 D/ExynosCameraPipe( 2976): [CAM_ID(0)][PIPE_FLITE]-DEBUG(m_setNodeInfo[1410])
11-26 21:16:31.284 D/ExynosCameraPipe( 2976): [CAM_ID(0)][PIPE_FLITE]-DEBUG(m_setNodeInfo[1488]): set pipeInfos on FLITE : setFormat(5328, 3000) and reqBuffers(5).
11-26 21:16:31.284 D/ExynosCameraNode( 2976): [CAM_ID(0)][FLITE]-DEBUG(setSize[363]):w (5328) h (3000)
11-26 21:16:31.284 D/ExynosCameraNode( 2976): [CAM_ID(0)][FLITE]-DEBUG(m_setFmt[1021]):type 9, 5328 x 3000, format 842090306, yuvRange 7
11-26 21:16:31.284 I/ExynosCameraPipeFlite( 2976): [CAM_ID(0)][PIPE_FLITE]-INFO(setupPipe[253]):setupPipe() is succeed (0) setupPipe (3)
11-26 21:16:31.284 D/ExynosCameraPipe( 2976): [CAM_ID(0)][PIPE_FLITE]-DEBUG(setControl[468])
11-26 21:16:31.284 I/ExynosCameraFrameFactory( 2976): [CAM_ID(0)][ExynosCameraFrameFactory3aaIspM2M]-INFO(m_initFlitePipe[845]): BNS scale down ratio(1.0), size (5328x3000)
11-26 21:16:31.284 I/ExynosCameraParameters( 2976): [CAM_ID(0)][ParametersBack]-INFO(updateHwSensorSize):curHwSensor size(5328x3000) newHwSensor size(5328x3000)
11-26 21:16:31.284 I/ExynosCameraFrameFactory3aaIspM2M( 2976): [CAM_ID(0)][ExynosCameraFrameFactory3aaIspM2M]-INFO(m_setDeviceInfo[80])
11-26 21:16:31.284 I/ExynosCameraFrameFactory3aaIspM2M( 2976): [CAM_ID(0)][ExynosCameraFrameFactory3aaIspM2M]-INFO(m_initPipes[220])
11-26 21:16:31.284 I/ExynosCameraFrameFactory3aaIspM2M( 2976): [CAM_ID(0)][ExynosCameraFrameFactory3aaIspM2M]-INFO(m_initPipes[273]): MaxSensorSize(5328x3000), HWSensorSize(5328x3000)
11-26 21:16:31.284 I/ExynosCameraFrameFactory3aaIspM2M( 2976): [CAM_ID(0)][ExynosCameraFrameFactory3aaIspM2M]-INFO(m_initPipes[274]): MaxPreviewSize(3840x2160), HwPreviewSize(1920x1080)
11-26 21:16:31.284 I/ExynosCameraFrameFactory3aaIspM2M( 2976): [CAM_ID(0)][ExynosCameraFrameFactory3aaIspM2M]-INFO(m_initPipes[275]): HWPictureSize(5312x2988)
11-26 21:16:31.284 D/ExynosCameraMCPipe( 2976): [CAM_ID(0)][PIPE_3AA]-DEBUG(setPipeId[961]):nodeType(0), id(1)
11-26 21:16:31.284 D/ExynosCameraMCPipe( 2976): [CAM_ID(0)][PIPE_3AA]-DEBUG(setPipeId[961]):nodeType(1), id(2)
11-26 21:16:31.284 D/ExynosCameraMCPipe( 2976): [CAM_ID(0)][PIPE_3AA]-DEBUG(setPipeId[961]):nodeType(2), id(3)
11-26 21:16:31.284 D/ExynosCameraMCPipe( 2976): [CAM_ID(0)][PIPE_3AA]-DEBUG(setPipeId[961]):nodeType(3), id(-1)
11-26 21:16:31.284 D/ExynosCameraMCPipe( 2976): [CAM_ID(0)][PIPE_3AA]-DEBUG(setPipeId[961]):nodeType(4), id(-1)
11-26 21:16:31.284 D/ExynosCameraMCPipe( 2976): [CAM_ID(0)][PIPE_3AA]-DEBUG(setPipeId[961]):nodeType(5), id(-1)
11-26 21:16:31.284 D/ExynosCameraMCPipe( 2976): [CAM_ID(0)][PIPE_3AA]-DEBUG(setPipeId[961]):nodeType(6), id(-1)
11-26 21:16:31.284 D/ExynosCameraMCPipe( 2976): [CAM_ID(0)][PIPE_3AA]-DEBUG(setPipeId[961]):nodeType(7), id(-1)
11-26 21:16:31.284 D/ExynosCameraMCPipe( 2976): [CAM_ID(0)][PIPE_3AA]-DEBUG(setPipeId[961]):nodeType(8), id(-1)
11-26 21:16:31.284 D/ExynosCameraMCPipe( 2976): [CAM_ID(0)][PIPE_3AA]-DEBUG(setPipeId[961]):nodeType(9), id(-1)
11-26 21:16:31.284 D/ExynosCameraMCPipe( 2976): [CAM_ID(0)][PIPE_3AA]-DEBUG(setPipeId[961]):nodeType(10), id(-1)
11-26 21:16:31.284 D/ExynosCameraMCPipe( 2976): [CAM_ID(0)][PIPE_3AA]-DEBUG(setPipeId[961]):nodeType(11), id(-1)
11-26 21:16:31.284 D/ExynosCameraMCPipe( 2976): [CAM_ID(0)][PIPE_3AA]-DEBUG(setPipeId[961]):nodeType(12), id(-1)
11-26 21:16:31.284 D/ExynosCameraMCPipe( 2976): [CAM_ID(0)][PIPE_3AA]-DEBUG(setPipeId[961]):nodeType(13), id(-1)
11-26 21:16:31.284 D/ExynosCameraMCPipe( 2976): [CAM_ID(0)][PIPE_3AA]-DEBUG(setPipeId[961]):nodeType(14), id(-1)
11-26 21:16:31.284 D/ExynosCameraMCPipe( 2976): [CAM_ID(0)][PIPE_3AA]-DEBUG(setPipeId[961]):nodeType(15), id(-1)
11-26 21:16:31.284 D/ExynosCameraMCPipe( 2976): [CAM_ID(0)][PIPE_3AA]-DEBUG(setupPipe[153])
11-26 21:16:31.284 D/ExynosCameraMCPipe( 2976): [CAM_ID(0)][PIPE_3AA]-DEBUG(setupPipe[163]):set new sensorIds
11-26 21:16:31.284 D/ExynosCameraMCPipe( 2976): [CAM_ID(0)][PIPE_3AA]-DEBUG(setupPipe[169]):set new ispSensorIds
11-26 21:16:31.284 D/ExynosCameraMCPipe( 2976): [CAM_ID(0)][PIPE_3AA]-DEBUG(m_setPipeInfo[2358])
11-26 21:16:31.284 D/ExynosCameraMCPipe( 2976): [CAM_ID(0)][PIPE_3AA]-DEBUG(m_setNodeInfo[2431])
11-26 21:16:31.284 D/ExynosCameraMCPipe( 2976): [CAM_ID(0)][PIPE_3AA]-DEBUG(m_setNodeInfo[2511]):set pipeInfos on 3AA_OUTPUT, setFormat(32, 64) and reqBuffers(8)
11-26 21:16:31.284 D/ExynosCameraNode( 2976): [CAM_ID(0)][3AA_OUTPUT]-DEBUG(setSize[363]):w (32) h (64)
11-26 21:16:31.284 W/ExynosCameraNode( 2976): [CAM_ID(0)][3AA_OUTPUT]-WARN(setFormat[650]):name(3AA_OUTPUT) fd 38, bytesperline(0) < width(32), height(64)
11-26 21:16:31.284 D/ExynosCameraNode( 2976): [CAM_ID(0)][3AA_OUTPUT]-DEBUG(m_setFmt[1021]):type 10, 32 x 64, format 842090306, yuvRange 7
11-26 21:16:31.284 D/ExynosCameraMCPipe( 2976): [CAM_ID(0)][PIPE_3AA]-DEBUG(m_setNodeInfo[2431])
11-26 21:16:31.284 D/ExynosCameraMCPipe( 2976): [CAM_ID(0)][PIPE_3AA]-DEBUG(m_setNodeInfo[2511]):set pipeInfos on 3AA_CAPTURE, setFormat(5328, 3000) and reqBuffers(8)
11-26 21:16:31.284 D/ExynosCameraNode( 2976): [CAM_ID(0)][3AA_CAPTURE]-DEBUG(setSize[363]):w (5328) h (3000)
11-26 21:16:31.284 W/ExynosCameraNode( 2976): [CAM_ID(0)][3AA_CAPTURE]-WARN(setFormat[650]):name(3AA_CAPTURE) fd 39, bytesperline(0) < width(5328), height(3000)
11-26 21:16:31.284 D/ExynosCameraNode( 2976): [CAM_ID(0)][3AA_CAPTURE]-DEBUG(m_setFmt[1021]):type 9, 5328 x 3000, format 842090306, yuvRange 7
11-26 21:16:31.284 D/ExynosCameraMCPipe( 2976): [CAM_ID(0)][PIPE_3AA]-DEBUG(m_setNodeInfo[2431])
11-26 21:16:31.284 D/ExynosCameraMCPipe( 2976): [CAM_ID(0)][PIPE_3AA]-DEBUG(m_setNodeInfo[2511]):set pipeInfos on 3AA_PREVIEW, setFormat(2656, 1494) and reqBuffers(8)
11-26 21:16:31.284 D/ExynosCameraNode( 2976): [CAM_ID(0)][3AA_PREVIEW]-DEBUG(setSize[363]):w (2656) h (1494)
11-26 21:16:31.284 D/ExynosCameraNode( 2976): [CAM_ID(0)][3AA_PREVIEW]-DEBUG(m_setFmt[1021]):type 9, 2656 x 1494, format 842090306, yuvRange 7
11-26 21:16:31.284 D/ExynosCameraMCPipe( 2976): [CAM_ID(0)][PIPE_3AA]-DEBUG(m_setSetfile[2613])
11-26 21:16:31.284 D/ExynosCameraMCPipe( 2976): [CAM_ID(0)][PIPE_3AA]-DEBUG(m_setSetfile[2613])
11-26 21:16:31.284 D/ExynosCameraMCPipe( 2976): [CAM_ID(0)][PIPE_3AA]-DEBUG(m_setSetfile[2613])
11-26 21:16:31.284 I/ExynosCameraMCPipe( 2976): [CAM_ID(0)][PIPE_3AA]-INFO(setupPipe[224]):setupPipe() is succeed, Pipe(1), prepare(3)
11-26 21:16:31.284 D/ExynosCameraMCPipe( 2976): [CAM_ID(0)][PIPE_ISP]-DEBUG(setPipeId[961]):nodeType(0), id(4)
11-26 21:16:31.284 D/ExynosCameraMCPipe( 2976): [CAM_ID(0)][PIPE_ISP]-DEBUG(setPipeId[961]):nodeType(1), id(-1)
11-26 21:16:31.284 D/ExynosCameraMCPipe( 2976): [CAM_ID(0)][PIPE_ISP]-DEBUG(setPipeId[961]):nodeType(2), id(-1)
11-26 21:16:31.284 D/ExynosCameraMCPipe( 2976): [CAM_ID(0)][PIPE_ISP]-DEBUG(setPipeId[961]):nodeType(3), id(6)
11-26 21:16:31.284 D/ExynosCameraMCPipe( 2976): [CAM_ID(0)][PIPE_ISP]-DEBUG(setPipeId[961]):nodeType(4), id(-1)
11-26 21:16:31.284 D/ExynosCameraMCPipe( 2976): [CAM_ID(0)][PIPE_ISP]-DEBUG(setPipeId[961]):nodeType(5), id(7)
11-26 21:16:31.284 D/ExynosCameraMCPipe( 2976): [CAM_ID(0)][PIPE_ISP]-DEBUG(setPipeId[961]):nodeType(6), id(-1)
11-26 21:16:31.284 D/ExynosCameraMCPipe( 2976): [CAM_ID(0)][PIPE_ISP]-DEBUG(setPipeId[961]):nodeType(7), id(-1)
11-26 21:16:31.284 D/ExynosCameraMCPipe( 2976): [CAM_ID(0)][PIPE_ISP]-DEBUG(setPipeId[961]):nodeType(8), id(-1)
11-26 21:16:31.284 D/ExynosCameraMCPipe( 2976): [CAM_ID(0)][PIPE_ISP]-DEBUG(setPipeId[961]):nodeType(9), id(-1)
11-26 21:16:31.284 D/ExynosCameraMCPipe( 2976): [CAM_ID(0)][PIPE_ISP]-DEBUG(setPipeId[961]):nodeType(10), id(-1)
11-26 21:16:31.284 D/ExynosCameraMCPipe( 2976): [CAM_ID(0)][PIPE_ISP]-DEBUG(setPipeId[961]):nodeType(11), id(-1)
11-26 21:16:31.284 D/ExynosCameraMCPipe( 2976): [CAM_ID(0)][PIPE_ISP]-DEBUG(setPipeId[961]):nodeType(12), id(-1)
11-26 21:16:31.284 D/ExynosCameraMCPipe( 2976): [CAM_ID(0)][PIPE_ISP]-DEBUG(setPipeId[961]):nodeType(13), id(-1)
11-26 21:16:31.284 D/ExynosCameraMCPipe( 2976): [CAM_ID(0)][PIPE_ISP]-DEBUG(setPipeId[961]):nodeType(14), id(-1)
11-26 21:16:31.284 D/ExynosCameraMCPipe( 2976): [CAM_ID(0)][PIPE_ISP]-DEBUG(setPipeId[961]):nodeType(15), id(-1)
11-26 21:16:31.284 D/ExynosCameraMCPipe( 2976): [CAM_ID(0)][PIPE_ISP]-DEBUG(setupPipe[153])
11-26 21:16:31.284 D/ExynosCameraMCPipe( 2976): [CAM_ID(0)][PIPE_ISP]-DEBUG(setupPipe[163]):set new sensorIds
11-26 21:16:31.284 D/ExynosCameraMCPipe( 2976): [CAM_ID(0)][PIPE_ISP]-DEBUG(setupPipe[169]):set new ispSensorIds
11-26 21:16:31.284 D/ExynosCameraMCPipe( 2976): [CAM_ID(0)][PIPE_ISP]-DEBUG(m_setPipeInfo[2358])
11-26 21:16:31.284 D/ExynosCameraMCPipe( 2976): [CAM_ID(0)][PIPE_ISP]-DEBUG(m_setNodeInfo[2431])
11-26 21:16:31.284 D/ExynosCameraMCPipe( 2976): [CAM_ID(0)][PIPE_ISP]-DEBUG(m_setNodeInfo[2511]):set pipeInfos on ISP_OUTPUT, setFormat(2656, 1494) and reqBuffers(8)
11-26 21:16:31.284 D/ExynosCameraNode( 2976): [CAM_ID(0)][ISP_OUTPUT]-DEBUG(setSize[363]):w (2656) h (1494)
11-26 21:16:31.284 D/ExynosCameraNode( 2976): [CAM_ID(0)][ISP_OUTPUT]-DEBUG(m_setFmt[1021]):type 10, 2656 x 1494, format 842090306, yuvRange 7
11-26 21:16:31.284 D/ExynosCameraMCPipe( 2976): [CAM_ID(0)][PIPE_ISP]-DEBUG(m_setNodeInfo[2431])
11-26 21:16:31.284 D/ExynosCameraMCPipe( 2976): [CAM_ID(0)][PIPE_ISP]-DEBUG(m_setNodeInfo[2511]):set pipeInfos on SCP_PREVIEW, setFormat(1920, 1080) and reqBuffers(9)
11-26 21:16:31.284 D/ExynosCameraNode( 2976): [CAM_ID(0)][SCP_PREVIEW]-DEBUG(setSize[363]):w (1920) h (1080)
11-26 21:16:31.284 D/ExynosCameraNode( 2976): [CAM_ID(0)][SCP_PREVIEW]-DEBUG(m_setFmt[1021]):type 9, 1920 x 1080, format 825380174, yuvRange 7
11-26 21:16:31.284 D/ExynosCameraMCPipe( 2976): [CAM_ID(0)][PIPE_ISP]-DEBUG(m_setSetfile[2613])
11-26 21:16:31.284 D/ExynosCameraMCPipe( 2976): [CAM_ID(0)][PIPE_ISP]-DEBUG(m_setSetfile[2613])
11-26 21:16:31.284 D/ExynosCameraMCPipe( 2976): [CAM_ID(0)][PIPE_ISP]-DEBUG(m_setSetfile[2613])
11-26 21:16:31.284 I/ExynosCameraMCPipe( 2976): [CAM_ID(0)][PIPE_ISP]-INFO(setupPipe[224]):setupPipe() is succeed, Pipe(4), prepare(0)
11-26 21:16:31.284 D/ExynosCameraMCPipe( 2976): [CAM_ID(0)][PIPE_DIS]-DEBUG(setPipeId[961]):nodeType(0), id(-1)
11-26 21:16:31.284 D/ExynosCameraMCPipe( 2976): [CAM_ID(0)][PIPE_DIS]-DEBUG(setPipeId[961]):nodeType(1), id(-1)
11-26 21:16:31.284 D/ExynosCameraMCPipe( 2976): [CAM_ID(0)][PIPE_DIS]-DEBUG(setPipeId[961]):nodeType(2), id(-1)
11-26 21:16:31.284 D/ExynosCameraMCPipe( 2976): [CAM_ID(0)][PIPE_DIS]-DEBUG(setPipeId[961]):nodeType(3), id(-1)
11-26 21:16:31.284 D/ExynosCameraMCPipe( 2976): [CAM_ID(0)][PIPE_DIS]-DEBUG(setPipeId[961]):nodeType(4), id(-1)
11-26 21:16:31.284 D/ExynosCameraMCPipe( 2976): [CAM_ID(0)][PIPE_DIS]-DEBUG(setPipeId[961]):nodeType(5), id(-1)
11-26 21:16:31.284 D/ExynosCameraMCPipe( 2976): [CAM_ID(0)][PIPE_DIS]-DEBUG(setPipeId[961]):nodeType(6), id(-1)
11-26 21:16:31.284 D/ExynosCameraMCPipe( 2976): [CAM_ID(0)][PIPE_DIS]-DEBUG(setPipeId[961]):nodeType(7), id(-1)
11-26 21:16:31.284 D/ExynosCameraMCPipe( 2976): [CAM_ID(0)][PIPE_DIS]-DEBUG(setPipeId[961]):nodeType(8), id(-1)
11-26 21:16:31.284 D/ExynosCameraMCPipe( 2976): [CAM_ID(0)][PIPE_DIS]-DEBUG(setPipeId[961]):nodeType(9), id(-1)
11-26 21:16:31.284 D/ExynosCameraMCPipe( 2976): [CAM_ID(0)][PIPE_DIS]-DEBUG(setPipeId[961]):nodeType(10), id(-1)
11-26 21:16:31.284 D/ExynosCameraMCPipe( 2976): [CAM_ID(0)][PIPE_DIS]-DEBUG(setPipeId[961]):nodeType(11), id(10)
11-26 21:16:31.284 D/ExynosCameraMCPipe( 2976): [CAM_ID(0)][PIPE_DIS]-DEBUG(setPipeId[961]):nodeType(12), id(-1)
11-26 21:16:31.284 D/ExynosCameraMCPipe( 2976): [CAM_ID(0)][PIPE_DIS]-DEBUG(setPipeId[961]):nodeType(13), id(-1)
11-26 21:16:31.284 D/ExynosCameraMCPipe( 2976): [CAM_ID(0)][PIPE_DIS]-DEBUG(setPipeId[961]):nodeType(14), id(-1)
11-26 21:16:31.284 D/ExynosCameraMCPipe( 2976): [CAM_ID(0)][PIPE_DIS]-DEBUG(setPipeId[961]):nodeType(15), id(-1)
11-26 21:16:31.284 D/ExynosCameraMCPipe( 2976): [CAM_ID(0)][PIPE_DIS]-DEBUG(setupPipe[153])
11-26 21:16:31.284 D/ExynosCameraMCPipe( 2976): [CAM_ID(0)][PIPE_DIS]-DEBUG(setupPipe[163]):set new sensorIds
11-26 21:16:31.284 D/ExynosCameraMCPipe( 2976): [CAM_ID(0)][PIPE_DIS]-DEBUG(setupPipe[169]):set new ispSensorIds
11-26 21:16:31.284 D/ExynosCameraMCPipe( 2976): [CAM_ID(0)][PIPE_DIS]-DEBUG(m_setPipeInfo[2358])
11-26 21:16:31.284 D/ExynosCameraMCPipe( 2976): [CAM_ID(0)][PIPE_DIS]-DEBUG(m_setSetfile[2613])
11-26 21:16:31.284 I/ExynosCameraMCPipe( 2976): [CAM_ID(0)][PIPE_DIS]-INFO(setupPipe[224]):setupPipe() is succeed, Pipe(-1), prepare(-277041148)
11-26 21:16:31.284 D/ExynosCamera( 2976): [CAM_ID(0)][]-DEBUG(m_printExynosCameraInfo[16399]):===================================================
11-26 21:16:31.284 D/ExynosCamera( 2976): [CAM_ID(0)][]-DEBUG(m_printExynosCameraInfo[16400]):============= ExynosCameraInfo call by m_startPreviewInternal
11-26 21:16:31.284 D/ExynosCamera( 2976): [CAM_ID(0)][]-DEBUG(m_printExynosCameraInfo[16401]):===================================================
11-26 21:16:31.284 D/ExynosCamera( 2976): [CAM_ID(0)][]-DEBUG(m_printExynosCameraInfo[16403]):============= Scenario ============================
11-26 21:16:31.284 D/ExynosCamera( 2976): [CAM_ID(0)][]-DEBUG(m_printExynosCameraInfo[16404]):= getCameraId                 : 0
11-26 21:16:31.284 D/ExynosCamera( 2976): [CAM_ID(0)][]-DEBUG(m_printExynosCameraInfo[16405]):= getDualMode                 : 0
11-26 21:16:31.284 D/ExynosCamera( 2976): [CAM_ID(0)][]-DEBUG(m_printExynosCameraInfo[16406]):= getScalableSensorMode       : 0
11-26 21:16:31.284 D/ExynosCamera( 2976): [CAM_ID(0)][]-DEBUG(m_printExynosCameraInfo[16407]):= getRecordingHint            : 0
11-26 21:16:31.284 D/ExynosCamera( 2976): [CAM_ID(0)][]-DEBUG(m_printExynosCameraInfo[16408]):= getEffectRecordingHint      : 0
11-26 21:16:31.284 D/ExynosCamera( 2976): [CAM_ID(0)][]-DEBUG(m_printExynosCameraInfo[16409]):= getDualRecordingHint        : 0
11-26 21:16:31.284 D/ExynosCamera( 2976): [CAM_ID(0)][]-DEBUG(m_printExynosCameraInfo[16410]):= getAdaptiveCSCRecording     : 1
11-26 21:16:31.284 D/ExynosCamera( 2976): [CAM_ID(0)][]-DEBUG(m_printExynosCameraInfo[16411]):= doCscRecording              : 0
11-26 21:16:31.284 D/ExynosCamera( 2976): [CAM_ID(0)][]-DEBUG(m_printExynosCameraInfo[16412]):= needGSCForCapture           : 1
11-26 21:16:31.284 D/ExynosCamera( 2976): [CAM_ID(0)][]-DEBUG(m_printExynosCameraInfo[16413]):= getShotMode                 : 0
11-26 21:16:31.284 D/ExynosCamera( 2976): [CAM_ID(0)][]-DEBUG(m_printExynosCameraInfo[16414]):= getTpuEnabledMode           : 0
11-26 21:16:31.284 D/ExynosCamera( 2976): [CAM_ID(0)][]-DEBUG(m_printExynosCameraInfo[16415]):= getHWVdisMode               : 0
11-26 21:16:31.284 D/ExynosCamera( 2976): [CAM_ID(0)][]-DEBUG(m_printExynosCameraInfo[16416]):= get3dnrMode                 : 0
11-26 21:16:31.284 D/ExynosCamera( 2976): [CAM_ID(0)][]-DEBUG(m_printExynosCameraInfo[16418]):============= Internal setting ====================
11-26 21:16:31.284 D/ExynosCamera( 2976): [CAM_ID(0)][]-DEBUG(m_printExynosCameraInfo[16419]):= isFlite3aaOtf               : 1
11-26 21:16:31.284 D/ExynosCamera( 2976): [CAM_ID(0)][]-DEBUG(m_printExynosCameraInfo[16420]):= is3aaIspOtf                 : 0
11-26 21:16:31.284 D/ExynosCamera( 2976): [CAM_ID(0)][]-DEBUG(m_printExynosCameraInfo[16421]):= isReprocessing              : 1
11-26 21:16:31.284 D/ExynosCamera( 2976): [CAM_ID(0)][]-DEBUG(m_printExynosCameraInfo[16422]):= isReprocessing3aaIspOTF     : 0
11-26 21:16:31.284 D/ExynosCamera( 2976): [CAM_ID(0)][]-DEBUG(m_printExynosCameraInfo[16423]):= getUsePureBayerReprocessing : 0
11-26 21:16:31.284 D/ExynosCamera( 2976): [CAM_ID(0)][]-DEBUG(m_printExynosCameraInfo[16434]):= getReprocessingBayerMode    : REPROCESSING_BAYER_MODE_DIRTY_ALWAYS_ON
11-26 21:16:31.284 D/ExynosCamera( 2976): [CAM_ID(0)][]-DEBUG(m_printExynosCameraInfo[16447]):= isSccCapture                : 0
11-26 21:16:31.284 D/ExynosCamera( 2976): [CAM_ID(0)][]-DEBUG(m_printExynosCameraInfo[16449]):============= size setting =======================
11-26 21:16:31.284 D/ExynosCamera( 2976): [CAM_ID(0)][]-DEBUG(m_printExynosCameraInfo[16451]):= getMaxSensorSize            : 5328 x 3000
11-26 21:16:31.284 D/ExynosCamera( 2976): [CAM_ID(0)][]-DEBUG(m_printExynosCameraInfo[16454]):= getHwSensorSize             : 5328 x 3000
11-26 21:16:31.284 D/ExynosCamera( 2976): [CAM_ID(0)][]-DEBUG(m_printExynosCameraInfo[16457]):= getBnsSize                  : 5328 x 3000
11-26 21:16:31.284 D/ExynosCamera( 2976): [CAM_ID(0)][]-DEBUG(m_printExynosCameraInfo[16462]):= getPreviewBayerCropSize     : (0, 0, 5312, 2988) -> (0, 0, 5312, 2988)
11-26 21:16:31.284 D/ExynosCamera( 2976): [CAM_ID(0)][]-DEBUG(m_printExynosCameraInfo[16466]):= getPreviewBdsSize           : (0, 0, 2656, 1494)
11-26 21:16:31.284 D/ExynosCamera( 2976): [CAM_ID(0)][]-DEBUG(m_printExynosCameraInfo[16469]):= getHwPreviewSize            : 1920 x 1080
11-26 21:16:31.284 D/ExynosCamera( 2976): [CAM_ID(0)][]-DEBUG(m_printExynosCameraInfo[16472]):= getPreviewSize              : 1920 x 1080
11-26 21:16:31.284 D/ExynosCamera( 2976): [CAM_ID(0)][]-DEBUG(m_printExynosCameraInfo[16477]):= getPictureBayerCropSize     : (0, 0, 5312, 2988) -> (0, 0, 5312, 2988)
11-26 21:16:31.284 D/ExynosCamera( 2976): [CAM_ID(0)][]-DEBUG(m_printExynosCameraInfo[16481]):= getPictureBdsSize           : (0, 0, 5312, 2988)
11-26 21:16:31.284 D/ExynosCamera( 2976): [CAM_ID(0)][]-DEBUG(m_printExynosCameraInfo[16484]):= getHwPictureSize            : 5312 x 2988
11-26 21:16:31.284 D/ExynosCamera( 2976): [CAM_ID(0)][]-DEBUG(m_printExynosCameraInfo[16487]):= getPictureSize              : 5312 x 2988
11-26 21:16:31.284 D/ExynosCamera( 2976): [CAM_ID(0)][]-DEBUG(m_printExynosCameraInfo[16489]):===================================================
11-26 21:16:31.284 D/ExynosCamera( 2976): [CAM_ID(0)][]-DEBUG(m_searchFrameFromList[13702]):list is empty
11-26 21:16:31.284 D/ExynosCameraMCPipe( 2976): [CAM_ID(0)][PIPE_ISP]-DEBUG(start[255])
11-26 21:16:31.284 D/ExynosCameraMCPipe( 2976): [CAM_ID(0)][PIPE_ISP]-DEBUG(m_startNode[2699])
11-26 21:16:31.284 I/ExynosCameraMCPipe( 2976): [CAM_ID(0)][PIPE_ISP]-INFO(start[271]):start() is succeed, Pipe(4)
11-26 21:16:31.284 D/ExynosCameraMCPipe( 2976): [CAM_ID(0)][PIPE_3AA]-DEBUG(start[255])
11-26 21:16:31.284 D/ExynosCameraMCPipe( 2976): [CAM_ID(0)][PIPE_3AA]-DEBUG(m_startNode[2699])
11-26 21:16:31.294 D/SettingsActivity( 7419): remove : null
11-26 21:16:31.294 D/SettingsActivity( 7419): remove : com.android.settings.LteModeActivity
11-26 21:16:31.294 D/SettingsActivity( 7419): remove : com.android.settings.WirelessSettings
11-26 21:16:31.294 D/SettingsActivity( 7419): remove : null
11-26 21:16:31.294 D/SettingsActivity( 7419): remove : null
11-26 21:16:31.294 D/SettingsActivity( 7419): remove : null
11-26 21:16:31.294 D/TimaKeyStoreProvider( 7513): TimaSignature is unavailable
11-26 21:16:31.294 D/ActivityThread( 7513): Added TimaKeyStore provider
11-26 21:16:31.294 I/Babel_Prime( 7305): startMemoryMonitor
11-26 21:16:31.294 I/Babel_Prime( 7305): isMemoryEnabled=false
11-26 21:16:31.294 I/Babel_Prime( 7305): isTimerEnabled=false
11-26 21:16:31.304 E/Tethering( 3518): No numeric data
11-26 21:16:31.304 D/InjectionManager( 7305): InjectionManager
11-26 21:16:31.304 D/InjectionManager( 7305): fillFeatureStoreMap com.google.android.talk
11-26 21:16:31.304 I/InjectionManager( 7305): Constructor com.google.android.talk, Feature store :{}
11-26 21:16:31.304 I/InjectionManager( 7305): featureStore :{}
11-26 21:16:31.304 I/ExynosCameraMCPipe( 2976): [CAM_ID(0)][PIPE_3AA]-INFO(start[271]):start() is succeed, Pipe(1)
11-26 21:16:31.304 D/ExynosCameraPipe( 2976): [CAM_ID(0)][PIPE_FLITE]-DEBUG(start[293])
11-26 21:16:31.304 D/ExynosCameraMCPipe( 2976): [CAM_ID(0)][PIPE_3AA]-DEBUG(prepare[232])
11-26 21:16:31.304 D/ExynosCameraMCPipe( 2976): [CAM_ID(0)][PIPE_3AA]-DEBUG(m_checkNodeGroupInfo[2786]):(3AA_OUTPUT):oldCropSize(0, 0, 0, 0 / 0, 0, 0, 0) -> newCropSize(0, 0, 5312, 2988 / 0, 0, 5312, 2988)
11-26 21:16:31.304 D/ExynosCameraMCPipe( 2976): [CAM_ID(0)][PIPE_3AA]-DEBUG(m_checkNodeGroupInfo[2786]):(3AA_OUTPUT):oldCropSize(0, 0, 0, 0 / 0, 0, 0, 0) -> newCropSize(0, 0, 5312, 2988 / 0, 0, 5312, 2988)
11-26 21:16:31.304 D/ExynosCameraMCPipe( 2976): [CAM_ID(0)][PIPE_3AA]-DEBUG(m_checkNodeGroupInfo[2786]):(3AA_CAPTURE):oldCropSize(0, 0, 0, 0 / 0, 0, 0, 0) -> newCropSize(0, 0, 5312, 2988 / 0, 0, 2656, 1494)
11-26 21:16:31.304 D/ExynosCameraMCPipe( 2976): [CAM_ID(0)][PIPE_3AA]-DEBUG(m_checkNodeGroupInfo[2786]):():oldCropSize(0, 0, 0, 0 / 0, 0, 0, 0) -> newCropSize(0, 0, 2656, 1494 / 0, 0, 1920, 1080)
11-26 21:16:31.304 I/ExynosCameraMCPipe( 2976): [CAM_ID(0)][PIPE_3AA]-INFO(prepare[248]):prepare() is succeed, Pipe(1), prepare(3)
11-26 21:16:31.304 D/ExynosCameraPipeFlite( 2976): [CAM_ID(0)][PIPE_FLITE]-DEBUG(sensorStream[260])
11-26 21:16:31.304 I/InjectionManager( 7513): Inside getClassLibPath + mLibMap{0=, 1=}
11-26 21:16:31.314 I/InjectionManager( 7513): Inside getClassLibPath caller 
11-26 21:16:31.314 D/SettingsActivity( 7419): mTetheredData: -1
11-26 21:16:31.314 D/SettingsActivity( 7419): remove : com.android.settings.wifi.mobileap.WifiApSettings
11-26 21:16:31.314 D/SettingsActivity( 7419): remove : null
11-26 21:16:31.314 D/SettingsActivity( 7419): remove : com.android.settings.DataSlotChoice
11-26 21:16:31.314 D/SettingsActivity( 7419): remove : null
11-26 21:16:31.314 D/SettingsActivity( 7419): remove : com.android.settings.WirelessSettings
11-26 21:16:31.314 D/SettingsActivity( 7419): remove : com.android.settings.nfc.PaymentSettings
11-26 21:16:31.314 D/SettingsActivity( 7419): remove : com.android.settings.users.UserSettings
11-26 21:16:31.314 D/SettingsActivity( 7419): remove : com.android.settings.spen.SPenSettingsMenu
11-26 21:16:31.314 D/SettingsActivity( 7419): remove : null
11-26 21:16:31.314 D/SettingsActivity( 7419): remove : null
11-26 21:16:31.314 D/SettingsActivity( 7419): remove : com.android.settings.premiumwatch.PremiumWatchSettings
11-26 21:16:31.314 D/SettingsActivity( 7419): remove : com.android.settings.activekey.ActiveKeySettings
11-26 21:16:31.314 D/SettingsActivity( 7419): remove : com.android.settings.BlockSettings
11-26 21:16:31.314 D/SettingsActivity( 7419): remove : null
11-26 21:16:31.314 D/SettingsActivity( 7419): remove : com.android.settings.LockscreenMenuSettings
11-26 21:16:31.314 D/SettingsActivity( 7419): remove : com.android.settings.location.LocationSettings
11-26 21:16:31.314 D/SettingsActivity( 7419): remove : null
11-26 21:16:31.314 D/SettingsActivity( 7419): remove : null
11-26 21:16:31.314 D/SettingsActivity( 7419): remove : null
11-26 21:16:31.314 D/SettingsActivity( 7419): remove : null
11-26 21:16:31.314 D/SettingsActivity( 7419): remove : null
11-26 21:16:31.314 D/SettingsActivity( 7419): remove : null
11-26 21:16:31.314 D/SettingsActivity( 7419): remove : null
11-26 21:16:31.314 D/SettingsActivity( 7419): remove : null
11-26 21:16:31.314 W/System.err( 7419): android.content.pm.PackageManager$NameNotFoundException: com.samsung.helphub
11-26 21:16:31.324 W/System.err( 7419): 	at android.app.ApplicationPackageManager.getPackageInfo(ApplicationPackageManager.java:167)
11-26 21:16:31.324 W/System.err( 7419): 	at com.android.settings.Utils.isSupportOfflineHelpMenu(Utils.java:3115)
11-26 21:16:31.324 W/System.err( 7419): 	at com.android.settings.SettingsActivity.updateTilesList(SettingsActivity.java:2827)
11-26 21:16:31.324 W/System.err( 7419): 	at com.android.settings.SettingsActivity.buildDashboardCategories(SettingsActivity.java:2428)
11-26 21:16:31.324 W/System.err( 7419): 	at com.android.settings.SettingsActivity.getDashboardCategories(SettingsActivity.java:791)
11-26 21:16:31.324 W/System.err( 7419): 	at com.android.settings.search.ValueTrackerActivity.initCategories(ValueTrackerActivity.java:19)
11-26 21:16:31.324 W/System.err( 7419): 	at com.android.settings.search.SettingsSearchIntentReceiver.startTracker(SettingsSearchIntentReceiver.java:54)
11-26 21:16:31.324 W/System.err( 7419): 	at com.android.settings.search.SettingsSearchIntentReceiver.onReceive(SettingsSearchIntentReceiver.java:34)
11-26 21:16:31.324 W/System.err( 7419): 	at android.app.ActivityThread.handleReceiver(ActivityThread.java:3485)
11-26 21:16:31.324 W/System.err( 7419): 	at android.app.ActivityThread.access$1900(ActivityThread.java:198)
11-26 21:16:31.324 W/System.err( 7419): 	at android.app.ActivityThread$H.handleMessage(ActivityThread.java:1759)
11-26 21:16:31.324 W/System.err( 7419): 	at android.os.Handler.dispatchMessage(Handler.java:102)
11-26 21:16:31.324 W/System.err( 7419): 	at android.os.Looper.loop(Looper.java:145)
11-26 21:16:31.324 W/System.err( 7419): 	at android.app.ActivityThread.main(ActivityThread.java:6843)
11-26 21:16:31.324 W/System.err( 7419): 	at java.lang.reflect.Method.invoke(Native Method)
11-26 21:16:31.324 W/System.err( 7419): 	at java.lang.reflect.Method.invoke(Method.java:372)
11-26 21:16:31.324 W/System.err( 7419): 	at com.android.internal.os.ZygoteInit$MethodAndArgsCaller.run(ZygoteInit.java:1404)
11-26 21:16:31.324 W/System.err( 7419): 	at com.android.internal.os.ZygoteInit.main(ZygoteInit.java:1199)
11-26 21:16:31.324 I/DBG_FMMDS( 7513): [50.18.150615][Line:56][onCreate] FMMDS Application Start
11-26 21:16:31.324 W/Babel   ( 7305): On boot, found 1 ready accounts
11-26 21:16:31.324 I/Babel   ( 7305): babel boot account: weathmono@gmail.com
11-26 21:16:31.324 I/PCWCLIENTTRACE_PushUtil( 7489): SPPPushClient is installed : true
11-26 21:16:31.324 I/PCWCLIENTTRACE_PushUtil( 7489): sales region : global
11-26 21:16:31.324 I/PCWCLIENTTRACE_PushUtil( 7489): getPushTypeList : [SPP, GCM]
11-26 21:16:31.324 I/PCWCLIENTTRACE_SYSTEMReceiver( 7489): [onReceive] - android.net.conn.CONNECTIVITY_CHANGE
11-26 21:16:31.324 D/ScoverManager( 7419): serviceVersion : 16908288
11-26 21:16:31.334 D/SettingsActivity( 7419): remove : com.android.settings.DockSettings
11-26 21:16:31.334 I/DBG_FMMDS( 7513): [50.18.150615][Line:28][<init>] XDBHelper First Call!!!
11-26 21:16:31.354 D/PCWCLIENTTRACE_DMContentProvider( 7489): [URIMatcher] - result : 2
11-26 21:16:31.364 E/Zygote  ( 7535): MountEmulatedStorage()
11-26 21:16:31.364 E/Zygote  ( 7535): v2
11-26 21:16:31.364 I/SELinux ( 7535): Function: selinux_compare_spd_ram , priority [2] , priority version is VE=SEPF_SM-G920I_5.1.1_0039
11-26 21:16:31.364 E/Zygote  ( 7535): accessInfo : 0
11-26 21:16:31.364 E/SELinux ( 7535): [DEBUG] get_category: variable seinfo: untrusted sensitivity: NULL, cateogry: NULL
11-26 21:16:31.374 E/DBG_FMMDS( 7513): Warning!!! [50.18.150615][Line:36][xdsDevAdpGetDeviceID] DeviceID read fail!!!!!!!!
11-26 21:16:31.374 I/DBG_FMMDS( 7513): [50.18.150615][Line:43][xdbDBInit] 
11-26 21:16:31.384 D/TimaKeyStoreProvider( 7535): TimaSignature is unavailable
11-26 21:16:31.384 D/ActivityThread( 7535): Added TimaKeyStore provider
11-26 21:16:31.394 E/Zygote  ( 7552): MountEmulatedStorage()
11-26 21:16:31.394 E/Zygote  ( 7552): v2
11-26 21:16:31.394 I/SELinux ( 7552): Function: selinux_compare_spd_ram , priority [2] , priority version is VE=SEPF_SM-G920I_5.1.1_0039
11-26 21:16:31.394 E/Zygote  ( 7552): accessInfo : 0
11-26 21:16:31.394 E/SELinux ( 7552): [DEBUG] get_category: variable seinfo: default sensitivity: NULL, cateogry: NULL
11-26 21:16:31.394 W/AudioCapabilities( 7305): Unsupported mime audio/mpeg-L1
11-26 21:16:31.394 W/AudioCapabilities( 7305): Unsupported mime audio/mpeg-L2
11-26 21:16:31.404 I/ExynosCameraFrameFactoryPreview( 2976): [CAM_ID(0)][ExynosCameraFrameFactory3aaIspM2M]-INFO(startPipes[1172]):Starting Success!
11-26 21:16:31.404 I/ExynosCameraFrameFactoryPreview( 2976): [CAM_ID(0)][ExynosCameraFrameFactory3aaIspM2M]-INFO(startInitialThreads[1181]):start pre-ordered initial pipe thread
11-26 21:16:31.404 I/ExynosCameraFrameFactory( 2976): [CAM_ID(0)][ExynosCameraFrameFactory3aaIspM2M]-INFO(startThread[408]):pipeId=1
11-26 21:16:31.404 D/ExynosCameraMCPipe( 2976): [CAM_ID(0)][PIPE_3AA]-DEBUG(startThread[323])
11-26 21:16:31.404 I/ExynosCameraMCPipe( 2976): [CAM_ID(0)][PIPE_3AA]-INFO(startThread[334]):startThread is succeed, Pipe(1)
11-26 21:16:31.404 I/ExynosCameraFrameFactory( 2976): [CAM_ID(0)][ExynosCameraFrameFactory3aaIspM2M]-INFO(startThread[408]):pipeId=4
11-26 21:16:31.404 D/ExynosCameraMCPipe( 2976): [CAM_ID(0)][PIPE_ISP]-DEBUG(startThread[323])
11-26 21:16:31.404 I/ExynosCameraMCPipe( 2976): [CAM_ID(0)][PIPE_ISP]-INFO(startThread[334]):startThread is succeed, Pipe(4)
11-26 21:16:31.404 D/ExynosCamera( 2976): [CAM_ID(0)][]-set Focus Mode(m_startPreviewInternal[5688])
11-26 21:16:31.404 D/ExynosCameraActivityControl( 2976): DEBUG(setAutoFocusMode[322]):m_focusMode=1
11-26 21:16:31.404 D/ExynosCameraActivityControl( 2976): DEBUG(setAutoFocusMode[361]):newMgrAutofocusMode=0, oldMgrAutofocusMode=2
11-26 21:16:31.404 I/ExynosCamera( 2976): [CAM_ID(0)][]-DEBUG(m_startPreviewInternal[5702]):OUT
11-26 21:16:31.404 D/ExynosCameraPipeJpeg( 2976): DEBUG:duration time(  120 msec):(m_startPreviewInternal)
11-26 21:16:31.404 I/ExynosCamera( 2976): [CAM_ID(0)][]-INFO(startPreview[1837]):setupThread not started pipeID(0)
11-26 21:16:31.404 D/ExynosCamera( 2976): [CAM_ID(0)][]-DEBUG(startPreview[1840]):setupThread Thread start pipeId(1)
11-26 21:16:31.404 D/ExynosCamera( 2976): [CAM_ID(0)][]-DEBUG(m_startFaceDetection[3608]) toggle : 1
11-26 21:16:31.404 I/ExynosCamera( 2976): [CAM_ID(0)][]-INFO(m_allocBuffers[14847]):setInfo(planeCount=1, minBufCount=1, maxBufCount=4, type=0, allocMode=1)
11-26 21:16:31.404 I/ExynosCamera( 2976): [CAM_ID(0)][]-(m_startPictureInternal):HW Picture width x height = 5312x2988
11-26 21:16:31.404 I/ExynosCamera( 2976): [CAM_ID(0)][]-INFO(m_allocBuffers[14847]):setInfo(planeCount=2, minBufCount=1, maxBufCount=4, type=1, allocMode=1)
11-26 21:16:31.404 D/SensorListener( 2976): sensor_listener_load is called!
11-26 21:16:31.404 D/SensorListener( 2976): sensorListenerLoad is called!
11-26 21:16:31.404 D/SensorListener( 2976): SensorListener is called!
11-26 21:16:31.434 D/ExynosCameraBufferManager( 2976): [CAM_ID(0)][SCC_RE_BUF]-DEBUG(m_defaultAlloc[957]):duration time(   25 msec):(type=1, bufIndex=0, size=31787008)
11-26 21:16:31.434 D/ExynosCameraBufferManager( 2976): [CAM_ID(0)][SCC_RE_BUF]-DEBUG(m_defaultAlloc[977]):Duration time of buffer allocation(   25 msec)
11-26 21:16:31.434 D/ExynosCameraBufferManager( 2976): [CAM_ID(0)][SCC_RE_BUF]-DEBUG(m_defaultAlloc[977]):Duration time of buffer allocation(    0 msec)
11-26 21:16:31.434 D/ExynosCameraBufferManager( 2976): [CAM_ID(0)][SCC_RE_BUF]-DEBUG(alloc[225]):Allocate the buffer succeeded (m_allocatedBufCount=1, m_reqBufCount=1, m_allowedMaxBufCount=4) --- dumpBufferInfo ---
11-26 21:16:31.434 I/ExynosCameraBufferManager( 2976): [CAM_ID(0)][SCC_RE_BUF]-INFO(dumpBufferInfo[1244]):[m_buffer[0].fd[0]=122] .addr=0x0 .size=31787008 .position=0 .permission=1]
11-26 21:16:31.434 I/ExynosCameraBufferManager( 2976): [CAM_ID(0)][SCC_RE_BUF]-INFO(dumpBufferInfo[1244]):[m_buffer[0].fd[1]=123] .addr=0xee403000 .size=32768 .position=0 .permission=1]
11-26 21:16:31.434 D/ExynosCameraBufferManager( 2976): [CAM_ID(0)][SCC_RE_BUF]-DEBUG(printBufferQState[1205]):bufferIndex=0
11-26 21:16:31.434 D/ExynosCameraBufferManager( 2976): [CAM_ID(0)][SCC_RE_BUF]-DEBUG(alloc[228]):------------------------------------------------------------------
11-26 21:16:31.434 D/ExynosCameraPipeJpeg( 2976): DEBUG:duration time(   25 msec):(alloc)
11-26 21:16:31.434 I/ExynosCameraFrameReprocessingFactory( 2976): [CAM_ID(0)][FrameFactoryReprocessing]-INFO(create[39])
11-26 21:16:31.434 I/ExynosCameraFrameReprocessingFactory( 2976): [CAM_ID(0)][FrameFactoryReprocessing]-INFO(m_setupConfig[922])
11-26 21:16:31.434 D/ExynosCameraMCPipe( 2976): [CAM_ID(0)][]-DEBUG(setPipeId[961]):nodeType(0), id(201)
11-26 21:16:31.434 D/ExynosCameraMCPipe( 2976): [CAM_ID(0)][]-DEBUG(setPipeId[961]):nodeType(1), id(203)
11-26 21:16:31.434 D/ExynosCameraMCPipe( 2976): [CAM_ID(0)][]-DEBUG(setPipeId[961]):nodeType(2), id(-1)
11-26 21:16:31.434 D/ExynosCameraMCPipe( 2976): [CAM_ID(0)][]-DEBUG(setPipeId[961]):nodeType(3), id(-1)
11-26 21:16:31.434 D/ExynosCameraMCPipe( 2976): [CAM_ID(0)][]-DEBUG(setPipeId[961]):nodeType(4), id(-1)
11-26 21:16:31.434 D/ExynosCameraMCPipe( 2976): [CAM_ID(0)][]-DEBUG(setPipeId[961]):nodeType(5), id(-1)
11-26 21:16:31.434 D/ExynosCameraMCPipe( 2976): [CAM_ID(0)][]-DEBUG(setPipeId[961]):nodeType(6), id(-1)
11-26 21:16:31.434 D/ExynosCameraMCPipe( 2976): [CAM_ID(0)][]-DEBUG(setPipeId[961]):nodeType(7), id(-1)
11-26 21:16:31.434 D/ExynosCameraMCPipe( 2976): [CAM_ID(0)][]-DEBUG(setPipeId[961]):nodeType(8), id(-1)
11-26 21:16:31.434 D/ExynosCameraMCPipe( 2976): [CAM_ID(0)][]-DEBUG(setPipeId[961]):nodeType(9), id(-1)
11-26 21:16:31.434 D/ExynosCameraMCPipe( 2976): [CAM_ID(0)][]-DEBUG(setPipeId[961]):nodeType(10), id(-1)
11-26 21:16:31.434 D/ExynosCameraMCPipe( 2976): [CAM_ID(0)][]-DEBUG(setPipeId[961]):nodeType(11), id(-1)
11-26 21:16:31.434 D/ExynosCameraMCPipe( 2976): [CAM_ID(0)][]-DEBUG(setPipeId[961]):nodeType(12), id(-1)
11-26 21:16:31.434 D/ExynosCameraMCPipe( 2976): [CAM_ID(0)][]-DEBUG(setPipeId[961]):nodeType(13), id(-1)
11-26 21:16:31.434 D/ExynosCameraMCPipe( 2976): [CAM_ID(0)][]-DEBUG(setPipeId[961]):nodeType(14), id(-1)
11-26 21:16:31.434 D/ExynosCameraMCPipe( 2976): [CAM_ID(0)][]-DEBUG(setPipeId[961]):nodeType(15), id(-1)
11-26 21:16:31.434 D/ExynosCameraMCPipe( 2976): [CAM_ID(0)][]-DEBUG(setPipeName[984])
11-26 21:16:31.434 D/ExynosCameraMCPipe( 2976): [CAM_ID(0)][]-DEBUG(setPipeId[961]):nodeType(0), id(204)
11-26 21:16:31.434 D/ExynosCameraMCPipe( 2976): [CAM_ID(0)][]-DEBUG(setPipeId[961]):nodeType(1), id(205)
11-26 21:16:31.434 D/ExynosCameraMCPipe( 2976): [CAM_ID(0)][]-DEBUG(setPipeId[961]):nodeType(2), id(-1)
11-26 21:16:31.434 D/ExynosCameraMCPipe( 2976): [CAM_ID(0)][]-DEBUG(setPipeId[961]):nodeType(3), id(-1)
11-26 21:16:31.434 D/ExynosCameraMCPipe( 2976): [CAM_ID(0)][]-DEBUG(setPipeId[961]):nodeType(4), id(-1)
11-26 21:16:31.434 D/ExynosCameraMCPipe( 2976): [CAM_ID(0)][]-DEBUG(setPipeId[961]):nodeType(5), id(-1)
11-26 21:16:31.434 D/ExynosCameraMCPipe( 2976): [CAM_ID(0)][]-DEBUG(setPipeId[961]):nodeType(6), id(-1)
11-26 21:16:31.434 D/ExynosCameraMCPipe( 2976): [CAM_ID(0)][]-DEBUG(setPipeId[961]):nodeType(7), id(-1)
11-26 21:16:31.434 D/ExynosCameraMCPipe( 2976): [CAM_ID(0)][]-DEBUG(setPipeId[961]):nodeType(8), id(-1)
11-26 21:16:31.434 D/ExynosCameraMCPipe( 2976): [CAM_ID(0)][]-DEBUG(setPipeId[961]):nodeType(9), id(-1)
11-26 21:16:31.434 D/ExynosCameraMCPipe( 2976): [CAM_ID(0)][]-DEBUG(setPipeId[961]):nodeType(10), id(-1)
11-26 21:16:31.434 D/ExynosCameraMCPipe( 2976): [CAM_ID(0)][]-DEBUG(setPipeId[961]):nodeType(11), id(-1)
11-26 21:16:31.434 D/ExynosCameraMCPipe( 2976): [CAM_ID(0)][]-DEBUG(setPipeId[961]):nodeType(12), id(-1)
11-26 21:16:31.434 D/ExynosCameraMCPipe( 2976): [CAM_ID(0)][]-DEBUG(setPipeId[961]):nodeType(13), id(-1)
11-26 21:16:31.434 D/ExynosCameraMCPipe( 2976): [CAM_ID(0)][]-DEBUG(setPipeId[961]):nodeType(14), id(-1)
11-26 21:16:31.434 D/ExynosCameraMCPipe( 2976): [CAM_ID(0)][]-DEBUG(setPipeId[961]):nodeType(15), id(-1)
11-26 21:16:31.434 D/ExynosCameraMCPipe( 2976): [CAM_ID(0)][]-DEBUG(setPipeName[984])
11-26 21:16:31.434 D/TimaKeyStoreProvider( 7552): TimaSignature is unavailable
11-26 21:16:31.434 W/ServiceManager( 3518): Permission failure: com.samsung.permission.SSENSOR from uid=1013 pid=2976
11-26 21:16:31.434 D/PermissionCache( 3518): checking com.samsung.permission.SSENSOR for uid=1013 => denied (121 us)
11-26 21:16:31.434 I/SensorService( 3518): Skipped sensor Grip Sensor because it requires permission 
11-26 21:16:31.434 W/ServiceManager( 3518): Permission failure: com.samsung.permission.SSENSOR_HRM_RAW_PPG from uid=1013 pid=2976
11-26 21:16:31.434 D/PermissionCache( 3518): checking com.samsung.permission.SSENSOR_HRM_RAW_PPG for uid=1013 => denied (51 us)
11-26 21:16:31.434 I/SensorService( 3518): Skipped sensor HRMLED IR because it requires permission com.samsung.permission.SSENSOR_HRM_RAW_PPG
11-26 21:16:31.434 I/SensorService( 3518): Skipped sensor HRMLED RED because it requires permission com.samsung.permission.SSENSOR_HRM_RAW_PPG
11-26 21:16:31.434 I/SensorService( 3518): Skipped sensor MAX86900 because it requires permission 
11-26 21:16:31.434 D/ActivityThread( 7552): Added TimaKeyStore provider
11-26 21:16:31.434 I/SensorService( 3518): Skipped sensor HRM Sensor because it requires permission 
11-26 21:16:31.434 W/ServiceManager( 3518): Permission failure: android.permission.BODY_SENSORS from uid=1013 pid=2976
11-26 21:16:31.434 D/PermissionCache( 3518): checking android.permission.BODY_SENSORS for uid=1013 => denied (39 us)
11-26 21:16:31.434 I/SensorService( 3518): Skipped sensor HeartRate Sensor because it requires permission android.permission.BODY_SENSORS
11-26 21:16:31.434 D/ExynosCameraMCPipe( 2976): [CAM_ID(0)][PIPE_ISP]-DEBUG(m_checkNodeGroupInfo[2786]):(ISP_OUTPUT):oldCropSize(0, 0, 0, 0 / 0, 0, 0, 0) -> newCropSize(0, 0, 2656, 1494 / 0, 0, 2656, 1494)
11-26 21:16:31.434 D/ExynosCameraMCPipe( 2976): [CAM_ID(0)][PIPE_ISP]-DEBUG(m_checkNodeGroupInfo[2786]):():oldCropSize(0, 0, 0, 0 / 0, 0, 0, 0) -> newCropSize(0, 0, 2656, 1494 / 0, 0, 2656, 1494)
11-26 21:16:31.434 D/ExynosCameraMCPipe( 2976): [CAM_ID(0)][PIPE_ISP]-DEBUG(m_checkNodeGroupInfo[2786]):():oldCropSize(0, 0, 0, 0 / 0, 0, 0, 0) -> newCropSize(0, 0, 2656, 1494 / 0, 0, 1920, 1080)
11-26 21:16:31.434 D/SensorListener( 2976): numSensors=21
11-26 21:16:31.434 D/SensorListener( 2976): sensor_listener_enable_sensor is called!
11-26 21:16:31.434 D/SensorListener( 2976): enableSensor is called!(16)
11-26 21:16:31.434 D/SensorListener( 2976): startLoop is called!
11-26 21:16:31.434 D/SensorListener( 2976): SensorListenerThread is called!
11-26 21:16:31.444 D/ExynosCameraBufferManager( 2976): [CAM_ID(0)][GSC_BUF]-DEBUG(m_defaultAlloc[957]):duration time(   38 msec):(type=0, bufIndex=0, size=31744512)
11-26 21:16:31.444 D/ExynosCameraBufferManager( 2976): [CAM_ID(0)][GSC_BUF]-DEBUG(m_defaultAlloc[977]):Duration time of buffer allocation(   38 msec)
11-26 21:16:31.444 D/ExynosCameraBufferManager( 2976): [CAM_ID(0)][GSC_BUF]-DEBUG(alloc[225]):Allocate the buffer succeeded (m_allocatedBufCount=1, m_reqBufCount=1, m_allowedMaxBufCount=4) --- dumpBufferInfo ---
11-26 21:16:31.444 I/ExynosCameraBufferManager( 2976): [CAM_ID(0)][GSC_BUF]-INFO(dumpBufferInfo[1244]):[m_buffer[0].fd[0]=128] .addr=0x0 .size=31744512 .position=0 .permission=1]
11-26 21:16:31.444 D/ExynosCameraBufferManager( 2976): [CAM_ID(0)][GSC_BUF]-DEBUG(printBufferQState[1205]):bufferIndex=0
11-26 21:16:31.444 D/ExynosCameraBufferManager( 2976): [CAM_ID(0)][GSC_BUF]-DEBUG(alloc[228]):------------------------------------------------------------------
11-26 21:16:31.444 D/ExynosCameraFrameReprocessingFactory( 2976): [CAM_ID(0)][FrameFactoryReprocessing]-DEBUG(create[92]):pipe ids for reprocessing
11-26 21:16:31.444 D/ExynosCameraPipeJpeg( 2976): DEBUG:duration time(   38 msec):(alloc)
11-26 21:16:31.444 D/ExynosCameraFrameReprocessingFactory( 2976): [CAM_ID(0)][FrameFactoryReprocessing]-DEBUG(create[96]): -> m_pipes[1] : PipeId(201)
11-26 21:16:31.444 I/ExynosCamera( 2976): [CAM_ID(0)][]-INFO(m_allocBuffers[14847]):setInfo(planeCount=1, minBufCount=1, maxBufCount=4, type=0, allocMode=1)
11-26 21:16:31.444 D/ExynosCameraFrameReprocessingFactory( 2976): [CAM_ID(0)][FrameFactoryReprocessing]-DEBUG(create[96]): -> m_pipes[2] : PipeId(202)
11-26 21:16:31.444 D/ExynosCameraFrameReprocessingFactory( 2976): [CAM_ID(0)][FrameFactoryReprocessing]-DEBUG(create[96]): -> m_pipes[4] : PipeId(204)
11-26 21:16:31.444 D/ExynosCameraFrameReprocessingFactory( 2976): [CAM_ID(0)][FrameFactoryReprocessing]-DEBUG(create[96]): -> m_pipes[9] : PipeId(209)
11-26 21:16:31.444 D/ExynosCameraFrameReprocessingFactory( 2976): [CAM_ID(0)][FrameFactoryReprocessing]-DEBUG(create[96]): -> m_pipes[10] : PipeId(210)
11-26 21:16:31.444 D/ExynosCameraFrameReprocessingFactory( 2976): [CAM_ID(0)][FrameFactoryReprocessing]-DEBUG(create[96]): -> m_pipes[11] : PipeId(211)
11-26 21:16:31.444 D/ExynosCameraFrameReprocessingFactory( 2976): [CAM_ID(0)][FrameFactoryReprocessing]-DEBUG(create[96]): -> m_pipes[12] : PipeId(212)
11-26 21:16:31.444 D/ExynosCameraMCPipe( 2976): [CAM_ID(0)][PIPE_ISP_REPROCESSING]-DEBUG(create[33])
11-26 21:16:31.444 D/ExynosCameraMCPipe( 2976): [CAM_ID(0)][PIPE_ISP_REPROCESSING]-DEBUG(m_preCreate[1171])
11-26 21:16:31.444 D/ExynosCameraNode( 2976): [CAM_ID(0)][REPROCESSING_ISP_OUTPUT]-DEBUG(create[158]): Create
11-26 21:16:31.444 D/ExynosCameraNode( 2976): [CAM_ID(0)][REPROCESSING_ISP_OUTPUT]-DEBUG(open[223]): open
11-26 21:16:31.444 D/ExynosCameraNode( 2976): [CAM_ID(0)][REPROCESSING_ISP_OUTPUT]-DEBUG(open[248]): Node(140)(/dev/video140) opened. m_fd(129)
11-26 21:16:31.444 D/ExynosCameraMCPipe( 2976): [CAM_ID(0)][PIPE_ISP_REPROCESSING]-DEBUG(m_preCreate[1214]):Node(140) opened
11-26 21:16:31.444 D/ExynosCameraNode( 2976): [CAM_ID(0)][REPROCESSING_ISP_PREVIEW]-DEBUG(create[158]): Create
11-26 21:16:31.444 D/ExynosCameraNode( 2976): [CAM_ID(0)][REPROCESSING_ISP_PREVIEW]-DEBUG(open[223]): open
11-26 21:16:31.444 D/ExynosCameraNode( 2976): [CAM_ID(0)][REPROCESSING_ISP_PREVIEW]-DEBUG(open[248]): Node(141)(/dev/video141) opened. m_fd(130)
11-26 21:16:31.444 D/ExynosCameraMCPipe( 2976): [CAM_ID(0)][PIPE_ISP_REPROCESSING]-DEBUG(m_preCreate[1214]):Node(141) opened
11-26 21:16:31.444 D/ExynosCameraMCPipe( 2976): DEBUG(setWaitTime):m_waitTime : 500000000
11-26 21:16:31.444 D/ExynosCameraMCPipe( 2976): DEBUG(setWaitTime):m_waitTime : 500000000
11-26 21:16:31.444 I/ExynosCameraMCPipe( 2976): [CAM_ID(0)][PIPE_ISP_REPROCESSING]-INFO(m_preCreate[1257]):m_preCreate() is succeed, Pipe(204), prepare(0)
11-26 21:16:31.444 D/ExynosCameraMCPipe( 2976): [CAM_ID(0)][PIPE_ISP_REPROCESSING]-DEBUG(m_postCreate[1264])
11-26 21:16:31.444 I/ExynosCameraMCPipe( 2976): [CAM_ID(0)][PIPE_ISP_REPROCESSING]-INFO(m_postCreate[1288]):m_postCreate() is succeed, Pipe(204)
11-26 21:16:31.444 D/ExynosCameraFrameReprocessingFactory( 2976): [CAM_ID(0)][FrameFactoryReprocessing]-DEBUG(create):Pipe(4) created
11-26 21:16:31.444 D/ExynosCameraMCPipe( 2976): [CAM_ID(0)][PIPE_3AA_REPROCESSING]-DEBUG(create[33])
11-26 21:16:31.444 D/ExynosCameraMCPipe( 2976): [CAM_ID(0)][PIPE_3AA_REPROCESSING]-DEBUG(m_preCreate[1171])
11-26 21:16:31.444 D/ExynosCameraNode( 2976): [CAM_ID(0)][REPROCESSING_3AA_OUTPUT]-DEBUG(create[158]): Create
11-26 21:16:31.444 D/ExynosCameraNode( 2976): [CAM_ID(0)][REPROCESSING_3AA_OUTPUT]-DEBUG(open[223]): open
11-26 21:16:31.444 D/ExynosCameraNode( 2976): [CAM_ID(0)][REPROCESSING_3AA_OUTPUT]-DEBUG(open[248]): Node(110)(/dev/video110) opened. m_fd(131)
11-26 21:16:31.444 D/ExynosCameraMCPipe( 2976): [CAM_ID(0)][PIPE_3AA_REPROCESSING]-DEBUG(m_preCreate[1214]):Node(110) opened
11-26 21:16:31.444 D/ExynosCameraNode( 2976): [CAM_ID(0)][REPROCESSING_3AA_PREVIEW]-DEBUG(create[158]): Create
11-26 21:16:31.444 D/ExynosCameraNode( 2976): [CAM_ID(0)][REPROCESSING_3AA_PREVIEW]-DEBUG(open[223]): open
11-26 21:16:31.444 D/ExynosCameraNode( 2976): [CAM_ID(0)][REPROCESSING_3AA_PREVIEW]-DEBUG(open[248]): Node(112)(/dev/video112) opened. m_fd(132)
