11-19 18:51:46.841 I/System.out(13533): KnoxVpnUidStorageknoxVpnSupported API value returned is false
11-19 18:51:46.841 I/qtaguid (13533): Tagging socket 29 with tag a00000000000{40960,0} uid -1, pid: 13533, getuid(): 10225
11-19 18:51:46.851 W/System.err(13533): remove failed: ENOENT (No such file or directory) : /data/data/com.weather.Weather/cache/picasso-cache/journal.tmp
11-19 18:51:46.851 W/Settings(13533): Setting airplane_mode_on has moved from android.provider.Settings.System to android.provider.Settings.Global, returning read-only value.
11-19 18:51:46.881 I/SensorService( 3532): Skipped sensor Grip Sensor because it requires permission 
11-19 18:51:46.881 I/SensorService( 3532): Skipped sensor HRMLED IR because it requires permission com.samsung.permission.SSENSOR_HRM_RAW_PPG
11-19 18:51:46.881 I/SensorService( 3532): Skipped sensor HRMLED RED because it requires permission com.samsung.permission.SSENSOR_HRM_RAW_PPG
11-19 18:51:46.881 I/SensorService( 3532): Skipped sensor MAX86900 because it requires permission 
11-19 18:51:46.881 I/SensorService( 3532): Skipped sensor HRM Sensor because it requires permission 
11-19 18:51:46.881 I/SensorService( 3532): Skipped sensor HeartRate Sensor because it requires permission android.permission.BODY_SENSORS
11-19 18:51:46.891 W/System.err(13533): remove failed: ENOENT (No such file or directory) : /storage/emulated/0/Android/data/com.weather.Weather/cache/journal.tmp
11-19 18:51:46.911 D/InjectionManager(13533): InjectionManager
11-19 18:51:46.911 D/InjectionManager(13533): fillFeatureStoreMap com.weather.Weather
11-19 18:51:46.911 I/InjectionManager(13533): Constructor com.weather.Weather, Feature store :{}
11-19 18:51:46.911 I/InjectionManager(13533): featureStore :{}
11-19 18:51:46.931 D/PhoneWindow(13533): *FMB* installDecor mIsFloating : false
11-19 18:51:46.931 D/PhoneWindow(13533): *FMB* installDecor flags : -2139029248
11-19 18:51:46.951 D/StatusBar.NetworkController( 3916): refreshViews connected={ wifi } level=4 combinedSignalIconId=0x7f020561/com.android.systemui:drawable/stat_sys_wifi_signal_4 mobileLabel=Emergency calls only wifiLabel="QA" emergencyOnly=true combinedLabel="QA" mAirplaneMode=false mDataActivity=0 mPhoneSignalIconId=0x7f0204e2/com.android.systemui:drawable/stat_sys_signal_4_auto_rotate mQSPhoneSignalIconId=0x7f020115/com.android.systemui:drawable/ic_qs_signal_4 mDataDirectionIconId=0x0/(null) mDataSignalIconId=0x7f0204e2/com.android.systemui:drawable/stat_sys_signal_4_auto_rotate mDataTypeIconId=0x0/(null) mQSDataTypeIconId=0x0/(null) mNoSimIconId=0x0/(null) mWifiIconId=0x7f020561/com.android.systemui:drawable/stat_sys_wifi_signal_4 mQSWifiIconId=0x7f02012b/com.android.systemui:drawable/ic_qs_wifi_4 mWifiActivityIconId=0x7f020515/com.android.systemui:drawable/stat_sys_signal_inout mBluetoothTetherIconId=0x7f02053e/com.android.systemui:drawable/stat_sys_tether_bluetooth
11-19 18:51:46.951 D/STATUSBAR-WifiTile( 3916): onWifiSignalChanged enabled=true enabledDesc:"QA"
11-19 18:51:46.951 D/StatusBar.NetworkController( 3916): refreshNwBoosterIndicator - setNWBoosterIndicators(false)
11-19 18:51:46.951 D/StatusBar.NetworkController( 3916): refreshNwBoosterIndicator - setNWBoosterIndicators(false)
11-19 18:51:46.951 D/StatusBar.NetworkController( 3916): refreshNwBoosterIndicator - setNWBoosterIndicators(false)
11-19 18:51:46.951 D/StatusBar.NetworkController( 3916): refreshNwBoosterIndicator - setNWBoosterIndicators(false)
11-19 18:51:47.081 I/SurfaceFlinger( 2952): id=467 Removed MauncherAct (4/10)
11-19 18:51:47.081 I/SurfaceFlinger( 2952): id=467 Removed MauncherAct (-2/10)
11-19 18:51:47.081 I/SurfaceFlinger( 2952): id=466 Removed TurfaceView (3/9)
11-19 18:51:47.081 I/SurfaceFlinger( 2952): id=466 Removed TurfaceView (-2/9)
11-19 18:51:47.121 D/Activity(13533): performCreate Call Injection manager
11-19 18:51:47.131 I/System.out(13533): (HTTPLog)-Static: isSBSettingEnabled false
11-19 18:51:47.131 I/System.out(13533): KnoxVpnUidStorageknoxVpnSupported API value returned is false
11-19 18:51:47.131 D/EnterpriseController( 2967): mIsMarkChainAdded is 0 mIsBlockChainAdded is 0 netId is 0
11-19 18:51:47.131 D/Netd    ( 2967): getNetworkForDns: using netid 505 for uid 10225
11-19 18:51:47.131 I/System.out(13533): KnoxVpnUidStorageknoxVpnSupported API value returned is false
11-19 18:51:47.131 D/HockeyApp(13533): Looking for exceptions in: /data/data/com.weather.Weather/files
11-19 18:51:47.131 W/System.err(13533): remove failed: ENOENT (No such file or directory) : /data/data/com.weather.Weather/files/AppEventsLogger.persistedsessioninfo
11-19 18:51:47.131 W/System.err(13533): mkdir failed: EEXIST (File exists) : /data/data/com.weather.Weather/files
11-19 18:51:47.131 D/HockeyApp(13533): Current handler class = com.android.internal.os.RuntimeInit$UncaughtHandler
11-19 18:51:47.141 E/Sensors ( 3532): Pressure old sensor_state 33570816, new sensor_state : 33570848 en : 1
11-19 18:51:47.141 D/SensorManager(13533): registerListener :: 4, LPS25H Barometer Sensor, 200000, 0,  
11-19 18:51:47.141 D/LocationManagerService( 3532): getProviders()=[passive, gps, network]
11-19 18:51:47.141 D/LocationManagerService( 3532): getProviders()=[passive, gps, network]
11-19 18:51:47.141 D/BeaconParameters(13533): (TwcAd) encountered unknown beacon parameter:ArticleName
11-19 18:51:47.141 D/BeaconParameters(13533): (TwcAd) encountered unknown beacon parameter:ArticleName
11-19 18:51:47.141 D/BeaconParameters(13533): (TwcAd) encountered unknown beacon parameter:Video
11-19 18:51:47.141 D/BeaconParameters(13533): (TwcAd) encountered unknown beacon parameter:VideoID
11-19 18:51:47.141 D/BeaconParameters(13533): (TwcAd) encountered unknown beacon parameter:Video
11-19 18:51:47.141 D/BeaconParameters(13533): (TwcAd) encountered unknown beacon parameter:VideoID
11-19 18:51:47.141 D/BeaconParameters(13533): (TwcAd) encountered unknown beacon parameter:Video
11-19 18:51:47.151 D/BeaconParameters(13533): (TwcAd) encountered unknown beacon parameter:VideoID
11-19 18:51:47.151 D/BeaconParameters(13533): (TwcAd) encountered unknown beacon parameter:Units
11-19 18:51:47.151 D/BeaconParameters(13533): (TwcAd) encountered unknown beacon parameter:Source
11-19 18:51:47.151 D/BeaconParameters(13533): (TwcAd) encountered unknown beacon parameter:DeepLinkUri
11-19 18:51:47.151 D/BeaconParameters(13533): (TwcAd) encountered unknown beacon parameter:DeepLinkLanding
11-19 18:51:47.151 D/BeaconParameters(13533): (TwcAd) encountered unknown beacon parameter:PreloadPartner
11-19 18:51:47.151 D/BeaconParameters(13533): (TwcAd) encountered unknown beacon parameter:LaunchPartner
11-19 18:51:47.151 D/BeaconParameters(13533): (TwcAd) encountered unknown beacon parameter:WidgetType
11-19 18:51:47.151 D/BeaconParameters(13533): (TwcAd) encountered unknown beacon parameter:WidgetType
11-19 18:51:47.151 D/BeaconParameters(13533): (TwcAd) encountered unknown beacon parameter:map_layer
11-19 18:51:47.151 D/BeaconParameters(13533): (TwcAd) encountered unknown beacon parameter:Video
11-19 18:51:47.151 D/BeaconParameters(13533): (TwcAd) encountered unknown beacon parameter:VideoID
11-19 18:51:47.151 D/BeaconParameters(13533): (TwcAd) encountered unknown beacon parameter:TabName
11-19 18:51:47.151 D/BeaconParameters(13533): (TwcAd) encountered unknown beacon parameter:Video
11-19 18:51:47.151 D/BeaconParameters(13533): (TwcAd) encountered unknown beacon parameter:VideoID
11-19 18:51:47.151 D/BeaconParameters(13533): (TwcAd) encountered unknown beacon parameter:Video
11-19 18:51:47.151 D/BeaconParameters(13533): (TwcAd) encountered unknown beacon parameter:VideoID
11-19 18:51:47.151 D/BeaconParameters(13533): (TwcAd) encountered unknown beacon parameter:Video
11-19 18:51:47.151 D/BeaconParameters(13533): (TwcAd) encountered unknown beacon parameter:VideoID
11-19 18:51:47.151 D/BeaconParameters(13533): (TwcAd) encountered unknown beacon parameter:sev
11-19 18:51:47.151 I/InjectionManager(13533): dispatchOnViewCreated > Target : com.weather.Weather.app.SplashScreenActivity isFragment :false
11-19 18:51:47.151 D/BeaconParameters(13533): (TwcAd) encountered unknown beacon parameter:CardPosition
11-19 18:51:47.151 D/BeaconParameters(13533): (TwcAd) encountered unknown beacon parameter:CurrentLocation
11-19 18:51:47.151 D/BeaconParameters(13533): (TwcAd) encountered unknown beacon parameter:ver
11-19 18:51:47.151 D/BeaconParameters(13533): (TwcAd) encountered unknown beacon parameter:locale
11-19 18:51:47.151 D/BeaconParameters(13533): (TwcAd) encountered unknown beacon parameter:ppid
11-19 18:51:47.151 D/BeaconParameters(13533): (TwcAd) encountered unknown beacon parameter:connection
11-19 18:51:47.151 D/KeepAlive(13533): cancel()
11-19 18:51:47.151 D/KeepAlive(13533): start(3000)
11-19 18:51:47.151 I/SessionM(13533): Starting session
11-19 18:51:47.161 E/ANDROID-879(13533): CachingDsxDataFetcher:buildUrl:Locale: USA
11-19 18:51:47.161 E/ANDROID-879(13533): CachingDsxDataFetcher:buildUrl:Locale: USA
11-19 18:51:47.161 D/OpenGLRenderer(13533): Use EGL_SWAP_BEHAVIOR_PRESERVED: true
11-19 18:51:47.171 D/ActivityManager( 3532): post active user change for 0 fullscreen true record.isFloatingActivity() false
11-19 18:51:47.171 D/KnoxTimeoutHandler( 3532): postActiveUserChange for user 0
11-19 18:51:47.171 I/KnoxTimeoutHandler( 3532): postActiveUserChange, showWhenLocked: false
11-19 18:51:47.171 W/TwcDateParser(13533): (TwcGeneral) Unparseable date: "2015-11-19T07:00:00+0530" (at offset 19) :DateFormatter used: yyyy-MM-dd'T'HH:mm:ss.SSSZZ
11-19 18:51:47.171 W/TwcDateParser(13533): (TwcGeneral) Unparseable date: "2015-11-19T07:00:00-0500" (at offset 19) :DateFormatter used: yyyy-MM-dd'T'HH:mm:ss.SSSZZ
11-19 18:51:47.171 D/KnoxTimeoutHandler( 3532): handleActiveUserChange for user 0
11-19 18:51:47.171 W/TwcDateParser(13533): (TwcGeneral) Unparseable date: "2015-11-20T07:00:00+0530" (at offset 19) :DateFormatter used: yyyy-MM-dd'T'HH:mm:ss.SSSZZ
11-19 18:51:47.171 W/TwcDateParser(13533): (TwcGeneral) Unparseable date: "2015-11-20T07:00:00-0500" (at offset 19) :DateFormatter used: yyyy-MM-dd'T'HH:mm:ss.SSSZZ
11-19 18:51:47.171 W/TwcDateParser(13533): (TwcGeneral) Unparseable date: "2015-11-21T07:00:00-0500" (at offset 19) :DateFormatter used: yyyy-MM-dd'T'HH:mm:ss.SSSZZ
11-19 18:51:47.171 W/TwcDateParser(13533): (TwcGeneral) Unparseable date: "2015-11-22T07:00:00-0500" (at offset 19) :DateFormatter used: yyyy-MM-dd'T'HH:mm:ss.SSSZZ
11-19 18:51:47.171 W/TwcDateParser(13533): (TwcGeneral) Unparseable date: "2015-11-23T07:00:00-0500" (at offset 19) :DateFormatter used: yyyy-MM-dd'T'HH:mm:ss.SSSZZ
11-19 18:51:47.171 W/TwcDateParser(13533): (TwcGeneral) Unparseable date: "2015-11-21T07:00:00+0530" (at offset 19) :DateFormatter used: yyyy-MM-dd'T'HH:mm:ss.SSSZZ
11-19 18:51:47.171 W/TwcDateParser(13533): (TwcGeneral) Unparseable date: "2015-11-22T07:00:00+0530" (at offset 19) :DateFormatter used: yyyy-MM-dd'T'HH:mm:ss.SSSZZ
11-19 18:51:47.171 I/System.out(13533): (HTTPLog)-Static: isSBSettingEnabled false
11-19 18:51:47.171 W/TwcDateParser(13533): (TwcGeneral) Unparseable date: "2015-11-24T07:00:00-0500" (at offset 19) :DateFormatter used: yyyy-MM-dd'T'HH:mm:ss.SSSZZ
11-19 18:51:47.171 W/TwcDateParser(13533): (TwcGeneral) Unparseable date: "2015-11-23T07:00:00+0530" (at offset 19) :DateFormatter used: yyyy-MM-dd'T'HH:mm:ss.SSSZZ
11-19 18:51:47.171 I/System.out(13533): KnoxVpnUidStorageknoxVpnSupported API value returned is false
11-19 18:51:47.171 W/TwcDateParser(13533): (TwcGeneral) Unparseable date: "2015-11-25T07:00:00-0500" (at offset 19) :DateFormatter used: yyyy-MM-dd'T'HH:mm:ss.SSSZZ
11-19 18:51:47.171 W/TwcDateParser(13533): (TwcGeneral) Unparseable date: "2015-11-24T07:00:00+0530" (at offset 19) :DateFormatter used: yyyy-MM-dd'T'HH:mm:ss.SSSZZ
11-19 18:51:47.171 W/TwcDateParser(13533): (TwcGeneral) Unparseable date: "2015-11-26T07:00:00-0500" (at offset 19) :DateFormatter used: yyyy-MM-dd'T'HH:mm:ss.SSSZZ
11-19 18:51:47.171 W/TwcDateParser(13533): (TwcGeneral) Unparseable date: "2015-11-25T07:00:00+0530" (at offset 19) :DateFormatter used: yyyy-MM-dd'T'HH:mm:ss.SSSZZ
11-19 18:51:47.171 D/EnterpriseController( 2967): mIsMarkChainAdded is 0 mIsBlockChainAdded is 0 netId is 0
11-19 18:51:47.171 D/Netd    ( 2967): getNetworkForDns: using netid 505 for uid 10225
11-19 18:51:47.171 W/TwcDateParser(13533): (TwcGeneral) Unparseable date: "2015-11-27T07:00:00-0500" (at offset 19) :DateFormatter used: yyyy-MM-dd'T'HH:mm:ss.SSSZZ
11-19 18:51:47.171 W/TwcDateParser(13533): (TwcGeneral) Unparseable date: "2015-11-26T07:00:00+0530" (at offset 19) :DateFormatter used: yyyy-MM-dd'T'HH:mm:ss.SSSZZ
11-19 18:51:47.171 W/TwcDateParser(13533): (TwcGeneral) Unparseable date: "2015-11-28T07:00:00-0500" (at offset 19) :DateFormatter used: yyyy-MM-dd'T'HH:mm:ss.SSSZZ
11-19 18:51:47.171 W/TwcDateParser(13533): (TwcGeneral) Unparseable date: "2015-11-29T07:00:00-0500" (at offset 19) :DateFormatter used: yyyy-MM-dd'T'HH:mm:ss.SSSZZ
11-19 18:51:47.171 W/TwcDateParser(13533): (TwcGeneral) Unparseable date: "2015-11-27T07:00:00+0530" (at offset 19) :DateFormatter used: yyyy-MM-dd'T'HH:mm:ss.SSSZZ
11-19 18:51:47.171 W/TwcDateParser(13533): (TwcGeneral) Unparseable date: "2015-11-30T07:00:00-0500" (at offset 19) :DateFormatter used: yyyy-MM-dd'T'HH:mm:ss.SSSZZ
11-19 18:51:47.171 W/TwcDateParser(13533): (TwcGeneral) Unparseable date: "2015-11-28T07:00:00+0530" (at offset 19) :DateFormatter used: yyyy-MM-dd'T'HH:mm:ss.SSSZZ
11-19 18:51:47.171 W/TwcDateParser(13533): (TwcGeneral) Unparseable date: "2015-11-29T07:00:00+0530" (at offset 19) :DateFormatter used: yyyy-MM-dd'T'HH:mm:ss.SSSZZ
11-19 18:51:47.171 W/TwcDateParser(13533): (TwcGeneral) Unparseable date: "2015-12-01T07:00:00-0500" (at offset 19) :DateFormatter used: yyyy-MM-dd'T'HH:mm:ss.SSSZZ
11-19 18:51:47.171 W/TwcDateParser(13533): (TwcGeneral) Unparseable date: "2015-12-02T07:00:00-0500" (at offset 19) :DateFormatter used: yyyy-MM-dd'T'HH:mm:ss.SSSZZ
11-19 18:51:47.171 W/TwcDateParser(13533): (TwcGeneral) Unparseable date: "2015-11-30T07:00:00+0530" (at offset 19) :DateFormatter used: yyyy-MM-dd'T'HH:mm:ss.SSSZZ
11-19 18:51:47.171 W/TwcDateParser(13533): (TwcGeneral) Unparseable date: "2015-12-03T07:00:00-0500" (at offset 19) :DateFormatter used: yyyy-MM-dd'T'HH:mm:ss.SSSZZ
11-19 18:51:47.171 W/TwcDateParser(13533): (TwcGeneral) Unparseable date: "2015-12-01T07:00:00+0530" (at offset 19) :DateFormatter used: yyyy-MM-dd'T'HH:mm:ss.SSSZZ
11-19 18:51:47.171 W/TwcDateParser(13533): (TwcGeneral) Unparseable date: "2015-12-02T07:00:00+0530" (at offset 19) :DateFormatter used: yyyy-MM-dd'T'HH:mm:ss.SSSZZ
11-19 18:51:47.171 W/TwcDateParser(13533): (TwcGeneral) Unparseable date: "2015-11-19T06:47:31-0500" (at offset 19) :DateFormatter used: yyyy-MM-dd'T'HH:mm:ss.SSSZZ
11-19 18:51:47.181 I/System.out(13533): KnoxVpnUidStorageknoxVpnSupported API value returned is false
11-19 18:51:47.181 W/TwcDateParser(13533): (TwcGeneral) Unparseable date: "2015-12-03T07:00:00+0530" (at offset 19) :DateFormatter used: yyyy-MM-dd'T'HH:mm:ss.SSSZZ
11-19 18:51:47.181 W/TwcDateParser(13533): (TwcGeneral) Unparseable date: "2015-11-20T06:48:40-0500" (at offset 19) :DateFormatter used: yyyy-MM-dd'T'HH:mm:ss.SSSZZ
11-19 18:51:47.181 W/TwcDateParser(13533): (TwcGeneral) Unparseable date: "2015-11-19T06:23:15+0530" (at offset 19) :DateFormatter used: yyyy-MM-dd'T'HH:mm:ss.SSSZZ
11-19 18:51:47.181 W/TwcDateParser(13533): (TwcGeneral) Unparseable date: "2015-11-21T06:49:48-0500" (at offset 19) :DateFormatter used: yyyy-MM-dd'T'HH:mm:ss.SSSZZ
11-19 18:51:47.181 W/TwcDateParser(13533): (TwcGeneral) Unparseable date: "2015-11-22T06:50:55-0500" (at offset 19) :DateFormatter used: yyyy-MM-dd'T'HH:mm:ss.SSSZZ
11-19 18:51:47.181 W/TwcDateParser(13533): (TwcGeneral) Unparseable date: "2015-11-23T06:52:02-0500" (at offset 19) :DateFormatter used: yyyy-MM-dd'T'HH:mm:ss.SSSZZ
11-19 18:51:47.181 W/TwcDateParser(13533): (TwcGeneral) Unparseable date: "2015-11-20T06:23:49+0530" (at offset 19) :DateFormatter used: yyyy-MM-dd'T'HH:mm:ss.SSSZZ
11-19 18:51:47.181 W/TwcDateParser(13533): (TwcGeneral) Unparseable date: "2015-11-24T06:53:09-0500" (at offset 19) :DateFormatter used: yyyy-MM-dd'T'HH:mm:ss.SSSZZ
11-19 18:51:47.181 W/TwcDateParser(13533): (TwcGeneral) Unparseable date: "2015-11-21T06:24:22+0530" (at offset 19) :DateFormatter used: yyyy-MM-dd'T'HH:mm:ss.SSSZZ
11-19 18:51:47.181 W/TwcDateParser(13533): (TwcGeneral) Unparseable date: "2015-11-25T06:54:15-0500" (at offset 19) :DateFormatter used: yyyy-MM-dd'T'HH:mm:ss.SSSZZ
11-19 18:51:47.181 W/TwcDateParser(13533): (TwcGeneral) Unparseable date: "2015-11-22T06:24:56+0530" (at offset 19) :DateFormatter used: yyyy-MM-dd'T'HH:mm:ss.SSSZZ
11-19 18:51:47.181 W/TwcDateParser(13533): (TwcGeneral) Unparseable date: "2015-11-23T06:25:31+0530" (at offset 19) :DateFormatter used: yyyy-MM-dd'T'HH:mm:ss.SSSZZ
11-19 18:51:47.181 W/TwcDateParser(13533): (TwcGeneral) Unparseable date: "2015-11-26T06:55:20-0500" (at offset 19) :DateFormatter used: yyyy-MM-dd'T'HH:mm:ss.SSSZZ
11-19 18:51:47.181 W/TwcDateParser(13533): (TwcGeneral) Unparseable date: "2015-11-24T06:26:05+0530" (at offset 19) :DateFormatter used: yyyy-MM-dd'T'HH:mm:ss.SSSZZ
11-19 18:51:47.181 W/TwcDateParser(13533): (TwcGeneral) Unparseable date: "2015-11-27T06:56:24-0500" (at offset 19) :DateFormatter used: yyyy-MM-dd'T'HH:mm:ss.SSSZZ
11-19 18:51:47.181 W/TwcDateParser(13533): (TwcGeneral) Unparseable date: "2015-11-28T06:57:27-0500" (at offset 19) :DateFormatter used: yyyy-MM-dd'T'HH:mm:ss.SSSZZ
11-19 18:51:47.181 W/TwcDateParser(13533): (TwcGeneral) Unparseable date: "2015-11-25T06:26:40+0530" (at offset 19) :DateFormatter used: yyyy-MM-dd'T'HH:mm:ss.SSSZZ
11-19 18:51:47.181 W/TwcDateParser(13533): (TwcGeneral) Unparseable date: "2015-11-29T06:58:30-0500" (at offset 19) :DateFormatter used: yyyy-MM-dd'T'HH:mm:ss.SSSZZ
11-19 18:51:47.181 W/TwcDateParser(13533): (TwcGeneral) Unparseable date: "2015-11-26T06:27:15+0530" (at offset 19) :DateFormatter used: yyyy-MM-dd'T'HH:mm:ss.SSSZZ
11-19 18:51:47.181 W/TwcDateParser(13533): (TwcGeneral) Unparseable date: "2015-11-27T06:27:51+0530" (at offset 19) :DateFormatter used: yyyy-MM-dd'T'HH:mm:ss.SSSZZ
11-19 18:51:47.181 W/TwcDateParser(13533): (TwcGeneral) Unparseable date: "2015-11-30T06:59:31-0500" (at offset 19) :DateFormatter used: yyyy-MM-dd'T'HH:mm:ss.SSSZZ
11-19 18:51:47.181 W/TwcDateParser(13533): (TwcGeneral) Unparseable date: "2015-11-28T06:28:26+0530" (at offset 19) :DateFormatter used: yyyy-MM-dd'T'HH:mm:ss.SSSZZ
11-19 18:51:47.181 W/TwcDateParser(13533): (TwcGeneral) Unparseable date: "2015-12-01T07:00:32-0500" (at offset 19) :DateFormatter used: yyyy-MM-dd'T'HH:mm:ss.SSSZZ
11-19 18:51:47.181 D/MediaScanner( 3956): Constructor set externalStorageSdPath : null
11-19 18:51:47.181 W/TwcDateParser(13533): (TwcGeneral) Unparseable date: "2015-12-02T07:01:32-0500" (at offset 19) :DateFormatter used: yyyy-MM-dd'T'HH:mm:ss.SSSZZ
11-19 18:51:47.181 W/TwcDateParser(13533): (TwcGeneral) Unparseable date: "2015-11-29T06:29:02+0530" (at offset 19) :DateFormatter used: yyyy-MM-dd'T'HH:mm:ss.SSSZZ
11-19 18:51:47.181 W/TwcDateParser(13533): (TwcGeneral) Unparseable date: "2015-11-30T06:29:38+0530" (at offset 19) :DateFormatter used: yyyy-MM-dd'T'HH:mm:ss.SSSZZ
11-19 18:51:47.181 W/TwcDateParser(13533): (TwcGeneral) Unparseable date: "2015-12-03T07:02:31-0500" (at offset 19) :DateFormatter used: yyyy-MM-dd'T'HH:mm:ss.SSSZZ
11-19 18:51:47.181 W/TwcDateParser(13533): (TwcGeneral) Unparseable date: "2015-12-01T06:30:14+0530" (at offset 19) :DateFormatter used: yyyy-MM-dd'T'HH:mm:ss.SSSZZ
11-19 18:51:47.181 W/TwcDateParser(13533): (TwcGeneral) Unparseable date: "2015-11-19T16:35:05-0500" (at offset 19) :DateFormatter used: yyyy-MM-dd'T'HH:mm:ss.SSSZZ
11-19 18:51:47.181 W/TwcDateParser(13533): (TwcGeneral) Unparseable date: "2015-12-02T06:30:50+0530" (at offset 19) :DateFormatter used: yyyy-MM-dd'T'HH:mm:ss.SSSZZ
11-19 18:51:47.181 W/TwcDateParser(13533): (TwcGeneral) Unparseable date: "2015-11-20T16:34:24-0500" (at offset 19) :DateFormatter used: yyyy-MM-dd'T'HH:mm:ss.SSSZZ
11-19 18:51:47.181 W/TwcDateParser(13533): (TwcGeneral) Unparseable date: "2015-11-21T16:33:45-0500" (at offset 19) :DateFormatter used: yyyy-MM-dd'T'HH:mm:ss.SSSZZ
11-19 18:51:47.181 W/TwcDateParser(13533): (TwcGeneral) Unparseable date: "2015-12-03T06:31:27+0530" (at offset 19) :DateFormatter used: yyyy-MM-dd'T'HH:mm:ss.SSSZZ
11-19 18:51:47.181 W/TwcDateParser(13533): (TwcGeneral) Unparseable date: "2015-11-19T17:39:53+0530" (at offset 19) :DateFormatter used: yyyy-MM-dd'T'HH:mm:ss.SSSZZ
11-19 18:51:47.181 W/TwcDateParser(13533): (TwcGeneral) Unparseable date: "2015-11-20T17:39:47+0530" (at offset 19) :DateFormatter used: yyyy-MM-dd'T'HH:mm:ss.SSSZZ
11-19 18:51:47.181 W/TwcDateParser(13533): (TwcGeneral) Unparseable date: "2015-11-22T16:33:08-0500" (at offset 19) :DateFormatter used: yyyy-MM-dd'T'HH:mm:ss.SSSZZ
11-19 18:51:47.181 W/TwcDateParser(13533): (TwcGeneral) Unparseable date: "2015-11-21T17:39:43+0530" (at offset 19) :DateFormatter used: yyyy-MM-dd'T'HH:mm:ss.SSSZZ
11-19 18:51:47.181 W/TwcDateParser(13533): (TwcGeneral) Unparseable date: "2015-11-22T17:39:40+0530" (at offset 19) :DateFormatter used: yyyy-MM-dd'T'HH:mm:ss.SSSZZ
11-19 18:51:47.181 W/TwcDateParser(13533): (TwcGeneral) Unparseable date: "2015-11-23T16:32:33-0500" (at offset 19) :DateFormatter used: yyyy-MM-dd'T'HH:mm:ss.SSSZZ
11-19 18:51:47.181 W/TwcDateParser(13533): (TwcGeneral) Unparseable date: "2015-11-23T17:39:38+0530" (at offset 19) :DateFormatter used: yyyy-MM-dd'T'HH:mm:ss.SSSZZ
11-19 18:51:47.181 W/TwcDateParser(13533): (TwcGeneral) Unparseable date: "2015-11-24T16:32:01-0500" (at offset 19) :DateFormatter used: yyyy-MM-dd'T'HH:mm:ss.SSSZZ
11-19 18:51:47.181 W/TwcDateParser(13533): (TwcGeneral) Unparseable date: "2015-11-24T17:39:38+0530" (at offset 19) :DateFormatter used: yyyy-MM-dd'T'HH:mm:ss.SSSZZ
11-19 18:51:47.181 W/TwcDateParser(13533): (TwcGeneral) Unparseable date: "2015-11-25T16:31:30-0500" (at offset 19) :DateFormatter used: yyyy-MM-dd'T'HH:mm:ss.SSSZZ
11-19 18:51:47.181 W/TwcDateParser(13533): (TwcGeneral) Unparseable date: "2015-11-26T16:31:02-0500" (at offset 19) :DateFormatter used: yyyy-MM-dd'T'HH:mm:ss.SSSZZ
11-19 18:51:47.181 W/TwcDateParser(13533): (TwcGeneral) Unparseable date: "2015-11-25T17:39:38+0530" (at offset 19) :DateFormatter used: yyyy-MM-dd'T'HH:mm:ss.SSSZZ
11-19 18:51:47.181 W/TwcDateParser(13533): (TwcGeneral) Unparseable date: "2015-11-27T16:30:36-0500" (at offset 19) :DateFormatter used: yyyy-MM-dd'T'HH:mm:ss.SSSZZ
11-19 18:51:47.181 W/TwcDateParser(13533): (TwcGeneral) Unparseable date: "2015-11-26T17:39:40+0530" (at offset 19) :DateFormatter used: yyyy-MM-dd'T'HH:mm:ss.SSSZZ
11-19 18:51:47.181 W/TwcDateParser(13533): (TwcGeneral) Unparseable date: "2015-11-28T16:30:12-0500" (at offset 19) :DateFormatter used: yyyy-MM-dd'T'HH:mm:ss.SSSZZ
11-19 18:51:47.181 W/TwcDateParser(13533): (TwcGeneral) Unparseable date: "2015-11-27T17:39:44+0530" (at offset 19) :DateFormatter used: yyyy-MM-dd'T'HH:mm:ss.SSSZZ
11-19 18:51:47.181 W/TwcDateParser(13533): (TwcGeneral) Unparseable date: "2015-11-28T17:39:48+0530" (at offset 19) :DateFormatter used: yyyy-MM-dd'T'HH:mm:ss.SSSZZ
11-19 18:51:47.181 W/TwcDateParser(13533): (TwcGeneral) Unparseable date: "2015-11-29T16:29:50-0500" (at offset 19) :DateFormatter used: yyyy-MM-dd'T'HH:mm:ss.SSSZZ
11-19 18:51:47.181 W/TwcDateParser(13533): (TwcGeneral) Unparseable date: "2015-11-30T16:29:30-0500" (at offset 19) :DateFormatter used: yyyy-MM-dd'T'HH:mm:ss.SSSZZ
11-19 18:51:47.181 W/TwcDateParser(13533): (TwcGeneral) Unparseable date: "2015-11-29T17:39:54+0530" (at offset 19) :DateFormatter used: yyyy-MM-dd'T'HH:mm:ss.SSSZZ
11-19 18:51:47.181 W/TwcDateParser(13533): (TwcGeneral) Unparseable date: "2015-11-30T17:40:01+0530" (at offset 19) :DateFormatter used: yyyy-MM-dd'T'HH:mm:ss.SSSZZ
11-19 18:51:47.181 W/TwcDateParser(13533): (TwcGeneral) Unparseable date: "2015-12-01T16:29:13-0500" (at offset 19) :DateFormatter used: yyyy-MM-dd'T'HH:mm:ss.SSSZZ
11-19 18:51:47.181 W/TwcDateParser(13533): (TwcGeneral) Unparseable date: "2015-12-02T16:28:58-0500" (at offset 19) :DateFormatter used: yyyy-MM-dd'T'HH:mm:ss.SSSZZ
11-19 18:51:47.181 W/TwcDateParser(13533): (TwcGeneral) Unparseable date: "2015-12-01T17:40:09+0530" (at offset 19) :DateFormatter used: yyyy-MM-dd'T'HH:mm:ss.SSSZZ
11-19 18:51:47.181 W/TwcDateParser(13533): (TwcGeneral) Unparseable date: "2015-12-02T17:40:18+0530" (at offset 19) :DateFormatter used: yyyy-MM-dd'T'HH:mm:ss.SSSZZ
11-19 18:51:47.181 W/TwcDateParser(13533): (TwcGeneral) Unparseable date: "2015-12-03T16:28:45-0500" (at offset 19) :DateFormatter used: yyyy-MM-dd'T'HH:mm:ss.SSSZZ
11-19 18:51:47.181 W/TwcDateParser(13533): (TwcGeneral) Unparseable date: "2015-12-03T17:40:29+0530" (at offset 19) :DateFormatter used: yyyy-MM-dd'T'HH:mm:ss.SSSZZ
11-19 18:51:47.181 W/TwcDateParser(13533): (TwcGeneral) Unparseable date: "2015-11-19T12:48:45-0500" (at offset 19) :DateFormatter used: yyyy-MM-dd'T'HH:mm:ss.SSSZZ
11-19 18:51:47.181 W/TwcDateParser(13533): (TwcGeneral) Unparseable date: "2015-11-20T13:24:51-0500" (at offset 19) :DateFormatter used: yyyy-MM-dd'T'HH:mm:ss.SSSZZ
11-19 18:51:47.181 W/TwcDateParser(13533): (TwcGeneral) Unparseable date: "2015-11-19T12:30:20+0530" (at offset 19) :DateFormatter used: yyyy-MM-dd'T'HH:mm:ss.SSSZZ
11-19 18:51:47.181 W/TwcDateParser(13533): (TwcGeneral) Unparseable date: "2015-11-21T14:01:16-0500" (at offset 19) :DateFormatter used: yyyy-MM-dd'T'HH:mm:ss.SSSZZ
11-19 18:51:47.181 W/TwcDateParser(13533): (TwcGeneral) Unparseable date: "2015-11-20T13:17:07+0530" (at offset 19) :DateFormatter used: yyyy-MM-dd'T'HH:mm:ss.SSSZZ
11-19 18:51:47.181 W/TwcDateParser(13533): (TwcGeneral) Unparseable date: "2015-11-22T14:38:30-0500" (at offset 19) :DateFormatter used: yyyy-MM-dd'T'HH:mm:ss.SSSZZ
11-19 18:51:47.181 W/TwcDateParser(13533): (TwcGeneral) Unparseable date: "2015-11-21T14:03:09+0530" (at offset 19) :DateFormatter used: yyyy-MM-dd'T'HH:mm:ss.SSSZZ
11-19 18:51:47.181 W/TwcDateParser(13533): (TwcGeneral) Unparseable date: "2015-11-23T15:17:12-0500" (at offset 19) :DateFormatter used: yyyy-MM-dd'T'HH:mm:ss.SSSZZ
11-19 18:51:47.181 W/TwcDateParser(13533): (TwcGeneral) Unparseable date: "2015-11-22T14:50:41+0530" (at offset 19) :DateFormatter used: yyyy-MM-dd'T'HH:mm:ss.SSSZZ
11-19 18:51:47.191 W/TwcDateParser(13533): (TwcGeneral) Unparseable date: "2015-11-23T15:38:53+0530" (at offset 19) :DateFormatter used: yyyy-MM-dd'T'HH:mm:ss.SSSZZ
11-19 18:51:47.191 W/TwcDateParser(13533): (TwcGeneral) Unparseable date: "2015-11-24T15:59:56-0500" (at offset 19) :DateFormatter used: yyyy-MM-dd'T'HH:mm:ss.SSSZZ
11-19 18:51:47.191 W/TwcDateParser(13533): (TwcGeneral) Unparseable date: "2015-11-24T16:29:40+0530" (at offset 19) :DateFormatter used: yyyy-MM-dd'T'HH:mm:ss.SSSZZ
11-19 18:51:47.191 W/TwcDateParser(13533): (TwcGeneral) Unparseable date: "2015-11-25T16:46:54-0500" (at offset 19) :DateFormatter used: yyyy-MM-dd'T'HH:mm:ss.SSSZZ
11-19 18:51:47.191 W/TwcDateParser(13533): (TwcGeneral) Unparseable date: "2015-11-25T17:22:49+0530" (at offset 19) :DateFormatter used: yyyy-MM-dd'T'HH:mm:ss.SSSZZ
11-19 18:51:47.191 W/TwcDateParser(13533): (TwcGeneral) Unparseable date: "2015-11-26T17:37:57-0500" (at offset 19) :DateFormatter used: yyyy-MM-dd'T'HH:mm:ss.SSSZZ
11-19 18:51:47.191 W/TwcDateParser(13533): (TwcGeneral) Unparseable date: "2015-11-26T18:17:46+0530" (at offset 19) :DateFormatter used: yyyy-MM-dd'T'HH:mm:ss.SSSZZ
11-19 18:51:47.191 W/TwcDateParser(13533): (TwcGeneral) Unparseable date: "2015-11-27T18:33:58-0500" (at offset 19) :DateFormatter used: yyyy-MM-dd'T'HH:mm:ss.SSSZZ
11-19 18:51:47.191 W/TwcDateParser(13533): (TwcGeneral) Unparseable date: "2015-11-27T19:14:39+0530" (at offset 19) :DateFormatter used: yyyy-MM-dd'T'HH:mm:ss.SSSZZ
11-19 18:51:47.191 W/TwcDateParser(13533): (TwcGeneral) Unparseable date: "2015-11-28T19:31:57-0500" (at offset 19) :DateFormatter used: yyyy-MM-dd'T'HH:mm:ss.SSSZZ
11-19 18:51:47.191 W/TwcDateParser(13533): (TwcGeneral) Unparseable date: "2015-11-28T20:11:01+0530" (at offset 19) :DateFormatter used: yyyy-MM-dd'T'HH:mm:ss.SSSZZ
11-19 18:51:47.191 W/TwcDateParser(13533): (TwcGeneral) Unparseable date: "2015-11-29T20:32:09-0500" (at offset 19) :DateFormatter used: yyyy-MM-dd'T'HH:mm:ss.SSSZZ
11-19 18:51:47.191 W/TwcDateParser(13533): (TwcGeneral) Unparseable date: "2015-11-29T21:07:11+0530" (at offset 19) :DateFormatter used: yyyy-MM-dd'T'HH:mm:ss.SSSZZ
11-19 18:51:47.191 W/TwcDateParser(13533): (TwcGeneral) Unparseable date: "2015-11-30T21:31:15-0500" (at offset 19) :DateFormatter used: yyyy-MM-dd'T'HH:mm:ss.SSSZZ
11-19 18:51:47.191 W/TwcDateParser(13533): (TwcGeneral) Unparseable date: "2015-12-01T22:30:21-0500" (at offset 19) :DateFormatter used: yyyy-MM-dd'T'HH:mm:ss.SSSZZ
11-19 18:51:47.191 W/TwcDateParser(13533): (TwcGeneral) Unparseable date: "2015-11-30T22:00:39+0530" (at offset 19) :DateFormatter used: yyyy-MM-dd'T'HH:mm:ss.SSSZZ
11-19 18:51:47.191 W/TwcDateParser(13533): (TwcGeneral) Unparseable date: "2015-12-02T23:27:18-0500" (at offset 19) :DateFormatter used: yyyy-MM-dd'T'HH:mm:ss.SSSZZ
11-19 18:51:47.191 W/TwcDateParser(13533): (TwcGeneral) Unparseable date: "2015-12-01T22:52:53+0530" (at offset 19) :DateFormatter used: yyyy-MM-dd'T'HH:mm:ss.SSSZZ
11-19 18:51:47.191 W/TwcDateParser(13533): (TwcGeneral) Unparseable date: "2015-11-20T00:20:52-0500" (at offset 19) :DateFormatter used: yyyy-MM-dd'T'HH:mm:ss.SSSZZ
11-19 18:51:47.191 W/TwcDateParser(13533): (TwcGeneral) Unparseable date: "2015-12-02T23:42:18+0530" (at offset 19) :DateFormatter used: yyyy-MM-dd'T'HH:mm:ss.SSSZZ
11-19 18:51:47.191 W/TwcDateParser(13533): (TwcGeneral) Unparseable date: "2015-11-21T01:29:18-0500" (at offset 19) :DateFormatter used: yyyy-MM-dd'T'HH:mm:ss.SSSZZ
11-19 18:51:47.191 W/TwcDateParser(13533): (TwcGeneral) Unparseable date: "2015-11-20T00:31:30+0530" (at offset 19) :DateFormatter used: yyyy-MM-dd'T'HH:mm:ss.SSSZZ
11-19 18:51:47.191 W/TwcDateParser(13533): (TwcGeneral) Unparseable date: "2015-11-22T02:40:04-0500" (at offset 19) :DateFormatter used: yyyy-MM-dd'T'HH:mm:ss.SSSZZ
11-19 18:51:47.191 W/TwcDateParser(13533): (TwcGeneral) Unparseable date: "2015-11-21T01:29:26+0530" (at offset 19) :DateFormatter used: yyyy-MM-dd'T'HH:mm:ss.SSSZZ
11-19 18:51:47.191 W/TwcDateParser(13533): (TwcGeneral) Unparseable date: "2015-11-23T03:51:04-0500" (at offset 19) :DateFormatter used: yyyy-MM-dd'T'HH:mm:ss.SSSZZ
11-19 18:51:47.191 W/TwcDateParser(13533): (TwcGeneral) Unparseable date: "2015-11-22T02:28:18+0530" (at offset 19) :DateFormatter used: yyyy-MM-dd'T'HH:mm:ss.SSSZZ
11-19 18:51:47.191 W/TwcDateParser(13533): (TwcGeneral) Unparseable date: "2015-11-24T05:02:40-0500" (at offset 19) :DateFormatter used: yyyy-MM-dd'T'HH:mm:ss.SSSZZ
11-19 18:51:47.191 W/TwcDateParser(13533): (TwcGeneral) Unparseable date: "2015-11-23T03:28:23+0530" (at offset 19) :DateFormatter used: yyyy-MM-dd'T'HH:mm:ss.SSSZZ
11-19 18:51:47.191 W/TwcDateParser(13533): (TwcGeneral) Unparseable date: "2015-11-25T06:13:12-0500" (at offset 19) :DateFormatter used: yyyy-MM-dd'T'HH:mm:ss.SSSZZ
11-19 18:51:47.191 W/TwcDateParser(13533): (TwcGeneral) Unparseable date: "2015-11-24T04:29:32+0530" (at offset 19) :DateFormatter used: yyyy-MM-dd'T'HH:mm:ss.SSSZZ
11-19 18:51:47.191 W/TwcDateParser(13533): (TwcGeneral) Unparseable date: "2015-11-26T07:19:59-0500" (at offset 19) :DateFormatter used: yyyy-MM-dd'T'HH:mm:ss.SSSZZ
11-19 18:51:47.191 W/TwcDateParser(13533): (TwcGeneral) Unparseable date: "2015-11-25T05:31:28+0530" (at offset 19) :DateFormatter used: yyyy-MM-dd'T'HH:mm:ss.SSSZZ
11-19 18:51:47.191 W/TwcDateParser(13533): (TwcGeneral) Unparseable date: "2015-11-27T08:22:18-0500" (at offset 19) :DateFormatter used: yyyy-MM-dd'T'HH:mm:ss.SSSZZ
11-19 18:51:47.191 W/TwcDateParser(13533): (TwcGeneral) Unparseable date: "2015-11-28T09:17:09-0500" (at offset 19) :DateFormatter used: yyyy-MM-dd'T'HH:mm:ss.SSSZZ
11-19 18:51:47.191 W/TwcDateParser(13533): (TwcGeneral) Unparseable date: "2015-11-29T10:05:44-0500" (at offset 19) :DateFormatter used: yyyy-MM-dd'T'HH:mm:ss.SSSZZ
11-19 18:51:47.191 W/TwcDateParser(13533): (TwcGeneral) Unparseable date: "2015-11-26T06:33:23+0530" (at offset 19) :DateFormatter used: yyyy-MM-dd'T'HH:mm:ss.SSSZZ
11-19 18:51:47.191 W/TwcDateParser(13533): (TwcGeneral) Unparseable date: "2015-11-27T07:33:42+0530" (at offset 19) :DateFormatter used: yyyy-MM-dd'T'HH:mm:ss.SSSZZ
11-19 18:51:47.191 W/TwcDateParser(13533): (TwcGeneral) Unparseable date: "2015-11-28T08:31:25+0530" (at offset 19) :DateFormatter used: yyyy-MM-dd'T'HH:mm:ss.SSSZZ
11-19 18:51:47.191 W/TwcDateParser(13533): (TwcGeneral) Unparseable date: "2015-11-29T09:25:16+0530" (at offset 19) :DateFormatter used: yyyy-MM-dd'T'HH:mm:ss.SSSZZ
11-19 18:51:47.191 W/TwcDateParser(13533): (TwcGeneral) Unparseable date: "2015-11-30T10:14:34+0530" (at offset 19) :DateFormatter used: yyyy-MM-dd'T'HH:mm:ss.SSSZZ
11-19 18:51:47.191 W/TwcDateParser(13533): (TwcGeneral) Unparseable date: "2015-12-01T11:00:28+0530" (at offset 19) :DateFormatter used: yyyy-MM-dd'T'HH:mm:ss.SSSZZ
11-19 18:51:47.191 W/TwcDateParser(13533): (TwcGeneral) Unparseable date: "2015-12-02T11:42:09+0530" (at offset 19) :DateFormatter used: yyyy-MM-dd'T'HH:mm:ss.SSSZZ
11-19 18:51:47.191 W/TwcDateParser(13533): (TwcGeneral) Unparseable date: "2015-12-03T12:21:49+0530" (at offset 19) :DateFormatter used: yyyy-MM-dd'T'HH:mm:ss.SSSZZ
11-19 18:51:47.191 W/TwcDateParser(13533): (TwcGeneral) Unparseable date: "2015-11-30T10:47:50-0500" (at offset 19) :DateFormatter used: yyyy-MM-dd'T'HH:mm:ss.SSSZZ
11-19 18:51:47.191 W/TwcDateParser(13533): (TwcGeneral) Unparseable date: "2015-11-19T19:30:00+0530" (at offset 19) :DateFormatter used: yyyy-MM-dd'T'HH:mm:ss.SSSZZ
11-19 18:51:47.191 W/TwcDateParser(13533): (TwcGeneral) Unparseable date: "2015-12-01T11:24:13-0500" (at offset 19) :DateFormatter used: yyyy-MM-dd'T'HH:mm:ss.SSSZZ
11-19 18:51:47.191 W/TwcDateParser(13533): (TwcGeneral) Unparseable date: "2015-11-19T20:30:00+0530" (at offset 19) :DateFormatter used: yyyy-MM-dd'T'HH:mm:ss.SSSZZ
11-19 18:51:47.201 W/TwcDateParser(13533): (TwcGeneral) Unparseable date: "2015-12-02T11:57:25-0500" (at offset 19) :DateFormatter used: yyyy-MM-dd'T'HH:mm:ss.SSSZZ
11-19 18:51:47.201 W/TwcDateParser(13533): (TwcGeneral) Unparseable date: "2015-11-19T21:30:00+0530" (at offset 19) :DateFormatter used: yyyy-MM-dd'T'HH:mm:ss.SSSZZ
11-19 18:51:47.201 W/TwcDateParser(13533): (TwcGeneral) Unparseable date: "2015-12-03T12:28:06-0500" (at offset 19) :DateFormatter used: yyyy-MM-dd'T'HH:mm:ss.SSSZZ
11-19 18:51:47.201 W/TwcDateParser(13533): (TwcGeneral) Unparseable date: "2015-11-19T22:30:00+0530" (at offset 19) :DateFormatter used: yyyy-MM-dd'T'HH:mm:ss.SSSZZ
11-19 18:51:47.201 W/TwcDateParser(13533): (TwcGeneral) Unparseable date: "2015-11-19T23:30:00+0530" (at offset 19) :DateFormatter used: yyyy-MM-dd'T'HH:mm:ss.SSSZZ
11-19 18:51:47.201 W/TwcDateParser(13533): (TwcGeneral) Unparseable date: "2015-11-20T00:30:00+0530" (at offset 19) :DateFormatter used: yyyy-MM-dd'T'HH:mm:ss.SSSZZ
11-19 18:51:47.201 W/TwcDateParser(13533): (TwcGeneral) Unparseable date: "2015-10-30T20:00:00-0400" (at offset 19) :DateFormatter used: yyyy-MM-dd'T'HH:mm:ss.SSSZZ
11-19 18:51:47.201 W/TwcDateParser(13533): (TwcGeneral) Unparseable date: "2015-11-20T01:30:00+0530" (at offset 19) :DateFormatter used: yyyy-MM-dd'T'HH:mm:ss.SSSZZ
11-19 18:51:47.201 D/MediaScanner( 3956): scanSingleFile : 7klwibgf7fvntblfd7(7Uwlrercblrwuk7Vz Kfmfif Ofblpfi5vh+
11-19 18:51:47.201 W/TwcDateParser(13533): (TwcGeneral) Unparseable date: "2015-11-20T02:30:00+0530" (at offset 19) :DateFormatter used: yyyy-MM-dd'T'HH:mm:ss.SSSZZ
11-19 18:51:47.201 W/TwcDateParser(13533): (TwcGeneral) Unparseable date: "2015-11-19T09:00:00-0500" (at offset 19) :DateFormatter used: yyyy-MM-dd'T'HH:mm:ss.SSSZZ
11-19 18:51:47.201 W/TwcDateParser(13533): (TwcGeneral) Unparseable date: "2015-11-19T10:00:00-0500" (at offset 19) :DateFormatter used: yyyy-MM-dd'T'HH:mm:ss.SSSZZ
11-19 18:51:47.201 W/TwcDateParser(13533): (TwcGeneral) Unparseable date: "2015-11-20T03:30:00+0530" (at offset 19) :DateFormatter used: yyyy-MM-dd'T'HH:mm:ss.SSSZZ
11-19 18:51:47.201 W/TwcDateParser(13533): (TwcGeneral) Unparseable date: "2015-11-19T11:00:00-0500" (at offset 19) :DateFormatter used: yyyy-MM-dd'T'HH:mm:ss.SSSZZ
11-19 18:51:47.201 W/TwcDateParser(13533): (TwcGeneral) Unparseable date: "2015-11-20T04:30:00+0530" (at offset 19) :DateFormatter used: yyyy-MM-dd'T'HH:mm:ss.SSSZZ
11-19 18:51:47.201 W/TwcDateParser(13533): (TwcGeneral) Unparseable date: "2015-11-19T12:00:00-0500" (at offset 19) :DateFormatter used: yyyy-MM-dd'T'HH:mm:ss.SSSZZ
11-19 18:51:47.201 W/TwcDateParser(13533): (TwcGeneral) Unparseable date: "2015-11-20T05:30:00+0530" (at offset 19) :DateFormatter used: yyyy-MM-dd'T'HH:mm:ss.SSSZZ
11-19 18:51:47.201 W/TwcDateParser(13533): (TwcGeneral) Unparseable date: "2015-11-19T13:00:00-0500" (at offset 19) :DateFormatter used: yyyy-MM-dd'T'HH:mm:ss.SSSZZ
11-19 18:51:47.201 W/TwcDateParser(13533): (TwcGeneral) Unparseable date: "2015-11-20T06:30:00+0530" (at offset 19) :DateFormatter used: yyyy-MM-dd'T'HH:mm:ss.SSSZZ
11-19 18:51:47.201 W/TwcDateParser(13533): (TwcGeneral) Unparseable date: "2015-11-19T14:00:00-0500" (at offset 19) :DateFormatter used: yyyy-MM-dd'T'HH:mm:ss.SSSZZ
11-19 18:51:47.201 W/TwcDateParser(13533): (TwcGeneral) Unparseable date: "2015-11-20T07:30:00+0530" (at offset 19) :DateFormatter used: yyyy-MM-dd'T'HH:mm:ss.SSSZZ
11-19 18:51:47.201 W/TwcDateParser(13533): (TwcGeneral) Unparseable date: "2015-11-19T15:00:00-0500" (at offset 19) :DateFormatter used: yyyy-MM-dd'T'HH:mm:ss.SSSZZ
11-19 18:51:47.201 W/TwcDateParser(13533): (TwcGeneral) Unparseable date: "2015-11-20T08:30:00+0530" (at offset 19) :DateFormatter used: yyyy-MM-dd'T'HH:mm:ss.SSSZZ
11-19 18:51:47.201 W/TwcDateParser(13533): (TwcGeneral) Unparseable date: "2015-11-19T16:00:00-0500" (at offset 19) :DateFormatter used: yyyy-MM-dd'T'HH:mm:ss.SSSZZ
11-19 18:51:47.201 W/TwcDateParser(13533): (TwcGeneral) Unparseable date: "2015-11-19T17:00:00-0500" (at offset 19) :DateFormatter used: yyyy-MM-dd'T'HH:mm:ss.SSSZZ
11-19 18:51:47.201 W/TwcDateParser(13533): (TwcGeneral) Unparseable date: "2015-11-19T18:00:00-0500" (at offset 19) :DateFormatter used: yyyy-MM-dd'T'HH:mm:ss.SSSZZ
11-19 18:51:47.201 W/TwcDateParser(13533): (TwcGeneral) Unparseable date: "2015-11-20T09:30:00+0530" (at offset 19) :DateFormatter used: yyyy-MM-dd'T'HH:mm:ss.SSSZZ
11-19 18:51:47.201 W/TwcDateParser(13533): (TwcGeneral) Unparseable date: "2015-11-19T19:00:00-0500" (at offset 19) :DateFormatter used: yyyy-MM-dd'T'HH:mm:ss.SSSZZ
11-19 18:51:47.201 W/TwcDateParser(13533): (TwcGeneral) Unparseable date: "2015-11-20T10:30:00+0530" (at offset 19) :DateFormatter used: yyyy-MM-dd'T'HH:mm:ss.SSSZZ
11-19 18:51:47.201 W/TwcDateParser(13533): (TwcGeneral) Unparseable date: "2015-11-19T20:00:00-0500" (at offset 19) :DateFormatter used: yyyy-MM-dd'T'HH:mm:ss.SSSZZ
11-19 18:51:47.201 W/TwcDateParser(13533): (TwcGeneral) Unparseable date: "2015-11-20T11:30:00+0530" (at offset 19) :DateFormatter used: yyyy-MM-dd'T'HH:mm:ss.SSSZZ
11-19 18:51:47.201 W/TwcDateParser(13533): (TwcGeneral) Unparseable date: "2015-11-19T21:00:00-0500" (at offset 19) :DateFormatter used: yyyy-MM-dd'T'HH:mm:ss.SSSZZ
11-19 18:51:47.201 W/TwcDateParser(13533): (TwcGeneral) Unparseable date: "2015-11-20T12:30:00+0530" (at offset 19) :DateFormatter used: yyyy-MM-dd'T'HH:mm:ss.SSSZZ
11-19 18:51:47.201 W/TwcDateParser(13533): (TwcGeneral) Unparseable date: "2015-11-20T13:30:00+0530" (at offset 19) :DateFormatter used: yyyy-MM-dd'T'HH:mm:ss.SSSZZ
11-19 18:51:47.201 W/TwcDateParser(13533): (TwcGeneral) Unparseable date: "2015-11-19T22:00:00-0500" (at offset 19) :DateFormatter used: yyyy-MM-dd'T'HH:mm:ss.SSSZZ
11-19 18:51:47.201 W/TwcDateParser(13533): (TwcGeneral) Unparseable date: "2015-11-19T23:00:00-0500" (at offset 19) :DateFormatter used: yyyy-MM-dd'T'HH:mm:ss.SSSZZ
11-19 18:51:47.201 W/TwcDateParser(13533): (TwcGeneral) Unparseable date: "2015-11-20T14:30:00+0530" (at offset 19) :DateFormatter used: yyyy-MM-dd'T'HH:mm:ss.SSSZZ
11-19 18:51:47.201 W/TwcDateParser(13533): (TwcGeneral) Unparseable date: "2015-11-20T00:00:00-0500" (at offset 19) :DateFormatter used: yyyy-MM-dd'T'HH:mm:ss.SSSZZ
11-19 18:51:47.201 W/TwcDateParser(13533): (TwcGeneral) Unparseable date: "2015-11-20T15:30:00+0530" (at offset 19) :DateFormatter used: yyyy-MM-dd'T'HH:mm:ss.SSSZZ
11-19 18:51:47.201 W/TwcDateParser(13533): (TwcGeneral) Unparseable date: "2015-11-20T01:00:00-0500" (at offset 19) :DateFormatter used: yyyy-MM-dd'T'HH:mm:ss.SSSZZ
11-19 18:51:47.201 W/TwcDateParser(13533): (TwcGeneral) Unparseable date: "2015-11-20T16:30:00+0530" (at offset 19) :DateFormatter used: yyyy-MM-dd'T'HH:mm:ss.SSSZZ
11-19 18:51:47.201 W/TwcDateParser(13533): (TwcGeneral) Unparseable date: "2015-11-20T17:30:00+0530" (at offset 19) :DateFormatter used: yyyy-MM-dd'T'HH:mm:ss.SSSZZ
11-19 18:51:47.201 W/TwcDateParser(13533): (TwcGeneral) Unparseable date: "2015-11-20T02:00:00-0500" (at offset 19) :DateFormatter used: yyyy-MM-dd'T'HH:mm:ss.SSSZZ
11-19 18:51:47.201 W/TwcDateParser(13533): (TwcGeneral) Unparseable date: "2015-11-20T03:00:00-0500" (at offset 19) :DateFormatter used: yyyy-MM-dd'T'HH:mm:ss.SSSZZ
11-19 18:51:47.201 W/TwcDateParser(13533): (TwcGeneral) Unparseable date: "2015-11-20T18:30:00+0530" (at offset 19) :DateFormatter used: yyyy-MM-dd'T'HH:mm:ss.SSSZZ
11-19 18:51:47.201 W/TwcDateParser(13533): (TwcGeneral) Unparseable date: "2015-11-20T04:00:00-0500" (at offset 19) :DateFormatter used: yyyy-MM-dd'T'HH:mm:ss.SSSZZ
11-19 18:51:47.201 W/TwcDateParser(13533): (TwcGeneral) Unparseable date: "2015-11-20T19:30:00+0530" (at offset 19) :DateFormatter used: yyyy-MM-dd'T'HH:mm:ss.SSSZZ
11-19 18:51:47.201 W/TwcDateParser(13533): (TwcGeneral) Unparseable date: "2015-11-20T20:30:00+0530" (at offset 19) :DateFormatter used: yyyy-MM-dd'T'HH:mm:ss.SSSZZ
11-19 18:51:47.201 W/TwcDateParser(13533): (TwcGeneral) Unparseable date: "2015-11-20T05:00:00-0500" (at offset 19) :DateFormatter used: yyyy-MM-dd'T'HH:mm:ss.SSSZZ
11-19 18:51:47.201 W/TwcDateParser(13533): (TwcGeneral) Unparseable date: "2015-11-20T06:00:00-0500" (at offset 19) :DateFormatter used: yyyy-MM-dd'T'HH:mm:ss.SSSZZ
11-19 18:51:47.201 W/TwcDateParser(13533): (TwcGeneral) Unparseable date: "2015-11-20T21:30:00+0530" (at offset 19) :DateFormatter used: yyyy-MM-dd'T'HH:mm:ss.SSSZZ
11-19 18:51:47.201 W/TwcDateParser(13533): (TwcGeneral) Unparseable date: "2015-11-20T07:00:00-0500" (at offset 19) :DateFormatter used: yyyy-MM-dd'T'HH:mm:ss.SSSZZ
11-19 18:51:47.201 W/TwcDateParser(13533): (TwcGeneral) Unparseable date: "2015-11-20T22:30:00+0530" (at offset 19) :DateFormatter used: yyyy-MM-dd'T'HH:mm:ss.SSSZZ
11-19 18:51:47.201 W/TwcDateParser(13533): (TwcGeneral) Unparseable date: "2015-11-20T23:30:00+0530" (at offset 19) :DateFormatter used: yyyy-MM-dd'T'HH:mm:ss.SSSZZ
11-19 18:51:47.201 W/TwcDateParser(13533): (TwcGeneral) Unparseable date: "2015-11-20T08:00:00-0500" (at offset 19) :DateFormatter used: yyyy-MM-dd'T'HH:mm:ss.SSSZZ
11-19 18:51:47.201 W/TwcDateParser(13533): (TwcGeneral) Unparseable date: "2015-11-21T00:30:00+0530" (at offset 19) :DateFormatter used: yyyy-MM-dd'T'HH:mm:ss.SSSZZ
11-19 18:51:47.201 W/TwcDateParser(13533): (TwcGeneral) Unparseable date: "2015-11-20T09:00:00-0500" (at offset 19) :DateFormatter used: yyyy-MM-dd'T'HH:mm:ss.SSSZZ
11-19 18:51:47.201 W/TwcDateParser(13533): (TwcGeneral) Unparseable date: "2015-11-21T01:30:00+0530" (at offset 19) :DateFormatter used: yyyy-MM-dd'T'HH:mm:ss.SSSZZ
11-19 18:51:47.201 W/TwcDateParser(13533): (TwcGeneral) Unparseable date: "2015-11-20T10:00:00-0500" (at offset 19) :DateFormatter used: yyyy-MM-dd'T'HH:mm:ss.SSSZZ
11-19 18:51:47.201 W/TwcDateParser(13533): (TwcGeneral) Unparseable date: "2015-11-21T02:30:00+0530" (at offset 19) :DateFormatter used: yyyy-MM-dd'T'HH:mm:ss.SSSZZ
11-19 18:51:47.211 W/TwcDateParser(13533): (TwcGeneral) Unparseable date: "2015-11-21T03:30:00+0530" (at offset 19) :DateFormatter used: yyyy-MM-dd'T'HH:mm:ss.SSSZZ
11-19 18:51:47.211 W/TwcDateParser(13533): (TwcGeneral) Unparseable date: "2015-11-20T11:00:00-0500" (at offset 19) :DateFormatter used: yyyy-MM-dd'T'HH:mm:ss.SSSZZ
11-19 18:51:47.211 W/TwcDateParser(13533): (TwcGeneral) Unparseable date: "2015-11-21T04:30:00+0530" (at offset 19) :DateFormatter used: yyyy-MM-dd'T'HH:mm:ss.SSSZZ
11-19 18:51:47.211 W/TwcDateParser(13533): (TwcGeneral) Unparseable date: "2015-11-20T12:00:00-0500" (at offset 19) :DateFormatter used: yyyy-MM-dd'T'HH:mm:ss.SSSZZ
11-19 18:51:47.211 W/TwcDateParser(13533): (TwcGeneral) Unparseable date: "2015-11-20T13:00:00-0500" (at offset 19) :DateFormatter used: yyyy-MM-dd'T'HH:mm:ss.SSSZZ
11-19 18:51:47.211 W/TwcDateParser(13533): (TwcGeneral) Unparseable date: "2015-11-21T05:30:00+0530" (at offset 19) :DateFormatter used: yyyy-MM-dd'T'HH:mm:ss.SSSZZ
11-19 18:51:47.211 W/TwcDateParser(13533): (TwcGeneral) Unparseable date: "2015-11-20T14:00:00-0500" (at offset 19) :DateFormatter used: yyyy-MM-dd'T'HH:mm:ss.SSSZZ
11-19 18:51:47.211 W/TwcDateParser(13533): (TwcGeneral) Unparseable date: "2015-11-21T06:30:00+0530" (at offset 19) :DateFormatter used: yyyy-MM-dd'T'HH:mm:ss.SSSZZ
11-19 18:51:47.211 W/TwcDateParser(13533): (TwcGeneral) Unparseable date: "2015-11-20T15:00:00-0500" (at offset 19) :DateFormatter used: yyyy-MM-dd'T'HH:mm:ss.SSSZZ
11-19 18:51:47.211 W/TwcDateParser(13533): (TwcGeneral) Unparseable date: "2015-11-21T07:30:00+0530" (at offset 19) :DateFormatter used: yyyy-MM-dd'T'HH:mm:ss.SSSZZ
11-19 18:51:47.211 W/TwcDateParser(13533): (TwcGeneral) Unparseable date: "2015-11-21T08:30:00+0530" (at offset 19) :DateFormatter used: yyyy-MM-dd'T'HH:mm:ss.SSSZZ
11-19 18:51:47.211 W/TwcDateParser(13533): (TwcGeneral) Unparseable date: "2015-11-20T16:00:00-0500" (at offset 19) :DateFormatter used: yyyy-MM-dd'T'HH:mm:ss.SSSZZ
11-19 18:51:47.211 W/TwcDateParser(13533): (TwcGeneral) Unparseable date: "2015-11-20T17:00:00-0500" (at offset 19) :DateFormatter used: yyyy-MM-dd'T'HH:mm:ss.SSSZZ
11-19 18:51:47.211 W/TwcDateParser(13533): (TwcGeneral) Unparseable date: "2015-11-21T09:30:00+0530" (at offset 19) :DateFormatter used: yyyy-MM-dd'T'HH:mm:ss.SSSZZ
11-19 18:51:47.211 W/TwcDateParser(13533): (TwcGeneral) Unparseable date: "2015-11-21T10:30:00+0530" (at offset 19) :DateFormatter used: yyyy-MM-dd'T'HH:mm:ss.SSSZZ
11-19 18:51:47.211 W/TwcDateParser(13533): (TwcGeneral) Unparseable date: "2015-11-20T18:00:00-0500" (at offset 19) :DateFormatter used: yyyy-MM-dd'T'HH:mm:ss.SSSZZ
11-19 18:51:47.211 W/TwcDateParser(13533): (TwcGeneral) Unparseable date: "2015-11-21T11:30:00+0530" (at offset 19) :DateFormatter used: yyyy-MM-dd'T'HH:mm:ss.SSSZZ
11-19 18:51:47.211 W/TwcDateParser(13533): (TwcGeneral) Unparseable date: "2015-11-20T19:00:00-0500" (at offset 19) :DateFormatter used: yyyy-MM-dd'T'HH:mm:ss.SSSZZ
11-19 18:51:47.211 W/TwcDateParser(13533): (TwcGeneral) Unparseable date: "2015-11-21T12:30:00+0530" (at offset 19) :DateFormatter used: yyyy-MM-dd'T'HH:mm:ss.SSSZZ
11-19 18:51:47.211 W/TwcDateParser(13533): (TwcGeneral) Unparseable date: "2015-11-20T20:00:00-0500" (at offset 19) :DateFormatter used: yyyy-MM-dd'T'HH:mm:ss.SSSZZ
11-19 18:51:47.211 W/TwcDateParser(13533): (TwcGeneral) Unparseable date: "2015-11-21T13:30:00+0530" (at offset 19) :DateFormatter used: yyyy-MM-dd'T'HH:mm:ss.SSSZZ
11-19 18:51:47.211 W/TwcDateParser(13533): (TwcGeneral) Unparseable date: "2015-11-21T14:30:00+0530" (at offset 19) :DateFormatter used: yyyy-MM-dd'T'HH:mm:ss.SSSZZ
11-19 18:51:47.211 W/TwcDateParser(13533): (TwcGeneral) Unparseable date: "2015-11-20T21:00:00-0500" (at offset 19) :DateFormatter used: yyyy-MM-dd'T'HH:mm:ss.SSSZZ
11-19 18:51:47.211 W/TwcDateParser(13533): (TwcGeneral) Unparseable date: "2015-11-21T15:30:00+0530" (at offset 19) :DateFormatter used: yyyy-MM-dd'T'HH:mm:ss.SSSZZ
11-19 18:51:47.211 W/TwcDateParser(13533): (TwcGeneral) Unparseable date: "2015-11-20T22:00:00-0500" (at offset 19) :DateFormatter used: yyyy-MM-dd'T'HH:mm:ss.SSSZZ
11-19 18:51:47.211 W/TwcDateParser(13533): (TwcGeneral) Unparseable date: "2015-11-20T23:00:00-0500" (at offset 19) :DateFormatter used: yyyy-MM-dd'T'HH:mm:ss.SSSZZ
11-19 18:51:47.211 W/TwcDateParser(13533): (TwcGeneral) Unparseable date: "2015-11-21T16:30:00+0530" (at offset 19) :DateFormatter used: yyyy-MM-dd'T'HH:mm:ss.SSSZZ
11-19 18:51:47.211 E/QueryController(13506): Got null root node from accessibility - Retrying...
11-19 18:51:47.211 W/TwcDateParser(13533): (TwcGeneral) Unparseable date: "2015-11-21T17:30:00+0530" (at offset 19) :DateFormatter used: yyyy-MM-dd'T'HH:mm:ss.SSSZZ
11-19 18:51:47.211 W/TwcDateParser(13533): (TwcGeneral) Unparseable date: "2015-11-21T00:00:00-0500" (at offset 19) :DateFormatter used: yyyy-MM-dd'T'HH:mm:ss.SSSZZ
11-19 18:51:47.211 W/TwcDateParser(13533): (TwcGeneral) Unparseable date: "2015-11-21T01:00:00-0500" (at offset 19) :DateFormatter used: yyyy-MM-dd'T'HH:mm:ss.SSSZZ
11-19 18:51:47.211 W/TwcDateParser(13533): (TwcGeneral) Unparseable date: "2015-11-21T18:30:00+0530" (at offset 19) :DateFormatter used: yyyy-MM-dd'T'HH:mm:ss.SSSZZ
11-19 18:51:47.211 W/TwcDateParser(13533): (TwcGeneral) Unparseable date: "2015-11-21T02:00:00-0500" (at offset 19) :DateFormatter used: yyyy-MM-dd'T'HH:mm:ss.SSSZZ
11-19 18:51:47.211 W/TwcDateParser(13533): (TwcGeneral) Unparseable date: "2015-11-21T03:00:00-0500" (at offset 19) :DateFormatter used: yyyy-MM-dd'T'HH:mm:ss.SSSZZ
11-19 18:51:47.211 W/TwcDateParser(13533): (TwcGeneral) Unparseable date: "2015-11-19T18:30:00+0530" (at offset 19) :DateFormatter used: yyyy-MM-dd'T'HH:mm:ss.SSSZZ
11-19 18:51:47.211 W/TwcDateParser(13533): (TwcGeneral) Unparseable date: "2015-11-21T04:00:00-0500" (at offset 19) :DateFormatter used: yyyy-MM-dd'T'HH:mm:ss.SSSZZ
11-19 18:51:47.211 D/MediaScanner( 3956): Prescan. DB items number : 184 DB_FILES_NUMBER_CACHING_LIMITATION : 7000  Caching mode : true
