11-26 21:16:31.444 D/ExynosCameraMCPipe( 2976): [CAM_ID(0)][PIPE_3AA_REPROCESSING]-DEBUG(m_preCreate[1214]):Node(112) opened
11-26 21:16:31.444 D/ExynosCameraMCPipe( 2976): DEBUG(setWaitTime):m_waitTime : 500000000
11-26 21:16:31.444 D/ExynosCameraMCPipe( 2976): DEBUG(setWaitTime):m_waitTime : 500000000
11-26 21:16:31.444 I/ExynosCameraMCPipe( 2976): [CAM_ID(0)][PIPE_3AA_REPROCESSING]-INFO(m_preCreate[1257]):m_preCreate() is succeed, Pipe(201), prepare(0)
11-26 21:16:31.444 D/ExynosCameraMCPipe( 2976): [CAM_ID(0)][PIPE_3AA_REPROCESSING]-DEBUG(m_postCreate[1264])
11-26 21:16:31.444 I/ExynosCameraMCPipe( 2976): [CAM_ID(0)][PIPE_3AA_REPROCESSING]-INFO(m_postCreate[1288]):m_postCreate() is succeed, Pipe(201)
11-26 21:16:31.444 D/ExynosCameraFrameReprocessingFactory( 2976): [CAM_ID(0)][FrameFactoryReprocessing]-DEBUG(create):Pipe(1) created
11-26 21:16:31.444 D/ExynosCameraPipe3AC( 2976): [CAM_ID(0)][PIPE_3AC_REPROCESSING]-[create(33)]
11-26 21:16:31.444 D/ExynosCameraNode( 2976): [CAM_ID(0)][3AC]-DEBUG(create[158]): Create
11-26 21:16:31.444 D/ExynosCameraNode( 2976): [CAM_ID(0)][3AC]-DEBUG(open[223]): open
11-26 21:16:31.444 D/ExynosCameraNode( 2976): [CAM_ID(0)][3AC]-DEBUG(open[248]): Node(111)(/dev/video111) opened. m_fd(133)
11-26 21:16:31.444 D/ExynosCameraPipe3AC( 2976): [CAM_ID(0)][PIPE_3AC_REPROCESSING]-DEBUG(create):Node(111) opened
11-26 21:16:31.444 I/ExynosCameraPipe3AC( 2976): [CAM_ID(0)][PIPE_3AC_REPROCESSING]-INFO(create[76]):create() is succeed (202) prepare (0)
11-26 21:16:31.444 D/ExynosCameraFrameReprocessingFactory( 2976): [CAM_ID(0)][FrameFactoryReprocessing]-DEBUG(create):Pipe(2) created
11-26 21:16:31.444 I/ExynosCameraPipeGSC( 2976): [CAM_ID(0)][PIPE_GSC_REPROCESSING]-INFO(create[47]):create() is succeed (209)
11-26 21:16:31.444 D/ExynosCameraFrameReprocessingFactory( 2976): [CAM_ID(0)][FrameFactoryReprocessing]-DEBUG(create):Pipe(9) created
11-26 21:16:31.444 I/ExynosCameraPipeGSC( 2976): [CAM_ID(0)][PIPE_GSC_REPROCESSING2]-INFO(create[47]):create() is succeed (210)
11-26 21:16:31.444 D/ExynosCameraFrameReprocessingFactory( 2976): [CAM_ID(0)][FrameFactoryReprocessing]-DEBUG(create):Pipe(10) created
11-26 21:16:31.444 I/ExynosCameraPipeGSC( 2976): [CAM_ID(0)][PIPE_GSC_REPROCESSING3]-INFO(create[47]):create() is succeed (211)
11-26 21:16:31.444 D/ExynosCameraFrameReprocessingFactory( 2976): [CAM_ID(0)][FrameFactoryReprocessing]-DEBUG(create):Pipe(11) created
11-26 21:16:31.444 I/ExynosCameraPipeJpeg( 2976): [CAM_ID(0)][PIPE_JPEG_REPROCESSING]-INFO(create[40]):create() is succeed (212)
11-26 21:16:31.444 D/ExynosCameraMCPipe( 2976): [CAM_ID(0)][PIPE_3AA_REPROCESSING]-DEBUG(setControl[430])
11-26 21:16:31.444 I/ExynosCameraMCPipe( 2976): [CAM_ID(0)][PIPE_3AA_REPROCESSING]-INFO(setControl[441]):setControl() is succeed, Pipe(201)
11-26 21:16:31.444 D/ExynosCameraFrameFactory( 2976): [CAM_ID(0)][FrameFactoryReprocessing]-DEBUG(m_setCreate[104]) setCreate old(false) new(true)
11-26 21:16:31.444 D/ExynosCameraFrameReprocessingFactory( 2976): [CAM_ID(0)][FrameFactoryReprocessing]-DEBUG(create):Pipe(12) created
11-26 21:16:31.444 D/ExynosCamera( 2976): [CAM_ID(0)][]-DEBUG(m_startPictureInternal[5834]):FrameFactory(pictureFrameFactory) created
11-26 21:16:31.444 D/ExynosCameraMCPipe( 2976): [CAM_ID(0)][PIPE_3AA_REPROCESSING]-DEBUG(setBufferManager[998])
11-26 21:16:31.444 D/ExynosCameraMCPipe( 2976): [CAM_ID(0)][PIPE_ISP_REPROCESSING]-DEBUG(setBufferManager[998])
11-26 21:16:31.444 I/ExynosCameraFrameReprocessingFactory( 2976): [CAM_ID(0)][FrameFactoryReprocessing]-INFO(initPipes[393])
11-26 21:16:31.444 I/ExynosCameraFrameReprocessingFactory( 2976): [CAM_ID(0)][FrameFactoryReprocessing]-INFO(initPipes[431]): MaxPreviewSize(3840x2160), HwPreviewSize(1920x1080)
11-26 21:16:31.444 I/ExynosCameraFrameReprocessingFactory( 2976): [CAM_ID(0)][FrameFactoryReprocessing]-INFO(initPipes[432]): MaxPixtureSize(5312x2988), HwPixtureSize(5312x2988)
11-26 21:16:31.444 D/ExynosCameraMCPipe( 2976): [CAM_ID(0)][PIPE_3AA_REPROCESSING]-DEBUG(setPipeId[961]):nodeType(0), id(201)
11-26 21:16:31.444 I/DBG_FMMDS( 7513): [50.18.150615][Line:63][onCreate] onCreate Db Initialized
11-26 21:16:31.444 D/ExynosCameraMCPipe( 2976): [CAM_ID(0)][PIPE_3AA_REPROCESSING]-DEBUG(setPipeId[961]):nodeType(1), id(203)
11-26 21:16:31.444 D/ExynosCameraMCPipe( 2976): [CAM_ID(0)][PIPE_3AA_REPROCESSING]-DEBUG(setPipeId[961]):nodeType(2), id(-1)
11-26 21:16:31.444 D/ExynosCameraMCPipe( 2976): [CAM_ID(0)][PIPE_3AA_REPROCESSING]-DEBUG(setPipeId[961]):nodeType(3), id(-1)
11-26 21:16:31.444 D/ExynosCameraMCPipe( 2976): [CAM_ID(0)][PIPE_3AA_REPROCESSING]-DEBUG(setPipeId[961]):nodeType(4), id(-1)
11-26 21:16:31.444 D/ExynosCameraMCPipe( 2976): [CAM_ID(0)][PIPE_3AA_REPROCESSING]-DEBUG(setPipeId[961]):nodeType(5), id(-1)
11-26 21:16:31.444 D/ExynosCameraMCPipe( 2976): [CAM_ID(0)][PIPE_3AA_REPROCESSING]-DEBUG(setPipeId[961]):nodeType(6), id(-1)
11-26 21:16:31.444 D/ExynosCameraMCPipe( 2976): [CAM_ID(0)][PIPE_3AA_REPROCESSING]-DEBUG(setPipeId[961]):nodeType(7), id(-1)
11-26 21:16:31.444 D/ExynosCameraMCPipe( 2976): [CAM_ID(0)][PIPE_3AA_REPROCESSING]-DEBUG(setPipeId[961]):nodeType(8), id(-1)
11-26 21:16:31.444 D/ExynosCameraMCPipe( 2976): [CAM_ID(0)][PIPE_3AA_REPROCESSING]-DEBUG(setPipeId[961]):nodeType(9), id(-1)
11-26 21:16:31.444 D/ExynosCameraMCPipe( 2976): [CAM_ID(0)][PIPE_3AA_REPROCESSING]-DEBUG(setPipeId[961]):nodeType(10), id(-1)
11-26 21:16:31.444 D/ExynosCameraMCPipe( 2976): [CAM_ID(0)][PIPE_3AA_REPROCESSING]-DEBUG(setPipeId[961]):nodeType(11), id(-1)
11-26 21:16:31.444 D/ExynosCameraMCPipe( 2976): [CAM_ID(0)][PIPE_3AA_REPROCESSING]-DEBUG(setPipeId[961]):nodeType(12), id(-1)
11-26 21:16:31.444 D/ExynosCameraMCPipe( 2976): [CAM_ID(0)][PIPE_3AA_REPROCESSING]-DEBUG(setPipeId[961]):nodeType(13), id(-1)
11-26 21:16:31.444 D/ExynosCameraMCPipe( 2976): [CAM_ID(0)][PIPE_3AA_REPROCESSING]-DEBUG(setPipeId[961]):nodeType(14), id(-1)
11-26 21:16:31.444 D/ExynosCameraMCPipe( 2976): [CAM_ID(0)][PIPE_3AA_REPROCESSING]-DEBUG(setPipeId[961]):nodeType(15), id(-1)
11-26 21:16:31.444 D/ExynosCameraMCPipe( 2976): [CAM_ID(0)][PIPE_3AA_REPROCESSING]-DEBUG(setupPipe[153])
11-26 21:16:31.444 D/ExynosCameraMCPipe( 2976): [CAM_ID(0)][PIPE_3AA_REPROCESSING]-DEBUG(setupPipe[163]):set new sensorIds
11-26 21:16:31.444 D/ExynosCameraMCPipe( 2976): [CAM_ID(0)][PIPE_3AA_REPROCESSING]-DEBUG(m_setInput[2337]): setInput(sensorIds : 17432576) [src nodeNum : 100][nodeNums : 110][otf : 0][leader : 0][reprocessing : 1][unique sensorId : 10]
11-26 21:16:31.444 D/ExynosCameraMCPipe( 2976): [CAM_ID(0)][PIPE_3AA_REPROCESSING]-DEBUG(m_setInput[2337]): setInput(sensorIds : 17435152) [src nodeNum : 110][nodeNums : 112][otf : 1][leader : 0][reprocessing : 1][unique sensorId : 10]
11-26 21:16:31.444 D/ExynosCameraMCPipe( 2976): [CAM_ID(0)][PIPE_3AA_REPROCESSING]-DEBUG(m_setPipeInfo[2358])
11-26 21:16:31.444 D/ExynosCameraMCPipe( 2976): [CAM_ID(0)][PIPE_3AA_REPROCESSING]-DEBUG(m_setSetfile[2613])
11-26 21:16:31.444 D/ExynosCameraMCPipe( 2976): [CAM_ID(0)][PIPE_3AA_REPROCESSING]-DEBUG(m_setSetfile[2613])
11-26 21:16:31.444 I/ExynosCameraMCPipe( 2976): [CAM_ID(0)][PIPE_3AA_REPROCESSING]-INFO(setupPipe[224]):setupPipe() is succeed, Pipe(201), prepare(0)
11-26 21:16:31.444 D/ExynosCameraMCPipe( 2976): [CAM_ID(0)][PIPE_ISP_REPROCESSING]-DEBUG(setPipeId[961]):nodeType(0), id(204)
11-26 21:16:31.444 D/ExynosCameraMCPipe( 2976): [CAM_ID(0)][PIPE_ISP_REPROCESSING]-DEBUG(setPipeId[961]):nodeType(1), id(205)
11-26 21:16:31.444 D/ExynosCameraMCPipe( 2976): [CAM_ID(0)][PIPE_ISP_REPROCESSING]-DEBUG(setPipeId[961]):nodeType(2), id(-1)
11-26 21:16:31.444 D/ExynosCameraMCPipe( 2976): [CAM_ID(0)][PIPE_ISP_REPROCESSING]-DEBUG(setPipeId[961]):nodeType(3), id(-1)
11-26 21:16:31.444 D/ExynosCameraMCPipe( 2976): [CAM_ID(0)][PIPE_ISP_REPROCESSING]-DEBUG(setPipeId[961]):nodeType(4), id(-1)
11-26 21:16:31.444 D/ExynosCameraMCPipe( 2976): [CAM_ID(0)][PIPE_ISP_REPROCESSING]-DEBUG(setPipeId[961]):nodeType(5), id(-1)
11-26 21:16:31.444 D/ExynosCameraMCPipe( 2976): [CAM_ID(0)][PIPE_ISP_REPROCESSING]-DEBUG(setPipeId[961]):nodeType(6), id(-1)
11-26 21:16:31.444 D/ExynosCameraMCPipe( 2976): [CAM_ID(0)][PIPE_ISP_REPROCESSING]-DEBUG(setPipeId[961]):nodeType(7), id(-1)
11-26 21:16:31.444 D/ExynosCameraMCPipe( 2976): [CAM_ID(0)][PIPE_ISP_REPROCESSING]-DEBUG(setPipeId[961]):nodeType(8), id(-1)
11-26 21:16:31.444 D/ExynosCameraMCPipe( 2976): [CAM_ID(0)][PIPE_ISP_REPROCESSING]-DEBUG(setPipeId[961]):nodeType(9), id(-1)
11-26 21:16:31.444 D/ExynosCameraMCPipe( 2976): [CAM_ID(0)][PIPE_ISP_REPROCESSING]-DEBUG(setPipeId[961]):nodeType(10), id(-1)
11-26 21:16:31.444 D/ExynosCameraMCPipe( 2976): [CAM_ID(0)][PIPE_ISP_REPROCESSING]-DEBUG(setPipeId[961]):nodeType(11), id(-1)
11-26 21:16:31.444 D/ExynosCameraMCPipe( 2976): [CAM_ID(0)][PIPE_ISP_REPROCESSING]-DEBUG(setPipeId[961]):nodeType(12), id(-1)
11-26 21:16:31.444 D/ExynosCameraMCPipe( 2976): [CAM_ID(0)][PIPE_ISP_REPROCESSING]-DEBUG(setPipeId[961]):nodeType(13), id(-1)
11-26 21:16:31.444 D/ExynosCameraMCPipe( 2976): [CAM_ID(0)][PIPE_ISP_REPROCESSING]-DEBUG(setPipeId[961]):nodeType(14), id(-1)
11-26 21:16:31.444 D/ExynosCameraMCPipe( 2976): [CAM_ID(0)][PIPE_ISP_REPROCESSING]-DEBUG(setPipeId[961]):nodeType(15), id(-1)
11-26 21:16:31.444 D/ExynosCameraMCPipe( 2976): [CAM_ID(0)][PIPE_ISP_REPROCESSING]-DEBUG(setupPipe[153])
11-26 21:16:31.444 D/ExynosCameraMCPipe( 2976): [CAM_ID(0)][PIPE_ISP_REPROCESSING]-DEBUG(setupPipe[163]):set new sensorIds
11-26 21:16:31.444 D/ExynosCameraMCPipe( 2976): [CAM_ID(0)][PIPE_ISP_REPROCESSING]-DEBUG(setupPipe[169]):set new ispSensorIds
11-26 21:16:31.444 D/ExynosCameraMCPipe( 2976): [CAM_ID(0)][PIPE_ISP_REPROCESSING]-DEBUG(m_setInput[2337]): setInput(sensorIds : 17435649) [src nodeNum : 112][nodeNums : 140][otf : 0][leader : 1][reprocessing : 1][unique sensorId : 10]
11-26 21:16:31.444 D/ExynosCameraBufferManager( 2976): [CAM_ID(0)][MAGIC_GSC_BUF]-DEBUG(m_defaultAlloc[957]):duration time(    3 msec):(type=0, bufIndex=0, size=3110400)
11-26 21:16:31.444 D/ExynosCameraBufferManager( 2976): [CAM_ID(0)][MAGIC_GSC_BUF]-DEBUG(m_defaultAlloc[977]):Duration time of buffer allocation(    3 msec)
11-26 21:16:31.444 D/ExynosCameraBufferManager( 2976): [CAM_ID(0)][MAGIC_GSC_BUF]-DEBUG(alloc[225]):Allocate the buffer succeeded (m_allocatedBufCount=1, m_reqBufCount=1, m_allowedMaxBufCount=4) --- dumpBufferInfo ---
11-26 21:16:31.444 I/ExynosCameraBufferManager( 2976): [CAM_ID(0)][MAGIC_GSC_BUF]-INFO(dumpBufferInfo[1244]):[m_buffer[0].fd[0]=134] .addr=0x0 .size=3110400 .position=0 .permission=1]
11-26 21:16:31.444 D/ExynosCameraBufferManager( 2976): [CAM_ID(0)][MAGIC_GSC_BUF]-DEBUG(printBufferQState[1205]):bufferIndex=0
11-26 21:16:31.444 D/ExynosCameraBufferManager( 2976): [CAM_ID(0)][MAGIC_GSC_BUF]-DEBUG(alloc[228]):------------------------------------------------------------------
11-26 21:16:31.444 D/ExynosCameraPipeJpeg( 2976): DEBUG:duration time(    3 msec):(alloc)
11-26 21:16:31.444 I/ExynosCamera( 2976): [CAM_ID(0)][]-INFO(m_allocBuffers[14847]):setInfo(planeCount=1, minBufCount=4, maxBufCount=4, type=0, allocMode=1)
11-26 21:16:31.444 D/ExynosCameraBufferManager( 2976): [CAM_ID(0)][THUMBNAIL_GSC_BUF]-DEBUG(m_defaultAlloc[957]):duration time(    1 msec):(type=0, bufIndex=0, size=786432)
11-26 21:16:31.444 D/ExynosCameraBufferManager( 2976): [CAM_ID(0)][THUMBNAIL_GSC_BUF]-DEBUG(m_defaultAlloc[957]):duration time(    1 msec):(type=0, bufIndex=1, size=786432)
11-26 21:16:31.454 D/ExynosCameraBufferManager( 2976): [CAM_ID(0)][THUMBNAIL_GSC_BUF]-DEBUG(m_defaultAlloc[957]):duration time(    0 msec):(type=0, bufIndex=2, size=786432)
11-26 21:16:31.454 D/ExynosCameraBufferManager( 2976): [CAM_ID(0)][THUMBNAIL_GSC_BUF]-DEBUG(m_defaultAlloc[957]):duration time(    1 msec):(type=0, bufIndex=3, size=786432)
11-26 21:16:31.454 D/ExynosCameraBufferManager( 2976): [CAM_ID(0)][THUMBNAIL_GSC_BUF]-DEBUG(m_defaultAlloc[977]):Duration time of buffer allocation(    3 msec)
11-26 21:16:31.454 D/ExynosCameraBufferManager( 2976): [CAM_ID(0)][THUMBNAIL_GSC_BUF]-DEBUG(alloc[225]):Allocate the buffer succeeded (m_allocatedBufCount=4, m_reqBufCount=4, m_allowedMaxBufCount=4) --- dumpBufferInfo ---
11-26 21:16:31.454 I/ExynosCameraBufferManager( 2976): [CAM_ID(0)][THUMBNAIL_GSC_BUF]-INFO(dumpBufferInfo[1244]):[m_buffer[0].fd[0]=135] .addr=0xe5db8000 .size=786432 .position=0 .permission=1]
11-26 21:16:31.454 I/ExynosCameraBufferManager( 2976): [CAM_ID(0)][THUMBNAIL_GSC_BUF]-INFO(dumpBufferInfo[1244]):[m_buffer[1].fd[0]=136] .addr=0xe5cf8000 .size=786432 .position=0 .permission=1]
11-26 21:16:31.454 I/ExynosCameraBufferManager( 2976): [CAM_ID(0)][THUMBNAIL_GSC_BUF]-INFO(dumpBufferInfo[1244]):[m_buffer[2].fd[0]=137] .addr=0xe5c38000 .size=786432 .position=0 .permission=1]
11-26 21:16:31.454 I/ExynosCameraBufferManager( 2976): [CAM_ID(0)][THUMBNAIL_GSC_BUF]-INFO(dumpBufferInfo[1244]):[m_buffer[3].fd[0]=138] .addr=0xe5b78000 .size=786432 .position=0 .permission=1]
11-26 21:16:31.454 D/ExynosCameraBufferManager( 2976): [CAM_ID(0)][THUMBNAIL_GSC_BUF]-DEBUG(printBufferQState[1205]):bufferIndex=0
11-26 21:16:31.454 D/ExynosCameraBufferManager( 2976): [CAM_ID(0)][THUMBNAIL_GSC_BUF]-DEBUG(printBufferQState[1205]):bufferIndex=1
11-26 21:16:31.454 D/ExynosCameraBufferManager( 2976): [CAM_ID(0)][THUMBNAIL_GSC_BUF]-DEBUG(printBufferQState[1205]):bufferIndex=2
11-26 21:16:31.454 D/ExynosCameraBufferManager( 2976): [CAM_ID(0)][THUMBNAIL_GSC_BUF]-DEBUG(printBufferQState[1205]):bufferIndex=3
11-26 21:16:31.454 D/ExynosCameraBufferManager( 2976): [CAM_ID(0)][THUMBNAIL_GSC_BUF]-DEBUG(alloc[228]):------------------------------------------------------------------
11-26 21:16:31.454 D/ExynosCameraPipeJpeg( 2976): DEBUG:duration time(    3 msec):(alloc)
11-26 21:16:31.454 D/ExynosCamera( 2976): [CAM_ID(0)][]-DEBUG(m_setPictureBuffer[14637]): jpegBuffer picture(5312x2988) size(31744512)
11-26 21:16:31.454 I/ExynosCameraBufferManager( 2976): INFO(setContigBufCount[304]):reservedMemoryCount(3)
11-26 21:16:31.454 I/ExynosCamera( 2976): [CAM_ID(0)][]-INFO(m_allocBuffers[14847]):setInfo(planeCount=1, minBufCount=4, maxBufCount=4, type=3, allocMode=1)
11-26 21:16:31.454 I/ExynosCameraBufferManager( 2976): [CAM_ID(0)][JPEG_BUF]-INFO(m_defaultAlloc[901]):bufIndex(0) < reservedMaxCount(3) , m_reservedMemoryCount(3), cached
11-26 21:16:31.454 D/ExynosCameraBufferManager( 2976): [CAM_ID(0)][JPEG_BUF]-DEBUG(m_defaultAlloc[957]):duration time(    0 msec):(type=3, bufIndex=0, size=31744512)
11-26 21:16:31.454 I/ExynosCameraBufferManager( 2976): [CAM_ID(0)][JPEG_BUF]-INFO(m_defaultAlloc[901]):bufIndex(1) < reservedMaxCount(3) , m_reservedMemoryCount(3), cached
11-26 21:16:31.454 D/ExynosCameraBufferManager( 2976): [CAM_ID(0)][JPEG_BUF]-DEBUG(m_defaultAlloc[957]):duration time(    0 msec):(type=3, bufIndex=1, size=31744512)
11-26 21:16:31.454 I/ExynosCameraBufferManager( 2976): [CAM_ID(0)][JPEG_BUF]-INFO(m_defaultAlloc[901]):bufIndex(2) < reservedMaxCount(3) , m_reservedMemoryCount(3), cached
11-26 21:16:31.454 D/ExynosCameraBufferManager( 2976): [CAM_ID(0)][JPEG_BUF]-DEBUG(m_defaultAlloc[957]):duration time(    0 msec):(type=3, bufIndex=2, size=31744512)
11-26 21:16:31.454 I/ExynosCameraBufferManager( 2976): [CAM_ID(0)][JPEG_BUF]-INFO(m_defaultAlloc[908]):bufIndex(3) >= reservedMaxCount(3) , m_reservedMemoryCount(3), cached. so, alloc ion memory instead of reserved memory
11-26 21:16:31.454 D/Sensors ( 3518): HrmSpO2Sensor (19) setDelay = 10000000
11-26 21:16:31.454 D/Sensors ( 3518): HrmSpO2Sensor handle:19 ,en:1
11-26 21:16:31.454 D/Sensors ( 3518): HrmSpO2Sensor enabled:2, en:1
11-26 21:16:31.454 I/InjectionManager( 7535): Inside getClassLibPath + mLibMap{0=, 1=}
11-26 21:16:31.454 E/Sensors ( 3518): HrmSpO2Sensor::alc enable : 0
11-26 21:16:31.464 D/Sensors ( 3518): HrmSpO2Sensor (19) setDelay = 10000000
11-26 21:16:31.464 D/SensorListener( 2976): sensor_listener_load is called!
11-26 21:16:31.464 D/SensorListener( 2976): sensorListenerLoad is called!
11-26 21:16:31.464 D/SensorListener( 2976): SensorListener is called!
11-26 21:16:31.464 D/SensorListener( 2976): numSensors=21
11-26 21:16:31.464 D/SensorListener( 2976): sensor_listener_enable_sensor is called!
11-26 21:16:31.464 D/SensorListener( 2976): enableSensor is called!(2)
11-26 21:16:31.464 D/SensorListener( 2976): startLoop is called!
11-26 21:16:31.464 D/SensorListener( 2976): SensorListenerThread is called!
11-26 21:16:31.464 I/DBG_FMMDS( 7513): [50.18.150615][Line:363][xdsGetAccount] UZnlD2ITkPmcCbh9srjpN/1auPpXZ1U0673eFrlr5G7ujCmOnoTUvn8Wy3q3+o8W
11-26 21:16:31.464 I/DBG_FMMDS( 7513): [50.18.150615][Line:279][xdsDefaultProfileCheckServerID] VG44Fy9kdMk+/k3D4uP4d3do/3rw5AoymvTy0wXAnzc=
11-26 21:16:31.464 W/AudioCapabilities( 7305): Unsupported mime audio/x-ms-wma
11-26 21:16:31.464 D/ExynosCamera( 2976): (m_checkEntranceLux[16745]): need skip frame for ae/awb stable(2663).
11-26 21:16:31.464 D/ExynosCamera( 2976): [CAM_ID(0)][]-INFO(m_handlePreviewFrame[7697]):Skip frame for frameSkipCount(2) buffer.index(0)
11-26 21:16:31.464 D/ExynosCameraBufferManager( 2976): [CAM_ID(0)][SCP_BUF]-DEBUG(cancelBuffer[729]):cancelBuffer bufIndex(0) isReuse(true) function invalid, put buffer
11-26 21:16:31.464 I/DBG_FMMDS( 7513): [50.18.150615][Line:363][xdsGetAccount] UZnlD2ITkPmcCbh9srjpN/1auPpXZ1U0673eFrlr5G7ujCmOnoTUvn8Wy3q3+o8W
11-26 21:16:31.464 I/Sensors ( 3518): Gyro old sensor_state 33554433, new sensor_state : 33554435 en : 1
11-26 21:16:31.464 I/DBG_FMMDS( 7513): [50.18.150615][Line:376][xdsCheckSamsungAccountForChina] VG44Fy9kdMk+/k3D4uP4d3do/3rw5AoymvTy0wXAnzc=
11-26 21:16:31.464 D/InjectionManager( 7513): InjectionManager
11-26 21:16:31.464 D/InjectionManager( 7513): fillFeatureStoreMap com.fmm.ds
11-26 21:16:31.464 I/InjectionManager( 7513): Constructor com.fmm.ds, Feature store :{}
11-26 21:16:31.464 I/InjectionManager( 7513): featureStore :{}
11-26 21:16:31.464 W/AudioCapabilities( 7305): Unsupported mime audio/x-ima
11-26 21:16:31.464 I/DBG_FMMDS( 7513): [50.18.150615][Line:89][onReceive] Receive Intent : android.intent.action.BOOT_COMPLETED
11-26 21:16:31.474 I/DBG_FMMDS( 7513): [50.18.150615][Line:248][onReceive] XCOMMON_INTENT_NOTI_CALLLOG_CLICK
11-26 21:16:31.474 I/InjectionManager( 7535): Inside getClassLibPath caller 
11-26 21:16:31.474 D/ExynosCameraPipeJpeg( 2976): DEBUG:duration time(  809 msec):(startPreview)
11-26 21:16:31.474 I/ExynosCamera3Interface( 2976): INFO(HAL_camera_device_start_preview[578]):camera(0) out from startPreview()
11-26 21:16:31.474 I/ExynosCamera3Interface( 2976): INFO(HAL_camera_device_start_preview[582]):camera(0) unlocked..
11-26 21:16:31.474 I/ExynosCamera3Interface( 2976): INFO(HAL_camera_device_start_preview[589]):camera(0) out (startPreview succeeded)
11-26 21:16:31.474 D/ExynosCamera3Interface( 2976): DEBUG:duration time(  809 msec):(HAL_camera_device_start_preview)
11-26 21:16:31.474 D/SecCameraCoreManager( 2976): disableMsgType (0x10)
11-26 21:16:31.474 I/ShotCommon( 2976): disableMsgType (0x10)
11-26 21:16:31.474 D/SecCameraCoreManager( 2976): stopPreview
11-26 21:16:31.474 I/ShotSingle( 2976): stopPreview E
11-26 21:16:31.474 I/ShotCommon( 2976): disableMsgType (0x3c2)
11-26 21:16:31.474 V/ShotSingle( 2976): stopPreview(0)
11-26 21:16:31.474 I/ExynosCamera3Interface( 2976): INFO(HAL_camera_device_stop_preview[604]):camera(0) in
11-26 21:16:31.474 D/ExynosCamera3Interface( 2976): DEBUG(check_camera_state):camera(0) state(5) checking...
11-26 21:16:31.474 D/ExynosCamera3Interface( 2976): DEBUG(check_camera_state):camera(0) state(4:PREVIEW_RUNNING->5:PREVIEW_STOPPED) is valid
11-26 21:16:31.474 I/ExynosCamera( 2976): [CAM_ID(0)][]-INFO(stopPreview[2015])
11-26 21:16:31.474 I/ExynosCamera( 2976): [CAM_ID(0)][]-INFO(stopPreview[2034]): wait m_fastenAeThread
11-26 21:16:31.474 I/ExynosCamera( 2976): [CAM_ID(0)][]-INFO(stopPreview[2036]): wait m_fastenAeThread end
11-26 21:16:31.474 I/ExynosCamera( 2976): [CAM_ID(0)][]-INFO(stopPreview[2045]): wait m_companionThread
11-26 21:16:31.474 I/ExynosCamera( 2976): [CAM_ID(0)][]-INFO(stopPreview[2047]): wait m_companionThread end
11-26 21:16:31.474 D/ExynosCameraMCPipe( 2976): [CAM_ID(0)][PIPE_3AA]-DEBUG(setControl[430])
11-26 21:16:31.474 I/ExynosCameraMCPipe( 2976): [CAM_ID(0)][PIPE_3AA]-INFO(setControl[441]):setControl() is succeed, Pipe(1)
11-26 21:16:31.474 I/InjectionManager( 7552): Inside getClassLibPath + mLibMap{0=, 1=}
11-26 21:16:31.474 D/ExynosCameraMCPipe( 2976): [CAM_ID(0)][PIPE_ISP_REPROCESSING]-DEBUG(m_setInput[2337]): setInput(sensorIds : 17442832) [src nodeNum : 140][nodeNums : 141][otf : 1][leader : 0][reprocessing : 1][unique sensorId : 10]
11-26 21:16:31.474 D/ExynosCameraMCPipe( 2976): [CAM_ID(0)][PIPE_ISP_REPROCESSING]-DEBUG(m_setPipeInfo[2358])
11-26 21:16:31.474 D/ExynosCameraMCPipe( 2976): [CAM_ID(0)][PIPE_ISP_REPROCESSING]-DEBUG(m_setNodeInfo[2431])
11-26 21:16:31.474 D/ExynosCameraMCPipe( 2976): [CAM_ID(0)][PIPE_ISP_REPROCESSING]-DEBUG(m_setNodeInfo[2511]):set pipeInfos on REPROCESSING_ISP_OUTPUT, setFormat(5328, 3000) and reqBuffers(5)
11-26 21:16:31.474 D/ExynosCameraNode( 2976): [CAM_ID(0)][REPROCESSING_ISP_OUTPUT]-DEBUG(setSize[363]):w (5328) h (3000)
11-26 21:16:31.474 D/ExynosCameraNode( 2976): [CAM_ID(0)][REPROCESSING_ISP_OUTPUT]-DEBUG(m_setFmt[1021]):type 10, 5328 x 3000, format 842090306, yuvRange 7
11-26 21:16:31.474 D/ExynosCameraMCPipe( 2976): [CAM_ID(0)][PIPE_ISP_REPROCESSING]-DEBUG(m_setNodeInfo[2431])
11-26 21:16:31.474 D/ExynosCameraMCPipe( 2976): [CAM_ID(0)][PIPE_ISP_REPROCESSING]-DEBUG(m_setNodeInfo[2511]):set pipeInfos on REPROCESSING_ISP_PREVIEW, setFormat(5312, 2988) and reqBuffers(4)
11-26 21:16:31.474 D/ExynosCameraNode( 2976): [CAM_ID(0)][REPROCESSING_ISP_PREVIEW]-DEBUG(setSize[363]):w (5312) h (2988)
11-26 21:16:31.474 W/ExynosCameraNode( 2976): [CAM_ID(0)][REPROCESSING_ISP_PREVIEW]-WARN(setFormat[650]):name(REPROCESSING_ISP_PREVIEW) fd 130, bytesperline(0) < width(5312), height(2988)
11-26 21:16:31.474 D/ExynosCameraNode( 2976): [CAM_ID(0)][REPROCESSING_ISP_PREVIEW]-DEBUG(m_setFmt[1021]):type 9, 5312 x 2988, format 1448695129, yuvRange 7
11-26 21:16:31.474 D/ExynosCameraMCPipe( 2976): [CAM_ID(0)][PIPE_ISP_REPROCESSING]-DEBUG(m_setSetfile[2613])
11-26 21:16:31.474 D/ExynosCameraMCPipe( 2976): [CAM_ID(0)][PIPE_ISP_REPROCESSING]-DEBUG(m_setSetfile[2613])
11-26 21:16:31.474 I/ExynosCameraMCPipe( 2976): [CAM_ID(0)][PIPE_ISP_REPROCESSING]-INFO(setupPipe[224]):setupPipe() is succeed, Pipe(204), prepare(0)
11-26 21:16:31.474 D/ExynosCameraMCPipe( 2976): [CAM_ID(0)][PIPE_ISP_REPROCESSING]-DEBUG(prepare[232])
11-26 21:16:31.474 I/ExynosCameraMCPipe( 2976): [CAM_ID(0)][PIPE_ISP_REPROCESSING]-INFO(prepare[248]):prepare() is succeed, Pipe(204), prepare(0)
11-26 21:16:31.474 I/ExynosCameraFrameReprocessingFactory( 2976): [CAM_ID(0)][FrameFactoryReprocessing]-INFO(startPipes[792])
11-26 21:16:31.474 D/ExynosCameraMCPipe( 2976): [CAM_ID(0)][PIPE_ISP_REPROCESSING]-DEBUG(start[255])
11-26 21:16:31.474 D/ExynosCameraMCPipe( 2976): [CAM_ID(0)][PIPE_ISP_REPROCESSING]-DEBUG(m_startNode[2699])
11-26 21:16:31.474 D/ExynosCameraBufferManager( 2976): [CAM_ID(0)][JPEG_BUF]-DEBUG(m_defaultAlloc[957]):duration time(   25 msec):(type=3, bufIndex=3, size=31744512)
11-26 21:16:31.474 D/ExynosCameraBufferManager( 2976): [CAM_ID(0)][JPEG_BUF]-DEBUG(m_defaultAlloc[977]):Duration time of buffer allocation(   25 msec)
11-26 21:16:31.474 D/ExynosCameraBufferManager( 2976): [CAM_ID(0)][JPEG_BUF]-DEBUG(alloc[225]):Allocate the buffer succeeded (m_allocatedBufCount=4, m_reqBufCount=4, m_allowedMaxBufCount=4) --- dumpBufferInfo ---
11-26 21:16:31.474 I/ExynosCameraBufferManager( 2976): [CAM_ID(0)][JPEG_BUF]-INFO(dumpBufferInfo[1244]):[m_buffer[0].fd[0]=139] .addr=0xe3d31000 .size=31744512 .position=0 .permission=1]
11-26 21:16:31.474 I/ExynosCameraBufferManager( 2976): [CAM_ID(0)][JPEG_BUF]-INFO(dumpBufferInfo[1244]):[m_buffer[1].fd[0]=141] .addr=0xe1eea000 .size=31744512 .position=0 .permission=1]
11-26 21:16:31.474 I/ExynosCameraBufferManager( 2976): [CAM_ID(0)][JPEG_BUF]-INFO(dumpBufferInfo[1244]):[m_buffer[2].fd[0]=142] .addr=0xe00a3000 .size=31744512 .position=0 .permission=1]
11-26 21:16:31.474 I/ExynosCameraBufferManager( 2976): [CAM_ID(0)][JPEG_BUF]-INFO(dumpBufferInfo[1244]):[m_buffer[3].fd[0]=146] .addr=0xde15e000 .size=31744512 .position=0 .permission=1]
11-26 21:16:31.474 D/ExynosCameraBufferManager( 2976): [CAM_ID(0)][JPEG_BUF]-DEBUG(printBufferQState[1205]):bufferIndex=0
11-26 21:16:31.474 D/ExynosCameraBufferManager( 2976): [CAM_ID(0)][JPEG_BUF]-DEBUG(printBufferQState[1205]):bufferIndex=1
11-26 21:16:31.474 D/ExynosCameraBufferManager( 2976): [CAM_ID(0)][JPEG_BUF]-DEBUG(printBufferQState[1205]):bufferIndex=2
11-26 21:16:31.474 D/ExynosCameraBufferManager( 2976): [CAM_ID(0)][JPEG_BUF]-DEBUG(printBufferQState[1205]):bufferIndex=3
11-26 21:16:31.474 D/ExynosCameraBufferManager( 2976): [CAM_ID(0)][JPEG_BUF]-DEBUG(alloc[228]):------------------------------------------------------------------
11-26 21:16:31.474 D/ExynosCameraPipeJpeg( 2976): DEBUG:duration time(   26 msec):(alloc)
11-26 21:16:31.474 W/VideoCapabilities( 7305): Unrecognized profile/level 32768/2 for video/mp4v-es
11-26 21:16:31.474 I/ExynosCameraMCPipe( 2976): [CAM_ID(0)][PIPE_ISP_REPROCESSING]-INFO(start[271]):start() is succeed, Pipe(204)
11-26 21:16:31.474 I/ExynosCameraFrameReprocessingFactory( 2976): [CAM_ID(0)][FrameFactoryReprocessing]-INFO(startPipes[814]):Starting Reprocessing [SCC>ISP] Success!
11-26 21:16:31.474 D/ExynosCameraPipeJpeg( 2976): DEBUG:duration time(   73 msec):(m_startPictureInternal)
11-26 21:16:31.474 I/ExynosCamera( 2976): [CAM_ID(0)][]-INFO(m_frameFactoryInitThreadFunc[8541]): -IN-
11-26 21:16:31.474 D/ExynosCamera( 2976): [CAM_ID(0)][]-DEBUG(m_frameFactoryInitThreadFunc[8571]):framefactory already create
11-26 21:16:31.474 I/ExynosCamera( 2976): [CAM_ID(0)][]-INFO(m_frameFactoryInitThreadFunc[8586]):m_framefactoryThread end loop(1) m_frameFactoryQ(1), m_previewEnabled(1)
11-26 21:16:31.474 I/ExynosCamera( 2976): [CAM_ID(0)][]-INFO(m_frameFactoryInitThreadFunc[8588]): -OUT-
11-26 21:16:31.474 D/ExynosCameraActivityFlash( 2976): DEBUG(setFlashStep[1667]):flashStepVal=0
11-26 21:16:31.474 D/ExynosCameraActivityFlash( 2976): DEBUG(setFlashTrigerPath[1686]):flashTriggerVal=0
11-26 21:16:31.474 D/ExynosCamera( 2976): [CAM_ID(0)][]-DEBUG(stopPreview[2101]): (0, 0)
11-26 21:16:31.474 I/ExynosCameraFrameFactoryPreview( 2976): [CAM_ID(0)][ExynosCameraFrameFactory3aaIspM2M]-INFO(setStopFlag[1210]):
11-26 21:16:31.474 D/ExynosCameraPipe( 2976): [CAM_ID(0)][PIPE_FLITE]-DEBUG(setStopFlag[975])
11-26 21:16:31.474 D/ExynosCameraMCPipe( 2976): [CAM_ID(0)][PIPE_3AA]-DEBUG(setStopFlag[1121])
11-26 21:16:31.474 D/ExynosCameraMCPipe( 2976): [CAM_ID(0)][PIPE_ISP]-DEBUG(setStopFlag[1121])
11-26 21:16:31.474 I/ExynosCameraFrameReprocessingFactory( 2976): [CAM_ID(0)][FrameFactoryReprocessing]-INFO(setStopFlag[882]):
11-26 21:16:31.474 D/ExynosCameraMCPipe( 2976): [CAM_ID(0)][PIPE_3AA_REPROCESSING]-DEBUG(setStopFlag[1121])
11-26 21:16:31.474 D/ExynosCameraMCPipe( 2976): [CAM_ID(0)][PIPE_ISP_REPROCESSING]-DEBUG(setStopFlag[1121])
11-26 21:16:31.474 I/ExynosCamera( 2976): [CAM_ID(0)][]-INFO(m_stopPictureInternal[5910])
11-26 21:16:31.474 I/ExynosCameraFrameReprocessingFactory( 2976): [CAM_ID(0)][FrameFactoryReprocessing]-INFO(stopPipes[822])
11-26 21:16:31.474 D/ExynosCameraMCPipe( 2976): [CAM_ID(0)][PIPE_ISP_REPROCESSING]-DEBUG(stopThread[341])
11-26 21:16:31.474 I/ExynosCameraMCPipe( 2976): [CAM_ID(0)][PIPE_ISP_REPROCESSING]-INFO(m_dumpRunningFrameList[2841]):*********runningFrameList dump***********
11-26 21:16:31.474 I/ExynosCameraMCPipe( 2976): [CAM_ID(0)][PIPE_ISP_REPROCESSING]-INFO(m_dumpRunningFrameList[2843]):m_numBuffers[0] : 5
11-26 21:16:31.474 I/ExynosCameraMCPipe( 2976): [CAM_ID(0)][PIPE_ISP_REPROCESSING]-runningFrameList[0][0] is NULL
11-26 21:16:31.474 I/ExynosCameraMCPipe( 2976): [CAM_ID(0)][PIPE_ISP_REPROCESSING]-runningFrameList[0][1] is NULL
11-26 21:16:31.474 I/ExynosCameraMCPipe( 2976): [CAM_ID(0)][PIPE_ISP_REPROCESSING]-runningFrameList[0][2] is NULL
11-26 21:16:31.474 I/ExynosCameraMCPipe( 2976): [CAM_ID(0)][PIPE_ISP_REPROCESSING]-runningFrameList[0][3] is NULL
11-26 21:16:31.474 I/ExynosCameraMCPipe( 2976): [CAM_ID(0)][PIPE_ISP_REPROCESSING]-runningFrameList[0][4] is NULL
11-26 21:16:31.484 I/ExynosCameraMCPipe( 2976): [CAM_ID(0)][PIPE_ISP_REPROCESSING]-INFO(m_dumpRunningFrameList[2843]):m_numBuffers[1] : 4
11-26 21:16:31.484 I/ExynosCameraMCPipe( 2976): [CAM_ID(0)][PIPE_ISP_REPROCESSING]-runningFrameList[1][0] is NULL
11-26 21:16:31.484 I/ExynosCameraMCPipe( 2976): [CAM_ID(0)][PIPE_ISP_REPROCESSING]-runningFrameList[1][1] is NULL
11-26 21:16:31.484 I/ExynosCameraMCPipe( 2976): [CAM_ID(0)][PIPE_ISP_REPROCESSING]-runningFrameList[1][2] is NULL
11-26 21:16:31.484 I/ExynosCameraMCPipe( 2976): [CAM_ID(0)][PIPE_ISP_REPROCESSING]-runningFrameList[1][3] is NULL
11-26 21:16:31.484 I/ExynosCameraMCPipe( 2976): [CAM_ID(0)][PIPE_ISP_REPROCESSING]-INFO(m_dumpRunningFrameList[2843]):m_numBuffers[2] : 0
11-26 21:16:31.484 I/ExynosCameraMCPipe( 2976): [CAM_ID(0)][PIPE_ISP_REPROCESSING]-INFO(m_dumpRunningFrameList[2843]):m_numBuffers[3] : 0
11-26 21:16:31.484 I/ExynosCameraMCPipe( 2976): [CAM_ID(0)][PIPE_ISP_REPROCESSING]-INFO(m_dumpRunningFrameList[2843]):m_numBuffers[4] : 0
11-26 21:16:31.484 I/ExynosCameraMCPipe( 2976): [CAM_ID(0)][PIPE_ISP_REPROCESSING]-INFO(m_dumpRunningFrameList[2843]):m_numBuffers[5] : 0
11-26 21:16:31.484 I/ExynosCameraMCPipe( 2976): [CAM_ID(0)][PIPE_ISP_REPROCESSING]-INFO(m_dumpRunningFrameList[2843]):m_numBuffers[6] : 0
11-26 21:16:31.484 I/ExynosCameraMCPipe( 2976): [CAM_ID(0)][PIPE_ISP_REPROCESSING]-INFO(m_dumpRunningFrameList[2843]):m_numBuffers[7] : 0
11-26 21:16:31.484 I/ExynosCameraMCPipe( 2976): [CAM_ID(0)][PIPE_ISP_REPROCESSING]-INFO(m_dumpRunningFrameList[2843]):m_numBuffers[8] : 0
11-26 21:16:31.484 I/ExynosCameraMCPipe( 2976): [CAM_ID(0)][PIPE_ISP_REPROCESSING]-INFO(m_dumpRunningFrameList[2843]):m_numBuffers[9] : 0
11-26 21:16:31.484 I/ExynosCameraMCPipe( 2976): [CAM_ID(0)][PIPE_ISP_REPROCESSING]-INFO(m_dumpRunningFrameList[2843]):m_numBuffers[10] : 0
11-26 21:16:31.484 I/ExynosCameraMCPipe( 2976): [CAM_ID(0)][PIPE_ISP_REPROCESSING]-INFO(m_dumpRunningFrameList[2843]):m_numBuffers[11] : 0
11-26 21:16:31.484 I/ExynosCameraMCPipe( 2976): [CAM_ID(0)][PIPE_ISP_REPROCESSING]-INFO(m_dumpRunningFrameList[2843]):m_numBuffers[12] : 0
11-26 21:16:31.484 I/ExynosCameraMCPipe( 2976): [CAM_ID(0)][PIPE_ISP_REPROCESSING]-INFO(m_dumpRunningFrameList[2843]):m_numBuffers[13] : 0
11-26 21:16:31.484 I/ExynosCameraMCPipe( 2976): [CAM_ID(0)][PIPE_ISP_REPROCESSING]-INFO(m_dumpRunningFrameList[2843]):m_numBuffers[14] : 0
11-26 21:16:31.484 I/ExynosCameraMCPipe( 2976): [CAM_ID(0)][PIPE_ISP_REPROCESSING]-INFO(m_dumpRunningFrameList[2843]):m_numBuffers[15] : 0
11-26 21:16:31.484 I/ExynosCameraMCPipe( 2976): [CAM_ID(0)][PIPE_ISP_REPROCESSING]-INFO(stopThread[352]):stopThread is succeed, Pipe(204)
11-26 21:16:31.484 D/ExynosCameraMCPipe( 2976): [CAM_ID(0)][PIPE_ISP_REPROCESSING]-DEBUG(stop[278])
11-26 21:16:31.484 D/ExynosCameraMCPipe( 2976): [CAM_ID(0)][PIPE_ISP_REPROCESSING]-DEBUG(m_stopNode[2720])
11-26 21:16:31.484 D/ExynosCameraMCPipe( 2976): [CAM_ID(0)][PIPE_ISP_REPROCESSING]-DEBUG(stop[290]):Thread exited
11-26 21:16:31.484 I/ExynosCameraMCPipe( 2976): [CAM_ID(0)][PIPE_ISP_REPROCESSING]-INFO(stop[311]):stop() is succeed, Pipe(204)
11-26 21:16:31.484 I/ExynosCameraFrameFactory( 2976): [CAM_ID(0)][FrameFactoryReprocessing]-INFO(stopThread[422]):pipeId=9
11-26 21:16:31.484 I/ExynosCameraPipe( 2976): [CAM_ID(0)][PIPE_GSC_REPROCESSING]-DEBUG(m_dumpRunningFrameList[1716]):*********runningFrameList dump***********
11-26 21:16:31.484 I/ExynosCameraPipe( 2976): [CAM_ID(0)][PIPE_GSC_REPROCESSING]-DEBUG(m_dumpRunningFrameList[1717]):m_numBuffers : 0
11-26 21:16:31.484 I/ExynosCameraFrameFactory( 2976): [CAM_ID(0)][FrameFactoryReprocessing]-INFO(stopThreadAndWait[447]):pipeId=9
11-26 21:16:31.484 D/ExynosCameraPipe( 2976): [CAM_ID(0)][PIPE_GSC_REPROCESSING]-DEBUG(stopThreadAndWait[411]) IN
11-26 21:16:31.484 D/ExynosCameraPipe( 2976): [CAM_ID(0)][PIPE_GSC_REPROCESSING]-DEBUG(stopThreadAndWait[427]) OUT
11-26 21:16:31.484 I/ExynosCameraFrameFactory( 2976): [CAM_ID(0)][FrameFactoryReprocessing]-INFO(stopThread[422]):pipeId=10
11-26 21:16:31.484 I/ExynosCameraPipe( 2976): [CAM_ID(0)][PIPE_GSC_REPROCESSING2]-DEBUG(m_dumpRunningFrameList[1716]):*********runningFrameList dump***********
11-26 21:16:31.484 I/ExynosCameraPipe( 2976): [CAM_ID(0)][PIPE_GSC_REPROCESSING2]-DEBUG(m_dumpRunningFrameList[1717]):m_numBuffers : 0
11-26 21:16:31.484 I/ExynosCameraFrameFactory( 2976): [CAM_ID(0)][FrameFactoryReprocessing]-INFO(stopThreadAndWait[447]):pipeId=10
11-26 21:16:31.484 D/ExynosCameraPipe( 2976): [CAM_ID(0)][PIPE_GSC_REPROCESSING2]-DEBUG(stopThreadAndWait[411]) IN
11-26 21:16:31.484 D/ExynosCameraPipe( 2976): [CAM_ID(0)][PIPE_GSC_REPROCESSING2]-DEBUG(stopThreadAndWait[427]) OUT
11-26 21:16:31.484 I/ExynosCameraFrameFactory( 2976): [CAM_ID(0)][FrameFactoryReprocessing]-INFO(stopThread[422]):pipeId=11
11-26 21:16:31.484 I/ExynosCameraPipe( 2976): [CAM_ID(0)][PIPE_GSC_REPROCESSING3]-DEBUG(m_dumpRunningFrameList[1716]):*********runningFrameList dump***********
11-26 21:16:31.484 I/ExynosCameraPipe( 2976): [CAM_ID(0)][PIPE_GSC_REPROCESSING3]-DEBUG(m_dumpRunningFrameList[1717]):m_numBuffers : 0
11-26 21:16:31.484 I/ExynosCameraFrameFactory( 2976): [CAM_ID(0)][FrameFactoryReprocessing]-INFO(stopThreadAndWait[447]):pipeId=11
11-26 21:16:31.484 D/ExynosCameraPipe( 2976): [CAM_ID(0)][PIPE_GSC_REPROCESSING3]-DEBUG(stopThreadAndWait[411]) IN
11-26 21:16:31.484 D/ExynosCameraPipe( 2976): [CAM_ID(0)][PIPE_GSC_REPROCESSING3]-DEBUG(stopThreadAndWait[427]) OUT
11-26 21:16:31.484 I/ExynosCameraFrameReprocessingFactory( 2976): [CAM_ID(0)][FrameFactoryReprocessing]-INFO(stopPipes[875]):Stopping Reprocessing [ISP>SCC] Success!
11-26 21:16:31.484 I/ExynosCamera( 2976): [CAM_ID(0)][]-INFO(m_clearFrameQ[13857]): IN... frameQSize(0)
11-26 21:16:31.484 I/ExynosCamera( 2976): [CAM_ID(0)][]-INFO(m_clearFrameQ[13857]): IN... frameQSize(0)
11-26 21:16:31.484 I/ExynosCamera( 2976): [CAM_ID(0)][]-INFO(m_clearFrameQ[13857]): IN... frameQSize(0)
11-26 21:16:31.484 D/ExynosCamera( 2976): [CAM_ID(0)][]-DEBUG(m_stopPictureInternal[5987]):clear postProcess(Picture) Frame list
11-26 21:16:31.484 D/ExynosCamera( 2976): [CAM_ID(0)][]-DEBUG(m_clearList):remaining frame(0), we remove them all
11-26 21:16:31.484 D/ExynosCamera( 2976): [CAM_ID(0)][]-DEBUG(m_clearList):EXIT 
11-26 21:16:31.484 I/ExynosCamera( 2976): [CAM_ID(0)][]-INFO(m_mainThreadFunc[6950]):m_flagThreadStop(1)
11-26 21:16:31.484 I/ExynosCamera( 2976): [CAM_ID(0)][]-INFO(m_previewThreadFunc[8634]):m_flagThreadStop(1)
11-26 21:16:31.484 I/ExynosCamera( 2976): [CAM_ID(0)][]-INFO(m_monitorThreadFunc[14927]): m_flagThreadStop(1)
11-26 21:16:31.484 I/InjectionManager( 7552): Inside getClassLibPath caller 
11-26 21:16:31.494 I/ExynosCamera( 2976): [CAM_ID(0)][]-INFO(m_mainThreadQSetup3AA[6509]):m_flagThreadStop(1)
11-26 21:16:31.494 I/ExynosCamera( 2976): [CAM_ID(0)][]-INFO(m_autoFocusContinousThreadFunc[15270]):m_flagThreadStop(1)
11-26 21:16:31.494 I/ExynosCamera( 2976): [CAM_ID(0)][]-INFO(m_facedetectThreadFunc[3794]):m_flagThreadStop(1) m_flagStartFaceDetection(0)
11-26 21:16:31.494 D/ExynosCamera( 2976): [CAM_ID(0)][]-DEBUG(m_clearList):remaining frame(0), we remove them all
11-26 21:16:31.494 D/ExynosCamera( 2976): [CAM_ID(0)][]-DEBUG(m_clearList):EXIT 
11-26 21:16:31.494 D/ExynosCamera( 2976): [CAM_ID(0)][]-DEBUG(m_clearList):remaining frame(0), we remove them all
11-26 21:16:31.494 D/ExynosCamera( 2976): [CAM_ID(0)][]-DEBUG(m_clearList):EXIT 
11-26 21:16:31.494 D/ExynosCamera( 2976): [CAM_ID(0)][]-DEBUG(m_clearList):remaining frame(0), we remove them all
11-26 21:16:31.494 D/ExynosCamera( 2976): [CAM_ID(0)][]-DEBUG(m_clearList):EXIT 
11-26 21:16:31.494 D/ExynosCamera( 2976): [CAM_ID(0)][]-DEBUG(m_clearList):remaining frame(0), we remove them all
11-26 21:16:31.494 D/ExynosCamera( 2976): [CAM_ID(0)][]-DEBUG(m_clearList):EXIT 
11-26 21:16:31.494 D/ExynosCamera( 2976): [CAM_ID(0)][]-DEBUG(m_clearList):remaining frame(0), we remove them all
11-26 21:16:31.494 D/ExynosCamera( 2976): [CAM_ID(0)][]-DEBUG(m_clearList):EXIT 
11-26 21:16:31.494 D/ExynosCamera( 2976): [CAM_ID(0)][]-DEBUG(m_clearList):remaining frame(0), we remove them all
11-26 21:16:31.494 D/ExynosCamera( 2976): [CAM_ID(0)][]-DEBUG(m_clearList):EXIT 
11-26 21:16:31.494 D/ExynosCamera( 2976): [CAM_ID(0)][]-DEBUG(m_clearList):remaining frame(0), we remove them all
11-26 21:16:31.494 D/ExynosCamera( 2976): [CAM_ID(0)][]-DEBUG(m_clearList):EXIT 
11-26 21:16:31.494 D/ExynosCamera( 2976): [CAM_ID(0)][]-DEBUG(m_clearList):remaining frame(0), we remove them all
11-26 21:16:31.494 D/ExynosCamera( 2976): [CAM_ID(0)][]-DEBUG(m_clearList):EXIT 
11-26 21:16:31.494 D/ExynosCamera( 2976): [CAM_ID(0)][]-DEBUG(m_clearList):remaining frame(0), we remove them all
11-26 21:16:31.494 D/ExynosCamera( 2976): [CAM_ID(0)][]-DEBUG(m_clearList):EXIT 
11-26 21:16:31.494 D/ExynosCamera( 2976): [CAM_ID(0)][]-DEBUG(m_clearList):remaining frame(0), we remove them all
11-26 21:16:31.494 D/ExynosCamera( 2976): [CAM_ID(0)][]-DEBUG(m_clearList):EXIT 
11-26 21:16:31.494 D/ExynosCamera( 2976): [CAM_ID(0)][]-DEBUG(m_clearList):remaining frame(0), we remove them all
11-26 21:16:31.494 D/ExynosCamera( 2976): [CAM_ID(0)][]-DEBUG(m_clearList):EXIT 
11-26 21:16:31.494 D/ExynosCamera( 2976): [CAM_ID(0)][]-DEBUG(m_clearList):remaining frame(0), we remove them all
11-26 21:16:31.494 D/ExynosCamera( 2976): [CAM_ID(0)][]-DEBUG(m_clearList):EXIT 
11-26 21:16:31.494 D/ExynosCamera( 2976): [CAM_ID(0)][]-DEBUG(m_clearList):remaining frame(0), we remove them all
11-26 21:16:31.494 D/ExynosCamera( 2976): [CAM_ID(0)][]-DEBUG(m_clearList):EXIT 
11-26 21:16:31.494 D/ExynosCamera( 2976): [CAM_ID(0)][]-DEBUG(m_clearList):remaining frame(0), we remove them all
11-26 21:16:31.494 D/ExynosCamera( 2976): [CAM_ID(0)][]-DEBUG(m_clearList):EXIT 
11-26 21:16:31.494 D/ExynosCamera( 2976): [CAM_ID(0)][]-DEBUG(m_clearList):remaining frame(0), we remove them all
11-26 21:16:31.494 D/ExynosCamera( 2976): [CAM_ID(0)][]-DEBUG(m_clearList):EXIT 
11-26 21:16:31.494 D/ExynosCamera( 2976): [CAM_ID(0)][]-DEBUG(m_clearList):remaining frame(0), we remove them all
11-26 21:16:31.494 D/ExynosCamera( 2976): [CAM_ID(0)][]-DEBUG(m_clearList):EXIT 
11-26 21:16:31.494 D/ExynosCamera( 2976): [CAM_ID(0)][]-DEBUG(m_clearList):remaining frame(0), we remove them all
11-26 21:16:31.494 D/ExynosCamera( 2976): [CAM_ID(0)][]-DEBUG(m_clearList):EXIT 
11-26 21:16:31.494 D/ExynosCamera( 2976): [CAM_ID(0)][]-DEBUG(m_clearList):remaining frame(0), we remove them all
11-26 21:16:31.494 D/ExynosCamera( 2976): [CAM_ID(0)][]-DEBUG(m_clearList):EXIT 
11-26 21:16:31.494 I/ExynosCamera( 2976): [CAM_ID(0)][]-DEBUG(m_stopPreviewInternal[5711]):IN
11-26 21:16:31.494 D/ExynosCameraMCPipe( 2976): [CAM_ID(0)][PIPE_3AA]-DEBUG(stopThread[341])
11-26 21:16:31.494 I/ExynosCameraMCPipe( 2976): [CAM_ID(0)][PIPE_3AA]-INFO(m_dumpRunningFrameList[2841]):*********runningFrameList dump***********
11-26 21:16:31.494 I/ExynosCameraMCPipe( 2976): [CAM_ID(0)][PIPE_3AA]-INFO(m_dumpRunningFrameList[2843]):m_numBuffers[0] : 8
11-26 21:16:31.494 I/ExynosCameraMCPipe( 2976): [CAM_ID(0)][PIPE_3AA]-runningFrameList[0][0] is NULL
11-26 21:16:31.494 I/ExynosCameraMCPipe( 2976): [CAM_ID(0)][PIPE_3AA]-runningFrameList[0][1]: fcount = 1
11-26 21:16:31.494 I/ExynosCameraMCPipe( 2976): [CAM_ID(0)][PIPE_3AA]-runningFrameList[0][2]: fcount = 2
11-26 21:16:31.494 I/ExynosCameraMCPipe( 2976): [CAM_ID(0)][PIPE_3AA]-runningFrameList[0][3]: fcount = 3
11-26 21:16:31.494 I/ExynosCameraMCPipe( 2976): [CAM_ID(0)][PIPE_3AA]-runningFrameList[0][4] is NULL
11-26 21:16:31.494 I/ExynosCameraMCPipe( 2976): [CAM_ID(0)][PIPE_3AA]-runningFrameList[0][5] is NULL
11-26 21:16:31.494 I/ExynosCameraMCPipe( 2976): [CAM_ID(0)][PIPE_3AA]-runningFrameList[0][6] is NULL
11-26 21:16:31.494 I/ExynosCameraMCPipe( 2976): [CAM_ID(0)][PIPE_3AA]-runningFrameList[0][7] is NULL
11-26 21:16:31.494 I/ExynosCameraMCPipe( 2976): [CAM_ID(0)][PIPE_3AA]-INFO(m_dumpRunningFrameList[2843]):m_numBuffers[1] : 8
11-26 21:16:31.494 I/ExynosCameraMCPipe( 2976): [CAM_ID(0)][PIPE_3AA]-runningFrameList[1][0] is NULL
11-26 21:16:31.494 I/ExynosCameraMCPipe( 2976): [CAM_ID(0)][PIPE_3AA]-runningFrameList[1][1]: fcount = 1
11-26 21:16:31.494 I/ExynosCameraMCPipe( 2976): [CAM_ID(0)][PIPE_3AA]-runningFrameList[1][2]: fcount = 2
11-26 21:16:31.494 I/ExynosCameraMCPipe( 2976): [CAM_ID(0)][PIPE_3AA]-runningFrameList[1][3]: fcount = 3
11-26 21:16:31.494 I/ExynosCameraMCPipe( 2976): [CAM_ID(0)][PIPE_3AA]-runningFrameList[1][4] is NULL
11-26 21:16:31.494 I/ExynosCameraMCPipe( 2976): [CAM_ID(0)][PIPE_3AA]-runningFrameList[1][5] is NULL
11-26 21:16:31.494 I/ExynosCameraMCPipe( 2976): [CAM_ID(0)][PIPE_3AA]-runningFrameList[1][6] is NULL
11-26 21:16:31.494 I/ExynosCameraMCPipe( 2976): [CAM_ID(0)][PIPE_3AA]-runningFrameList[1][7] is NULL
11-26 21:16:31.494 I/ExynosCameraMCPipe( 2976): [CAM_ID(0)][PIPE_3AA]-INFO(m_dumpRunningFrameList[2843]):m_numBuffers[2] : 8
11-26 21:16:31.494 I/ExynosCameraMCPipe( 2976): [CAM_ID(0)][PIPE_3AA]-runningFrameList[2][0] is NULL
11-26 21:16:31.494 I/ExynosCameraMCPipe( 2976): [CAM_ID(0)][PIPE_3AA]-runningFrameList[2][1]: fcount = 1
11-26 21:16:31.494 I/ExynosCameraMCPipe( 2976): [CAM_ID(0)][PIPE_3AA]-runningFrameList[2][2]: fcount = 2
11-26 21:16:31.494 I/ExynosCameraMCPipe( 2976): [CAM_ID(0)][PIPE_3AA]-runningFrameList[2][3]: fcount = 3
11-26 21:16:31.494 I/ExynosCameraMCPipe( 2976): [CAM_ID(0)][PIPE_3AA]-runningFrameList[2][4] is NULL
11-26 21:16:31.494 I/ExynosCameraMCPipe( 2976): [CAM_ID(0)][PIPE_3AA]-runningFrameList[2][5] is NULL
11-26 21:16:31.494 I/ExynosCameraMCPipe( 2976): [CAM_ID(0)][PIPE_3AA]-runningFrameList[2][6] is NULL
11-26 21:16:31.494 I/ExynosCameraMCPipe( 2976): [CAM_ID(0)][PIPE_3AA]-runningFrameList[2][7] is NULL
11-26 21:16:31.494 I/ExynosCameraMCPipe( 2976): [CAM_ID(0)][PIPE_3AA]-INFO(m_dumpRunningFrameList[2843]):m_numBuffers[3] : 0
11-26 21:16:31.494 I/ExynosCameraMCPipe( 2976): [CAM_ID(0)][PIPE_3AA]-INFO(m_dumpRunningFrameList[2843]):m_numBuffers[4] : 0
11-26 21:16:31.494 I/ExynosCameraMCPipe( 2976): [CAM_ID(0)][PIPE_3AA]-INFO(m_dumpRunningFrameList[2843]):m_numBuffers[5] : 0
11-26 21:16:31.494 I/ExynosCameraMCPipe( 2976): [CAM_ID(0)][PIPE_3AA]-INFO(m_dumpRunningFrameList[2843]):m_numBuffers[6] : 0
11-26 21:16:31.494 I/ExynosCameraMCPipe( 2976): [CAM_ID(0)][PIPE_3AA]-INFO(m_dumpRunningFrameList[2843]):m_numBuffers[7] : 0
11-26 21:16:31.494 I/ExynosCameraMCPipe( 2976): [CAM_ID(0)][PIPE_3AA]-INFO(m_dumpRunningFrameList[2843]):m_numBuffers[8] : 0
11-26 21:16:31.494 I/ExynosCameraMCPipe( 2976): [CAM_ID(0)][PIPE_3AA]-INFO(m_dumpRunningFrameList[2843]):m_numBuffers[9] : 0
11-26 21:16:31.494 I/ExynosCameraMCPipe( 2976): [CAM_ID(0)][PIPE_3AA]-INFO(m_dumpRunningFrameList[2843]):m_numBuffers[10] : 0
11-26 21:16:31.494 I/ExynosCameraMCPipe( 2976): [CAM_ID(0)][PIPE_3AA]-INFO(m_dumpRunningFrameList[2843]):m_numBuffers[11] : 0
11-26 21:16:31.494 W/ExynosCameraMCPipe( 2976): [CAM_ID(0)][PIPE_3AA]-WARN(m_putBuffer[1354]):inputFrameQ wait timeout
11-26 21:16:31.494 I/ExynosCameraMCPipe( 2976): [CAM_ID(0)][PIPE_3AA]-INFO(m_dumpRunningFrameList[2843]):m_numBuffers[12] : 0
11-26 21:16:31.494 I/ExynosCameraMCPipe( 2976): [CAM_ID(0)][PIPE_3AA]-INFO(m_dumpRunningFrameList[2843]):m_numBuffers[13] : 0
11-26 21:16:31.494 I/ExynosCameraMCPipe( 2976): [CAM_ID(0)][PIPE_3AA]-INFO(m_dumpRunningFrameList[2843]):m_numBuffers[14] : 0
11-26 21:16:31.494 W/ExynosCameraMCPipe( 2976): [CAM_ID(0)][PIPE_3AA]-WARN(m_putBufferThreadFunc[1310]):m_putbuffer fail, ret(-110)
11-26 21:16:31.494 I/ExynosCameraMCPipe( 2976): [CAM_ID(0)][PIPE_3AA]-INFO(m_dumpRunningFrameList[2843]):m_numBuffers[15] : 0
11-26 21:16:31.494 I/ExynosCameraMCPipe( 2976): [CAM_ID(0)][PIPE_3AA]-INFO(stopThread[352]):stopThread is succeed, Pipe(1)
11-26 21:16:31.494 D/ExynosCameraMCPipe( 2976): [CAM_ID(0)][PIPE_ISP]-DEBUG(stopThread[341])
11-26 21:16:31.494 I/ExynosCameraMCPipe( 2976): [CAM_ID(0)][PIPE_ISP]-INFO(m_dumpRunningFrameList[2841]):*********runningFrameList dump***********
11-26 21:16:31.494 I/ExynosCameraMCPipe( 2976): [CAM_ID(0)][PIPE_ISP]-INFO(m_dumpRunningFrameList[2843]):m_numBuffers[0] : 8
11-26 21:16:31.494 W/ExynosCameraMCPipe( 2976): [CAM_ID(0)][PIPE_ISP]-WARN(m_putBuffer[1354]):inputFrameQ wait timeout
11-26 21:16:31.494 I/ExynosCameraMCPipe( 2976): [CAM_ID(0)][PIPE_ISP]-runningFrameList[0][0] is NULL
11-26 21:16:31.494 I/ExynosCameraMCPipe( 2976): [CAM_ID(0)][PIPE_ISP]-runningFrameList[0][1] is NULL
11-26 21:16:31.494 W/ExynosCameraMCPipe( 2976): [CAM_ID(0)][PIPE_ISP]-WARN(m_putBufferThreadFunc[1310]):m_putbuffer fail, ret(-110)
11-26 21:16:31.494 I/ExynosCameraMCPipe( 2976): [CAM_ID(0)][PIPE_ISP]-runningFrameList[0][2] is NULL
11-26 21:16:31.494 I/ExynosCameraMCPipe( 2976): [CAM_ID(0)][PIPE_ISP]-runningFrameList[0][3] is NULL
11-26 21:16:31.494 I/ExynosCameraMCPipe( 2976): [CAM_ID(0)][PIPE_ISP]-runningFrameList[0][4] is NULL
11-26 21:16:31.494 I/ExynosCameraMCPipe( 2976): [CAM_ID(0)][PIPE_ISP]-runningFrameList[0][5] is NULL
11-26 21:16:31.494 I/ExynosCameraMCPipe( 2976): [CAM_ID(0)][PIPE_ISP]-runningFrameList[0][6] is NULL
11-26 21:16:31.494 I/ExynosCameraMCPipe( 2976): [CAM_ID(0)][PIPE_ISP]-runningFrameList[0][7] is NULL
11-26 21:16:31.494 I/ExynosCameraMCPipe( 2976): [CAM_ID(0)][PIPE_ISP]-INFO(m_dumpRunningFrameList[2843]):m_numBuffers[1] : 0
11-26 21:16:31.494 I/ExynosCameraMCPipe( 2976): [CAM_ID(0)][PIPE_ISP]-INFO(m_dumpRunningFrameList[2843]):m_numBuffers[2] : 0
11-26 21:16:31.494 I/ExynosCameraMCPipe( 2976): [CAM_ID(0)][PIPE_ISP]-INFO(m_dumpRunningFrameList[2843]):m_numBuffers[3] : 0
11-26 21:16:31.494 I/ExynosCameraMCPipe( 2976): [CAM_ID(0)][PIPE_ISP]-INFO(m_dumpRunningFrameList[2843]):m_numBuffers[4] : 0
11-26 21:16:31.494 W/ExynosCameraMCPipe( 2976): [CAM_ID(0)][PIPE_ISP]-WARN(m_getBuffer[1658]):requestFrameQ wait timeout
11-26 21:16:31.494 I/ExynosCameraMCPipe( 2976): [CAM_ID(0)][PIPE_ISP]-INFO(m_dumpRunningFrameList[2843]):m_numBuffers[5] : 9
11-26 21:16:31.494 I/ExynosCameraMCPipe( 2976): [CAM_ID(0)][PIPE_ISP]-runningFrameList[5][0] is NULL
11-26 21:16:31.494 I/ExynosCameraMCPipe( 2976): [CAM_ID(0)][PIPE_ISP]-runningFrameList[5][1] is NULL
11-26 21:16:31.494 W/ExynosCameraMCPipe( 2976): [CAM_ID(0)][PIPE_ISP]-WARN(m_getBufferThreadFunc[1326]):m_getBuffer fail, ret(-110)
11-26 21:16:31.494 I/ExynosCameraMCPipe( 2976): [CAM_ID(0)][PIPE_ISP]-runningFrameList[5][2] is NULL
11-26 21:16:31.494 I/ExynosCameraMCPipe( 2976): [CAM_ID(0)][PIPE_ISP]-runningFrameList[5][3] is NULL
11-26 21:16:31.494 I/ExynosCameraMCPipe( 2976): [CAM_ID(0)][PIPE_ISP]-runningFrameList[5][4] is NULL
11-26 21:16:31.494 I/ExynosCameraMCPipe( 2976): [CAM_ID(0)][PIPE_ISP]-runningFrameList[5][5] is NULL
11-26 21:16:31.494 I/ExynosCameraMCPipe( 2976): [CAM_ID(0)][PIPE_ISP]-runningFrameList[5][6] is NULL
11-26 21:16:31.494 I/ExynosCameraMCPipe( 2976): [CAM_ID(0)][PIPE_ISP]-runningFrameList[5][7] is NULL
11-26 21:16:31.494 I/ExynosCameraMCPipe( 2976): [CAM_ID(0)][PIPE_ISP]-runningFrameList[5][8] is NULL
11-26 21:16:31.494 I/ExynosCameraMCPipe( 2976): [CAM_ID(0)][PIPE_ISP]-INFO(m_dumpRunningFrameList[2843]):m_numBuffers[6] : 0
11-26 21:16:31.494 I/ExynosCameraMCPipe( 2976): [CAM_ID(0)][PIPE_ISP]-INFO(m_dumpRunningFrameList[2843]):m_numBuffers[7] : 0
11-26 21:16:31.494 I/ExynosCameraMCPipe( 2976): [CAM_ID(0)][PIPE_ISP]-INFO(m_dumpRunningFrameList[2843]):m_numBuffers[8] : 0
11-26 21:16:31.494 I/ExynosCameraMCPipe( 2976): [CAM_ID(0)][PIPE_ISP]-INFO(m_dumpRunningFrameList[2843]):m_numBuffers[9] : 0
11-26 21:16:31.494 I/ExynosCameraMCPipe( 2976): [CAM_ID(0)][PIPE_ISP]-INFO(m_dumpRunningFrameList[2843]):m_numBuffers[10] : 0
11-26 21:16:31.494 I/ExynosCameraMCPipe( 2976): [CAM_ID(0)][PIPE_ISP]-INFO(m_dumpRunningFrameList[2843]):m_numBuffers[11] : 0
11-26 21:16:31.494 I/ExynosCameraMCPipe( 2976): [CAM_ID(0)][PIPE_ISP]-INFO(m_dumpRunningFrameList[2843]):m_numBuffers[12] : 0
11-26 21:16:31.494 I/ExynosCameraMCPipe( 2976): [CAM_ID(0)][PIPE_ISP]-INFO(m_dumpRunningFrameList[2843]):m_numBuffers[13] : 0
11-26 21:16:31.494 I/ExynosCameraMCPipe( 2976): [CAM_ID(0)][PIPE_ISP]-INFO(m_dumpRunningFrameList[2843]):m_numBuffers[14] : 0
11-26 21:16:31.494 I/ExynosCameraMCPipe( 2976): [CAM_ID(0)][PIPE_ISP]-INFO(m_dumpRunningFrameList[2843]):m_numBuffers[15] : 0
11-26 21:16:31.494 I/ExynosCameraMCPipe( 2976): [CAM_ID(0)][PIPE_ISP]-INFO(stopThread[352]):stopThread is succeed, Pipe(4)
11-26 21:16:31.494 D/ExynosCameraPipeFlite( 2976): [CAM_ID(0)][PIPE_FLITE]-DEBUG(sensorStream[260])
11-26 21:16:31.494 I/FOTA_Client( 7361): [com.sec.android.fotaclient.FotaRegisterReceiver(107/onReceive)] Already device registered...
11-26 21:16:31.494 W/VideoCapabilities( 7305): Unrecognized profile 2130706433 for video/avc
11-26 21:16:31.494 W/VideoCapabilities( 7305): Unrecognized profile 2130706433 for video/avc
11-26 21:16:31.494 W/VideoCapabilities( 7305): Unrecognized profile 2130706433 for video/avc
11-26 21:16:31.494 W/VideoCapabilities( 7305): Unrecognized profile 2130706433 for video/avc
11-26 21:16:31.494 W/VideoCapabilities( 7305): Unrecognized profile 2130706433 for video/avc
11-26 21:16:31.494 W/VideoCapabilities( 7305): Unrecognized profile 2130706433 for video/avc
11-26 21:16:31.494 W/VideoCapabilities( 7305): Unrecognized profile 2130706433 for video/avc
11-26 21:16:31.494 W/VideoCapabilities( 7305): Unrecognized profile 2130706433 for video/avc
11-26 21:16:31.494 W/VideoCapabilities( 7305): Unrecognized profile 2130706433 for video/avc
11-26 21:16:31.494 W/VideoCapabilities( 7305): Unrecognized profile 2130706433 for video/avc
11-26 21:16:31.494 W/VideoCapabilities( 7305): Unrecognized profile 2130706433 for video/avc
11-26 21:16:31.494 W/VideoCapabilities( 7305): Unrecognized profile 2130706433 for video/avc
11-26 21:16:31.494 W/VideoCapabilities( 7305): Unrecognized profile 2130706433 for video/avc
