11-26 21:16:30.654 D/ExynosCameraNode( 2976): [CAM_ID(0)][FLITE]-DEBUG(open[223]): open
11-26 21:16:30.654 D/ExynosCameraNode( 2976): [CAM_ID(0)][FLITE]-DEBUG(open[248]): Node(101)(/dev/video101) opened. m_fd(34)
11-26 21:16:30.654 D/ExynosCameraPipeFlite( 2976): [CAM_ID(0)]-DEBUG(m_createNode[113]):Node(101) opened
11-26 21:16:30.654 D/ExynosCameraPipe( 2976): [CAM_ID(0)][PIPE_FLITE]-DEBUG(m_setInput[1365]): setInput(sensorIds : 10)
11-26 21:16:30.654 I/ExynosCameraPipeFlite( 2976): [CAM_ID(0)][PIPE_FLITE]-INFO(create[87]):create() is succeed (0) prepare (3)
11-26 21:16:30.654 D/ExynosCameraFrameFactoryPreview( 2976): [CAM_ID(0)][ExynosCameraFrameFactory3aaIspM2M]-DEBUG(precreate):Pipe(0) created
11-26 21:16:30.654 I/ExynosCameraFrameFactoryPreview( 2976): [CAM_ID(0)][ExynosCameraFrameFactory3aaIspM2M]-INFO(precreate[338]): hwSensorSize(1328x748)
11-26 21:16:30.654 I/ExynosCameraFrameFactoryPreview( 2976): [CAM_ID(0)][ExynosCameraFrameFactory3aaIspM2M]-INFO(precreate[355]:set framerate (denominator=120)
11-26 21:16:30.654 D/ExynosCameraPipe( 2976): [CAM_ID(0)][PIPE_FLITE]-DEBUG(setParam[504])
11-26 21:16:30.654 D/ExynosCameraPipeFlite( 2976): [CAM_ID(0)][PIPE_FLITE]-DEBUG(setupPipe[218])
11-26 21:16:30.654 D/ExynosCameraPipeFlite( 2976): [CAM_ID(0)][PIPE_FLITE]-DEBUG(setupPipe[227]):set new sensorIds
11-26 21:16:30.654 D/ExynosCameraPipeFlite( 2976): [CAM_ID(0)][PIPE_FLITE]-DEBUG(m_setPipeInfo[192])
11-26 21:16:30.654 D/ExynosCameraPipe( 2976): [CAM_ID(0)][PIPE_FLITE]-DEBUG(m_setNodeInfo[1410])
11-26 21:16:30.654 D/ExynosCameraPipe( 2976): [CAM_ID(0)][PIPE_FLITE]-DEBUG(m_setNodeInfo[1488]): set pipeInfos on FLITE : setFormat(1328, 748) and reqBuffers(10).
11-26 21:16:30.654 D/ExynosCameraNode( 2976): [CAM_ID(0)][FLITE]-DEBUG(setSize[363]):w (1328) h (748)
11-26 21:16:30.654 D/ExynosCameraNode( 2976): [CAM_ID(0)][FLITE]-DEBUG(m_setFmt[1021]):type 9, 1328 x 748, format 842090306, yuvRange 7
11-26 21:16:30.654 I/ExynosCameraPipeFlite( 2976): [CAM_ID(0)][PIPE_FLITE]-INFO(setupPipe[253]):setupPipe() is succeed (0) setupPipe (3)
11-26 21:16:30.654 D/ExynosCameraMCPipe( 2976): [CAM_ID(0)][PIPE_ISP]-DEBUG(precreate[54])
11-26 21:16:30.654 D/ExynosCameraMCPipe( 2976): [CAM_ID(0)][PIPE_ISP]-DEBUG(m_preCreate[1171])
11-26 21:16:30.654 D/ExynosCameraNode( 2976): [CAM_ID(0)][ISP_OUTPUT]-DEBUG(create[158]): Create
11-26 21:16:30.654 D/ExynosCameraNode( 2976): [CAM_ID(0)][ISP_OUTPUT]-DEBUG(open[223]): open
11-26 21:16:30.654 D/ExynosCameraNode( 2976): [CAM_ID(0)][ISP_OUTPUT]-DEBUG(open[248]): Node(130)(/dev/video130) opened. m_fd(35)
11-26 21:16:30.654 D/ExynosCameraMCPipe( 2976): [CAM_ID(0)][PIPE_ISP]-DEBUG(m_preCreate[1214]):Node(130) opened
11-26 21:16:30.654 D/ExynosCameraNode( 2976): [CAM_ID(0)][SCP_PREVIEW]-DEBUG(create[158]): Create
11-26 21:16:30.654 D/ExynosCameraNode( 2976): [CAM_ID(0)][SCP_PREVIEW]-DEBUG(open[223]): open
11-26 21:16:30.654 D/ExynosCameraNode( 2976): [CAM_ID(0)][SCP_PREVIEW]-DEBUG(open[248]): Node(152)(/dev/video152) opened. m_fd(36)
11-26 21:16:30.654 D/ExynosCameraMCPipe( 2976): [CAM_ID(0)][PIPE_ISP]-DEBUG(m_preCreate[1214]):Node(152) opened
11-26 21:16:30.654 D/ExynosCameraNode( 2976): [CAM_ID(0)][ISP_PREVIEW]-DEBUG(create[158]): Create
11-26 21:16:30.654 D/ExynosCameraNode( 2976): [CAM_ID(0)][ISP_PREVIEW]-DEBUG(open[223]): open
11-26 21:16:30.654 D/ExynosCameraNode( 2976): [CAM_ID(0)][ISP_PREVIEW]-DEBUG(open[248]): Node(132)(/dev/video132) opened. m_fd(37)
11-26 21:16:30.654 D/ExynosCameraMCPipe( 2976): [CAM_ID(0)][PIPE_ISP]-DEBUG(m_preCreate[1237]):Node(ISP_PREVIEW) opened
11-26 21:16:30.654 D/ExynosCameraMCPipe( 2976): DEBUG(setWaitTime):m_waitTime : 500000000
11-26 21:16:30.654 D/ExynosCameraMCPipe( 2976): DEBUG(setWaitTime):m_waitTime : 500000000
11-26 21:16:30.654 I/ExynosCameraMCPipe( 2976): [CAM_ID(0)][PIPE_ISP]-INFO(m_preCreate[1257]):m_preCreate() is succeed, Pipe(4), prepare(0)
11-26 21:16:30.654 D/ExynosCameraFrameFactoryPreview( 2976): [CAM_ID(0)][ExynosCameraFrameFactory3aaIspM2M]-DEBUG(precreate):Pipe(4) created
11-26 21:16:30.654 D/ExynosCameraMCPipe( 2976): [CAM_ID(0)][PIPE_3AA]-DEBUG(precreate[54])
11-26 21:16:30.654 D/ExynosCameraMCPipe( 2976): [CAM_ID(0)][PIPE_3AA]-DEBUG(m_preCreate[1171])
11-26 21:16:30.654 D/ExynosCameraNode( 2976): [CAM_ID(0)][3AA_OUTPUT]-DEBUG(create[158]): Create
11-26 21:16:30.654 D/ExynosCameraNode( 2976): [CAM_ID(0)][3AA_OUTPUT]-DEBUG(open[223]): open
11-26 21:16:30.654 D/ExynosCameraNode( 2976): [CAM_ID(0)][3AA_OUTPUT]-DEBUG(open[248]): Node(110)(/dev/video110) opened. m_fd(38)
11-26 21:16:30.654 D/ExynosCameraMCPipe( 2976): [CAM_ID(0)][PIPE_3AA]-DEBUG(m_preCreate[1214]):Node(110) opened
11-26 21:16:30.654 D/ExynosCameraNode( 2976): [CAM_ID(0)][3AA_CAPTURE]-DEBUG(create[158]): Create
11-26 21:16:30.654 D/ExynosCameraNode( 2976): [CAM_ID(0)][3AA_CAPTURE]-DEBUG(open[223]): open
11-26 21:16:30.654 D/ExynosCameraNode( 2976): [CAM_ID(0)][3AA_CAPTURE]-DEBUG(open[248]): Node(111)(/dev/video111) opened. m_fd(39)
11-26 21:16:30.654 D/ExynosCameraMCPipe( 2976): [CAM_ID(0)][PIPE_3AA]-DEBUG(m_preCreate[1214]):Node(111) opened
11-26 21:16:30.654 D/ExynosCameraNode( 2976): [CAM_ID(0)][3AA_PREVIEW]-DEBUG(create[158]): Create
11-26 21:16:30.654 D/ExynosCameraNode( 2976): [CAM_ID(0)][3AA_PREVIEW]-DEBUG(open[223]): open
11-26 21:16:30.654 D/ExynosCameraNode( 2976): [CAM_ID(0)][3AA_PREVIEW]-DEBUG(open[248]): Node(112)(/dev/video112) opened. m_fd(40)
11-26 21:16:30.654 D/ExynosCameraMCPipe( 2976): [CAM_ID(0)][PIPE_3AA]-DEBUG(m_preCreate[1214]):Node(112) opened
11-26 21:16:30.654 D/ExynosCameraMCPipe( 2976): DEBUG(setWaitTime):m_waitTime : 500000000
11-26 21:16:30.654 D/ExynosCameraMCPipe( 2976): DEBUG(setWaitTime):m_waitTime : 500000000
11-26 21:16:30.654 I/ExynosCameraMCPipe( 2976): [CAM_ID(0)][PIPE_3AA]-INFO(m_preCreate[1257]):m_preCreate() is succeed, Pipe(1), prepare(0)
11-26 21:16:30.654 D/ExynosCameraFrameFactoryPreview( 2976): [CAM_ID(0)][ExynosCameraFrameFactory3aaIspM2M]-DEBUG(precreate):Pipe(1) created
11-26 21:16:30.654 I/art     ( 2995): Explicit concurrent mark sweep GC freed 5(160B) AllocSpace objects, 0(0B) LOS objects, 36% free, 28MB/44MB, paused 150us total 11.547ms
11-26 21:16:30.664 D/SecCameraCoreManager( 2976): previewEnabled
11-26 21:16:30.664 I/ExynosCamera( 2976): [CAM_ID(0)][]-INFO(previewEnabled[2508]):m_previewEnabled=0
11-26 21:16:30.664 D/ExynosCamera3Interface( 2976): DEBUG:duration time(    0 msec):(HAL_camera_device_preview_enabled)
11-26 21:16:30.664 D/SecCameraCoreManager( 2976): setPreviewWindow
11-26 21:16:30.664 I/ExynosCamera3Interface( 2976): INFO(HAL_camera_device_set_preview_window[512]):camera(0) in
11-26 21:16:30.664 I/ExynosCamera( 2976): [CAM_ID(0)][]-INFO(setPreviewWindow[1217])
11-26 21:16:30.664 I/ExynosCamera( 2976): [CAM_ID(0)][]-INFO(previewEnabled[2508]):m_previewEnabled=0
11-26 21:16:30.664 W/ExynosCamera( 2976): [CAM_ID(0)][]-WARN(setPreviewWindow[1256]):window NULL, create internal buffer for preview
11-26 21:16:30.664 D/ExynosCamera( 2976): [CAM_ID(0)][]-DEBUG(m_createBufferManager):BufferManager(SCP_BUF) created
11-26 21:16:30.664 I/ExynosCamera3Interface( 2976): INFO(HAL_camera_device_set_preview_window[514]):camera(0) out
11-26 21:16:30.664 D/ExynosCamera3Interface( 2976): DEBUG:duration time(    0 msec):(HAL_camera_device_set_preview_window)
11-26 21:16:30.664 D/SecCameraCoreManager( 2976): startPreview
11-26 21:16:30.664 D/ShotSingle( 2976): startPreview
11-26 21:16:30.664 V/SecCameraCoreManager( 2976): getParameters(0)
11-26 21:16:30.664 I/ExynosCamera( 2976): [CAM_ID(0)][]-INFO(getParameters[3596])
11-26 21:16:30.664 I/ExynosCameraParameters( 2976): [CAM_ID(0)][ParametersBack]-INFO(getParameters[541])
11-26 21:16:30.664 D/ExynosCamera3Interface( 2976): DEBUG:duration time(    0 msec):(HAL_camera_device_get_parameters)
11-26 21:16:30.664 D/ExynosCamera3Interface( 2976): DEBUG:duration time(    0 msec):(HAL_camera_device_put_parameters)
11-26 21:16:30.664 V/ShotSingle( 2976): startPreview(0)
11-26 21:16:30.664 I/ExynosCamera3Interface( 2976): INFO(HAL_camera_device_start_preview[565]):camera(0) in
11-26 21:16:30.664 D/ExynosCamera3Interface( 2976): DEBUG(check_camera_state):camera(0) state(4) checking...
11-26 21:16:30.664 D/ExynosCamera3Interface( 2976): DEBUG(check_camera_state):camera(0) state(1:OPENED->4:PREVIEW_RUNNING) is valid
11-26 21:16:30.664 I/ExynosCamera( 2976): [CAM_ID(0)][]-INFO(startPreview[1362])
11-26 21:16:30.664 D/ExynosCamera( 2976): [CAM_ID(0)][]-DEBUG(startPreview[1391]):m_firstPreviewTimer start
11-26 21:16:30.664 I/ExynosCamera( 2976): [CAM_ID(0)][]-INFO(startPreview[1480]): getVisionMode(0)
11-26 21:16:30.664 D/ExynosCameraParameters( 2976): [CAM_ID(0)][ParametersBack]-DEBUG(setSeriesShotMode[8915]: set shotmode(0), shotCount(0)
11-26 21:16:30.664 I/ExynosCamera( 2976): [CAM_ID(0)][]-INFO(setPreviewWindow[1217])
11-26 21:16:30.664 I/ExynosCamera( 2976): [CAM_ID(0)][]-INFO(previewEnabled[2508]):m_previewEnabled=0
11-26 21:16:30.664 D/ExynosCamera( 2976): [CAM_ID(0)][]-DEBUG(setPreviewWindow[1247]): scp buffer manager need recreate
11-26 21:16:30.664 D/ExynosCameraBufferManager( 2976): [CAM_ID(0)][SCP_BUF]-DEBUG(deinit[116]):IN..
11-26 21:16:30.664 I/ExynosCameraBufferManager( 2976): [CAM_ID(0)][SCP_BUF]-INFO(deinit[119]:OUT.. Buffer is not allocated
11-26 21:16:30.664 D/ExynosCameraBufferManager( 2976): [CAM_ID(0)][SCP_BUF]-DEBUG(deinit[116]):IN..
11-26 21:16:30.664 I/ExynosCameraBufferManager( 2976): [CAM_ID(0)][SCP_BUF]-INFO(deinit[119]:OUT.. Buffer is not allocated
11-26 21:16:30.664 D/ExynosCameraBufferManager( 2976): [CAM_ID(0)][SCP_BUF]-DEBUG(deinit[116]):IN..
11-26 21:16:30.664 I/ExynosCameraBufferManager( 2976): [CAM_ID(0)][SCP_BUF]-INFO(deinit[119]:OUT.. Buffer is not allocated
11-26 21:16:30.664 W/ExynosCamera( 2976): [CAM_ID(0)][]-WARN(setPreviewWindow[1256]):window NULL, create internal buffer for preview
11-26 21:16:30.664 D/ExynosCamera( 2976): [CAM_ID(0)][]-DEBUG(m_createBufferManager):BufferManager(SCP_BUF) created
11-26 21:16:30.664 I/ExynosCamera( 2976): [CAM_ID(0)][]-INFO(m_setBuffers[14045]):alloc buffer - camera ID: 0
11-26 21:16:30.664 D/ExynosCamera( 2976): [CAM_ID(0)][]-DEBUG(m_releasebuffersForRealloc[13981]):m_setBuffers free all buffers
11-26 21:16:30.664 D/ExynosCameraBufferManager( 2976): [CAM_ID(0)][BAYER_BUF]-DEBUG(deinit[116]):IN..
11-26 21:16:30.664 I/ExynosCameraBufferManager( 2976): [CAM_ID(0)][BAYER_BUF]-INFO(deinit[119]:OUT.. Buffer is not allocated
11-26 21:16:30.664 D/ExynosCameraBufferManager( 2976): [CAM_ID(0)][3A1_BUF]-DEBUG(deinit[116]):IN..
11-26 21:16:30.664 I/ExynosCameraBufferManager( 2976): [CAM_ID(0)][3A1_BUF]-INFO(deinit[119]:OUT.. Buffer is not allocated
11-26 21:16:30.664 D/ExynosCameraBufferManager( 2976): [CAM_ID(0)][ISP_BUF]-DEBUG(deinit[116]):IN..
11-26 21:16:30.664 I/ExynosCameraBufferManager( 2976): [CAM_ID(0)][ISP_BUF]-INFO(deinit[119]:OUT.. Buffer is not allocated
11-26 21:16:30.664 D/ExynosCameraBufferManager( 2976): [CAM_ID(0)][HW_DIS_BUF]-DEBUG(deinit[116]):IN..
11-26 21:16:30.664 I/ExynosCameraBufferManager( 2976): [CAM_ID(0)][HW_DIS_BUF]-INFO(deinit[119]:OUT.. Buffer is not allocated
11-26 21:16:30.664 D/ExynosCameraBufferManager( 2976): [CAM_ID(0)][SCP_BUF]-DEBUG(deinit[116]):IN..
11-26 21:16:30.664 I/ExynosCameraBufferManager( 2976): [CAM_ID(0)][SCP_BUF]-INFO(deinit[119]:OUT.. Buffer is not allocated
11-26 21:16:30.664 D/ExynosCameraBufferManager( 2976): [CAM_ID(0)][SCP_BUF]-DEBUG(setBufferCount[1253]):
11-26 21:16:30.664 D/ExynosCameraBufferManager( 2976): [CAM_ID(0)][SCC_BUF]-DEBUG(deinit[116]):IN..
11-26 21:16:30.664 I/ExynosCameraBufferManager( 2976): [CAM_ID(0)][SCC_BUF]-INFO(deinit[119]:OUT.. Buffer is not allocated
11-26 21:16:30.664 D/ExynosCameraBufferManager( 2976): [CAM_ID(0)][MAGIC_GSC_BUF]-DEBUG(deinit[116]):IN..
11-26 21:16:30.664 I/ExynosCameraBufferManager( 2976): [CAM_ID(0)][MAGIC_GSC_BUF]-INFO(deinit[119]:OUT.. Buffer is not allocated
11-26 21:16:30.664 D/ExynosCameraBufferManager( 2976): [CAM_ID(0)][THUMBNAIL_GSC_BUF]-DEBUG(deinit[116]):IN..
11-26 21:16:30.664 I/ExynosCameraBufferManager( 2976): [CAM_ID(0)][THUMBNAIL_GSC_BUF]-INFO(deinit[119]:OUT.. Buffer is not allocated
11-26 21:16:30.664 D/ExynosCameraBufferManager( 2976): [CAM_ID(0)][LBP_BUF]-DEBUG(deinit[116]):IN..
11-26 21:16:30.664 I/ExynosCameraBufferManager( 2976): [CAM_ID(0)][LBP_BUF]-INFO(deinit[119]:OUT.. Buffer is not allocated
11-26 21:16:30.664 D/ExynosCameraBufferManager( 2976): [CAM_ID(0)][PREVIEW_CB_BUF]-DEBUG(deinit[116]):IN..
11-26 21:16:30.664 I/ExynosCameraBufferManager( 2976): [CAM_ID(0)][PREVIEW_CB_BUF]-INFO(deinit[119]:OUT.. Buffer is not allocated
11-26 21:16:30.664 D/ExynosCameraBufferManager( 2976): [CAM_ID(0)][HIGH_RESOLUTION_CB_BUF]-DEBUG(deinit[116]):IN..
11-26 21:16:30.664 I/ExynosCameraBufferManager( 2976): [CAM_ID(0)][HIGH_RESOLUTION_CB_BUF]-INFO(deinit[119]:OUT.. Buffer is not allocated
11-26 21:16:30.664 I/ExynosCamera( 2976): [CAM_ID(0)][]-INFO(setPreviewWindow[1217])
11-26 21:16:30.664 I/ExynosCamera( 2976): [CAM_ID(0)][]-INFO(previewEnabled[2508]):m_previewEnabled=0
11-26 21:16:30.664 D/ExynosCamera( 2976): [CAM_ID(0)][]-DEBUG(setPreviewWindow[1247]): scp buffer manager need recreate
11-26 21:16:30.664 D/ExynosCameraBufferManager( 2976): [CAM_ID(0)][SCP_BUF]-DEBUG(deinit[116]):IN..
11-26 21:16:30.664 I/ExynosCameraBufferManager( 2976): [CAM_ID(0)][SCP_BUF]-INFO(deinit[119]:OUT.. Buffer is not allocated
11-26 21:16:30.664 D/ExynosCameraBufferManager( 2976): [CAM_ID(0)][SCP_BUF]-DEBUG(deinit[116]):IN..
11-26 21:16:30.664 I/ExynosCameraBufferManager( 2976): [CAM_ID(0)][SCP_BUF]-INFO(deinit[119]:OUT.. Buffer is not allocated
11-26 21:16:30.664 D/ExynosCameraBufferManager( 2976): [CAM_ID(0)][SCP_BUF]-DEBUG(deinit[116]):IN..
11-26 21:16:30.664 I/ExynosCameraBufferManager( 2976): [CAM_ID(0)][SCP_BUF]-INFO(deinit[119]:OUT.. Buffer is not allocated
11-26 21:16:30.664 W/ExynosCamera( 2976): [CAM_ID(0)][]-WARN(setPreviewWindow[1256]):window NULL, create internal buffer for preview
11-26 21:16:30.664 D/ExynosCamera( 2976): [CAM_ID(0)][]-DEBUG(m_createBufferManager):BufferManager(SCP_BUF) created
11-26 21:16:30.664 I/ExynosCamera( 2976): [CAM_ID(0)][]-(m_setBuffers):HW Preview width x height = 1920x1080
11-26 21:16:30.664 I/ExynosCamera( 2976): [CAM_ID(0)][]-(m_setBuffers):HW Picture width x height = 5312x2988
11-26 21:16:30.664 I/ExynosCamera( 2976): [CAM_ID(0)][]-(m_setBuffers):Picture MAX width x height = 5312x2988
11-26 21:16:30.664 I/ExynosCamera( 2976): [CAM_ID(0)][]-(m_setBuffers):Sensor MAX width x height = 5328x3000
11-26 21:16:30.664 I/ExynosCamera( 2976): [CAM_ID(0)][]-(m_setBuffers):Preview MAX width x height = 3840x2160
11-26 21:16:30.664 I/ExynosCameraBufferManager( 2976): INFO(setContigBufCount[304]):reservedMemoryCount(5)
11-26 21:16:30.664 I/ExynosCamera( 2976): [CAM_ID(0)][]-INFO(m_allocBuffers[14847]):setInfo(planeCount=2, minBufCount=5, maxBufCount=5, type=2, allocMode=1)
11-26 21:16:30.664 I/ExynosCameraBufferManager( 2976): [CAM_ID(0)][BAYER_BUF]-INFO(m_defaultAlloc[881]):bufIndex(0) < reservedMaxCount(5) , m_reservedMemoryCount(5), non-cached
11-26 21:16:30.664 D/ExynosCameraBufferManager( 2976): [CAM_ID(0)][BAYER_BUF]-DEBUG(m_defaultAlloc[957]):duration time(    0 msec):(type=2, bufIndex=0, size=25584000)
11-26 21:16:30.664 I/ExynosCameraBufferManager( 2976): [CAM_ID(0)][BAYER_BUF]-INFO(m_defaultAlloc[881]):bufIndex(1) < reservedMaxCount(5) , m_reservedMemoryCount(5), non-cached
11-26 21:16:30.664 D/ExynosCameraBufferManager( 2976): [CAM_ID(0)][BAYER_BUF]-DEBUG(m_defaultAlloc[957]):duration time(    0 msec):(type=2, bufIndex=1, size=25584000)
11-26 21:16:30.664 I/ExynosCameraBufferManager( 2976): [CAM_ID(0)][BAYER_BUF]-INFO(m_defaultAlloc[881]):bufIndex(2) < reservedMaxCount(5) , m_reservedMemoryCount(5), non-cached
11-26 21:16:30.664 D/ExynosCameraBufferManager( 2976): [CAM_ID(0)][BAYER_BUF]-DEBUG(m_defaultAlloc[957]):duration time(    0 msec):(type=2, bufIndex=2, size=25584000)
11-26 21:16:30.664 I/ExynosCameraBufferManager( 2976): [CAM_ID(0)][BAYER_BUF]-INFO(m_defaultAlloc[881]):bufIndex(3) < reservedMaxCount(5) , m_reservedMemoryCount(5), non-cached
11-26 21:16:30.664 D/ExynosCameraBufferManager( 2976): [CAM_ID(0)][BAYER_BUF]-DEBUG(m_defaultAlloc[957]):duration time(    0 msec):(type=2, bufIndex=3, size=25584000)
11-26 21:16:30.664 I/ExynosCameraBufferManager( 2976): [CAM_ID(0)][BAYER_BUF]-INFO(m_defaultAlloc[881]):bufIndex(4) < reservedMaxCount(5) , m_reservedMemoryCount(5), non-cached
11-26 21:16:30.664 D/ExynosCameraBufferManager( 2976): [CAM_ID(0)][BAYER_BUF]-DEBUG(m_defaultAlloc[957]):duration time(    0 msec):(type=2, bufIndex=4, size=25584000)
11-26 21:16:30.664 D/ExynosCameraBufferManager( 2976): [CAM_ID(0)][BAYER_BUF]-DEBUG(m_defaultAlloc[977]):Duration time of buffer allocation(    0 msec)
11-26 21:16:30.664 D/ExynosCameraBufferManager( 2976): [CAM_ID(0)][BAYER_BUF]-DEBUG(m_defaultAlloc[977]):Duration time of buffer allocation(    0 msec)
11-26 21:16:30.664 D/ExynosCameraBufferManager( 2976): [CAM_ID(0)][BAYER_BUF]-DEBUG(alloc[225]):Allocate the buffer succeeded (m_allocatedBufCount=5, m_reqBufCount=5, m_allowedMaxBufCount=5) --- dumpBufferInfo ---
11-26 21:16:30.664 I/ExynosCameraBufferManager( 2976): [CAM_ID(0)][BAYER_BUF]-INFO(dumpBufferInfo[1244]):[m_buffer[0].fd[0]=43] .addr=0x0 .size=25584000 .position=0 .permission=1]
11-26 21:16:30.664 I/ExynosCameraBufferManager( 2976): [CAM_ID(0)][BAYER_BUF]-INFO(dumpBufferInfo[1244]):[m_buffer[0].fd[1]=48] .addr=0xee968000 .size=32768 .position=0 .permission=1]
11-26 21:16:30.664 I/ExynosCameraBufferManager( 2976): [CAM_ID(0)][BAYER_BUF]-INFO(dumpBufferInfo[1244]):[m_buffer[1].fd[0]=44] .addr=0x0 .size=25584000 .position=0 .permission=1]
11-26 21:16:30.664 I/ExynosCameraBufferManager( 2976): [CAM_ID(0)][BAYER_BUF]-INFO(dumpBufferInfo[1244]):[m_buffer[1].fd[1]=49] .addr=0xee960000 .size=32768 .position=0 .permission=1]
11-26 21:16:30.664 I/ExynosCameraBufferManager( 2976): [CAM_ID(0)][BAYER_BUF]-INFO(dumpBufferInfo[1244]):[m_buffer[2].fd[0]=45] .addr=0x0 .size=25584000 .position=0 .permission=1]
11-26 21:16:30.664 I/ExynosCameraBufferManager( 2976): [CAM_ID(0)][BAYER_BUF]-INFO(dumpBufferInfo[1244]):[m_buffer[2].fd[1]=50] .addr=0xee958000 .size=32768 .position=0 .permission=1]
11-26 21:16:30.664 I/ExynosCameraBufferManager( 2976): [CAM_ID(0)][BAYER_BUF]-INFO(dumpBufferInfo[1244]):[m_buffer[3].fd[0]=46] .addr=0x0 .size=25584000 .position=0 .permission=1]
11-26 21:16:30.664 I/ExynosCameraBufferManager( 2976): [CAM_ID(0)][BAYER_BUF]-INFO(dumpBufferInfo[1244]):[m_buffer[3].fd[1]=51] .addr=0xee950000 .size=32768 .position=0 .permission=1]
11-26 21:16:30.664 I/ExynosCameraBufferManager( 2976): [CAM_ID(0)][BAYER_BUF]-INFO(dumpBufferInfo[1244]):[m_buffer[4].fd[0]=47] .addr=0x0 .size=25584000 .position=0 .permission=1]
11-26 21:16:30.664 I/ExynosCameraBufferManager( 2976): [CAM_ID(0)][BAYER_BUF]-INFO(dumpBufferInfo[1244]):[m_buffer[4].fd[1]=52] .addr=0xee948000 .size=32768 .position=0 .permission=1]
11-26 21:16:30.664 D/ExynosCameraBufferManager( 2976): [CAM_ID(0)][BAYER_BUF]-DEBUG(printBufferQState[1205]):bufferIndex=0
11-26 21:16:30.664 D/ExynosCameraBufferManager( 2976): [CAM_ID(0)][BAYER_BUF]-DEBUG(printBufferQState[1205]):bufferIndex=1
11-26 21:16:30.664 D/ExynosCameraBufferManager( 2976): [CAM_ID(0)][BAYER_BUF]-DEBUG(printBufferQState[1205]):bufferIndex=2
11-26 21:16:30.664 D/ExynosCameraBufferManager( 2976): [CAM_ID(0)][BAYER_BUF]-DEBUG(printBufferQState[1205]):bufferIndex=3
11-26 21:16:30.664 D/ExynosCameraBufferManager( 2976): [CAM_ID(0)][BAYER_BUF]-DEBUG(printBufferQState[1205]):bufferIndex=4
11-26 21:16:30.664 D/ExynosCameraBufferManager( 2976): [CAM_ID(0)][BAYER_BUF]-DEBUG(alloc[228]):------------------------------------------------------------------
11-26 21:16:30.664 D/ExynosCameraPipeJpeg( 2976): DEBUG:duration time(    2 msec):(alloc)
11-26 21:16:30.664 I/ExynosCamera( 2976): [CAM_ID(0)][]-INFO(m_allocBuffers[14847]):setInfo(planeCount=2, minBufCount=8, maxBufCount=8, type=0, allocMode=0)
11-26 21:16:30.664 D/ExynosCameraBufferManager( 2976): [CAM_ID(0)][3A1_BUF]-DEBUG(m_defaultAlloc[957]):duration time(    0 msec):(type=0, bufIndex=0, size=4096)
11-26 21:16:30.664 D/ExynosCameraBufferManager( 2976): [CAM_ID(0)][3A1_BUF]-DEBUG(m_defaultAlloc[957]):duration time(    0 msec):(type=0, bufIndex=1, size=4096)
11-26 21:16:30.664 D/ExynosCameraBufferManager( 2976): [CAM_ID(0)][3A1_BUF]-DEBUG(m_defaultAlloc[957]):duration time(    0 msec):(type=0, bufIndex=2, size=4096)
11-26 21:16:30.664 D/TimaKeyStoreProvider( 7327): TimaSignature is unavailable
11-26 21:16:30.664 D/ExynosCameraBufferManager( 2976): [CAM_ID(0)][3A1_BUF]-DEBUG(m_defaultAlloc[957]):duration time(    0 msec):(type=0, bufIndex=3, size=4096)
11-26 21:16:30.664 D/ExynosCameraBufferManager( 2976): [CAM_ID(0)][3A1_BUF]-DEBUG(m_defaultAlloc[957]):duration time(    0 msec):(type=0, bufIndex=4, size=4096)
11-26 21:16:30.664 D/ExynosCameraBufferManager( 2976): [CAM_ID(0)][3A1_BUF]-DEBUG(m_defaultAlloc[957]):duration time(    0 msec):(type=0, bufIndex=5, size=4096)
11-26 21:16:30.664 D/ExynosCameraBufferManager( 2976): [CAM_ID(0)][3A1_BUF]-DEBUG(m_defaultAlloc[957]):duration time(    0 msec):(type=0, bufIndex=6, size=4096)
11-26 21:16:30.664 D/ExynosCameraBufferManager( 2976): [CAM_ID(0)][3A1_BUF]-DEBUG(m_defaultAlloc[957]):duration time(    0 msec):(type=0, bufIndex=7, size=4096)
11-26 21:16:30.664 D/ExynosCameraBufferManager( 2976): [CAM_ID(0)][3A1_BUF]-DEBUG(m_defaultAlloc[977]):Duration time of buffer allocation(    0 msec)
11-26 21:16:30.664 D/ActivityThread( 7327): Added TimaKeyStore provider
11-26 21:16:30.664 D/ExynosCameraBufferManager( 2976): [CAM_ID(0)][3A1_BUF]-DEBUG(m_defaultAlloc[977]):Duration time of buffer allocation(    0 msec)
11-26 21:16:30.664 D/ExynosCameraBufferManager( 2976): [CAM_ID(0)][3A1_BUF]-DEBUG(alloc[225]):Allocate the buffer succeeded (m_allocatedBufCount=8, m_reqBufCount=8, m_allowedMaxBufCount=8) --- dumpBufferInfo ---
11-26 21:16:30.664 I/ExynosCameraBufferManager( 2976): [CAM_ID(0)][3A1_BUF]-INFO(dumpBufferInfo[1244]):[m_buffer[0].fd[0]=53] .addr=0x0 .size=4096 .position=0 .permission=1]
11-26 21:16:30.664 I/ExynosCameraBufferManager( 2976): [CAM_ID(0)][3A1_BUF]-INFO(dumpBufferInfo[1244]):[m_buffer[0].fd[1]=61] .addr=0xee940000 .size=32768 .position=0 .permission=1]
11-26 21:16:30.664 I/ExynosCameraBufferManager( 2976): [CAM_ID(0)][3A1_BUF]-INFO(dumpBufferInfo[1244]):[m_buffer[1].fd[0]=54] .addr=0x0 .size=4096 .position=0 .permission=1]
11-26 21:16:30.664 I/ExynosCameraBufferManager( 2976): [CAM_ID(0)][3A1_BUF]-INFO(dumpBufferInfo[1244]):[m_buffer[1].fd[1]=62] .addr=0xee938000 .size=32768 .position=0 .permission=1]
11-26 21:16:30.664 I/ExynosCameraBufferManager( 2976): [CAM_ID(0)][3A1_BUF]-INFO(dumpBufferInfo[1244]):[m_buffer[2].fd[0]=55] .addr=0x0 .size=4096 .position=0 .permission=1]
11-26 21:16:30.664 I/ExynosCameraBufferManager( 2976): [CAM_ID(0)][3A1_BUF]-INFO(dumpBufferInfo[1244]):[m_buffer[2].fd[1]=63] .addr=0xee930000 .size=32768 .position=0 .permission=1]
11-26 21:16:30.664 I/ExynosCameraBufferManager( 2976): [CAM_ID(0)][3A1_BUF]-INFO(dumpBufferInfo[1244]):[m_buffer[3].fd[0]=56] .addr=0x0 .size=4096 .position=0 .permission=1]
11-26 21:16:30.664 I/ExynosCameraBufferManager( 2976): [CAM_ID(0)][3A1_BUF]-INFO(dumpBufferInfo[1244]):[m_buffer[3].fd[1]=64] .addr=0xee928000 .size=32768 .position=0 .permission=1]
11-26 21:16:30.664 I/ExynosCameraBufferManager( 2976): [CAM_ID(0)][3A1_BUF]-INFO(dumpBufferInfo[1244]):[m_buffer[4].fd[0]=57] .addr=0x0 .size=4096 .position=0 .permission=1]
11-26 21:16:30.664 I/ExynosCameraBufferManager( 2976): [CAM_ID(0)][3A1_BUF]-INFO(dumpBufferInfo[1244]):[m_buffer[4].fd[1]=65] .addr=0xee920000 .size=32768 .position=0 .permission=1]
11-26 21:16:30.664 I/ExynosCameraBufferManager( 2976): [CAM_ID(0)][3A1_BUF]-INFO(dumpBufferInfo[1244]):[m_buffer[5].fd[0]=58] .addr=0x0 .size=4096 .position=0 .permission=1]
11-26 21:16:30.664 I/ExynosCameraBufferManager( 2976): [CAM_ID(0)][3A1_BUF]-INFO(dumpBufferInfo[1244]):[m_buffer[5].fd[1]=66] .addr=0xee918000 .size=32768 .position=0 .permission=1]
11-26 21:16:30.664 I/ExynosCameraBufferManager( 2976): [CAM_ID(0)][3A1_BUF]-INFO(dumpBufferInfo[1244]):[m_buffer[6].fd[0]=59] .addr=0x0 .size=4096 .position=0 .permission=1]
11-26 21:16:30.664 I/ExynosCameraBufferManager( 2976): [CAM_ID(0)][3A1_BUF]-INFO(dumpBufferInfo[1244]):[m_buffer[6].fd[1]=67] .addr=0xee5fa000 .size=32768 .position=0 .permission=1]
11-26 21:16:30.664 I/ExynosCameraBufferManager( 2976): [CAM_ID(0)][3A1_BUF]-INFO(dumpBufferInfo[1244]):[m_buffer[7].fd[0]=60] .addr=0x0 .size=4096 .position=0 .permission=1]
11-26 21:16:30.664 I/ExynosCameraBufferManager( 2976): [CAM_ID(0)][3A1_BUF]-INFO(dumpBufferInfo[1244]):[m_buffer[7].fd[1]=68] .addr=0xee4b9000 .size=32768 .position=0 .permission=1]
11-26 21:16:30.664 D/ExynosCameraBufferManager( 2976): [CAM_ID(0)][3A1_BUF]-DEBUG(printBufferQState[1205]):bufferIndex=0
11-26 21:16:30.664 D/ExynosCameraBufferManager( 2976): [CAM_ID(0)][3A1_BUF]-DEBUG(printBufferQState[1205]):bufferIndex=1
11-26 21:16:30.664 D/ExynosCameraBufferManager( 2976): [CAM_ID(0)][3A1_BUF]-DEBUG(printBufferQState[1205]):bufferIndex=2
11-26 21:16:30.664 D/ExynosCameraBufferManager( 2976): [CAM_ID(0)][3A1_BUF]-DEBUG(printBufferQState[1205]):bufferIndex=3
11-26 21:16:30.664 D/ExynosCameraBufferManager( 2976): [CAM_ID(0)][3A1_BUF]-DEBUG(printBufferQState[1205]):bufferIndex=4
11-26 21:16:30.664 D/ExynosCameraBufferManager( 2976): [CAM_ID(0)][3A1_BUF]-DEBUG(printBufferQState[1205]):bufferIndex=5
11-26 21:16:30.664 D/ExynosCameraBufferManager( 2976): [CAM_ID(0)][3A1_BUF]-DEBUG(printBufferQState[1205]):bufferIndex=6
11-26 21:16:30.664 D/ExynosCameraBufferManager( 2976): [CAM_ID(0)][3A1_BUF]-DEBUG(printBufferQState[1205]):bufferIndex=7
11-26 21:16:30.664 D/ExynosCameraBufferManager( 2976): [CAM_ID(0)][3A1_BUF]-DEBUG(alloc[228]):------------------------------------------------------------------
11-26 21:16:30.664 D/ExynosCameraPipeJpeg( 2976): DEBUG:duration time(    3 msec):(alloc)
11-26 21:16:30.664 I/ExynosCameraBufferManager( 2976): INFO(setContigBufCount[304]):reservedMemoryCount(2)
11-26 21:16:30.664 I/ExynosCamera( 2976): [CAM_ID(0)][]-INFO(m_allocBuffers[14847]):setInfo(planeCount=2, minBufCount=8, maxBufCount=8, type=2, allocMode=1)
11-26 21:16:30.664 I/ExynosCameraBufferManager( 2976): [CAM_ID(0)][ISP_BUF]-INFO(m_defaultAlloc[881]):bufIndex(0) < reservedMaxCount(2) , m_reservedMemoryCount(2), non-cached
11-26 21:16:30.664 D/ExynosCameraBufferManager( 2976): [CAM_ID(0)][ISP_BUF]-DEBUG(m_defaultAlloc[957]):duration time(    0 msec):(type=2, bufIndex=0, size=5952096)
11-26 21:16:30.664 I/ExynosCameraBufferManager( 2976): [CAM_ID(0)][ISP_BUF]-INFO(m_defaultAlloc[881]):bufIndex(1) < reservedMaxCount(2) , m_reservedMemoryCount(2), non-cached
11-26 21:16:30.674 D/ExynosCameraBufferManager( 2976): [CAM_ID(0)][ISP_BUF]-DEBUG(m_defaultAlloc[957]):duration time(    0 msec):(type=2, bufIndex=1, size=5952096)
11-26 21:16:30.674 I/ExynosCameraBufferManager( 2976): [CAM_ID(0)][ISP_BUF]-INFO(m_defaultAlloc[887]):bufIndex(2) >= reservedMaxCount(2) , m_reservedMemoryCount(2), non-cached. so, alloc ion memory instead of reserved memory
11-26 21:16:30.674 D/ExynosCameraBufferManager( 2976): [CAM_ID(0)][ISP_BUF]-DEBUG(m_defaultAlloc[957]):duration time(    0 msec):(type=2, bufIndex=2, size=5952096)
11-26 21:16:30.674 I/ExynosCameraBufferManager( 2976): [CAM_ID(0)][ISP_BUF]-INFO(m_defaultAlloc[887]):bufIndex(3) >= reservedMaxCount(2) , m_reservedMemoryCount(2), non-cached. so, alloc ion memory instead of reserved memory
11-26 21:16:30.674 I/art     ( 2995): Explicit concurrent mark sweep GC freed 5(160B) AllocSpace objects, 0(0B) LOS objects, 36% free, 28MB/44MB, paused 158us total 11.607ms
11-26 21:16:30.674 D/ExynosCameraBufferManager( 2976): [CAM_ID(0)][ISP_BUF]-DEBUG(m_defaultAlloc[957]):duration time(    2 msec):(type=2, bufIndex=3, size=5952096)
11-26 21:16:30.674 I/ExynosCameraBufferManager( 2976): [CAM_ID(0)][ISP_BUF]-INFO(m_defaultAlloc[887]):bufIndex(4) >= reservedMaxCount(2) , m_reservedMemoryCount(2), non-cached. so, alloc ion memory instead of reserved memory
11-26 21:16:30.674 D/ExynosCameraBufferManager( 2976): [CAM_ID(0)][ISP_BUF]-DEBUG(m_defaultAlloc[957]):duration time(    5 msec):(type=2, bufIndex=4, size=5952096)
11-26 21:16:30.674 I/ExynosCameraBufferManager( 2976): [CAM_ID(0)][ISP_BUF]-INFO(m_defaultAlloc[887]):bufIndex(5) >= reservedMaxCount(2) , m_reservedMemoryCount(2), non-cached. so, alloc ion memory instead of reserved memory
11-26 21:16:30.684 D/ExynosCameraBufferManager( 2976): [CAM_ID(0)][ISP_BUF]-DEBUG(m_defaultAlloc[957]):duration time(    4 msec):(type=2, bufIndex=5, size=5952096)
11-26 21:16:30.684 I/ExynosCameraBufferManager( 2976): [CAM_ID(0)][ISP_BUF]-INFO(m_defaultAlloc[887]):bufIndex(6) >= reservedMaxCount(2) , m_reservedMemoryCount(2), non-cached. so, alloc ion memory instead of reserved memory
11-26 21:16:30.684 I/InjectionManager( 7305): Inside getClassLibPath + mLibMap{0=, 1=}
11-26 21:16:30.684 D/ExynosCameraBufferManager( 2976): [CAM_ID(0)][ISP_BUF]-DEBUG(m_defaultAlloc[957]):duration time(    6 msec):(type=2, bufIndex=6, size=5952096)
11-26 21:16:30.684 I/ExynosCameraBufferManager( 2976): [CAM_ID(0)][ISP_BUF]-INFO(m_defaultAlloc[887]):bufIndex(7) >= reservedMaxCount(2) , m_reservedMemoryCount(2), non-cached. so, alloc ion memory instead of reserved memory
11-26 21:16:30.694 D/ExynosCameraBufferManager( 2976): [CAM_ID(0)][ISP_BUF]-DEBUG(m_defaultAlloc[957]):duration time(    4 msec):(type=2, bufIndex=7, size=5952096)
11-26 21:16:30.694 D/ExynosCameraBufferManager( 2976): [CAM_ID(0)][ISP_BUF]-DEBUG(m_defaultAlloc[977]):Duration time of buffer allocation(   21 msec)
11-26 21:16:30.694 D/ExynosCameraBufferManager( 2976): [CAM_ID(0)][ISP_BUF]-DEBUG(m_defaultAlloc[977]):Duration time of buffer allocation(    0 msec)
11-26 21:16:30.694 D/ExynosCameraBufferManager( 2976): [CAM_ID(0)][ISP_BUF]-DEBUG(alloc[225]):Allocate the buffer succeeded (m_allocatedBufCount=8, m_reqBufCount=8, m_allowedMaxBufCount=8) --- dumpBufferInfo ---
11-26 21:16:30.694 I/ExynosCameraBufferManager( 2976): [CAM_ID(0)][ISP_BUF]-INFO(dumpBufferInfo[1244]):[m_buffer[0].fd[0]=69] .addr=0x0 .size=5952096 .position=0 .permission=1]
11-26 21:16:30.694 I/ExynosCameraBufferManager( 2976): [CAM_ID(0)][ISP_BUF]-INFO(dumpBufferInfo[1244]):[m_buffer[0].fd[1]=77] .addr=0xee4b1000 .size=32768 .position=0 .permission=1]
11-26 21:16:30.694 I/ExynosCameraBufferManager( 2976): [CAM_ID(0)][ISP_BUF]-INFO(dumpBufferInfo[1244]):[m_buffer[1].fd[0]=70] .addr=0x0 .size=5952096 .position=0 .permission=1]
11-26 21:16:30.694 I/ExynosCameraBufferManager( 2976): [CAM_ID(0)][ISP_BUF]-INFO(dumpBufferInfo[1244]):[m_buffer[1].fd[1]=78] .addr=0xee4a9000 .size=32768 .position=0 .permission=1]
11-26 21:16:30.694 I/ExynosCameraBufferManager( 2976): [CAM_ID(0)][ISP_BUF]-INFO(dumpBufferInfo[1244]):[m_buffer[2].fd[0]=71] .addr=0x0 .size=5952096 .position=0 .permission=1]
11-26 21:16:30.694 I/ExynosCameraBufferManager( 2976): [CAM_ID(0)][ISP_BUF]-INFO(dumpBufferInfo[1244]):[m_buffer[2].fd[1]=79] .addr=0xee4a1000 .size=32768 .position=0 .permission=1]
11-26 21:16:30.694 I/ExynosCameraBufferManager( 2976): [CAM_ID(0)][ISP_BUF]-INFO(dumpBufferInfo[1244]):[m_buffer[3].fd[0]=72] .addr=0x0 .size=5952096 .position=0 .permission=1]
11-26 21:16:30.694 I/ExynosCameraBufferManager( 2976): [CAM_ID(0)][ISP_BUF]-INFO(dumpBufferInfo[1244]):[m_buffer[3].fd[1]=80] .addr=0xee499000 .size=32768 .position=0 .permission=1]
11-26 21:16:30.694 I/ExynosCameraBufferManager( 2976): [CAM_ID(0)][ISP_BUF]-INFO(dumpBufferInfo[1244]):[m_buffer[4].fd[0]=73] .addr=0x0 .size=5952096 .position=0 .permission=1]
11-26 21:16:30.694 I/ExynosCameraBufferManager( 2976): [CAM_ID(0)][ISP_BUF]-INFO(dumpBufferInfo[1244]):[m_buffer[4].fd[1]=81] .addr=0xee491000 .size=32768 .position=0 .permission=1]
11-26 21:16:30.694 I/ExynosCameraBufferManager( 2976): [CAM_ID(0)][ISP_BUF]-INFO(dumpBufferInfo[1244]):[m_buffer[5].fd[0]=74] .addr=0x0 .size=5952096 .position=0 .permission=1]
11-26 21:16:30.694 I/ExynosCameraBufferManager( 2976): [CAM_ID(0)][ISP_BUF]-INFO(dumpBufferInfo[1244]):[m_buffer[5].fd[1]=82] .addr=0xee489000 .size=32768 .position=0 .permission=1]
11-26 21:16:30.694 I/ExynosCameraBufferManager( 2976): [CAM_ID(0)][ISP_BUF]-INFO(dumpBufferInfo[1244]):[m_buffer[6].fd[0]=75] .addr=0x0 .size=5952096 .position=0 .permission=1]
11-26 21:16:30.694 I/ExynosCameraBufferManager( 2976): [CAM_ID(0)][ISP_BUF]-INFO(dumpBufferInfo[1244]):[m_buffer[6].fd[1]=83] .addr=0xee481000 .size=32768 .position=0 .permission=1]
11-26 21:16:30.694 I/ExynosCameraBufferManager( 2976): [CAM_ID(0)][ISP_BUF]-INFO(dumpBufferInfo[1244]):[m_buffer[7].fd[0]=76] .addr=0x0 .size=5952096 .position=0 .permission=1]
11-26 21:16:30.694 I/ExynosCameraBufferManager( 2976): [CAM_ID(0)][ISP_BUF]-INFO(dumpBufferInfo[1244]):[m_buffer[7].fd[1]=84] .addr=0xee479000 .size=32768 .position=0 .permission=1]
11-26 21:16:30.694 D/ExynosCameraBufferManager( 2976): [CAM_ID(0)][ISP_BUF]-DEBUG(printBufferQState[1205]):bufferIndex=0
11-26 21:16:30.694 D/ExynosCameraBufferManager( 2976): [CAM_ID(0)][ISP_BUF]-DEBUG(printBufferQState[1205]):bufferIndex=1
11-26 21:16:30.694 D/ExynosCameraBufferManager( 2976): [CAM_ID(0)][ISP_BUF]-DEBUG(printBufferQState[1205]):bufferIndex=2
11-26 21:16:30.694 D/ExynosCameraBufferManager( 2976): [CAM_ID(0)][ISP_BUF]-DEBUG(printBufferQState[1205]):bufferIndex=3
11-26 21:16:30.694 D/ExynosCameraBufferManager( 2976): [CAM_ID(0)][ISP_BUF]-DEBUG(printBufferQState[1205]):bufferIndex=4
11-26 21:16:30.694 D/ExynosCameraBufferManager( 2976): [CAM_ID(0)][ISP_BUF]-DEBUG(printBufferQState[1205]):bufferIndex=5
11-26 21:16:30.694 D/ExynosCameraBufferManager( 2976): [CAM_ID(0)][ISP_BUF]-DEBUG(printBufferQState[1205]):bufferIndex=6
11-26 21:16:30.694 D/ExynosCameraBufferManager( 2976): [CAM_ID(0)][ISP_BUF]-DEBUG(printBufferQState[1205]):bufferIndex=7
11-26 21:16:30.694 D/ExynosCameraBufferManager( 2976): [CAM_ID(0)][ISP_BUF]-DEBUG(alloc[228]):------------------------------------------------------------------
11-26 21:16:30.694 D/ExynosCameraPipeJpeg( 2976): DEBUG:duration time(   23 msec):(alloc)
11-26 21:16:30.694 I/ExynosCamera( 2976): [CAM_ID(0)][]-INFO(m_allocBuffers[14847]):setInfo(planeCount=3, minBufCount=3, maxBufCount=3, type=1, allocMode=1)
11-26 21:16:30.694 D/ExynosCameraBufferManager( 2976): [CAM_ID(0)][LBP_BUF]-DEBUG(m_defaultAlloc[957]):duration time(    2 msec):(type=1, bufIndex=0, size=3110400)
11-26 21:16:30.694 D/ExynosCameraBufferManager( 2976): [CAM_ID(0)][LBP_BUF]-DEBUG(m_defaultAlloc[957]):duration time(    2 msec):(type=1, bufIndex=1, size=3110400)
11-26 21:16:30.694 D/ExynosCameraBufferManager( 2976): [CAM_ID(0)][LBP_BUF]-DEBUG(m_defaultAlloc[957]):duration time(    2 msec):(type=1, bufIndex=2, size=3110400)
11-26 21:16:30.694 D/ExynosCameraBufferManager( 2976): [CAM_ID(0)][LBP_BUF]-DEBUG(m_defaultAlloc[977]):Duration time of buffer allocation(    6 msec)
11-26 21:16:30.694 D/ExynosCameraBufferManager( 2976): [CAM_ID(0)][LBP_BUF]-DEBUG(m_defaultAlloc[977]):Duration time of buffer allocation(    0 msec)
11-26 21:16:30.694 D/ExynosCameraBufferManager( 2976): [CAM_ID(0)][LBP_BUF]-DEBUG(alloc[225]):Allocate the buffer succeeded (m_allocatedBufCount=3, m_reqBufCount=3, m_allowedMaxBufCount=3) --- dumpBufferInfo ---
11-26 21:16:30.694 I/ExynosCameraBufferManager( 2976): [CAM_ID(0)][LBP_BUF]-INFO(dumpBufferInfo[1244]):[m_buffer[0].fd[0]=85] .addr=0xe8b13000 .size=2073600 .position=0 .permission=1]
11-26 21:16:30.694 I/ExynosCameraBufferManager( 2976): [CAM_ID(0)][LBP_BUF]-INFO(dumpBufferInfo[1244]):[m_buffer[0].fd[1]=86] .addr=0xe8a15000 .size=1036800 .position=0 .permission=1]
11-26 21:16:30.694 I/ExynosCameraBufferManager( 2976): [CAM_ID(0)][LBP_BUF]-INFO(dumpBufferInfo[1244]):[m_buffer[0].fd[2]=91] .addr=0xee471000 .size=32768 .position=0 .permission=1]
11-26 21:16:30.694 I/ExynosCameraBufferManager( 2976): [CAM_ID(0)][LBP_BUF]-INFO(dumpBufferInfo[1244]):[m_buffer[1].fd[0]=87] .addr=0xe881a000 .size=2073600 .position=0 .permission=1]
11-26 21:16:30.694 I/ExynosCameraBufferManager( 2976): [CAM_ID(0)][LBP_BUF]-INFO(dumpBufferInfo[1244]):[m_buffer[1].fd[1]=88] .addr=0xe871c000 .size=1036800 .position=0 .permission=1]
11-26 21:16:30.694 I/ExynosCameraBufferManager( 2976): [CAM_ID(0)][LBP_BUF]-INFO(dumpBufferInfo[1244]):[m_buffer[1].fd[2]=92] .addr=0xee469000 .size=32768 .position=0 .permission=1]
11-26 21:16:30.694 I/ExynosCameraBufferManager( 2976): [CAM_ID(0)][LBP_BUF]-INFO(dumpBufferInfo[1244]):[m_buffer[2].fd[0]=89] .addr=0xe8521000 .size=2073600 .position=0 .permission=1]
11-26 21:16:30.694 I/ExynosCameraBufferManager( 2976): [CAM_ID(0)][LBP_BUF]-INFO(dumpBufferInfo[1244]):[m_buffer[2].fd[1]=90] .addr=0xe8423000 .size=1036800 .position=0 .permission=1]
11-26 21:16:30.694 I/ExynosCameraBufferManager( 2976): [CAM_ID(0)][LBP_BUF]-INFO(dumpBufferInfo[1244]):[m_buffer[2].fd[2]=93] .addr=0xee461000 .size=32768 .position=0 .permission=1]
11-26 21:16:30.694 D/ExynosCameraBufferManager( 2976): [CAM_ID(0)][LBP_BUF]-DEBUG(printBufferQState[1205]):bufferIndex=0
11-26 21:16:30.694 D/ExynosCameraBufferManager( 2976): [CAM_ID(0)][LBP_BUF]-DEBUG(printBufferQState[1205]):bufferIndex=1
11-26 21:16:30.694 D/ExynosCameraBufferManager( 2976): [CAM_ID(0)][LBP_BUF]-DEBUG(printBufferQState[1205]):bufferIndex=2
11-26 21:16:30.694 D/ExynosCameraBufferManager( 2976): [CAM_ID(0)][LBP_BUF]-DEBUG(alloc[228]):------------------------------------------------------------------
11-26 21:16:30.694 D/ExynosCameraPipeJpeg( 2976): DEBUG:duration time(    7 msec):(alloc)
11-26 21:16:30.694 I/ExynosCamera( 2976): [CAM_ID(0)][]-INFO(m_allocBuffers[14847]):setInfo(planeCount=3, minBufCount=9, maxBufCount=9, type=0, allocMode=0)
11-26 21:16:30.704 D/ExynosCameraBufferManager( 2976): [CAM_ID(0)][SCP_BUF]-DEBUG(m_defaultAlloc[957]):duration time(    3 msec):(type=0, bufIndex=0, size=3110400)
11-26 21:16:30.704 D/ExynosCameraBufferManager( 2976): [CAM_ID(0)][SCP_BUF]-DEBUG(m_defaultAlloc[957]):duration time(    2 msec):(type=0, bufIndex=1, size=3110400)
11-26 21:16:30.704 D/ExynosCameraBufferManager( 2976): [CAM_ID(0)][SCP_BUF]-DEBUG(m_defaultAlloc[957]):duration time(    4 msec):(type=0, bufIndex=2, size=3110400)
11-26 21:16:30.714 D/ExynosCameraBufferManager( 2976): [CAM_ID(0)][SCP_BUF]-DEBUG(m_defaultAlloc[957]):duration time(    3 msec):(type=0, bufIndex=3, size=3110400)
11-26 21:16:30.714 D/ExynosCameraBufferManager( 2976): [CAM_ID(0)][SCP_BUF]-DEBUG(m_defaultAlloc[957]):duration time(    4 msec):(type=0, bufIndex=4, size=3110400)
11-26 21:16:30.724 D/ExynosCameraBufferManager( 2976): [CAM_ID(0)][SCP_BUF]-DEBUG(m_defaultAlloc[957]):duration time(    8 msec):(type=0, bufIndex=5, size=3110400)
11-26 21:16:30.734 D/ExynosCameraBufferManager( 2976): [CAM_ID(0)][SCP_BUF]-DEBUG(m_defaultAlloc[957]):duration time(    9 msec):(type=0, bufIndex=6, size=3110400)
11-26 21:16:30.734 D/ExynosCameraBufferManager( 2976): [CAM_ID(0)][SCP_BUF]-DEBUG(m_defaultAlloc[957]):duration time(    4 msec):(type=0, bufIndex=7, size=3110400)
11-26 21:16:30.744 D/ExynosCameraBufferManager( 2976): [CAM_ID(0)][SCP_BUF]-DEBUG(m_defaultAlloc[957]):duration time(    3 msec):(type=0, bufIndex=8, size=3110400)
11-26 21:16:30.744 D/ExynosCameraBufferManager( 2976): [CAM_ID(0)][SCP_BUF]-DEBUG(m_defaultAlloc[977]):Duration time of buffer allocation(   40 msec)
11-26 21:16:30.744 D/ExynosCameraBufferManager( 2976): [CAM_ID(0)][SCP_BUF]-DEBUG(m_defaultAlloc[977]):Duration time of buffer allocation(    0 msec)
11-26 21:16:30.744 D/ExynosCameraBufferManager( 2976): [CAM_ID(0)][SCP_BUF]-DEBUG(alloc[225]):Allocate the buffer succeeded (m_allocatedBufCount=9, m_reqBufCount=9, m_allowedMaxBufCount=9) --- dumpBufferInfo ---
11-26 21:16:30.744 I/ExynosCameraBufferManager( 2976): [CAM_ID(0)][SCP_BUF]-INFO(dumpBufferInfo[1244]):[m_buffer[0].fd[0]=94] .addr=0xe8228000 .size=2073600 .position=0 .permission=1]
11-26 21:16:30.744 I/ExynosCameraBufferManager( 2976): [CAM_ID(0)][SCP_BUF]-INFO(dumpBufferInfo[1244]):[m_buffer[0].fd[1]=95] .addr=0xe812a000 .size=1036800 .position=0 .permission=1]
11-26 21:16:30.744 I/ExynosCameraBufferManager( 2976): [CAM_ID(0)][SCP_BUF]-INFO(dumpBufferInfo[1244]):[m_buffer[0].fd[2]=112] .addr=0xee459000 .size=32768 .position=0 .permission=1]
11-26 21:16:30.744 I/ExynosCameraBufferManager( 2976): [CAM_ID(0)][SCP_BUF]-INFO(dumpBufferInfo[1244]):[m_buffer[1].fd[0]=96] .addr=0xe7f2f000 .size=2073600 .position=0 .permission=1]
11-26 21:16:30.744 I/ExynosCameraBufferManager( 2976): [CAM_ID(0)][SCP_BUF]-INFO(dumpBufferInfo[1244]):[m_buffer[1].fd[1]=97] .addr=0xe7e31000 .size=1036800 .position=0 .permission=1]
11-26 21:16:30.744 I/ExynosCameraBufferManager( 2976): [CAM_ID(0)][SCP_BUF]-INFO(dumpBufferInfo[1244]):[m_buffer[1].fd[2]=113] .addr=0xee451000 .size=32768 .position=0 .permission=1]
11-26 21:16:30.744 I/ExynosCameraBufferManager( 2976): [CAM_ID(0)][SCP_BUF]-INFO(dumpBufferInfo[1244]):[m_buffer[2].fd[0]=98] .addr=0xe7c36000 .size=2073600 .position=0 .permission=1]
11-26 21:16:30.744 I/ExynosCameraBufferManager( 2976): [CAM_ID(0)][SCP_BUF]-INFO(dumpBufferInfo[1244]):[m_buffer[2].fd[1]=99] .addr=0xe7b38000 .size=1036800 .position=0 .permission=1]
11-26 21:16:30.744 I/ExynosCameraBufferManager( 2976): [CAM_ID(0)][SCP_BUF]-INFO(dumpBufferInfo[1244]):[m_buffer[2].fd[2]=114] .addr=0xee449000 .size=32768 .position=0 .permission=1]
11-26 21:16:30.744 I/ExynosCameraBufferManager( 2976): [CAM_ID(0)][SCP_BUF]-INFO(dumpBufferInfo[1244]):[m_buffer[3].fd[0]=100] .addr=0xe793d000 .size=2073600 .position=0 .permission=1]
11-26 21:16:30.744 I/ExynosCameraBufferManager( 2976): [CAM_ID(0)][SCP_BUF]-INFO(dumpBufferInfo[1244]):[m_buffer[3].fd[1]=101] .addr=0xe783f000 .size=1036800 .position=0 .permission=1]
11-26 21:16:30.744 I/ExynosCameraBufferManager( 2976): [CAM_ID(0)][SCP_BUF]-INFO(dumpBufferInfo[1244]):[m_buffer[3].fd[2]=115] .addr=0xee441000 .size=32768 .position=0 .permission=1]
11-26 21:16:30.744 I/ExynosCameraBufferManager( 2976): [CAM_ID(0)][SCP_BUF]-INFO(dumpBufferInfo[1244]):[m_buffer[4].fd[0]=102] .addr=0xe7644000 .size=2073600 .position=0 .permission=1]
11-26 21:16:30.744 I/ExynosCameraBufferManager( 2976): [CAM_ID(0)][SCP_BUF]-INFO(dumpBufferInfo[1244]):[m_buffer[4].fd[1]=103] .addr=0xe7546000 .size=1036800 .position=0 .permission=1]
11-26 21:16:30.744 I/ExynosCameraBufferManager( 2976): [CAM_ID(0)][SCP_BUF]-INFO(dumpBufferInfo[1244]):[m_buffer[4].fd[2]=116] .addr=0xee439000 .size=32768 .position=0 .permission=1]
11-26 21:16:30.744 I/ExynosCameraBufferManager( 2976): [CAM_ID(0)][SCP_BUF]-INFO(dumpBufferInfo[1244]):[m_buffer[5].fd[0]=104] .addr=0xe734b000 .size=2073600 .position=0 .permission=1]
11-26 21:16:30.744 I/ExynosCameraBufferManager( 2976): [CAM_ID(0)][SCP_BUF]-INFO(dumpBufferInfo[1244]):[m_buffer[5].fd[1]=105] .addr=0xe724d000 .size=1036800 .position=0 .permission=1]
11-26 21:16:30.744 I/ExynosCameraBufferManager( 2976): [CAM_ID(0)][SCP_BUF]-INFO(dumpBufferInfo[1244]):[m_buffer[5].fd[2]=117] .addr=0xee431000 .size=32768 .position=0 .permission=1]
11-26 21:16:30.744 I/ExynosCameraBufferManager( 2976): [CAM_ID(0)][SCP_BUF]-INFO(dumpBufferInfo[1244]):[m_buffer[6].fd[0]=106] .addr=0xe7052000 .size=2073600 .position=0 .permission=1]
11-26 21:16:30.744 I/ExynosCameraBufferManager( 2976): [CAM_ID(0)][SCP_BUF]-INFO(dumpBufferInfo[1244]):[m_buffer[6].fd[1]=107] .addr=0xe6f54000 .size=1036800 .position=0 .permission=1]
11-26 21:16:30.744 I/ExynosCameraBufferManager( 2976): [CAM_ID(0)][SCP_BUF]-INFO(dumpBufferInfo[1244]):[m_buffer[6].fd[2]=118] .addr=0xee429000 .size=32768 .position=0 .permission=1]
11-26 21:16:30.744 I/ExynosCameraBufferManager( 2976): [CAM_ID(0)][SCP_BUF]-INFO(dumpBufferInfo[1244]):[m_buffer[7].fd[0]=108] .addr=0xe6d59000 .size=2073600 .position=0 .permission=1]
11-26 21:16:30.744 I/ExynosCameraBufferManager( 2976): [CAM_ID(0)][SCP_BUF]-INFO(dumpBufferInfo[1244]):[m_buffer[7].fd[1]=109] .addr=0xe6c5b000 .size=1036800 .position=0 .permission=1]
11-26 21:16:30.744 I/ExynosCameraBufferManager( 2976): [CAM_ID(0)][SCP_BUF]-INFO(dumpBufferInfo[1244]):[m_buffer[7].fd[2]=119] .addr=0xee421000 .size=32768 .position=0 .permission=1]
11-26 21:16:30.744 I/ExynosCameraBufferManager( 2976): [CAM_ID(0)][SCP_BUF]-INFO(dumpBufferInfo[1244]):[m_buffer[8].fd[0]=110] .addr=0xe6a60000 .size=2073600 .position=0 .permission=1]
11-26 21:16:30.744 I/ExynosCameraBufferManager( 2976): [CAM_ID(0)][SCP_BUF]-INFO(dumpBufferInfo[1244]):[m_buffer[8].fd[1]=111] .addr=0xe6962000 .size=1036800 .position=0 .permission=1]
11-26 21:16:30.744 I/ExynosCameraBufferManager( 2976): [CAM_ID(0)][SCP_BUF]-INFO(dumpBufferInfo[1244]):[m_buffer[8].fd[2]=120] .addr=0xee419000 .size=32768 .position=0 .permission=1]
11-26 21:16:30.744 D/ExynosCameraBufferManager( 2976): [CAM_ID(0)][SCP_BUF]-DEBUG(printBufferQState[1205]):bufferIndex=0
11-26 21:16:30.744 D/ExynosCameraBufferManager( 2976): [CAM_ID(0)][SCP_BUF]-DEBUG(printBufferQState[1205]):bufferIndex=1
11-26 21:16:30.744 D/ExynosCameraBufferManager( 2976): [CAM_ID(0)][SCP_BUF]-DEBUG(printBufferQState[1205]):bufferIndex=2
11-26 21:16:30.744 D/ExynosCameraBufferManager( 2976): [CAM_ID(0)][SCP_BUF]-DEBUG(printBufferQState[1205]):bufferIndex=3
11-26 21:16:30.744 D/ExynosCameraBufferManager( 2976): [CAM_ID(0)][SCP_BUF]-DEBUG(printBufferQState[1205]):bufferIndex=4
11-26 21:16:30.744 D/ExynosCameraBufferManager( 2976): [CAM_ID(0)][SCP_BUF]-DEBUG(printBufferQState[1205]):bufferIndex=5
11-26 21:16:30.744 D/ExynosCameraBufferManager( 2976): [CAM_ID(0)][SCP_BUF]-DEBUG(printBufferQState[1205]):bufferIndex=6
11-26 21:16:30.744 D/ExynosCameraBufferManager( 2976): [CAM_ID(0)][SCP_BUF]-DEBUG(printBufferQState[1205]):bufferIndex=7
11-26 21:16:30.744 D/ExynosCameraBufferManager( 2976): [CAM_ID(0)][SCP_BUF]-DEBUG(printBufferQState[1205]):bufferIndex=8
11-26 21:16:30.744 D/ExynosCameraBufferManager( 2976): [CAM_ID(0)][SCP_BUF]-DEBUG(alloc[228]):------------------------------------------------------------------
11-26 21:16:30.744 D/ExynosCameraPipeJpeg( 2976): DEBUG:duration time(   42 msec):(alloc)
11-26 21:16:30.744 I/ExynosCamera( 2976): [CAM_ID(0)][]-INFO(m_setBuffers[14376]):hwPreviewW(1920), stride(0)
11-26 21:16:30.744 W/ExynosCamera( 2976): [CAM_ID(0)][]-WARN(m_setBuffers[14383]):HACK: Invalid stride(0). It will be replaced as hwPreviewW(1920) value.
11-26 21:16:30.744 I/ExynosCamera( 2976): [CAM_ID(0)][]-INFO(m_setBuffers[14420]):alloc buffer done - camera ID: 0
11-26 21:16:30.744 D/ExynosCameraPipeJpeg( 2976): DEBUG:duration time(   78 msec):(m_setBuffers)
11-26 21:16:30.744 D/ExynosCameraFrameSelector( 2976): DEBUG(setWaitTime):m_waitTime : 2000000000
11-26 21:16:30.744 D/ExynosCameraFrameSelector( 2976): DEBUG(setWaitTime):m_waitTime : 130000000
11-26 21:16:30.744 D/ExynosCameraFrameSelector( 2976): DEBUG(setWaitTime):m_waitTime : 2000000000
11-26 21:16:30.744 D/ExynosCameraFrameSelector( 2976): DEBUG(setWaitTime):m_waitTime : 130000000
11-26 21:16:30.744 D/ExynosCameraActivitySpecialCapture( 2976): DEBUG(resetOISCaptureFcount[625]):
11-26 21:16:30.744 I/InjectionManager( 7327): Inside getClassLibPath + mLibMap{0=, 1=}
11-26 21:16:30.744 I/InjectionManager( 7305): Inside getClassLibPath caller 
11-26 21:16:30.754 I/InjectionManager( 7327): Inside getClassLibPath caller 
11-26 21:16:30.764 D/InjectionManager( 7327): InjectionManager
11-26 21:16:30.764 D/InjectionManager( 7327): fillFeatureStoreMap com.wssnps
11-26 21:16:30.764 I/InjectionManager( 7327): Constructor com.wssnps, Feature store :{}
11-26 21:16:30.764 I/InjectionManager( 7327): featureStore :{}
11-26 21:16:30.784 D/NPS_WSSNPS( 7327): [] android.intent.action.BOOT_COMPLETED
11-26 21:16:30.794 E/Zygote  ( 7361): MountEmulatedStorage()
11-26 21:16:30.794 E/Zygote  ( 7361): v2
11-26 21:16:30.794 I/SELinux ( 7361): Function: selinux_compare_spd_ram , priority [2] , priority version is VE=SEPF_SM-G920I_5.1.1_0039
11-26 21:16:30.794 E/Zygote  ( 7361): accessInfo : 0
11-26 21:16:30.794 E/SELinux ( 7361): [DEBUG] get_category: variable seinfo: release sensitivity: NULL, cateogry: NULL
11-26 21:16:30.804 I/FOTA    ( 7276): [com.policydm.db.XDB(1493/xdbDMffs_Init)] xdbDMffs_Init
11-26 21:16:30.804 D/NPS_WSSNPS( 7327): [] Service onCreate!!
11-26 21:16:30.804 I/NPS_WSSNPS( 7327): [] isAsyncInit
11-26 21:16:30.814 D/TimaKeyStoreProvider( 7361): TimaSignature is unavailable
11-26 21:16:30.814 E/Zygote  ( 7378): MountEmulatedStorage()
11-26 21:16:30.814 E/Zygote  ( 7378): v2
11-26 21:16:30.814 D/ActivityThread( 7361): Added TimaKeyStore provider
11-26 21:16:30.814 I/SELinux ( 7378): Function: selinux_compare_spd_ram , priority [2] , priority version is VE=SEPF_SM-G920I_5.1.1_0039
11-26 21:16:30.814 E/Zygote  ( 7378): accessInfo : 0
11-26 21:16:30.814 E/SELinux ( 7378): [DEBUG] get_category: variable seinfo: platform sensitivity: NULL, cateogry: NULL
11-26 21:16:30.814 D/NPS_WSSNPS( 7327): [] NpsServiceTask Start
11-26 21:16:30.824 D/TimaKeyStoreProvider( 7378): TimaSignature is unavailable
11-26 21:16:30.834 D/ActivityThread( 7378): Added TimaKeyStore provider
11-26 21:16:30.834 D/NPS_WSSNPS( 7327): [501.150648] smlDBHelper
11-26 21:16:30.834 I/InjectionManager( 7361): Inside getClassLibPath + mLibMap{0=, 1=}
11-26 21:16:30.844 I/InjectionManager( 7378): Inside getClassLibPath + mLibMap{0=, 1=}
11-26 21:16:30.844 I/InjectionManager( 7361): Inside getClassLibPath caller 
11-26 21:16:30.844 I/InjectionManager( 7378): Inside getClassLibPath caller 
11-26 21:16:30.844 I/NPS_WSSNPS( 7327): [501.150648] _clock = 1800000
11-26 21:16:30.864 I/DBG_POLICYDM( 7276): [com.policydm.XDMApplication(50/onCreate)] DMApplication Start !
11-26 21:16:30.864 W/System.err( 7276): stat failed: ENOENT (No such file or directory) : /data/user/0/com.policydm/app_log/policydm_booting0.log
11-26 21:16:30.864 D/InjectionManager( 7276): InjectionManager
11-26 21:16:30.864 D/InjectionManager( 7276): fillFeatureStoreMap com.policydm
11-26 21:16:30.864 I/InjectionManager( 7276): Constructor com.policydm, Feature store :{}
11-26 21:16:30.864 I/InjectionManager( 7276): featureStore :{}
